[01:55:55] === stream sub02_ses01_20260723_180607 ===
[01:55:56] subject=sub02 trials=62 train=31 eval=31
[01:55:59] [sub02] eegtcnet task fold0 ft_tr=1050 ft_va=252 eval=1281 full_model=True
[01:56:01] fold0 ep 001 tr=0.7666 va=0.7410 val_AccPaper=0.5833 val_BalAccMaj=0.5833
[01:56:01] fold0 ep 002 tr=0.7012 va=0.7226 val_AccPaper=0.5833 val_BalAccMaj=0.5833
[01:56:02] fold0 ep 003 tr=0.6934 va=0.7098 val_AccPaper=0.5833 val_BalAccMaj=0.5833
[01:56:02] fold0 ep 004 tr=0.6697 va=0.6983 val_AccPaper=0.5833 val_BalAccMaj=0.5833
[01:56:02] fold0 ep 005 tr=0.6642 va=0.6872 val_AccPaper=0.5833 val_BalAccMaj=0.5833
[01:56:02] fold0 ep 006 tr=0.6559 va=0.6773 val_AccPaper=0.6667 val_BalAccMaj=0.6667
[01:56:02] fold0 ep 007 tr=0.6516 va=0.6663 val_AccPaper=0.6667 val_BalAccMaj=0.6667
[01:56:03] fold0 ep 008 tr=0.6468 va=0.6563 val_AccPaper=0.6667 val_BalAccMaj=0.6667
[01:56:03] fold0 ep 009 tr=0.6398 va=0.6518 val_AccPaper=0.6667 val_BalAccMaj=0.6667
[01:56:03] fold0 ep 010 tr=0.6281 va=0.6443 val_AccPaper=0.6667 val_BalAccMaj=0.6667
[01:56:04] fold0 ep 011 tr=0.6287 va=0.6404 val_AccPaper=0.5833 val_BalAccMaj=0.5833
[01:56:04] fold0 ep 012 tr=0.6232 va=0.6370 val_AccPaper=0.5833 val_BalAccMaj=0.5833
[01:56:04] fold0 ep 013 tr=0.6092 va=0.6313 val_AccPaper=0.5833 val_BalAccMaj=0.5833
[01:56:04] fold0 ep 014 tr=0.6043 va=0.6305 val_AccPaper=0.5833 val_BalAccMaj=0.5833
[01:56:05] fold0 ep 015 tr=0.5927 va=0.6285 val_AccPaper=0.5833 val_BalAccMaj=0.5833
[01:56:05] fold0 ep 016 tr=0.5989 va=0.6261 val_AccPaper=0.5833 val_BalAccMaj=0.5833
[01:56:05] fold0 ep 017 tr=0.5921 va=0.6206 val_AccPaper=0.5833 val_BalAccMaj=0.5833
[01:56:05] fold0 ep 018 tr=0.6043 va=0.6165 val_AccPaper=0.5833 val_BalAccMaj=0.5833
[01:56:05] fold0 ep 019 tr=0.5874 va=0.6170 val_AccPaper=0.5833 val_BalAccMaj=0.5833
[01:56:06] fold0 ep 020 tr=0.5691 va=0.6168 val_AccPaper=0.6667 val_BalAccMaj=0.6667
[01:56:06] fold0 ep 021 tr=0.5741 va=0.6087 val_AccPaper=0.7500 val_BalAccMaj=0.7500
[01:56:06] fold0 ep 022 tr=0.5608 va=0.6053 val_AccPaper=0.6667 val_BalAccMaj=0.6667
[01:56:06] fold0 ep 023 tr=0.5776 va=0.5935 val_AccPaper=0.5833 val_BalAccMaj=0.5833
[01:56:07] fold0 ep 024 tr=0.5549 va=0.5988 val_AccPaper=0.7500 val_BalAccMaj=0.7500
[01:56:07] fold0 ep 025 tr=0.5600 va=0.5936 val_AccPaper=0.7500 val_BalAccMaj=0.7500
[01:56:07] fold0 ep 026 tr=0.5662 va=0.5859 val_AccPaper=0.7500 val_BalAccMaj=0.7500
[01:56:07] fold0 ep 027 tr=0.5704 va=0.5774 val_AccPaper=0.7500 val_BalAccMaj=0.7500
[01:56:08] fold0 ep 028 tr=0.5579 va=0.5788 val_AccPaper=0.7500 val_BalAccMaj=0.7500
[01:56:08] fold0 ep 029 tr=0.5513 va=0.5785 val_AccPaper=0.7500 val_BalAccMaj=0.7500
[01:56:08] fold0 ep 030 tr=0.5328 va=0.5729 val_AccPaper=0.7500 val_BalAccMaj=0.7500
[01:56:08] fold0 ep 031 tr=0.5287 va=0.5632 val_AccPaper=0.7500 val_BalAccMaj=0.7500
[01:56:09] fold0 ep 032 tr=0.5448 va=0.5574 val_AccPaper=0.7500 val_BalAccMaj=0.7500
[01:56:09] fold0 ep 033 tr=0.5340 va=0.5572 val_AccPaper=0.7500 val_BalAccMaj=0.7500
[01:56:09] fold0 ep 034 tr=0.5269 va=0.5581 val_AccPaper=0.7500 val_BalAccMaj=0.7500
[01:56:09] fold0 ep 035 tr=0.5441 va=0.5542 val_AccPaper=0.6667 val_BalAccMaj=0.6667
[01:56:10] fold0 ep 036 tr=0.5343 va=0.5560 val_AccPaper=0.7500 val_BalAccMaj=0.7500
[01:56:10] fold0 ep 037 tr=0.5212 va=0.5492 val_AccPaper=0.7500 val_BalAccMaj=0.7500
[01:56:10] fold0 ep 038 tr=0.5171 va=0.5394 val_AccPaper=0.7500 val_BalAccMaj=0.7500
[01:56:10] fold0 ep 039 tr=0.4778 va=0.5349 val_AccPaper=0.7500 val_BalAccMaj=0.7500
[01:56:11] fold0 ep 040 tr=0.5078 va=0.5290 val_AccPaper=0.8333 val_BalAccMaj=0.8333
[01:56:11] fold0 ep 041 tr=0.4997 va=0.5243 val_AccPaper=0.7500 val_BalAccMaj=0.7500
[01:56:11] fold0 ep 042 tr=0.5021 va=0.5314 val_AccPaper=0.7500 val_BalAccMaj=0.7500
[01:56:11] fold0 ep 043 tr=0.5078 va=0.5343 val_AccPaper=0.8333 val_BalAccMaj=0.8333
[01:56:12] fold0 ep 044 tr=0.5023 va=0.5341 val_AccPaper=0.7500 val_BalAccMaj=0.7500
[01:56:12] fold0 ep 045 tr=0.4987 va=0.5341 val_AccPaper=0.7500 val_BalAccMaj=0.7500
[01:56:12] fold0 ep 046 tr=0.4902 va=0.5485 val_AccPaper=0.8333 val_BalAccMaj=0.8333
[01:56:12] fold0 ep 047 tr=0.4746 va=0.5572 val_AccPaper=0.8333 val_BalAccMaj=0.8333
[01:56:13] fold0 ep 048 tr=0.4757 va=0.5409 val_AccPaper=0.7500 val_BalAccMaj=0.7500
[01:56:13] fold0 ep 049 tr=0.4796 va=0.5499 val_AccPaper=0.7500 val_BalAccMaj=0.7500
[01:56:13] fold0 ep 050 tr=0.4641 va=0.5471 val_AccPaper=0.7500 val_BalAccMaj=0.7500
[01:56:13] fold0 ep 051 tr=0.4783 va=0.5479 val_AccPaper=0.6667 val_BalAccMaj=0.6667
[01:56:13] fold0 ep 052 tr=0.5206 va=0.5389 val_AccPaper=0.7500 val_BalAccMaj=0.7500
[01:56:14] fold0 ep 053 tr=0.4496 va=0.5471 val_AccPaper=0.7500 val_BalAccMaj=0.7500
[01:56:14] fold0 ep 054 tr=0.5047 va=0.5450 val_AccPaper=0.7500 val_BalAccMaj=0.7500
[01:56:14] fold0 ep 055 tr=0.4757 va=0.5422 val_AccPaper=0.7500 val_BalAccMaj=0.7500
[01:56:14] fold0 ep 056 tr=0.4785 va=0.5435 val_AccPaper=0.7500 val_BalAccMaj=0.7500
[01:56:15] fold0 ep 057 tr=0.4598 va=0.5425 val_AccPaper=0.7500 val_BalAccMaj=0.7500
[01:56:15] fold0 ep 058 tr=0.4819 va=0.5454 val_AccPaper=0.7500 val_BalAccMaj=0.7500
[01:56:15] fold0 ep 059 tr=0.4908 va=0.5363 val_AccPaper=0.7500 val_BalAccMaj=0.7500
[01:56:15] fold0 ep 060 tr=0.4699 va=0.5351 val_AccPaper=0.7500 val_BalAccMaj=0.7500
[01:56:15]   early stop @ ep 60
[01:56:16] [eval_half] Acc_paper=0.5574 BalAcc_maj=0.5624 win_BalAcc=0.5544
[01:56:16] [sub02] eegtcnet task fold1 ft_tr=1050 ft_va=252 eval=1281 full_model=True
[01:56:16] fold1 ep 001 tr=0.7120 va=0.7697 val_AccPaper=0.4167 val_BalAccMaj=0.4167
[01:56:16] fold1 ep 002 tr=0.6976 va=0.7595 val_AccPaper=0.5000 val_BalAccMaj=0.5000
[01:56:16] fold1 ep 003 tr=0.6562 va=0.7568 val_AccPaper=0.5000 val_BalAccMaj=0.5000
[01:56:17] fold1 ep 004 tr=0.6660 va=0.7568 val_AccPaper=0.5833 val_BalAccMaj=0.5833
[01:56:17] fold1 ep 005 tr=0.6673 va=0.7554 val_AccPaper=0.5000 val_BalAccMaj=0.5000
[01:56:17] fold1 ep 006 tr=0.6577 va=0.7499 val_AccPaper=0.5000 val_BalAccMaj=0.5000
[01:56:17] fold1 ep 007 tr=0.6632 va=0.7462 val_AccPaper=0.5000 val_BalAccMaj=0.5000
[01:56:18] fold1 ep 008 tr=0.6553 va=0.7436 val_AccPaper=0.5000 val_BalAccMaj=0.5000
[01:56:18] fold1 ep 009 tr=0.6663 va=0.7420 val_AccPaper=0.5000 val_BalAccMaj=0.5000
[01:56:18] fold1 ep 010 tr=0.6390 va=0.7397 val_AccPaper=0.5000 val_BalAccMaj=0.5000
[01:56:18] fold1 ep 011 tr=0.6391 va=0.7406 val_AccPaper=0.5000 val_BalAccMaj=0.5000
[01:56:18] fold1 ep 012 tr=0.6456 va=0.7411 val_AccPaper=0.5000 val_BalAccMaj=0.5000
[01:56:19] fold1 ep 013 tr=0.6376 va=0.7392 val_AccPaper=0.5000 val_BalAccMaj=0.5000
[01:56:19] fold1 ep 014 tr=0.6315 va=0.7402 val_AccPaper=0.5000 val_BalAccMaj=0.5000
[01:56:19] fold1 ep 015 tr=0.6329 va=0.7419 val_AccPaper=0.5000 val_BalAccMaj=0.5000
[01:56:19] fold1 ep 016 tr=0.6247 va=0.7412 val_AccPaper=0.5000 val_BalAccMaj=0.5000
[01:56:20] fold1 ep 017 tr=0.6162 va=0.7411 val_AccPaper=0.5000 val_BalAccMaj=0.5000
[01:56:20] fold1 ep 018 tr=0.6202 va=0.7454 val_AccPaper=0.5000 val_BalAccMaj=0.5000
[01:56:20] fold1 ep 019 tr=0.6135 va=0.7443 val_AccPaper=0.5000 val_BalAccMaj=0.5000
[01:56:20] fold1 ep 020 tr=0.6140 va=0.7470 val_AccPaper=0.5000 val_BalAccMaj=0.5000
[01:56:21] fold1 ep 021 tr=0.6116 va=0.7446 val_AccPaper=0.5000 val_BalAccMaj=0.5000
[01:56:21] fold1 ep 022 tr=0.5880 va=0.7459 val_AccPaper=0.5000 val_BalAccMaj=0.5000
[01:56:21] fold1 ep 023 tr=0.6128 va=0.7488 val_AccPaper=0.5000 val_BalAccMaj=0.5000
[01:56:21] fold1 ep 024 tr=0.6150 va=0.7415 val_AccPaper=0.5000 val_BalAccMaj=0.5000
[01:56:21]   early stop @ ep 24
[01:56:21] [eval_half] Acc_paper=0.4754 BalAcc_maj=0.4769 win_BalAcc=0.5125
[01:56:21] [sub02] eegtcnet task fold2 ft_tr=1050 ft_va=252 eval=1281 full_model=True
[01:56:22] fold2 ep 001 tr=0.7195 va=0.7056 val_AccPaper=0.5000 val_BalAccMaj=0.5000
[01:56:22] fold2 ep 002 tr=0.7183 va=0.7052 val_AccPaper=0.5000 val_BalAccMaj=0.5000
[01:56:22] fold2 ep 003 tr=0.6987 va=0.7054 val_AccPaper=0.5000 val_BalAccMaj=0.5000
[01:56:22] fold2 ep 004 tr=0.7002 va=0.7061 val_AccPaper=0.5000 val_BalAccMaj=0.5000
[01:56:23] fold2 ep 005 tr=0.7024 va=0.7060 val_AccPaper=0.5000 val_BalAccMaj=0.5000
[01:56:23] fold2 ep 006 tr=0.7030 va=0.7049 val_AccPaper=0.5000 val_BalAccMaj=0.5000
[01:56:23] fold2 ep 007 tr=0.6893 va=0.7069 val_AccPaper=0.5000 val_BalAccMaj=0.5000
[01:56:24] fold2 ep 008 tr=0.7052 va=0.7048 val_AccPaper=0.5000 val_BalAccMaj=0.5000
[01:56:24] fold2 ep 009 tr=0.6878 va=0.7053 val_AccPaper=0.5000 val_BalAccMaj=0.5000
[01:56:24] fold2 ep 010 tr=0.6802 va=0.7067 val_AccPaper=0.5000 val_BalAccMaj=0.5000
[01:56:24] fold2 ep 011 tr=0.6842 va=0.7076 val_AccPaper=0.5000 val_BalAccMaj=0.5000
[01:56:25] fold2 ep 012 tr=0.6996 va=0.7073 val_AccPaper=0.5000 val_BalAccMaj=0.5000
[01:56:25] fold2 ep 013 tr=0.6740 va=0.7080 val_AccPaper=0.5000 val_BalAccMaj=0.5000
[01:56:25] fold2 ep 014 tr=0.6820 va=0.7080 val_AccPaper=0.4167 val_BalAccMaj=0.4167
[01:56:25] fold2 ep 015 tr=0.6821 va=0.7072 val_AccPaper=0.4167 val_BalAccMaj=0.4167
[01:56:26] fold2 ep 016 tr=0.6904 va=0.7063 val_AccPaper=0.4167 val_BalAccMaj=0.4167
[01:56:26] fold2 ep 017 tr=0.6741 va=0.7058 val_AccPaper=0.4167 val_BalAccMaj=0.4167
[01:56:26] fold2 ep 018 tr=0.6737 va=0.7063 val_AccPaper=0.4167 val_BalAccMaj=0.4167
[01:56:26] fold2 ep 019 tr=0.6787 va=0.7073 val_AccPaper=0.4167 val_BalAccMaj=0.4167
[01:56:27] fold2 ep 020 tr=0.6830 va=0.7086 val_AccPaper=0.4167 val_BalAccMaj=0.4167
[01:56:27] fold2 ep 021 tr=0.6745 va=0.7078 val_AccPaper=0.5000 val_BalAccMaj=0.5000
[01:56:27]   early stop @ ep 21
[01:56:27] [eval_half] Acc_paper=0.4918 BalAcc_maj=0.4909 win_BalAcc=0.4732
[01:56:27] [sub02] eegtcnet task fold3 ft_tr=1050 ft_va=252 eval=1281 full_model=True
[01:56:27] fold3 ep 001 tr=0.6964 va=0.7242 val_AccPaper=0.5000 val_BalAccMaj=0.5000
[01:56:28] fold3 ep 002 tr=0.7054 va=0.7234 val_AccPaper=0.5000 val_BalAccMaj=0.5000
[01:56:28] fold3 ep 003 tr=0.7237 va=0.7225 val_AccPaper=0.5000 val_BalAccMaj=0.5000
[01:56:28] fold3 ep 004 tr=0.7131 va=0.7217 val_AccPaper=0.5000 val_BalAccMaj=0.5000
[01:56:28] fold3 ep 005 tr=0.7221 va=0.7203 val_AccPaper=0.5000 val_BalAccMaj=0.5000
[01:56:28] fold3 ep 006 tr=0.7016 va=0.7206 val_AccPaper=0.5000 val_BalAccMaj=0.5000
[01:56:29] fold3 ep 007 tr=0.7228 va=0.7190 val_AccPaper=0.5000 val_BalAccMaj=0.5000
[01:56:29] fold3 ep 008 tr=0.7097 va=0.7181 val_AccPaper=0.5000 val_BalAccMaj=0.5000
[01:56:29] fold3 ep 009 tr=0.7046 va=0.7172 val_AccPaper=0.5000 val_BalAccMaj=0.5000
[01:56:30] fold3 ep 010 tr=0.7150 va=0.7161 val_AccPaper=0.5000 val_BalAccMaj=0.5000
[01:56:30] fold3 ep 011 tr=0.6894 va=0.7154 val_AccPaper=0.5000 val_BalAccMaj=0.5000
[01:56:30] fold3 ep 012 tr=0.7064 va=0.7142 val_AccPaper=0.5000 val_BalAccMaj=0.5000
[01:56:30] fold3 ep 013 tr=0.7110 va=0.7130 val_AccPaper=0.5000 val_BalAccMaj=0.5000
[01:56:30] fold3 ep 014 tr=0.6847 va=0.7123 val_AccPaper=0.5000 val_BalAccMaj=0.5000
[01:56:31] fold3 ep 015 tr=0.7008 va=0.7117 val_AccPaper=0.5000 val_BalAccMaj=0.5000
[01:56:31] fold3 ep 016 tr=0.6973 va=0.7099 val_AccPaper=0.5000 val_BalAccMaj=0.5000
[01:56:31] fold3 ep 017 tr=0.6982 va=0.7093 val_AccPaper=0.5000 val_BalAccMaj=0.5000
[01:56:31] fold3 ep 018 tr=0.6953 va=0.7077 val_AccPaper=0.5000 val_BalAccMaj=0.5000
[01:56:32] fold3 ep 019 tr=0.6931 va=0.7078 val_AccPaper=0.5000 val_BalAccMaj=0.5000
[01:56:32] fold3 ep 020 tr=0.6893 va=0.7069 val_AccPaper=0.5000 val_BalAccMaj=0.5000
[01:56:32] fold3 ep 021 tr=0.6965 va=0.7056 val_AccPaper=0.5000 val_BalAccMaj=0.5000
[01:56:32]   early stop @ ep 21
[01:56:32] [eval_half] Acc_paper=0.4754 BalAcc_maj=0.4699 win_BalAcc=0.4817
[01:56:32] [sub02] eegtcnet task fold4 ft_tr=1050 ft_va=252 eval=1281 full_model=True
[01:56:33] fold4 ep 001 tr=0.7242 va=0.7726 val_AccPaper=0.2500 val_BalAccMaj=0.2500
[01:56:33] fold4 ep 002 tr=0.7257 va=0.7629 val_AccPaper=0.4167 val_BalAccMaj=0.4167
[01:56:33] fold4 ep 003 tr=0.7183 va=0.7528 val_AccPaper=0.3333 val_BalAccMaj=0.3333
[01:56:33] fold4 ep 004 tr=0.7135 va=0.7491 val_AccPaper=0.3333 val_BalAccMaj=0.3333
[01:56:33] fold4 ep 005 tr=0.7059 va=0.7472 val_AccPaper=0.3333 val_BalAccMaj=0.3333
[01:56:34] fold4 ep 006 tr=0.7091 va=0.7454 val_AccPaper=0.3333 val_BalAccMaj=0.3333
[01:56:34] fold4 ep 007 tr=0.6964 va=0.7431 val_AccPaper=0.3333 val_BalAccMaj=0.3333
[01:56:34] fold4 ep 008 tr=0.6991 va=0.7415 val_AccPaper=0.3333 val_BalAccMaj=0.3333
[01:56:34] fold4 ep 009 tr=0.6973 va=0.7421 val_AccPaper=0.4167 val_BalAccMaj=0.4167
[01:56:34] fold4 ep 010 tr=0.6977 va=0.7374 val_AccPaper=0.3333 val_BalAccMaj=0.3333
[01:56:35] fold4 ep 011 tr=0.6912 va=0.7369 val_AccPaper=0.3333 val_BalAccMaj=0.3333
[01:56:35] fold4 ep 012 tr=0.6875 va=0.7363 val_AccPaper=0.4167 val_BalAccMaj=0.4167
[01:56:35] fold4 ep 013 tr=0.6863 va=0.7358 val_AccPaper=0.4167 val_BalAccMaj=0.4167
[01:56:36] fold4 ep 014 tr=0.6887 va=0.7368 val_AccPaper=0.4167 val_BalAccMaj=0.4167
[01:56:36] fold4 ep 015 tr=0.6827 va=0.7378 val_AccPaper=0.4167 val_BalAccMaj=0.4167
[01:56:36] fold4 ep 016 tr=0.6917 va=0.7363 val_AccPaper=0.3333 val_BalAccMaj=0.3333
[01:56:36] fold4 ep 017 tr=0.6875 va=0.7378 val_AccPaper=0.4167 val_BalAccMaj=0.4167
[01:56:37] fold4 ep 018 tr=0.6821 va=0.7394 val_AccPaper=0.4167 val_BalAccMaj=0.4167
[01:56:37] fold4 ep 019 tr=0.6839 va=0.7402 val_AccPaper=0.3333 val_BalAccMaj=0.3333
[01:56:37] fold4 ep 020 tr=0.6848 va=0.7419 val_AccPaper=0.3333 val_BalAccMaj=0.3333
[01:56:38] fold4 ep 021 tr=0.6789 va=0.7413 val_AccPaper=0.3333 val_BalAccMaj=0.3333
[01:56:38] fold4 ep 022 tr=0.6807 va=0.7435 val_AccPaper=0.3333 val_BalAccMaj=0.3333
[01:56:38]   early stop @ ep 22
[01:56:38] [eval_half] Acc_paper=0.5574 BalAcc_maj=0.5554 win_BalAcc=0.5314
[01:56:38] [sub02] eegtcnet three fold0 ft_tr=1050 ft_va=252 eval=1281 full_model=True
[01:56:39] fold0 ep 001 tr=1.1817 va=1.1297 val_AccPaper=0.3333 val_BalAccMaj=0.3333
[01:56:39] fold0 ep 002 tr=1.1482 va=1.1160 val_AccPaper=0.3333 val_BalAccMaj=0.3333
[01:56:39] fold0 ep 003 tr=1.1555 va=1.1107 val_AccPaper=0.3333 val_BalAccMaj=0.3333
[01:56:40] fold0 ep 004 tr=1.1382 va=1.1020 val_AccPaper=0.3333 val_BalAccMaj=0.4444
[01:56:40] fold0 ep 005 tr=1.1399 va=1.0974 val_AccPaper=0.3333 val_BalAccMaj=0.3889
[01:56:40] fold0 ep 006 tr=1.1080 va=1.0910 val_AccPaper=0.3333 val_BalAccMaj=0.3889
[01:56:41] fold0 ep 007 tr=1.1110 va=1.0850 val_AccPaper=0.3333 val_BalAccMaj=0.3889
[01:56:41] fold0 ep 008 tr=1.1211 va=1.0836 val_AccPaper=0.3333 val_BalAccMaj=0.3889
[01:56:41] fold0 ep 009 tr=1.1063 va=1.0846 val_AccPaper=0.3333 val_BalAccMaj=0.3889
[01:56:41] fold0 ep 010 tr=1.0890 va=1.0767 val_AccPaper=0.3333 val_BalAccMaj=0.3889
[01:56:42] fold0 ep 011 tr=1.0911 va=1.0793 val_AccPaper=0.3333 val_BalAccMaj=0.3889
[01:56:42] fold0 ep 012 tr=1.0979 va=1.0752 val_AccPaper=0.3333 val_BalAccMaj=0.3889
[01:56:42] fold0 ep 013 tr=1.0681 va=1.0808 val_AccPaper=0.3333 val_BalAccMaj=0.3889
[01:56:42] fold0 ep 014 tr=1.1111 va=1.0753 val_AccPaper=0.3333 val_BalAccMaj=0.3889
[01:56:43] fold0 ep 015 tr=1.0723 va=1.0725 val_AccPaper=0.3333 val_BalAccMaj=0.3889
[01:56:43] fold0 ep 016 tr=1.0691 va=1.0765 val_AccPaper=0.3333 val_BalAccMaj=0.3889
[01:56:43] fold0 ep 017 tr=1.0696 va=1.0726 val_AccPaper=0.3333 val_BalAccMaj=0.3889
[01:56:44] fold0 ep 018 tr=1.0797 va=1.0720 val_AccPaper=0.3333 val_BalAccMaj=0.3889
[01:56:44] fold0 ep 019 tr=1.0723 va=1.0714 val_AccPaper=0.3333 val_BalAccMaj=0.3889
[01:56:44] fold0 ep 020 tr=1.0516 va=1.0698 val_AccPaper=0.3333 val_BalAccMaj=0.5000
[01:56:44] fold0 ep 021 tr=1.0792 va=1.0675 val_AccPaper=0.3333 val_BalAccMaj=0.5000
[01:56:44]   early stop @ ep 21
[01:56:45] [eval_half] Acc_paper=0.2951 BalAcc_maj=0.2625 win_BalAcc=0.2935
[01:56:45] [sub02] eegtcnet three fold1 ft_tr=1050 ft_va=252 eval=1281 full_model=True
[01:56:45] fold1 ep 001 tr=1.1113 va=1.0981 val_AccPaper=0.3333 val_BalAccMaj=0.2222
[01:56:45] fold1 ep 002 tr=1.1151 va=1.0973 val_AccPaper=0.3333 val_BalAccMaj=0.2222
[01:56:45] fold1 ep 003 tr=1.1089 va=1.0963 val_AccPaper=0.3333 val_BalAccMaj=0.2222
[01:56:46] fold1 ep 004 tr=1.1156 va=1.0960 val_AccPaper=0.3333 val_BalAccMaj=0.2222
[01:56:46] fold1 ep 005 tr=1.1222 va=1.0963 val_AccPaper=0.3333 val_BalAccMaj=0.2222
[01:56:46] fold1 ep 006 tr=1.1083 va=1.0958 val_AccPaper=0.3333 val_BalAccMaj=0.2222
[01:56:46] fold1 ep 007 tr=1.1227 va=1.0953 val_AccPaper=0.3333 val_BalAccMaj=0.2222
[01:56:47] fold1 ep 008 tr=1.1130 va=1.0956 val_AccPaper=0.3333 val_BalAccMaj=0.2222
[01:56:47] fold1 ep 009 tr=1.1056 va=1.0957 val_AccPaper=0.3333 val_BalAccMaj=0.2222
[01:56:47] fold1 ep 010 tr=1.1062 va=1.0955 val_AccPaper=0.3333 val_BalAccMaj=0.2222
[01:56:47] fold1 ep 011 tr=1.1100 va=1.0951 val_AccPaper=0.3333 val_BalAccMaj=0.2222
[01:56:48] fold1 ep 012 tr=1.1112 va=1.0954 val_AccPaper=0.3333 val_BalAccMaj=0.2222
[01:56:48] fold1 ep 013 tr=1.1052 va=1.0947 val_AccPaper=0.3333 val_BalAccMaj=0.3333
[01:56:48] fold1 ep 014 tr=1.0995 va=1.0940 val_AccPaper=0.3333 val_BalAccMaj=0.3333
[01:56:48] fold1 ep 015 tr=1.1000 va=1.0952 val_AccPaper=0.4167 val_BalAccMaj=0.4444
[01:56:49] fold1 ep 016 tr=1.1089 va=1.0951 val_AccPaper=0.4167 val_BalAccMaj=0.4444
[01:56:49] fold1 ep 017 tr=1.0992 va=1.0960 val_AccPaper=0.5000 val_BalAccMaj=0.4444
[01:56:49] fold1 ep 018 tr=1.0968 va=1.0946 val_AccPaper=0.5000 val_BalAccMaj=0.4444
[01:56:50] fold1 ep 019 tr=1.1039 va=1.0940 val_AccPaper=0.5000 val_BalAccMaj=0.4444
[01:56:50] fold1 ep 020 tr=1.0880 va=1.0940 val_AccPaper=0.5000 val_BalAccMaj=0.4444
[01:56:50] fold1 ep 021 tr=1.0923 va=1.0942 val_AccPaper=0.4167 val_BalAccMaj=0.4444
[01:56:50] fold1 ep 022 tr=1.0946 va=1.0945 val_AccPaper=0.5000 val_BalAccMaj=0.4444
[01:56:50] fold1 ep 023 tr=1.0982 va=1.0933 val_AccPaper=0.5000 val_BalAccMaj=0.4444
[01:56:51] fold1 ep 024 tr=1.0927 va=1.0944 val_AccPaper=0.5000 val_BalAccMaj=0.4444
[01:56:51] fold1 ep 025 tr=1.0979 va=1.0946 val_AccPaper=0.4167 val_BalAccMaj=0.4444
[01:56:51] fold1 ep 026 tr=1.0903 va=1.0942 val_AccPaper=0.4167 val_BalAccMaj=0.4444
[01:56:51] fold1 ep 027 tr=1.0923 va=1.0940 val_AccPaper=0.5000 val_BalAccMaj=0.4444
[01:56:52] fold1 ep 028 tr=1.0867 va=1.0924 val_AccPaper=0.5000 val_BalAccMaj=0.4444
[01:56:52] fold1 ep 029 tr=1.0923 va=1.0936 val_AccPaper=0.4167 val_BalAccMaj=0.4444
[01:56:52] fold1 ep 030 tr=1.0985 va=1.0915 val_AccPaper=0.4167 val_BalAccMaj=0.4444
[01:56:52] fold1 ep 031 tr=1.0876 va=1.0898 val_AccPaper=0.4167 val_BalAccMaj=0.4444
[01:56:53] fold1 ep 032 tr=1.0961 va=1.0907 val_AccPaper=0.4167 val_BalAccMaj=0.3889
[01:56:53] fold1 ep 033 tr=1.0849 va=1.0913 val_AccPaper=0.4167 val_BalAccMaj=0.3889
[01:56:53] fold1 ep 034 tr=1.0809 va=1.0919 val_AccPaper=0.4167 val_BalAccMaj=0.5000
[01:56:53] fold1 ep 035 tr=1.0867 va=1.0933 val_AccPaper=0.3333 val_BalAccMaj=0.4444
[01:56:54] fold1 ep 036 tr=1.0895 va=1.0911 val_AccPaper=0.4167 val_BalAccMaj=0.5000
[01:56:54] fold1 ep 037 tr=1.0860 va=1.0899 val_AccPaper=0.3333 val_BalAccMaj=0.4444
[01:56:54]   early stop @ ep 37
[01:56:54] [eval_half] Acc_paper=0.4426 BalAcc_maj=0.3097 win_BalAcc=0.3036
[01:56:54] [sub02] eegtcnet three fold2 ft_tr=1050 ft_va=252 eval=1281 full_model=True
[01:56:54] fold2 ep 001 tr=1.1826 va=1.1152 val_AccPaper=0.2500 val_BalAccMaj=0.3333
[01:56:54] fold2 ep 002 tr=1.1979 va=1.1183 val_AccPaper=0.2500 val_BalAccMaj=0.3333
[01:56:55] fold2 ep 003 tr=1.1668 va=1.1200 val_AccPaper=0.2500 val_BalAccMaj=0.3333
[01:56:55] fold2 ep 004 tr=1.1813 va=1.1203 val_AccPaper=0.2500 val_BalAccMaj=0.3333
[01:56:55] fold2 ep 005 tr=1.1722 va=1.1195 val_AccPaper=0.2500 val_BalAccMaj=0.3333
[01:56:55] fold2 ep 006 tr=1.1858 va=1.1213 val_AccPaper=0.2500 val_BalAccMaj=0.3333
[01:56:56] fold2 ep 007 tr=1.1758 va=1.1208 val_AccPaper=0.2500 val_BalAccMaj=0.3333
[01:56:56] fold2 ep 008 tr=1.1717 va=1.1227 val_AccPaper=0.2500 val_BalAccMaj=0.3333
[01:56:56] fold2 ep 009 tr=1.1742 va=1.1237 val_AccPaper=0.2500 val_BalAccMaj=0.3333
[01:56:56] fold2 ep 010 tr=1.1541 va=1.1233 val_AccPaper=0.2500 val_BalAccMaj=0.3333
[01:56:57] fold2 ep 011 tr=1.1726 va=1.1241 val_AccPaper=0.2500 val_BalAccMaj=0.3333
[01:56:57] fold2 ep 012 tr=1.1770 va=1.1261 val_AccPaper=0.2500 val_BalAccMaj=0.3333
[01:56:57] fold2 ep 013 tr=1.1502 va=1.1263 val_AccPaper=0.2500 val_BalAccMaj=0.3333
[01:56:57] fold2 ep 014 tr=1.1663 va=1.1250 val_AccPaper=0.2500 val_BalAccMaj=0.3333
[01:56:58] fold2 ep 015 tr=1.1397 va=1.1273 val_AccPaper=0.2500 val_BalAccMaj=0.3333
[01:56:58] fold2 ep 016 tr=1.1514 va=1.1284 val_AccPaper=0.2500 val_BalAccMaj=0.3333
[01:56:58] fold2 ep 017 tr=1.1433 va=1.1295 val_AccPaper=0.2500 val_BalAccMaj=0.3333
[01:56:58] fold2 ep 018 tr=1.1248 va=1.1288 val_AccPaper=0.2500 val_BalAccMaj=0.3333
[01:56:59] fold2 ep 019 tr=1.1387 va=1.1283 val_AccPaper=0.2500 val_BalAccMaj=0.3333
[01:56:59] fold2 ep 020 tr=1.1381 va=1.1293 val_AccPaper=0.2500 val_BalAccMaj=0.3333
[01:56:59] fold2 ep 021 tr=1.1444 va=1.1297 val_AccPaper=0.2500 val_BalAccMaj=0.3333
[01:56:59]   early stop @ ep 21
[01:56:59] [eval_half] Acc_paper=0.2787 BalAcc_maj=0.3444 win_BalAcc=0.3214
[01:56:59] [sub02] eegtcnet three fold3 ft_tr=1050 ft_va=252 eval=1281 full_model=True
[01:57:00] fold3 ep 001 tr=1.1408 va=1.1687 val_AccPaper=0.2500 val_BalAccMaj=0.3889
[01:57:00] fold3 ep 002 tr=1.1095 va=1.1632 val_AccPaper=0.2500 val_BalAccMaj=0.3333
[01:57:00] fold3 ep 003 tr=1.1136 va=1.1641 val_AccPaper=0.2500 val_BalAccMaj=0.3889
[01:57:00] fold3 ep 004 tr=1.1274 va=1.1601 val_AccPaper=0.3333 val_BalAccMaj=0.3889
[01:57:01] fold3 ep 005 tr=1.1103 va=1.1577 val_AccPaper=0.2500 val_BalAccMaj=0.2778
[01:57:01] fold3 ep 006 tr=1.0772 va=1.1566 val_AccPaper=0.2500 val_BalAccMaj=0.2778
[01:57:01] fold3 ep 007 tr=1.0922 va=1.1450 val_AccPaper=0.3333 val_BalAccMaj=0.4444
[01:57:01] fold3 ep 008 tr=1.0913 va=1.1488 val_AccPaper=0.1667 val_BalAccMaj=0.3889
[01:57:01] fold3 ep 009 tr=1.0683 va=1.1482 val_AccPaper=0.1667 val_BalAccMaj=0.3333
[01:57:02] fold3 ep 010 tr=1.1011 va=1.1431 val_AccPaper=0.2500 val_BalAccMaj=0.3889
[01:57:02] fold3 ep 011 tr=1.0690 va=1.1402 val_AccPaper=0.2500 val_BalAccMaj=0.3889
[01:57:02] fold3 ep 012 tr=1.0952 va=1.1358 val_AccPaper=0.2500 val_BalAccMaj=0.3889
[01:57:02] fold3 ep 013 tr=1.0829 va=1.1385 val_AccPaper=0.1667 val_BalAccMaj=0.3889
[01:57:03] fold3 ep 014 tr=1.0507 va=1.1327 val_AccPaper=0.2500 val_BalAccMaj=0.3889
[01:57:03] fold3 ep 015 tr=1.0758 va=1.1346 val_AccPaper=0.1667 val_BalAccMaj=0.3889
[01:57:03] fold3 ep 016 tr=1.0776 va=1.1294 val_AccPaper=0.1667 val_BalAccMaj=0.3889
[01:57:03] fold3 ep 017 tr=1.0552 va=1.1276 val_AccPaper=0.1667 val_BalAccMaj=0.3889
[01:57:04] fold3 ep 018 tr=1.0663 va=1.1275 val_AccPaper=0.2500 val_BalAccMaj=0.3889
[01:57:04] fold3 ep 019 tr=1.0668 va=1.1243 val_AccPaper=0.2500 val_BalAccMaj=0.3889
[01:57:04] fold3 ep 020 tr=1.0638 va=1.1251 val_AccPaper=0.2500 val_BalAccMaj=0.3889
[01:57:04] fold3 ep 021 tr=1.0668 va=1.1202 val_AccPaper=0.1667 val_BalAccMaj=0.3889
[01:57:05] fold3 ep 022 tr=1.0544 va=1.1128 val_AccPaper=0.2500 val_BalAccMaj=0.3889
[01:57:05] fold3 ep 023 tr=1.0711 va=1.1191 val_AccPaper=0.1667 val_BalAccMaj=0.3889
[01:57:05] fold3 ep 024 tr=1.0583 va=1.1143 val_AccPaper=0.1667 val_BalAccMaj=0.3889
[01:57:05]   early stop @ ep 24
[01:57:05] [eval_half] Acc_paper=0.1967 BalAcc_maj=0.3042 win_BalAcc=0.3493
[01:57:05] [sub02] eegtcnet three fold4 ft_tr=1050 ft_va=252 eval=1281 full_model=True
[01:57:06] fold4 ep 001 tr=1.1745 va=1.2327 val_AccPaper=0.1667 val_BalAccMaj=0.1111
[01:57:06] fold4 ep 002 tr=1.1587 va=1.2245 val_AccPaper=0.2500 val_BalAccMaj=0.2222
[01:57:06] fold4 ep 003 tr=1.1370 va=1.2188 val_AccPaper=0.1667 val_BalAccMaj=0.1111
[01:57:07] fold4 ep 004 tr=1.1354 va=1.2124 val_AccPaper=0.2500 val_BalAccMaj=0.2222
[01:57:07] fold4 ep 005 tr=1.1226 va=1.2108 val_AccPaper=0.2500 val_BalAccMaj=0.2222
[01:57:07] fold4 ep 006 tr=1.1111 va=1.2141 val_AccPaper=0.2500 val_BalAccMaj=0.2222
[01:57:07] fold4 ep 007 tr=1.1005 va=1.2103 val_AccPaper=0.3333 val_BalAccMaj=0.3333
[01:57:08] fold4 ep 008 tr=1.0899 va=1.2093 val_AccPaper=0.3333 val_BalAccMaj=0.3333
[01:57:08] fold4 ep 009 tr=1.0762 va=1.2094 val_AccPaper=0.3333 val_BalAccMaj=0.3333
[01:57:08] fold4 ep 010 tr=1.0767 va=1.2070 val_AccPaper=0.3333 val_BalAccMaj=0.4444
[01:57:09] fold4 ep 011 tr=1.0743 va=1.2028 val_AccPaper=0.3333 val_BalAccMaj=0.3333
[01:57:09] fold4 ep 012 tr=1.0643 va=1.2028 val_AccPaper=0.3333 val_BalAccMaj=0.3889
[01:57:09] fold4 ep 013 tr=1.0768 va=1.1973 val_AccPaper=0.3333 val_BalAccMaj=0.3889
[01:57:09] fold4 ep 014 tr=1.0391 va=1.2093 val_AccPaper=0.3333 val_BalAccMaj=0.3333
[01:57:10] fold4 ep 015 tr=1.0485 va=1.2143 val_AccPaper=0.4167 val_BalAccMaj=0.3333
[01:57:10] fold4 ep 016 tr=1.0404 va=1.2137 val_AccPaper=0.3333 val_BalAccMaj=0.3333
[01:57:10] fold4 ep 017 tr=1.0502 va=1.2082 val_AccPaper=0.3333 val_BalAccMaj=0.3333
[01:57:10] fold4 ep 018 tr=1.0291 va=1.2101 val_AccPaper=0.3333 val_BalAccMaj=0.3333
[01:57:11] fold4 ep 019 tr=1.0412 va=1.2081 val_AccPaper=0.4167 val_BalAccMaj=0.3333
[01:57:11] fold4 ep 020 tr=1.0417 va=1.2064 val_AccPaper=0.4167 val_BalAccMaj=0.3333
[01:57:11] fold4 ep 021 tr=1.0261 va=1.2070 val_AccPaper=0.4167 val_BalAccMaj=0.3889
[01:57:12] fold4 ep 022 tr=1.0275 va=1.1985 val_AccPaper=0.4167 val_BalAccMaj=0.3889
[01:57:12] fold4 ep 023 tr=1.0340 va=1.1967 val_AccPaper=0.5000 val_BalAccMaj=0.3889
[01:57:12] fold4 ep 024 tr=1.0226 va=1.2040 val_AccPaper=0.5000 val_BalAccMaj=0.3889
[01:57:12] fold4 ep 025 tr=1.0097 va=1.2131 val_AccPaper=0.4167 val_BalAccMaj=0.3889
[01:57:12] fold4 ep 026 tr=1.0229 va=1.2227 val_AccPaper=0.4167 val_BalAccMaj=0.3889
[01:57:13] fold4 ep 027 tr=1.0275 va=1.2214 val_AccPaper=0.3333 val_BalAccMaj=0.3889
[01:57:13] fold4 ep 028 tr=1.0116 va=1.2247 val_AccPaper=0.3333 val_BalAccMaj=0.3889
[01:57:13] fold4 ep 029 tr=1.0078 va=1.2257 val_AccPaper=0.5000 val_BalAccMaj=0.3889
[01:57:14] fold4 ep 030 tr=1.0043 va=1.2293 val_AccPaper=0.5000 val_BalAccMaj=0.3889
[01:57:14] fold4 ep 031 tr=0.9897 va=1.2280 val_AccPaper=0.5000 val_BalAccMaj=0.3889
[01:57:14] fold4 ep 032 tr=0.9950 va=1.2274 val_AccPaper=0.3333 val_BalAccMaj=0.3889
[01:57:14] fold4 ep 033 tr=1.0111 va=1.2267 val_AccPaper=0.5000 val_BalAccMaj=0.3889
[01:57:15] fold4 ep 034 tr=1.0101 va=1.2184 val_AccPaper=0.4167 val_BalAccMaj=0.3889
[01:57:15] fold4 ep 035 tr=0.9899 va=1.2256 val_AccPaper=0.5000 val_BalAccMaj=0.3889
[01:57:15] fold4 ep 036 tr=0.9898 va=1.2311 val_AccPaper=0.5000 val_BalAccMaj=0.3889
[01:57:16] fold4 ep 037 tr=0.9906 va=1.2218 val_AccPaper=0.4167 val_BalAccMaj=0.3889
[01:57:16] fold4 ep 038 tr=0.9794 va=1.2209 val_AccPaper=0.4167 val_BalAccMaj=0.3333
[01:57:16] fold4 ep 039 tr=0.9798 va=1.2327 val_AccPaper=0.4167 val_BalAccMaj=0.3333
[01:57:17] fold4 ep 040 tr=0.9874 va=1.2336 val_AccPaper=0.4167 val_BalAccMaj=0.3333
[01:57:17] fold4 ep 041 tr=0.9544 va=1.2317 val_AccPaper=0.4167 val_BalAccMaj=0.3333
[01:57:17] fold4 ep 042 tr=0.9743 va=1.2342 val_AccPaper=0.4167 val_BalAccMaj=0.3333
[01:57:18] fold4 ep 043 tr=0.9805 va=1.2323 val_AccPaper=0.4167 val_BalAccMaj=0.3333
[01:57:18]   early stop @ ep 43
[01:57:18] [eval_half] Acc_paper=0.4262 BalAcc_maj=0.3389 win_BalAcc=0.3222
[01:57:18] === stream sub03_ses01_20260723_185153 ===
[01:57:19] subject=sub03 trials=62 train=31 eval=31
[01:57:19] [sub03] eegtcnet task fold0 ft_tr=1050 ft_va=252 eval=1302 full_model=True
[01:57:20] fold0 ep 001 tr=0.7711 va=0.7754 val_AccPaper=0.3333 val_BalAccMaj=0.3333
[01:57:20] fold0 ep 002 tr=0.7716 va=0.7480 val_AccPaper=0.3333 val_BalAccMaj=0.3333
[01:57:20] fold0 ep 003 tr=0.7404 va=0.7311 val_AccPaper=0.5000 val_BalAccMaj=0.5000
[01:57:21] fold0 ep 004 tr=0.7170 va=0.7187 val_AccPaper=0.5000 val_BalAccMaj=0.5000
[01:57:21] fold0 ep 005 tr=0.7144 va=0.7088 val_AccPaper=0.4167 val_BalAccMaj=0.4167
[01:57:22] fold0 ep 006 tr=0.7062 va=0.7007 val_AccPaper=0.4167 val_BalAccMaj=0.4167
[01:57:22] fold0 ep 007 tr=0.7074 va=0.6930 val_AccPaper=0.5000 val_BalAccMaj=0.5000
[01:57:22] fold0 ep 008 tr=0.6860 va=0.6872 val_AccPaper=0.5000 val_BalAccMaj=0.5000
[01:57:22] fold0 ep 009 tr=0.6946 va=0.6813 val_AccPaper=0.5000 val_BalAccMaj=0.5000
[01:57:23] fold0 ep 010 tr=0.6831 va=0.6781 val_AccPaper=0.5833 val_BalAccMaj=0.5833
[01:57:23] fold0 ep 011 tr=0.6748 va=0.6746 val_AccPaper=0.6667 val_BalAccMaj=0.6667
[01:57:23] fold0 ep 012 tr=0.6838 va=0.6727 val_AccPaper=0.6667 val_BalAccMaj=0.6667
[01:57:23] fold0 ep 013 tr=0.6811 va=0.6706 val_AccPaper=0.6667 val_BalAccMaj=0.6667
[01:57:24] fold0 ep 014 tr=0.6597 va=0.6680 val_AccPaper=0.6667 val_BalAccMaj=0.6667
[01:57:24] fold0 ep 015 tr=0.6717 va=0.6651 val_AccPaper=0.6667 val_BalAccMaj=0.6667
[01:57:24] fold0 ep 016 tr=0.6645 va=0.6627 val_AccPaper=0.6667 val_BalAccMaj=0.6667
[01:57:24] fold0 ep 017 tr=0.6613 va=0.6618 val_AccPaper=0.6667 val_BalAccMaj=0.6667
[01:57:24] fold0 ep 018 tr=0.6770 va=0.6593 val_AccPaper=0.6667 val_BalAccMaj=0.6667
[01:57:25] fold0 ep 019 tr=0.6560 va=0.6563 val_AccPaper=0.6667 val_BalAccMaj=0.6667
[01:57:25] fold0 ep 020 tr=0.6471 va=0.6510 val_AccPaper=0.6667 val_BalAccMaj=0.6667
[01:57:25] fold0 ep 021 tr=0.6521 va=0.6465 val_AccPaper=0.6667 val_BalAccMaj=0.6667
[01:57:25] fold0 ep 022 tr=0.6561 va=0.6413 val_AccPaper=0.7500 val_BalAccMaj=0.7500
[01:57:26] fold0 ep 023 tr=0.6394 va=0.6379 val_AccPaper=0.7500 val_BalAccMaj=0.7500
[01:57:26] fold0 ep 024 tr=0.6505 va=0.6385 val_AccPaper=0.7500 val_BalAccMaj=0.7500
[01:57:26] fold0 ep 025 tr=0.6292 va=0.6372 val_AccPaper=0.7500 val_BalAccMaj=0.7500
[01:57:26] fold0 ep 026 tr=0.6204 va=0.6317 val_AccPaper=0.7500 val_BalAccMaj=0.7500
[01:57:27] fold0 ep 027 tr=0.6217 va=0.6324 val_AccPaper=0.7500 val_BalAccMaj=0.7500
[01:57:27] fold0 ep 028 tr=0.6240 va=0.6333 val_AccPaper=0.7500 val_BalAccMaj=0.7500
[01:57:27] fold0 ep 029 tr=0.6132 va=0.6302 val_AccPaper=0.7500 val_BalAccMaj=0.7500
[01:57:27] fold0 ep 030 tr=0.6024 va=0.6230 val_AccPaper=0.7500 val_BalAccMaj=0.7500
[01:57:27] fold0 ep 031 tr=0.5870 va=0.6259 val_AccPaper=0.7500 val_BalAccMaj=0.7500
[01:57:28] fold0 ep 032 tr=0.6010 va=0.6228 val_AccPaper=0.7500 val_BalAccMaj=0.7500
[01:57:28] fold0 ep 033 tr=0.5707 va=0.6203 val_AccPaper=0.7500 val_BalAccMaj=0.7500
[01:57:28] fold0 ep 034 tr=0.5904 va=0.6175 val_AccPaper=0.7500 val_BalAccMaj=0.7500
[01:57:28] fold0 ep 035 tr=0.5618 va=0.6221 val_AccPaper=0.7500 val_BalAccMaj=0.7500
[01:57:29] fold0 ep 036 tr=0.5658 va=0.6115 val_AccPaper=0.7500 val_BalAccMaj=0.7500
[01:57:29] fold0 ep 037 tr=0.5706 va=0.6192 val_AccPaper=0.7500 val_BalAccMaj=0.7500
[01:57:29] fold0 ep 038 tr=0.5389 va=0.6228 val_AccPaper=0.7500 val_BalAccMaj=0.7500
[01:57:29] fold0 ep 039 tr=0.5545 va=0.6312 val_AccPaper=0.7500 val_BalAccMaj=0.7500
[01:57:30] fold0 ep 040 tr=0.5319 va=0.6217 val_AccPaper=0.7500 val_BalAccMaj=0.7500
[01:57:30] fold0 ep 041 tr=0.5328 va=0.6271 val_AccPaper=0.7500 val_BalAccMaj=0.7500
[01:57:30] fold0 ep 042 tr=0.5567 va=0.6274 val_AccPaper=0.7500 val_BalAccMaj=0.7500
[01:57:30]   early stop @ ep 42
[01:57:30] [eval_half] Acc_paper=0.5484 BalAcc_maj=0.5484 win_BalAcc=0.5975
[01:57:30] [sub03] eegtcnet task fold1 ft_tr=1050 ft_va=252 eval=1302 full_model=True
[01:57:30] fold1 ep 001 tr=0.7935 va=0.7080 val_AccPaper=0.3333 val_BalAccMaj=0.3333
[01:57:31] fold1 ep 002 tr=0.7373 va=0.7011 val_AccPaper=0.3333 val_BalAccMaj=0.3333
[01:57:31] fold1 ep 003 tr=0.7219 va=0.6992 val_AccPaper=0.4167 val_BalAccMaj=0.4167
[01:57:31] fold1 ep 004 tr=0.7071 va=0.6950 val_AccPaper=0.5000 val_BalAccMaj=0.5000
[01:57:31] fold1 ep 005 tr=0.7161 va=0.6880 val_AccPaper=0.5000 val_BalAccMaj=0.5000
[01:57:32] fold1 ep 006 tr=0.7019 va=0.6877 val_AccPaper=0.5000 val_BalAccMaj=0.5000
[01:57:32] fold1 ep 007 tr=0.7084 va=0.6873 val_AccPaper=0.5000 val_BalAccMaj=0.5000
[01:57:32] fold1 ep 008 tr=0.6954 va=0.6875 val_AccPaper=0.5000 val_BalAccMaj=0.5000
[01:57:32] fold1 ep 009 tr=0.6817 va=0.6854 val_AccPaper=0.5833 val_BalAccMaj=0.5833
[01:57:32] fold1 ep 010 tr=0.6725 va=0.6858 val_AccPaper=0.5000 val_BalAccMaj=0.5000
[01:57:33] fold1 ep 011 tr=0.6932 va=0.6841 val_AccPaper=0.5000 val_BalAccMaj=0.5000
[01:57:33] fold1 ep 012 tr=0.6756 va=0.6842 val_AccPaper=0.5000 val_BalAccMaj=0.5000
[01:57:33] fold1 ep 013 tr=0.6549 va=0.6836 val_AccPaper=0.5000 val_BalAccMaj=0.5000
[01:57:33] fold1 ep 014 tr=0.6534 va=0.6832 val_AccPaper=0.5833 val_BalAccMaj=0.5833
[01:57:34] fold1 ep 015 tr=0.6619 va=0.6821 val_AccPaper=0.5833 val_BalAccMaj=0.5833
[01:57:34] fold1 ep 016 tr=0.6694 va=0.6781 val_AccPaper=0.5833 val_BalAccMaj=0.5833
[01:57:34] fold1 ep 017 tr=0.6535 va=0.6751 val_AccPaper=0.5833 val_BalAccMaj=0.5833
[01:57:35] fold1 ep 018 tr=0.6513 va=0.6700 val_AccPaper=0.6667 val_BalAccMaj=0.6667
[01:57:35] fold1 ep 019 tr=0.6503 va=0.6672 val_AccPaper=0.6667 val_BalAccMaj=0.6667
[01:57:35] fold1 ep 020 tr=0.6401 va=0.6661 val_AccPaper=0.6667 val_BalAccMaj=0.6667
[01:57:35] fold1 ep 021 tr=0.6424 va=0.6690 val_AccPaper=0.5833 val_BalAccMaj=0.5833
[01:57:36] fold1 ep 022 tr=0.6318 va=0.6693 val_AccPaper=0.6667 val_BalAccMaj=0.6667
[01:57:36] fold1 ep 023 tr=0.6225 va=0.6645 val_AccPaper=0.6667 val_BalAccMaj=0.6667
[01:57:36] fold1 ep 024 tr=0.6281 va=0.6590 val_AccPaper=0.6667 val_BalAccMaj=0.6667
[01:57:36] fold1 ep 025 tr=0.6251 va=0.6506 val_AccPaper=0.5833 val_BalAccMaj=0.5833
[01:57:37] fold1 ep 026 tr=0.6142 va=0.6495 val_AccPaper=0.5833 val_BalAccMaj=0.5833
[01:57:37] fold1 ep 027 tr=0.6034 va=0.6565 val_AccPaper=0.5833 val_BalAccMaj=0.5833
[01:57:37] fold1 ep 028 tr=0.6117 va=0.6490 val_AccPaper=0.5833 val_BalAccMaj=0.5833
[01:57:37] fold1 ep 029 tr=0.5998 va=0.6474 val_AccPaper=0.6667 val_BalAccMaj=0.6667
[01:57:38] fold1 ep 030 tr=0.6044 va=0.6442 val_AccPaper=0.6667 val_BalAccMaj=0.6667
[01:57:38] fold1 ep 031 tr=0.5761 va=0.6422 val_AccPaper=0.6667 val_BalAccMaj=0.6667
[01:57:38] fold1 ep 032 tr=0.5784 va=0.6433 val_AccPaper=0.5833 val_BalAccMaj=0.5833
[01:57:38] fold1 ep 033 tr=0.5834 va=0.6397 val_AccPaper=0.5833 val_BalAccMaj=0.5833
[01:57:39] fold1 ep 034 tr=0.5962 va=0.6433 val_AccPaper=0.5000 val_BalAccMaj=0.5000
[01:57:39] fold1 ep 035 tr=0.5675 va=0.6439 val_AccPaper=0.6667 val_BalAccMaj=0.6667
[01:57:39] fold1 ep 036 tr=0.5702 va=0.6534 val_AccPaper=0.6667 val_BalAccMaj=0.6667
[01:57:39] fold1 ep 037 tr=0.5786 va=0.6531 val_AccPaper=0.6667 val_BalAccMaj=0.6667
[01:57:40] fold1 ep 038 tr=0.5758 va=0.6537 val_AccPaper=0.7500 val_BalAccMaj=0.7500
[01:57:40] fold1 ep 039 tr=0.5435 va=0.6479 val_AccPaper=0.6667 val_BalAccMaj=0.6667
[01:57:40] fold1 ep 040 tr=0.5558 va=0.6444 val_AccPaper=0.5833 val_BalAccMaj=0.5833
[01:57:40] fold1 ep 041 tr=0.5379 va=0.6531 val_AccPaper=0.6667 val_BalAccMaj=0.6667
[01:57:41] fold1 ep 042 tr=0.5298 va=0.6524 val_AccPaper=0.6667 val_BalAccMaj=0.6667
[01:57:41] fold1 ep 043 tr=0.5390 va=0.6545 val_AccPaper=0.6667 val_BalAccMaj=0.6667
[01:57:41] fold1 ep 044 tr=0.5377 va=0.6567 val_AccPaper=0.6667 val_BalAccMaj=0.6667
[01:57:41] fold1 ep 045 tr=0.5501 va=0.6511 val_AccPaper=0.6667 val_BalAccMaj=0.6667
[01:57:42] fold1 ep 046 tr=0.5460 va=0.6542 val_AccPaper=0.5833 val_BalAccMaj=0.5833
[01:57:42] fold1 ep 047 tr=0.5133 va=0.6596 val_AccPaper=0.6667 val_BalAccMaj=0.6667
[01:57:42] fold1 ep 048 tr=0.5255 va=0.6652 val_AccPaper=0.6667 val_BalAccMaj=0.6667
[01:57:42] fold1 ep 049 tr=0.4860 va=0.6559 val_AccPaper=0.6667 val_BalAccMaj=0.6667
[01:57:42] fold1 ep 050 tr=0.4831 va=0.6656 val_AccPaper=0.6667 val_BalAccMaj=0.6667
[01:57:43] fold1 ep 051 tr=0.5163 va=0.6581 val_AccPaper=0.6667 val_BalAccMaj=0.6667
[01:57:43] fold1 ep 052 tr=0.5026 va=0.6596 val_AccPaper=0.5833 val_BalAccMaj=0.5833
[01:57:43] fold1 ep 053 tr=0.5068 va=0.6574 val_AccPaper=0.5833 val_BalAccMaj=0.5833
[01:57:43] fold1 ep 054 tr=0.4941 va=0.6586 val_AccPaper=0.6667 val_BalAccMaj=0.6667
[01:57:44] fold1 ep 055 tr=0.4734 va=0.6630 val_AccPaper=0.6667 val_BalAccMaj=0.6667
[01:57:44] fold1 ep 056 tr=0.4836 va=0.6657 val_AccPaper=0.6667 val_BalAccMaj=0.6667
[01:57:44] fold1 ep 057 tr=0.4714 va=0.6753 val_AccPaper=0.6667 val_BalAccMaj=0.6667
[01:57:44] fold1 ep 058 tr=0.4686 va=0.6733 val_AccPaper=0.6667 val_BalAccMaj=0.6667
[01:57:44]   early stop @ ep 58
[01:57:44] [eval_half] Acc_paper=0.7097 BalAcc_maj=0.7097 win_BalAcc=0.6866
[01:57:45] [sub03] eegtcnet task fold2 ft_tr=1050 ft_va=252 eval=1302 full_model=True
[01:57:45] fold2 ep 001 tr=0.7387 va=0.6480 val_AccPaper=0.6667 val_BalAccMaj=0.6667
[01:57:45] fold2 ep 002 tr=0.7225 va=0.6469 val_AccPaper=0.6667 val_BalAccMaj=0.6667
[01:57:45] fold2 ep 003 tr=0.7034 va=0.6433 val_AccPaper=0.7500 val_BalAccMaj=0.7500
[01:57:46] fold2 ep 004 tr=0.7077 va=0.6428 val_AccPaper=0.6667 val_BalAccMaj=0.6667
[01:57:46] fold2 ep 005 tr=0.7121 va=0.6419 val_AccPaper=0.6667 val_BalAccMaj=0.6667
[01:57:46] fold2 ep 006 tr=0.6979 va=0.6412 val_AccPaper=0.7500 val_BalAccMaj=0.7500
[01:57:46] fold2 ep 007 tr=0.7041 va=0.6410 val_AccPaper=0.5833 val_BalAccMaj=0.5833
[01:57:46] fold2 ep 008 tr=0.7000 va=0.6404 val_AccPaper=0.6667 val_BalAccMaj=0.6667
[01:57:47] fold2 ep 009 tr=0.6841 va=0.6392 val_AccPaper=0.6667 val_BalAccMaj=0.6667
[01:57:47] fold2 ep 010 tr=0.6952 va=0.6387 val_AccPaper=0.6667 val_BalAccMaj=0.6667
[01:57:47] fold2 ep 011 tr=0.6859 va=0.6366 val_AccPaper=0.6667 val_BalAccMaj=0.6667
[01:57:47] fold2 ep 012 tr=0.6881 va=0.6366 val_AccPaper=0.6667 val_BalAccMaj=0.6667
[01:57:48] fold2 ep 013 tr=0.6927 va=0.6364 val_AccPaper=0.6667 val_BalAccMaj=0.6667
[01:57:48] fold2 ep 014 tr=0.6840 va=0.6347 val_AccPaper=0.6667 val_BalAccMaj=0.6667
[01:57:48] fold2 ep 015 tr=0.6746 va=0.6319 val_AccPaper=0.6667 val_BalAccMaj=0.6667
[01:57:48] fold2 ep 016 tr=0.6826 va=0.6332 val_AccPaper=0.6667 val_BalAccMaj=0.6667
[01:57:49] fold2 ep 017 tr=0.6752 va=0.6295 val_AccPaper=0.6667 val_BalAccMaj=0.6667
[01:57:49] fold2 ep 018 tr=0.6786 va=0.6280 val_AccPaper=0.8333 val_BalAccMaj=0.8333
[01:57:49] fold2 ep 019 tr=0.6739 va=0.6262 val_AccPaper=0.8333 val_BalAccMaj=0.8333
[01:57:49] fold2 ep 020 tr=0.6746 va=0.6227 val_AccPaper=0.8333 val_BalAccMaj=0.8333
[01:57:50] fold2 ep 021 tr=0.6700 va=0.6216 val_AccPaper=0.7500 val_BalAccMaj=0.7500
[01:57:50] fold2 ep 022 tr=0.6637 va=0.6177 val_AccPaper=0.8333 val_BalAccMaj=0.8333
[01:57:50] fold2 ep 023 tr=0.6654 va=0.6154 val_AccPaper=0.8333 val_BalAccMaj=0.8333
[01:57:51] fold2 ep 024 tr=0.6571 va=0.6098 val_AccPaper=0.8333 val_BalAccMaj=0.8333
[01:57:51] fold2 ep 025 tr=0.6507 va=0.6046 val_AccPaper=0.8333 val_BalAccMaj=0.8333
[01:57:51] fold2 ep 026 tr=0.6537 va=0.6001 val_AccPaper=0.8333 val_BalAccMaj=0.8333
[01:57:51] fold2 ep 027 tr=0.6388 va=0.5941 val_AccPaper=0.8333 val_BalAccMaj=0.8333
[01:57:52] fold2 ep 028 tr=0.6471 va=0.5880 val_AccPaper=0.9167 val_BalAccMaj=0.9167
[01:57:52] fold2 ep 029 tr=0.6530 va=0.5850 val_AccPaper=0.9167 val_BalAccMaj=0.9167
[01:57:52] fold2 ep 030 tr=0.6404 va=0.5810 val_AccPaper=0.8333 val_BalAccMaj=0.8333
[01:57:52] fold2 ep 031 tr=0.6165 va=0.5736 val_AccPaper=0.9167 val_BalAccMaj=0.9167
[01:57:53] fold2 ep 032 tr=0.6264 va=0.5687 val_AccPaper=0.8333 val_BalAccMaj=0.8333
[01:57:53] fold2 ep 033 tr=0.6117 va=0.5652 val_AccPaper=0.9167 val_BalAccMaj=0.9167
[01:57:53] fold2 ep 034 tr=0.6141 va=0.5587 val_AccPaper=0.7500 val_BalAccMaj=0.7500
[01:57:54] fold2 ep 035 tr=0.5927 va=0.5576 val_AccPaper=0.8333 val_BalAccMaj=0.8333
[01:57:54] fold2 ep 036 tr=0.6037 va=0.5534 val_AccPaper=0.8333 val_BalAccMaj=0.8333
[01:57:54] fold2 ep 037 tr=0.5846 va=0.5451 val_AccPaper=0.8333 val_BalAccMaj=0.8333
[01:57:54] fold2 ep 038 tr=0.5700 va=0.5381 val_AccPaper=0.8333 val_BalAccMaj=0.8333
[01:57:54] fold2 ep 039 tr=0.5764 va=0.5325 val_AccPaper=0.8333 val_BalAccMaj=0.8333
[01:57:55] fold2 ep 040 tr=0.5817 va=0.5299 val_AccPaper=0.8333 val_BalAccMaj=0.8333
[01:57:55] fold2 ep 041 tr=0.5713 va=0.5272 val_AccPaper=0.8333 val_BalAccMaj=0.8333
[01:57:55] fold2 ep 042 tr=0.5414 va=0.5186 val_AccPaper=0.8333 val_BalAccMaj=0.8333
[01:57:55] fold2 ep 043 tr=0.5523 va=0.5094 val_AccPaper=0.8333 val_BalAccMaj=0.8333
[01:57:56] fold2 ep 044 tr=0.5339 va=0.5094 val_AccPaper=0.8333 val_BalAccMaj=0.8333
[01:57:56] fold2 ep 045 tr=0.5408 va=0.5017 val_AccPaper=0.8333 val_BalAccMaj=0.8333
[01:57:56] fold2 ep 046 tr=0.5292 va=0.5027 val_AccPaper=0.8333 val_BalAccMaj=0.8333
[01:57:56] fold2 ep 047 tr=0.5151 va=0.5053 val_AccPaper=0.7500 val_BalAccMaj=0.7500
[01:57:57] fold2 ep 048 tr=0.5126 va=0.4990 val_AccPaper=0.8333 val_BalAccMaj=0.8333
[01:57:57]   early stop @ ep 48
[01:57:57] [eval_half] Acc_paper=0.7581 BalAcc_maj=0.7581 win_BalAcc=0.6828
[01:57:57] [sub03] eegtcnet task fold3 ft_tr=1050 ft_va=252 eval=1302 full_model=True
[01:57:57] fold3 ep 001 tr=0.7272 va=0.6771 val_AccPaper=0.5833 val_BalAccMaj=0.5833
[01:57:58] fold3 ep 002 tr=0.7293 va=0.6798 val_AccPaper=0.5000 val_BalAccMaj=0.5000
[01:57:58] fold3 ep 003 tr=0.7186 va=0.6798 val_AccPaper=0.5000 val_BalAccMaj=0.5000
[01:57:58] fold3 ep 004 tr=0.7230 va=0.6791 val_AccPaper=0.5000 val_BalAccMaj=0.5000
[01:57:58] fold3 ep 005 tr=0.7272 va=0.6790 val_AccPaper=0.5000 val_BalAccMaj=0.5000
[01:57:59] fold3 ep 006 tr=0.7130 va=0.6795 val_AccPaper=0.5000 val_BalAccMaj=0.5000
[01:57:59] fold3 ep 007 tr=0.7239 va=0.6798 val_AccPaper=0.5000 val_BalAccMaj=0.5000
[01:57:59] fold3 ep 008 tr=0.7217 va=0.6807 val_AccPaper=0.5000 val_BalAccMaj=0.5000
[01:57:59] fold3 ep 009 tr=0.7210 va=0.6812 val_AccPaper=0.5000 val_BalAccMaj=0.5000
[01:58:00] fold3 ep 010 tr=0.7124 va=0.6811 val_AccPaper=0.5000 val_BalAccMaj=0.5000
[01:58:00] fold3 ep 011 tr=0.7004 va=0.6812 val_AccPaper=0.5000 val_BalAccMaj=0.5000
[01:58:00] fold3 ep 012 tr=0.7140 va=0.6813 val_AccPaper=0.5000 val_BalAccMaj=0.5000
[01:58:00] fold3 ep 013 tr=0.6904 va=0.6817 val_AccPaper=0.5000 val_BalAccMaj=0.5000
[01:58:01] fold3 ep 014 tr=0.7095 va=0.6824 val_AccPaper=0.5000 val_BalAccMaj=0.5000
[01:58:01] fold3 ep 015 tr=0.7053 va=0.6820 val_AccPaper=0.5000 val_BalAccMaj=0.5000
[01:58:01] fold3 ep 016 tr=0.6985 va=0.6822 val_AccPaper=0.5000 val_BalAccMaj=0.5000
[01:58:01] fold3 ep 017 tr=0.7098 va=0.6817 val_AccPaper=0.5000 val_BalAccMaj=0.5000
[01:58:02] fold3 ep 018 tr=0.6957 va=0.6823 val_AccPaper=0.5000 val_BalAccMaj=0.5000
[01:58:02] fold3 ep 019 tr=0.6980 va=0.6831 val_AccPaper=0.5000 val_BalAccMaj=0.5000
[01:58:02] fold3 ep 020 tr=0.6886 va=0.6826 val_AccPaper=0.5000 val_BalAccMaj=0.5000
[01:58:02] fold3 ep 021 tr=0.6932 va=0.6828 val_AccPaper=0.5000 val_BalAccMaj=0.5000
[01:58:02]   early stop @ ep 21
[01:58:02] [eval_half] Acc_paper=0.5000 BalAcc_maj=0.5000 win_BalAcc=0.4962
[01:58:03] [sub03] eegtcnet task fold4 ft_tr=1050 ft_va=252 eval=1302 full_model=True
[01:58:03] fold4 ep 001 tr=0.7453 va=0.6145 val_AccPaper=0.6667 val_BalAccMaj=0.6667
[01:58:03] fold4 ep 002 tr=0.7253 va=0.6164 val_AccPaper=0.6667 val_BalAccMaj=0.6667
[01:58:03] fold4 ep 003 tr=0.6897 va=0.6138 val_AccPaper=0.6667 val_BalAccMaj=0.6667
[01:58:04] fold4 ep 004 tr=0.7284 va=0.6144 val_AccPaper=0.6667 val_BalAccMaj=0.6667
[01:58:04] fold4 ep 005 tr=0.7040 va=0.6140 val_AccPaper=0.5833 val_BalAccMaj=0.5833
[01:58:04] fold4 ep 006 tr=0.7118 va=0.6158 val_AccPaper=0.6667 val_BalAccMaj=0.6667
[01:58:04] fold4 ep 007 tr=0.6990 va=0.6178 val_AccPaper=0.6667 val_BalAccMaj=0.6667
[01:58:05] fold4 ep 008 tr=0.7029 va=0.6153 val_AccPaper=0.5833 val_BalAccMaj=0.5833
[01:58:05] fold4 ep 009 tr=0.6876 va=0.6174 val_AccPaper=0.5833 val_BalAccMaj=0.5833
[01:58:05] fold4 ep 010 tr=0.7001 va=0.6177 val_AccPaper=0.5833 val_BalAccMaj=0.5833
[01:58:05] fold4 ep 011 tr=0.6761 va=0.6189 val_AccPaper=0.5833 val_BalAccMaj=0.5833
[01:58:05] fold4 ep 012 tr=0.6775 va=0.6149 val_AccPaper=0.5833 val_BalAccMaj=0.5833
[01:58:06] fold4 ep 013 tr=0.6896 va=0.6149 val_AccPaper=0.7500 val_BalAccMaj=0.7500
[01:58:06] fold4 ep 014 tr=0.6723 va=0.6133 val_AccPaper=0.7500 val_BalAccMaj=0.7500
[01:58:06] fold4 ep 015 tr=0.6657 va=0.6111 val_AccPaper=0.7500 val_BalAccMaj=0.7500
[01:58:06] fold4 ep 016 tr=0.6811 va=0.6091 val_AccPaper=0.7500 val_BalAccMaj=0.7500
[01:58:07] fold4 ep 017 tr=0.6668 va=0.6078 val_AccPaper=0.7500 val_BalAccMaj=0.7500
[01:58:07] fold4 ep 018 tr=0.6717 va=0.6080 val_AccPaper=0.7500 val_BalAccMaj=0.7500
[01:58:07] fold4 ep 019 tr=0.6579 va=0.6073 val_AccPaper=0.7500 val_BalAccMaj=0.7500
[01:58:07] fold4 ep 020 tr=0.6648 va=0.6029 val_AccPaper=0.7500 val_BalAccMaj=0.7500
[01:58:08] fold4 ep 021 tr=0.6523 va=0.6016 val_AccPaper=0.8333 val_BalAccMaj=0.8333
[01:58:08] fold4 ep 022 tr=0.6513 va=0.5968 val_AccPaper=0.7500 val_BalAccMaj=0.7500
[01:58:08] fold4 ep 023 tr=0.6385 va=0.5905 val_AccPaper=0.7500 val_BalAccMaj=0.7500
[01:58:08] fold4 ep 024 tr=0.6373 va=0.5849 val_AccPaper=0.8333 val_BalAccMaj=0.8333
[01:58:09] fold4 ep 025 tr=0.6345 va=0.5844 val_AccPaper=0.7500 val_BalAccMaj=0.7500
[01:58:09] fold4 ep 026 tr=0.6365 va=0.5830 val_AccPaper=0.8333 val_BalAccMaj=0.8333
[01:58:09] fold4 ep 027 tr=0.6395 va=0.5770 val_AccPaper=0.7500 val_BalAccMaj=0.7500
[01:58:10] fold4 ep 028 tr=0.6182 va=0.5728 val_AccPaper=0.8333 val_BalAccMaj=0.8333
[01:58:10] fold4 ep 029 tr=0.6190 va=0.5728 val_AccPaper=0.7500 val_BalAccMaj=0.7500
[01:58:10] fold4 ep 030 tr=0.6091 va=0.5692 val_AccPaper=0.7500 val_BalAccMaj=0.7500
[01:58:10] fold4 ep 031 tr=0.6062 va=0.5661 val_AccPaper=0.8333 val_BalAccMaj=0.8333
[01:58:10] fold4 ep 032 tr=0.6011 va=0.5662 val_AccPaper=0.7500 val_BalAccMaj=0.7500
[01:58:11] fold4 ep 033 tr=0.5787 va=0.5616 val_AccPaper=0.7500 val_BalAccMaj=0.7500
[01:58:11] fold4 ep 034 tr=0.5622 va=0.5594 val_AccPaper=0.7500 val_BalAccMaj=0.7500
[01:58:11] fold4 ep 035 tr=0.5717 va=0.5572 val_AccPaper=0.8333 val_BalAccMaj=0.8333
[01:58:11] fold4 ep 036 tr=0.5620 va=0.5569 val_AccPaper=0.7500 val_BalAccMaj=0.7500
[01:58:12] fold4 ep 037 tr=0.5705 va=0.5563 val_AccPaper=0.8333 val_BalAccMaj=0.8333
[01:58:12] fold4 ep 038 tr=0.5523 va=0.5535 val_AccPaper=0.8333 val_BalAccMaj=0.8333
[01:58:12] fold4 ep 039 tr=0.5647 va=0.5502 val_AccPaper=0.8333 val_BalAccMaj=0.8333
[01:58:12] fold4 ep 040 tr=0.5437 va=0.5495 val_AccPaper=0.8333 val_BalAccMaj=0.8333
[01:58:13] fold4 ep 041 tr=0.5734 va=0.5442 val_AccPaper=0.7500 val_BalAccMaj=0.7500
[01:58:13]   early stop @ ep 41
[01:58:13] [eval_half] Acc_paper=0.7097 BalAcc_maj=0.7097 win_BalAcc=0.6713
[01:58:13] [sub03] eegtcnet three fold0 ft_tr=1050 ft_va=252 eval=1302 full_model=True
[01:58:13] fold0 ep 001 tr=1.2123 va=1.0178 val_AccPaper=0.3333 val_BalAccMaj=0.3889
[01:58:13] fold0 ep 002 tr=1.1931 va=1.0134 val_AccPaper=0.3333 val_BalAccMaj=0.3889
[01:58:14] fold0 ep 003 tr=1.1775 va=1.0123 val_AccPaper=0.3333 val_BalAccMaj=0.4167
[01:58:14] fold0 ep 004 tr=1.2000 va=1.0092 val_AccPaper=0.3333 val_BalAccMaj=0.5556
[01:58:14] fold0 ep 005 tr=1.1868 va=1.0112 val_AccPaper=0.4167 val_BalAccMaj=0.4722
[01:58:14] fold0 ep 006 tr=1.1377 va=1.0106 val_AccPaper=0.4167 val_BalAccMaj=0.6389
[01:58:15] fold0 ep 007 tr=1.1291 va=1.0027 val_AccPaper=0.4167 val_BalAccMaj=0.4722
[01:58:15] fold0 ep 008 tr=1.1370 va=1.0009 val_AccPaper=0.4167 val_BalAccMaj=0.4722
[01:58:15] fold0 ep 009 tr=1.1332 va=1.0042 val_AccPaper=0.4167 val_BalAccMaj=0.4722
[01:58:15] fold0 ep 010 tr=1.1122 va=1.0045 val_AccPaper=0.4167 val_BalAccMaj=0.4722
[01:58:16] fold0 ep 011 tr=1.1338 va=1.0063 val_AccPaper=0.5833 val_BalAccMaj=0.5556
[01:58:16] fold0 ep 012 tr=1.1229 va=1.0012 val_AccPaper=0.5833 val_BalAccMaj=0.5556
[01:58:16] fold0 ep 013 tr=1.0993 va=0.9986 val_AccPaper=0.5833 val_BalAccMaj=0.6389
[01:58:16] fold0 ep 014 tr=1.0846 va=1.0065 val_AccPaper=0.5833 val_BalAccMaj=0.5556
[01:58:17] fold0 ep 015 tr=1.1065 va=0.9993 val_AccPaper=0.5833 val_BalAccMaj=0.6389
[01:58:17] fold0 ep 016 tr=1.1008 va=1.0046 val_AccPaper=0.5833 val_BalAccMaj=0.5556
[01:58:17] fold0 ep 017 tr=1.0934 va=0.9983 val_AccPaper=0.5833 val_BalAccMaj=0.6389
[01:58:17] fold0 ep 018 tr=1.0974 va=1.0008 val_AccPaper=0.5833 val_BalAccMaj=0.5556
[01:58:18] fold0 ep 019 tr=1.0904 va=1.0014 val_AccPaper=0.5833 val_BalAccMaj=0.6389
[01:58:18] fold0 ep 020 tr=1.0780 va=0.9999 val_AccPaper=0.5833 val_BalAccMaj=0.6389
[01:58:18] fold0 ep 021 tr=1.0743 va=1.0008 val_AccPaper=0.5833 val_BalAccMaj=0.5556
[01:58:19] fold0 ep 022 tr=1.0777 va=1.0008 val_AccPaper=0.5833 val_BalAccMaj=0.5556
[01:58:19] fold0 ep 023 tr=1.0575 va=0.9983 val_AccPaper=0.5833 val_BalAccMaj=0.5556
[01:58:19] fold0 ep 024 tr=1.0871 va=1.0009 val_AccPaper=0.5833 val_BalAccMaj=0.5556
[01:58:19] fold0 ep 025 tr=1.0580 va=0.9936 val_AccPaper=0.5833 val_BalAccMaj=0.6389
[01:58:20] fold0 ep 026 tr=1.0452 va=0.9959 val_AccPaper=0.6667 val_BalAccMaj=0.7222
[01:58:20] fold0 ep 027 tr=1.0698 va=0.9984 val_AccPaper=0.6667 val_BalAccMaj=0.7222
[01:58:20] fold0 ep 028 tr=1.0536 va=0.9984 val_AccPaper=0.6667 val_BalAccMaj=0.7222
[01:58:20] fold0 ep 029 tr=1.0616 va=0.9909 val_AccPaper=0.6667 val_BalAccMaj=0.7222
[01:58:21] fold0 ep 030 tr=1.0413 va=0.9904 val_AccPaper=0.6667 val_BalAccMaj=0.7222
[01:58:21] fold0 ep 031 tr=1.0627 va=0.9953 val_AccPaper=0.6667 val_BalAccMaj=0.6389
[01:58:21] fold0 ep 032 tr=1.0475 va=0.9919 val_AccPaper=0.6667 val_BalAccMaj=0.7222
[01:58:22] fold0 ep 033 tr=1.0511 va=0.9896 val_AccPaper=0.6667 val_BalAccMaj=0.6389
[01:58:22] fold0 ep 034 tr=1.0499 va=0.9812 val_AccPaper=0.6667 val_BalAccMaj=0.6389
[01:58:22] fold0 ep 035 tr=1.0326 va=0.9824 val_AccPaper=0.6667 val_BalAccMaj=0.6389
[01:58:22] fold0 ep 036 tr=1.0181 va=0.9773 val_AccPaper=0.6667 val_BalAccMaj=0.7222
[01:58:23] fold0 ep 037 tr=1.0227 va=0.9758 val_AccPaper=0.6667 val_BalAccMaj=0.7222
[01:58:23] fold0 ep 038 tr=1.0272 va=0.9777 val_AccPaper=0.6667 val_BalAccMaj=0.7222
[01:58:23] fold0 ep 039 tr=1.0242 va=0.9774 val_AccPaper=0.6667 val_BalAccMaj=0.6389
[01:58:23] fold0 ep 040 tr=1.0064 va=0.9726 val_AccPaper=0.6667 val_BalAccMaj=0.6389
[01:58:24] fold0 ep 041 tr=1.0169 va=0.9698 val_AccPaper=0.6667 val_BalAccMaj=0.6389
[01:58:24] fold0 ep 042 tr=1.0200 va=0.9654 val_AccPaper=0.5833 val_BalAccMaj=0.5833
[01:58:24] fold0 ep 043 tr=1.0164 va=0.9575 val_AccPaper=0.6667 val_BalAccMaj=0.6389
[01:58:24] fold0 ep 044 tr=1.0053 va=0.9555 val_AccPaper=0.6667 val_BalAccMaj=0.6389
[01:58:25] fold0 ep 045 tr=1.0242 va=0.9652 val_AccPaper=0.5833 val_BalAccMaj=0.5833
[01:58:25] fold0 ep 046 tr=1.0201 va=0.9584 val_AccPaper=0.5833 val_BalAccMaj=0.5833
[01:58:25]   early stop @ ep 46
[01:58:25] [eval_half] Acc_paper=0.3871 BalAcc_maj=0.4148 win_BalAcc=0.3641
[01:58:25] [sub03] eegtcnet three fold1 ft_tr=1050 ft_va=252 eval=1302 full_model=True
[01:58:25] fold1 ep 001 tr=1.1106 va=1.0882 val_AccPaper=0.5000 val_BalAccMaj=0.3333
[01:58:26] fold1 ep 002 tr=1.1101 va=1.0893 val_AccPaper=0.5000 val_BalAccMaj=0.3333
[01:58:26] fold1 ep 003 tr=1.1156 va=1.0881 val_AccPaper=0.5000 val_BalAccMaj=0.3333
[01:58:26] fold1 ep 004 tr=1.1168 va=1.0875 val_AccPaper=0.5000 val_BalAccMaj=0.3333
[01:58:26] fold1 ep 005 tr=1.1203 va=1.0876 val_AccPaper=0.5000 val_BalAccMaj=0.3333
[01:58:27] fold1 ep 006 tr=1.1152 va=1.0872 val_AccPaper=0.5000 val_BalAccMaj=0.3333
[01:58:27] fold1 ep 007 tr=1.1172 va=1.0868 val_AccPaper=0.5000 val_BalAccMaj=0.3333
[01:58:27] fold1 ep 008 tr=1.1161 va=1.0874 val_AccPaper=0.5000 val_BalAccMaj=0.3333
[01:58:27] fold1 ep 009 tr=1.1084 va=1.0874 val_AccPaper=0.5000 val_BalAccMaj=0.3333
[01:58:28] fold1 ep 010 tr=1.1171 va=1.0878 val_AccPaper=0.5000 val_BalAccMaj=0.3333
[01:58:28] fold1 ep 011 tr=1.1080 va=1.0872 val_AccPaper=0.5000 val_BalAccMaj=0.3333
[01:58:28] fold1 ep 012 tr=1.1142 va=1.0888 val_AccPaper=0.5000 val_BalAccMaj=0.3333
[01:58:28] fold1 ep 013 tr=1.1034 va=1.0879 val_AccPaper=0.5000 val_BalAccMaj=0.3333
[01:58:29] fold1 ep 014 tr=1.1086 va=1.0876 val_AccPaper=0.5000 val_BalAccMaj=0.3333
[01:58:29] fold1 ep 015 tr=1.1054 va=1.0882 val_AccPaper=0.5000 val_BalAccMaj=0.3333
[01:58:29] fold1 ep 016 tr=1.1137 va=1.0897 val_AccPaper=0.5000 val_BalAccMaj=0.3333
[01:58:29] fold1 ep 017 tr=1.1062 va=1.0898 val_AccPaper=0.5000 val_BalAccMaj=0.3333
[01:58:30] fold1 ep 018 tr=1.1052 va=1.0888 val_AccPaper=0.5000 val_BalAccMaj=0.3333
[01:58:30] fold1 ep 019 tr=1.1094 va=1.0898 val_AccPaper=0.4167 val_BalAccMaj=0.2778
[01:58:30] fold1 ep 020 tr=1.1054 va=1.0885 val_AccPaper=0.5000 val_BalAccMaj=0.3333
[01:58:30] fold1 ep 021 tr=1.1029 va=1.0896 val_AccPaper=0.4167 val_BalAccMaj=0.2778
[01:58:30]   early stop @ ep 21
[01:58:31] [eval_half] Acc_paper=0.4194 BalAcc_maj=0.3011 win_BalAcc=0.2688
[01:58:31] [sub03] eegtcnet three fold2 ft_tr=1050 ft_va=252 eval=1302 full_model=True
[01:58:31] fold2 ep 001 tr=1.1928 va=1.1325 val_AccPaper=0.1667 val_BalAccMaj=0.3333
[01:58:31] fold2 ep 002 tr=1.2065 va=1.1367 val_AccPaper=0.1667 val_BalAccMaj=0.3333
[01:58:31] fold2 ep 003 tr=1.1860 va=1.1367 val_AccPaper=0.1667 val_BalAccMaj=0.3333
[01:58:32] fold2 ep 004 tr=1.1812 va=1.1344 val_AccPaper=0.1667 val_BalAccMaj=0.3333
[01:58:32] fold2 ep 005 tr=1.1896 va=1.1374 val_AccPaper=0.1667 val_BalAccMaj=0.3333
[01:58:32] fold2 ep 006 tr=1.1669 va=1.1380 val_AccPaper=0.1667 val_BalAccMaj=0.3333
[01:58:33] fold2 ep 007 tr=1.1886 va=1.1383 val_AccPaper=0.1667 val_BalAccMaj=0.3333
[01:58:33] fold2 ep 008 tr=1.1604 va=1.1422 val_AccPaper=0.1667 val_BalAccMaj=0.3333
[01:58:33] fold2 ep 009 tr=1.1568 va=1.1426 val_AccPaper=0.1667 val_BalAccMaj=0.3333
[01:58:33] fold2 ep 010 tr=1.1814 va=1.1416 val_AccPaper=0.1667 val_BalAccMaj=0.3333
[01:58:34] fold2 ep 011 tr=1.1705 va=1.1440 val_AccPaper=0.1667 val_BalAccMaj=0.3333
[01:58:34] fold2 ep 012 tr=1.1628 va=1.1440 val_AccPaper=0.1667 val_BalAccMaj=0.3333
[01:58:34] fold2 ep 013 tr=1.1841 va=1.1440 val_AccPaper=0.1667 val_BalAccMaj=0.3333
[01:58:35] fold2 ep 014 tr=1.1490 va=1.1449 val_AccPaper=0.1667 val_BalAccMaj=0.3333
[01:58:35] fold2 ep 015 tr=1.1625 va=1.1429 val_AccPaper=0.1667 val_BalAccMaj=0.3333
[01:58:35] fold2 ep 016 tr=1.1580 va=1.1449 val_AccPaper=0.1667 val_BalAccMaj=0.3333
[01:58:35] fold2 ep 017 tr=1.1515 va=1.1427 val_AccPaper=0.1667 val_BalAccMaj=0.3333
[01:58:36] fold2 ep 018 tr=1.1426 va=1.1424 val_AccPaper=0.1667 val_BalAccMaj=0.3333
[01:58:36] fold2 ep 019 tr=1.1470 va=1.1400 val_AccPaper=0.1667 val_BalAccMaj=0.3333
[01:58:36] fold2 ep 020 tr=1.1548 va=1.1426 val_AccPaper=0.1667 val_BalAccMaj=0.3333
[01:58:36] fold2 ep 021 tr=1.1648 va=1.1424 val_AccPaper=0.1667 val_BalAccMaj=0.3333
[01:58:36]   early stop @ ep 21
[01:58:36] [eval_half] Acc_paper=0.2742 BalAcc_maj=0.3138 win_BalAcc=0.3307
[01:58:36] [sub03] eegtcnet three fold3 ft_tr=1050 ft_va=252 eval=1302 full_model=True
[01:58:37] fold3 ep 001 tr=1.2035 va=1.1360 val_AccPaper=0.2500 val_BalAccMaj=0.2222
[01:58:37] fold3 ep 002 tr=1.1874 va=1.1398 val_AccPaper=0.2500 val_BalAccMaj=0.1667
[01:58:37] fold3 ep 003 tr=1.1742 va=1.1377 val_AccPaper=0.2500 val_BalAccMaj=0.1667
[01:58:37] fold3 ep 004 tr=1.1725 va=1.1406 val_AccPaper=0.1667 val_BalAccMaj=0.1667
[01:58:38] fold3 ep 005 tr=1.1546 va=1.1388 val_AccPaper=0.1667 val_BalAccMaj=0.1667
[01:58:38] fold3 ep 006 tr=1.1321 va=1.1394 val_AccPaper=0.0833 val_BalAccMaj=0.2778
[01:58:38] fold3 ep 007 tr=1.1598 va=1.1336 val_AccPaper=0.0833 val_BalAccMaj=0.0556
[01:58:38] fold3 ep 008 tr=1.1247 va=1.1335 val_AccPaper=0.0833 val_BalAccMaj=0.0556
[01:58:39] fold3 ep 009 tr=1.1233 va=1.1341 val_AccPaper=0.0833 val_BalAccMaj=0.0556
[01:58:39] fold3 ep 010 tr=1.1381 va=1.1325 val_AccPaper=0.0833 val_BalAccMaj=0.0556
[01:58:39] fold3 ep 011 tr=1.1176 va=1.1342 val_AccPaper=0.0833 val_BalAccMaj=0.0556
[01:58:40] fold3 ep 012 tr=1.1226 va=1.1346 val_AccPaper=0.0833 val_BalAccMaj=0.1111
[01:58:40] fold3 ep 013 tr=1.1086 va=1.1374 val_AccPaper=0.0833 val_BalAccMaj=0.1111
[01:58:40] fold3 ep 014 tr=1.1139 va=1.1327 val_AccPaper=0.1667 val_BalAccMaj=0.1111
[01:58:40] fold3 ep 015 tr=1.1077 va=1.1318 val_AccPaper=0.1667 val_BalAccMaj=0.1111
[01:58:41] fold3 ep 016 tr=1.1035 va=1.1285 val_AccPaper=0.1667 val_BalAccMaj=0.1111
[01:58:41] fold3 ep 017 tr=1.0975 va=1.1266 val_AccPaper=0.1667 val_BalAccMaj=0.1111
[01:58:41] fold3 ep 018 tr=1.1013 va=1.1330 val_AccPaper=0.1667 val_BalAccMaj=0.1111
[01:58:41] fold3 ep 019 tr=1.0958 va=1.1264 val_AccPaper=0.1667 val_BalAccMaj=0.1111
[01:58:42] fold3 ep 020 tr=1.0928 va=1.1310 val_AccPaper=0.1667 val_BalAccMaj=0.1111
[01:58:42] fold3 ep 021 tr=1.0742 va=1.1259 val_AccPaper=0.1667 val_BalAccMaj=0.1111
[01:58:42]   early stop @ ep 21
[01:58:42] [eval_half] Acc_paper=0.2258 BalAcc_maj=0.2992 win_BalAcc=0.2709
[01:58:42] [sub03] eegtcnet three fold4 ft_tr=1050 ft_va=252 eval=1302 full_model=True
[01:58:42] fold4 ep 001 tr=1.1947 va=1.0566 val_AccPaper=0.2500 val_BalAccMaj=0.2778
[01:58:43] fold4 ep 002 tr=1.1489 va=1.0327 val_AccPaper=0.2500 val_BalAccMaj=0.2778
[01:58:43] fold4 ep 003 tr=1.1025 va=1.0259 val_AccPaper=0.2500 val_BalAccMaj=0.2778
[01:58:43] fold4 ep 004 tr=1.1168 va=1.0118 val_AccPaper=0.2500 val_BalAccMaj=0.2778
[01:58:43] fold4 ep 005 tr=1.0789 va=1.0012 val_AccPaper=0.3333 val_BalAccMaj=0.3333
[01:58:44] fold4 ep 006 tr=1.0570 va=0.9987 val_AccPaper=0.3333 val_BalAccMaj=0.3333
[01:58:44] fold4 ep 007 tr=1.0715 va=0.9785 val_AccPaper=0.4167 val_BalAccMaj=0.4444
[01:58:44] fold4 ep 008 tr=1.0404 va=0.9805 val_AccPaper=0.5833 val_BalAccMaj=0.6111
[01:58:45] fold4 ep 009 tr=1.0269 va=0.9803 val_AccPaper=0.5833 val_BalAccMaj=0.6111
[01:58:45] fold4 ep 010 tr=1.0380 va=0.9604 val_AccPaper=0.5833 val_BalAccMaj=0.6111
[01:58:45] fold4 ep 011 tr=0.9972 va=0.9610 val_AccPaper=0.5833 val_BalAccMaj=0.6111
[01:58:45] fold4 ep 012 tr=1.0148 va=0.9469 val_AccPaper=0.5833 val_BalAccMaj=0.6111
[01:58:46] fold4 ep 013 tr=0.9994 va=0.9389 val_AccPaper=0.5833 val_BalAccMaj=0.6111
[01:58:46] fold4 ep 014 tr=0.9760 va=0.9376 val_AccPaper=0.5833 val_BalAccMaj=0.6111
[01:58:46] fold4 ep 015 tr=0.9653 va=0.9263 val_AccPaper=0.5833 val_BalAccMaj=0.6111
[01:58:47] fold4 ep 016 tr=0.9953 va=0.9208 val_AccPaper=0.5833 val_BalAccMaj=0.6111
[01:58:47] fold4 ep 017 tr=0.9678 va=0.9267 val_AccPaper=0.5833 val_BalAccMaj=0.6111
[01:58:47] fold4 ep 018 tr=0.9477 va=0.9143 val_AccPaper=0.5833 val_BalAccMaj=0.6111
[01:58:48] fold4 ep 019 tr=0.9742 va=0.9113 val_AccPaper=0.5833 val_BalAccMaj=0.6111
[01:58:48] fold4 ep 020 tr=0.9617 va=0.9088 val_AccPaper=0.5833 val_BalAccMaj=0.6111
[01:58:48] fold4 ep 021 tr=0.9532 va=0.8999 val_AccPaper=0.5833 val_BalAccMaj=0.6111
[01:58:48] fold4 ep 022 tr=0.9228 va=0.8998 val_AccPaper=0.5833 val_BalAccMaj=0.6111
[01:58:49] fold4 ep 023 tr=0.9343 va=0.9060 val_AccPaper=0.5833 val_BalAccMaj=0.6111
[01:58:49] fold4 ep 024 tr=0.9243 va=0.8828 val_AccPaper=0.5833 val_BalAccMaj=0.6111
[01:58:49] fold4 ep 025 tr=0.9459 va=0.8918 val_AccPaper=0.5833 val_BalAccMaj=0.6111
[01:58:50] fold4 ep 026 tr=0.9390 va=0.8935 val_AccPaper=0.5833 val_BalAccMaj=0.6111
[01:58:50] fold4 ep 027 tr=0.9260 va=0.8861 val_AccPaper=0.5833 val_BalAccMaj=0.6111
[01:58:50] fold4 ep 028 tr=0.9171 va=0.8773 val_AccPaper=0.5833 val_BalAccMaj=0.6111
[01:58:50]   early stop @ ep 28
[01:58:50] [eval_half] Acc_paper=0.4677 BalAcc_maj=0.4859 win_BalAcc=0.4810
[01:58:50] done -> D:\cyy\MI\资料\伪在线实验\02_微调_前半训后半评\results\20260805_015555_eegtcnet_game_ft_half
