start arm=A2 device=cuda n_classes=3
[A2] §3.2.1 future-perturb ratio=142.352
fold0 ep 001  tr=0.9857  val_AccPaper=0.5872  val_BalAccMaj=0.3963  win_BalAcc=0.3855  win_f1_macro=0.4022
fold0 ep 002  tr=0.7363  val_AccPaper=0.6367  val_BalAccMaj=0.4248  win_BalAcc=0.4219  win_f1_macro=0.4272
fold0 ep 003  tr=0.6736  val_AccPaper=0.6594  val_BalAccMaj=0.4404  win_BalAcc=0.4328  win_f1_macro=0.4328
fold0 ep 004  tr=0.6511  val_AccPaper=0.6628  val_BalAccMaj=0.4419  win_BalAcc=0.4369  win_f1_macro=0.4365
fold0 ep 005  tr=0.6334  val_AccPaper=0.6661  val_BalAccMaj=0.4441  win_BalAcc=0.4385  win_f1_macro=0.4384
fold0 ep 006  tr=0.6276  val_AccPaper=0.6644  val_BalAccMaj=0.4430  win_BalAcc=0.4385  win_f1_macro=0.4379
fold0 ep 007  tr=0.6199  val_AccPaper=0.6656  val_BalAccMaj=0.4437  win_BalAcc=0.4375  win_f1_macro=0.4367
fold0 ep 008  tr=0.6167  val_AccPaper=0.6722  val_BalAccMaj=0.4481  win_BalAcc=0.4420  win_f1_macro=0.4416
fold0 ep 009  tr=0.6094  val_AccPaper=0.6667  val_BalAccMaj=0.4444  win_BalAcc=0.4376  win_f1_macro=0.4376
fold0 ep 010  tr=0.6075  val_AccPaper=0.6728  val_BalAccMaj=0.4485  win_BalAcc=0.4436  win_f1_macro=0.4435
fold0 ep 011  tr=0.6062  val_AccPaper=0.6700  val_BalAccMaj=0.4467  win_BalAcc=0.4406  win_f1_macro=0.4394
fold0 ep 012  tr=0.6016  val_AccPaper=0.6639  val_BalAccMaj=0.4426  win_BalAcc=0.4386  win_f1_macro=0.4384
fold0 ep 013  tr=0.5989  val_AccPaper=0.6622  val_BalAccMaj=0.4415  win_BalAcc=0.4389  win_f1_macro=0.4388
fold0 ep 014  tr=0.5980  val_AccPaper=0.6706  val_BalAccMaj=0.4470  win_BalAcc=0.4403  win_f1_macro=0.4397
fold0 ep 015  tr=0.5954  val_AccPaper=0.6572  val_BalAccMaj=0.4381  win_BalAcc=0.4383  win_f1_macro=0.4383
fold0 ep 016  tr=0.5929  val_AccPaper=0.6717  val_BalAccMaj=0.4478  win_BalAcc=0.4412  win_f1_macro=0.4407
fold0 ep 017  tr=0.5920  val_AccPaper=0.6728  val_BalAccMaj=0.4485  win_BalAcc=0.4408  win_f1_macro=0.4404
fold0 ep 018  tr=0.5879  val_AccPaper=0.6672  val_BalAccMaj=0.4448  win_BalAcc=0.4406  win_f1_macro=0.4398
fold0 ep 019  tr=0.5850  val_AccPaper=0.6667  val_BalAccMaj=0.4444  win_BalAcc=0.4390  win_f1_macro=0.4390
fold0 ep 020  tr=0.5848  val_AccPaper=0.6717  val_BalAccMaj=0.4478  win_BalAcc=0.4395  win_f1_macro=0.4390
fold0 ep 021  tr=0.5794  val_AccPaper=0.6661  val_BalAccMaj=0.4441  win_BalAcc=0.4399  win_f1_macro=0.4398
fold0 ep 022  tr=0.5842  val_AccPaper=0.6672  val_BalAccMaj=0.4448  win_BalAcc=0.4408  win_f1_macro=0.4407
fold0 ep 023  tr=0.5772  val_AccPaper=0.6644  val_BalAccMaj=0.4430  win_BalAcc=0.4387  win_f1_macro=0.4385
fold0 ep 024  tr=0.5756  val_AccPaper=0.6617  val_BalAccMaj=0.4411  win_BalAcc=0.4381  win_f1_macro=0.4380
fold0 ep 025  tr=0.5766  val_AccPaper=0.6600  val_BalAccMaj=0.4400  win_BalAcc=0.4398  win_f1_macro=0.4396
fold0 ep 026  tr=0.5735  val_AccPaper=0.6644  val_BalAccMaj=0.4430  win_BalAcc=0.4393  win_f1_macro=0.4392
fold0 ep 027  tr=0.5733  val_AccPaper=0.6717  val_BalAccMaj=0.4478  win_BalAcc=0.4404  win_f1_macro=0.4404
fold0 ep 028  tr=0.5708  val_AccPaper=0.6656  val_BalAccMaj=0.4437  win_BalAcc=0.4414  win_f1_macro=0.4414
fold0 ep 029  tr=0.5684  val_AccPaper=0.6700  val_BalAccMaj=0.4467  win_BalAcc=0.4423  win_f1_macro=0.4420
fold0 ep 030  tr=0.5705  val_AccPaper=0.6556  val_BalAccMaj=0.4370  win_BalAcc=0.4362  win_f1_macro=0.4361
fold0 early stop @ ep 30
fold1 ep 001  tr=0.9857  val_AccPaper=0.6311  val_BalAccMaj=0.4233  win_BalAcc=0.4143  win_f1_macro=0.4205
fold1 ep 002  tr=0.7466  val_AccPaper=0.6583  val_BalAccMaj=0.4400  win_BalAcc=0.4340  win_f1_macro=0.4329
fold1 ep 003  tr=0.6895  val_AccPaper=0.6622  val_BalAccMaj=0.4415  win_BalAcc=0.4417  win_f1_macro=0.4407
fold1 ep 004  tr=0.6663  val_AccPaper=0.6378  val_BalAccMaj=0.4252  win_BalAcc=0.4242  win_f1_macro=0.4161
fold1 ep 005  tr=0.6542  val_AccPaper=0.6778  val_BalAccMaj=0.4519  win_BalAcc=0.4425  win_f1_macro=0.4413
fold1 ep 006  tr=0.6416  val_AccPaper=0.6828  val_BalAccMaj=0.4552  win_BalAcc=0.4464  win_f1_macro=0.4461
fold1 ep 007  tr=0.6370  val_AccPaper=0.6550  val_BalAccMaj=0.4367  win_BalAcc=0.4297  win_f1_macro=0.4226
fold1 ep 008  tr=0.6297  val_AccPaper=0.6672  val_BalAccMaj=0.4448  win_BalAcc=0.4400  win_f1_macro=0.4362
fold1 ep 009  tr=0.6287  val_AccPaper=0.6878  val_BalAccMaj=0.4585  win_BalAcc=0.4507  win_f1_macro=0.4504
fold1 ep 010  tr=0.6232  val_AccPaper=0.6700  val_BalAccMaj=0.4467  win_BalAcc=0.4434  win_f1_macro=0.4420
fold1 ep 011  tr=0.6249  val_AccPaper=0.6694  val_BalAccMaj=0.4463  win_BalAcc=0.4427  win_f1_macro=0.4416
fold1 ep 012  tr=0.6200  val_AccPaper=0.6700  val_BalAccMaj=0.4467  win_BalAcc=0.4423  win_f1_macro=0.4398
fold1 ep 013  tr=0.6183  val_AccPaper=0.6694  val_BalAccMaj=0.4463  win_BalAcc=0.4438  win_f1_macro=0.4411
fold1 ep 014  tr=0.6150  val_AccPaper=0.6717  val_BalAccMaj=0.4478  win_BalAcc=0.4398  win_f1_macro=0.4384
fold1 ep 015  tr=0.6117  val_AccPaper=0.6767  val_BalAccMaj=0.4511  win_BalAcc=0.4453  win_f1_macro=0.4443
fold1 ep 016  tr=0.6126  val_AccPaper=0.6717  val_BalAccMaj=0.4478  win_BalAcc=0.4400  win_f1_macro=0.4357
fold1 ep 017  tr=0.6106  val_AccPaper=0.6550  val_BalAccMaj=0.4367  win_BalAcc=0.4339  win_f1_macro=0.4296
fold1 ep 018  tr=0.6074  val_AccPaper=0.6739  val_BalAccMaj=0.4493  win_BalAcc=0.4429  win_f1_macro=0.4410
fold1 ep 019  tr=0.6066  val_AccPaper=0.6656  val_BalAccMaj=0.4437  win_BalAcc=0.4383  win_f1_macro=0.4353
fold1 ep 020  tr=0.6060  val_AccPaper=0.6706  val_BalAccMaj=0.4470  win_BalAcc=0.4405  win_f1_macro=0.4389
fold1 ep 021  tr=0.6043  val_AccPaper=0.6606  val_BalAccMaj=0.4404  win_BalAcc=0.4393  win_f1_macro=0.4365
fold1 ep 022  tr=0.6005  val_AccPaper=0.6739  val_BalAccMaj=0.4493  win_BalAcc=0.4455  win_f1_macro=0.4439
fold1 ep 023  tr=0.6016  val_AccPaper=0.6506  val_BalAccMaj=0.4337  win_BalAcc=0.4286  win_f1_macro=0.4222
fold1 ep 024  tr=0.5995  val_AccPaper=0.6811  val_BalAccMaj=0.4541  win_BalAcc=0.4474  win_f1_macro=0.4467
fold1 ep 025  tr=0.6003  val_AccPaper=0.6600  val_BalAccMaj=0.4400  win_BalAcc=0.4365  win_f1_macro=0.4320
fold1 ep 026  tr=0.5960  val_AccPaper=0.6678  val_BalAccMaj=0.4452  win_BalAcc=0.4407  win_f1_macro=0.4389
fold1 ep 027  tr=0.5951  val_AccPaper=0.6767  val_BalAccMaj=0.4511  win_BalAcc=0.4421  win_f1_macro=0.4399
fold1 ep 028  tr=0.5947  val_AccPaper=0.6667  val_BalAccMaj=0.4444  win_BalAcc=0.4364  win_f1_macro=0.4344
fold1 ep 029  tr=0.5912  val_AccPaper=0.6650  val_BalAccMaj=0.4433  win_BalAcc=0.4382  win_f1_macro=0.4357
fold1 early stop @ ep 29
fold2 ep 001  tr=0.9391  val_AccPaper=0.5711  val_BalAccMaj=0.3859  win_BalAcc=0.3752  win_f1_macro=0.3914
fold2 ep 002  tr=0.7072  val_AccPaper=0.6083  val_BalAccMaj=0.4074  win_BalAcc=0.4000  win_f1_macro=0.4073
fold2 ep 003  tr=0.6522  val_AccPaper=0.6344  val_BalAccMaj=0.4244  win_BalAcc=0.4140  win_f1_macro=0.4179
fold2 ep 004  tr=0.6325  val_AccPaper=0.6406  val_BalAccMaj=0.4278  win_BalAcc=0.4210  win_f1_macro=0.4223
fold2 ep 005  tr=0.6209  val_AccPaper=0.6411  val_BalAccMaj=0.4274  win_BalAcc=0.4241  win_f1_macro=0.4234
fold2 ep 006  tr=0.6188  val_AccPaper=0.6583  val_BalAccMaj=0.4389  win_BalAcc=0.4303  win_f1_macro=0.4296
fold2 ep 007  tr=0.6115  val_AccPaper=0.6522  val_BalAccMaj=0.4348  win_BalAcc=0.4296  win_f1_macro=0.4289
fold2 ep 008  tr=0.6096  val_AccPaper=0.6561  val_BalAccMaj=0.4374  win_BalAcc=0.4315  win_f1_macro=0.4310
fold2 ep 009  tr=0.6036  val_AccPaper=0.6478  val_BalAccMaj=0.4319  win_BalAcc=0.4295  win_f1_macro=0.4294
fold2 ep 010  tr=0.6051  val_AccPaper=0.6533  val_BalAccMaj=0.4356  win_BalAcc=0.4303  win_f1_macro=0.4303
fold2 ep 011  tr=0.6004  val_AccPaper=0.6539  val_BalAccMaj=0.4359  win_BalAcc=0.4331  win_f1_macro=0.4321
fold2 ep 012  tr=0.6011  val_AccPaper=0.6606  val_BalAccMaj=0.4404  win_BalAcc=0.4342  win_f1_macro=0.4332
fold2 ep 013  tr=0.5993  val_AccPaper=0.6456  val_BalAccMaj=0.4304  win_BalAcc=0.4300  win_f1_macro=0.4300
fold2 ep 014  tr=0.5980  val_AccPaper=0.6544  val_BalAccMaj=0.4363  win_BalAcc=0.4326  win_f1_macro=0.4324
fold2 ep 015  tr=0.5941  val_AccPaper=0.6528  val_BalAccMaj=0.4352  win_BalAcc=0.4310  win_f1_macro=0.4298
fold2 ep 016  tr=0.5927  val_AccPaper=0.6550  val_BalAccMaj=0.4367  win_BalAcc=0.4327  win_f1_macro=0.4322
fold2 ep 017  tr=0.5942  val_AccPaper=0.6511  val_BalAccMaj=0.4341  win_BalAcc=0.4292  win_f1_macro=0.4261
fold2 ep 018  tr=0.5918  val_AccPaper=0.6583  val_BalAccMaj=0.4389  win_BalAcc=0.4318  win_f1_macro=0.4309
fold2 ep 019  tr=0.5917  val_AccPaper=0.6550  val_BalAccMaj=0.4367  win_BalAcc=0.4319  win_f1_macro=0.4318
fold2 ep 020  tr=0.5885  val_AccPaper=0.6628  val_BalAccMaj=0.4419  win_BalAcc=0.4340  win_f1_macro=0.4330
fold2 ep 021  tr=0.5872  val_AccPaper=0.6494  val_BalAccMaj=0.4330  win_BalAcc=0.4296  win_f1_macro=0.4287
fold2 ep 022  tr=0.5879  val_AccPaper=0.6583  val_BalAccMaj=0.4389  win_BalAcc=0.4331  win_f1_macro=0.4323
fold2 ep 023  tr=0.5838  val_AccPaper=0.6500  val_BalAccMaj=0.4333  win_BalAcc=0.4287  win_f1_macro=0.4281
fold2 ep 024  tr=0.5859  val_AccPaper=0.6511  val_BalAccMaj=0.4341  win_BalAcc=0.4310  win_f1_macro=0.4296
fold2 ep 025  tr=0.5841  val_AccPaper=0.6467  val_BalAccMaj=0.4311  win_BalAcc=0.4273  win_f1_macro=0.4253
fold2 ep 026  tr=0.5840  val_AccPaper=0.6467  val_BalAccMaj=0.4311  win_BalAcc=0.4266  win_f1_macro=0.4255
fold2 ep 027  tr=0.5825  val_AccPaper=0.6544  val_BalAccMaj=0.4363  win_BalAcc=0.4304  win_f1_macro=0.4285
fold2 ep 028  tr=0.5773  val_AccPaper=0.6433  val_BalAccMaj=0.4289  win_BalAcc=0.4263  win_f1_macro=0.4253
fold2 ep 029  tr=0.5835  val_AccPaper=0.6494  val_BalAccMaj=0.4330  win_BalAcc=0.4282  win_f1_macro=0.4256
fold2 ep 030  tr=0.5771  val_AccPaper=0.6478  val_BalAccMaj=0.4319  win_BalAcc=0.4275  win_f1_macro=0.4262
fold2 ep 031  tr=0.5746  val_AccPaper=0.6461  val_BalAccMaj=0.4307  win_BalAcc=0.4268  win_f1_macro=0.4264
fold2 ep 032  tr=0.5778  val_AccPaper=0.6394  val_BalAccMaj=0.4263  win_BalAcc=0.4243  win_f1_macro=0.4226
fold2 ep 033  tr=0.5743  val_AccPaper=0.6517  val_BalAccMaj=0.4344  win_BalAcc=0.4269  win_f1_macro=0.4236
fold2 ep 034  tr=0.5741  val_AccPaper=0.6472  val_BalAccMaj=0.4315  win_BalAcc=0.4269  win_f1_macro=0.4247
fold2 ep 035  tr=0.5741  val_AccPaper=0.6494  val_BalAccMaj=0.4330  win_BalAcc=0.4283  win_f1_macro=0.4273
fold2 ep 036  tr=0.5700  val_AccPaper=0.6533  val_BalAccMaj=0.4356  win_BalAcc=0.4268  win_f1_macro=0.4244
fold2 ep 037  tr=0.5685  val_AccPaper=0.6517  val_BalAccMaj=0.4344  win_BalAcc=0.4262  win_f1_macro=0.4235
fold2 ep 038  tr=0.5696  val_AccPaper=0.6489  val_BalAccMaj=0.4326  win_BalAcc=0.4266  win_f1_macro=0.4224
fold2 ep 039  tr=0.5684  val_AccPaper=0.6528  val_BalAccMaj=0.4352  win_BalAcc=0.4292  win_f1_macro=0.4282
fold2 ep 040  tr=0.5659  val_AccPaper=0.6483  val_BalAccMaj=0.4322  win_BalAcc=0.4291  win_f1_macro=0.4274
fold2 early stop @ ep 40
fold3 ep 001  tr=0.9295  val_AccPaper=0.6628  val_BalAccMaj=0.4433  win_BalAcc=0.4263  win_f1_macro=0.4383
fold3 ep 002  tr=0.7269  val_AccPaper=0.6756  val_BalAccMaj=0.4526  win_BalAcc=0.4423  win_f1_macro=0.4481
fold3 ep 003  tr=0.6869  val_AccPaper=0.6811  val_BalAccMaj=0.4552  win_BalAcc=0.4461  win_f1_macro=0.4499
fold3 ep 004  tr=0.6660  val_AccPaper=0.6900  val_BalAccMaj=0.4604  win_BalAcc=0.4555  win_f1_macro=0.4578
fold3 ep 005  tr=0.6554  val_AccPaper=0.6939  val_BalAccMaj=0.4626  win_BalAcc=0.4584  win_f1_macro=0.4592
fold3 ep 006  tr=0.6469  val_AccPaper=0.6967  val_BalAccMaj=0.4644  win_BalAcc=0.4572  win_f1_macro=0.4575
fold3 ep 007  tr=0.6443  val_AccPaper=0.6767  val_BalAccMaj=0.4511  win_BalAcc=0.4496  win_f1_macro=0.4494
fold3 ep 008  tr=0.6393  val_AccPaper=0.6883  val_BalAccMaj=0.4589  win_BalAcc=0.4576  win_f1_macro=0.4577
fold3 ep 009  tr=0.6337  val_AccPaper=0.6928  val_BalAccMaj=0.4619  win_BalAcc=0.4576  win_f1_macro=0.4575
fold3 ep 010  tr=0.6339  val_AccPaper=0.6922  val_BalAccMaj=0.4615  win_BalAcc=0.4584  win_f1_macro=0.4584
fold3 ep 011  tr=0.6333  val_AccPaper=0.6878  val_BalAccMaj=0.4585  win_BalAcc=0.4561  win_f1_macro=0.4560
fold3 ep 012  tr=0.6285  val_AccPaper=0.6994  val_BalAccMaj=0.4663  win_BalAcc=0.4605  win_f1_macro=0.4605
fold3 ep 013  tr=0.6272  val_AccPaper=0.6956  val_BalAccMaj=0.4637  win_BalAcc=0.4586  win_f1_macro=0.4586
fold3 ep 014  tr=0.6257  val_AccPaper=0.7011  val_BalAccMaj=0.4674  win_BalAcc=0.4619  win_f1_macro=0.4618
fold3 ep 015  tr=0.6266  val_AccPaper=0.7033  val_BalAccMaj=0.4689  win_BalAcc=0.4624  win_f1_macro=0.4624
fold3 ep 016  tr=0.6249  val_AccPaper=0.7006  val_BalAccMaj=0.4670  win_BalAcc=0.4632  win_f1_macro=0.4632
fold3 ep 017  tr=0.6228  val_AccPaper=0.6972  val_BalAccMaj=0.4648  win_BalAcc=0.4621  win_f1_macro=0.4619
fold3 ep 018  tr=0.6214  val_AccPaper=0.7022  val_BalAccMaj=0.4681  win_BalAcc=0.4635  win_f1_macro=0.4635
fold3 ep 019  tr=0.6179  val_AccPaper=0.6972  val_BalAccMaj=0.4648  win_BalAcc=0.4608  win_f1_macro=0.4608
fold3 ep 020  tr=0.6211  val_AccPaper=0.7039  val_BalAccMaj=0.4693  win_BalAcc=0.4627  win_f1_macro=0.4627
fold3 ep 021  tr=0.6168  val_AccPaper=0.7044  val_BalAccMaj=0.4696  win_BalAcc=0.4613  win_f1_macro=0.4612
fold3 ep 022  tr=0.6165  val_AccPaper=0.6967  val_BalAccMaj=0.4644  win_BalAcc=0.4601  win_f1_macro=0.4600
fold3 ep 023  tr=0.6145  val_AccPaper=0.7056  val_BalAccMaj=0.4704  win_BalAcc=0.4643  win_f1_macro=0.4643
fold3 ep 024  tr=0.6150  val_AccPaper=0.6944  val_BalAccMaj=0.4630  win_BalAcc=0.4583  win_f1_macro=0.4577
fold3 ep 025  tr=0.6126  val_AccPaper=0.6989  val_BalAccMaj=0.4659  win_BalAcc=0.4625  win_f1_macro=0.4625
fold3 ep 026  tr=0.6109  val_AccPaper=0.7050  val_BalAccMaj=0.4700  win_BalAcc=0.4631  win_f1_macro=0.4631
fold3 ep 027  tr=0.6069  val_AccPaper=0.7089  val_BalAccMaj=0.4726  win_BalAcc=0.4636  win_f1_macro=0.4636
fold3 ep 028  tr=0.6091  val_AccPaper=0.7161  val_BalAccMaj=0.4774  win_BalAcc=0.4669  win_f1_macro=0.4668
fold3 ep 029  tr=0.6077  val_AccPaper=0.6961  val_BalAccMaj=0.4641  win_BalAcc=0.4572  win_f1_macro=0.4568
fold3 ep 030  tr=0.6070  val_AccPaper=0.6961  val_BalAccMaj=0.4641  win_BalAcc=0.4588  win_f1_macro=0.4587
fold3 ep 031  tr=0.6056  val_AccPaper=0.7083  val_BalAccMaj=0.4722  win_BalAcc=0.4622  win_f1_macro=0.4618
fold3 ep 032  tr=0.6053  val_AccPaper=0.7000  val_BalAccMaj=0.4667  win_BalAcc=0.4577  win_f1_macro=0.4576
fold3 ep 033  tr=0.6022  val_AccPaper=0.6850  val_BalAccMaj=0.4567  win_BalAcc=0.4552  win_f1_macro=0.4547
fold3 ep 034  tr=0.6013  val_AccPaper=0.6972  val_BalAccMaj=0.4648  win_BalAcc=0.4587  win_f1_macro=0.4587
fold3 ep 035  tr=0.5986  val_AccPaper=0.7089  val_BalAccMaj=0.4726  win_BalAcc=0.4633  win_f1_macro=0.4631
fold3 ep 036  tr=0.5983  val_AccPaper=0.7022  val_BalAccMaj=0.4681  win_BalAcc=0.4598  win_f1_macro=0.4598
fold3 ep 037  tr=0.5980  val_AccPaper=0.6967  val_BalAccMaj=0.4644  win_BalAcc=0.4581  win_f1_macro=0.4580
fold3 ep 038  tr=0.5977  val_AccPaper=0.7033  val_BalAccMaj=0.4689  win_BalAcc=0.4605  win_f1_macro=0.4605
fold3 ep 039  tr=0.5940  val_AccPaper=0.7072  val_BalAccMaj=0.4715  win_BalAcc=0.4604  win_f1_macro=0.4604
fold3 ep 040  tr=0.5936  val_AccPaper=0.6967  val_BalAccMaj=0.4644  win_BalAcc=0.4590  win_f1_macro=0.4590
fold3 ep 041  tr=0.5953  val_AccPaper=0.6944  val_BalAccMaj=0.4630  win_BalAcc=0.4556  win_f1_macro=0.4554
fold3 ep 042  tr=0.5923  val_AccPaper=0.7000  val_BalAccMaj=0.4667  win_BalAcc=0.4585  win_f1_macro=0.4585
fold3 ep 043  tr=0.5903  val_AccPaper=0.6889  val_BalAccMaj=0.4593  win_BalAcc=0.4548  win_f1_macro=0.4540
fold3 ep 044  tr=0.5909  val_AccPaper=0.6944  val_BalAccMaj=0.4630  win_BalAcc=0.4572  win_f1_macro=0.4572
fold3 ep 045  tr=0.5889  val_AccPaper=0.7011  val_BalAccMaj=0.4674  win_BalAcc=0.4602  win_f1_macro=0.4602
fold3 ep 046  tr=0.5876  val_AccPaper=0.6872  val_BalAccMaj=0.4581  win_BalAcc=0.4536  win_f1_macro=0.4533
fold3 ep 047  tr=0.5878  val_AccPaper=0.7100  val_BalAccMaj=0.4733  win_BalAcc=0.4642  win_f1_macro=0.4642
fold3 ep 048  tr=0.5865  val_AccPaper=0.7033  val_BalAccMaj=0.4689  win_BalAcc=0.4619  win_f1_macro=0.4619
fold3 early stop @ ep 48
fold4 ep 001  tr=0.9146  val_AccPaper=0.5817  val_BalAccMaj=0.3937  win_BalAcc=0.3811  win_f1_macro=0.3981
fold4 ep 002  tr=0.7111  val_AccPaper=0.6178  val_BalAccMaj=0.4144  win_BalAcc=0.4020  win_f1_macro=0.4111
fold4 ep 003  tr=0.6613  val_AccPaper=0.6172  val_BalAccMaj=0.4126  win_BalAcc=0.4044  win_f1_macro=0.4085
fold4 ep 004  tr=0.6414  val_AccPaper=0.6239  val_BalAccMaj=0.4159  win_BalAcc=0.4098  win_f1_macro=0.4105
fold4 ep 005  tr=0.6339  val_AccPaper=0.6344  val_BalAccMaj=0.4230  win_BalAcc=0.4154  win_f1_macro=0.4152
fold4 ep 006  tr=0.6240  val_AccPaper=0.6172  val_BalAccMaj=0.4115  win_BalAcc=0.4103  win_f1_macro=0.4043
fold4 ep 007  tr=0.6207  val_AccPaper=0.6294  val_BalAccMaj=0.4196  win_BalAcc=0.4148  win_f1_macro=0.4147
fold4 ep 008  tr=0.6191  val_AccPaper=0.6294  val_BalAccMaj=0.4196  win_BalAcc=0.4129  win_f1_macro=0.4126
fold4 ep 009  tr=0.6151  val_AccPaper=0.6211  val_BalAccMaj=0.4141  win_BalAcc=0.4097  win_f1_macro=0.4059
fold4 ep 010  tr=0.6129  val_AccPaper=0.6200  val_BalAccMaj=0.4133  win_BalAcc=0.4064  win_f1_macro=0.4018
fold4 ep 011  tr=0.6098  val_AccPaper=0.6194  val_BalAccMaj=0.4130  win_BalAcc=0.4090  win_f1_macro=0.4055
fold4 ep 012  tr=0.6088  val_AccPaper=0.6150  val_BalAccMaj=0.4100  win_BalAcc=0.4084  win_f1_macro=0.4047
fold4 ep 013  tr=0.6044  val_AccPaper=0.6261  val_BalAccMaj=0.4174  win_BalAcc=0.4132  win_f1_macro=0.4095
fold4 ep 014  tr=0.6067  val_AccPaper=0.6189  val_BalAccMaj=0.4126  win_BalAcc=0.4078  win_f1_macro=0.4068
fold4 ep 015  tr=0.6028  val_AccPaper=0.6167  val_BalAccMaj=0.4111  win_BalAcc=0.4068  win_f1_macro=0.4024
fold4 ep 016  tr=0.6006  val_AccPaper=0.6217  val_BalAccMaj=0.4144  win_BalAcc=0.4108  win_f1_macro=0.4066
fold4 ep 017  tr=0.5997  val_AccPaper=0.6211  val_BalAccMaj=0.4141  win_BalAcc=0.4086  win_f1_macro=0.4037
fold4 ep 018  tr=0.5982  val_AccPaper=0.6283  val_BalAccMaj=0.4189  win_BalAcc=0.4108  win_f1_macro=0.4086
fold4 ep 019  tr=0.5966  val_AccPaper=0.6233  val_BalAccMaj=0.4156  win_BalAcc=0.4119  win_f1_macro=0.4099
fold4 ep 020  tr=0.5956  val_AccPaper=0.6261  val_BalAccMaj=0.4174  win_BalAcc=0.4113  win_f1_macro=0.4094
fold4 ep 021  tr=0.5943  val_AccPaper=0.6167  val_BalAccMaj=0.4111  win_BalAcc=0.4107  win_f1_macro=0.4033
fold4 ep 022  tr=0.5948  val_AccPaper=0.6294  val_BalAccMaj=0.4196  win_BalAcc=0.4150  win_f1_macro=0.4133
fold4 ep 023  tr=0.5929  val_AccPaper=0.6317  val_BalAccMaj=0.4211  win_BalAcc=0.4146  win_f1_macro=0.4130
fold4 ep 024  tr=0.5909  val_AccPaper=0.6133  val_BalAccMaj=0.4089  win_BalAcc=0.4066  win_f1_macro=0.4024
fold4 ep 025  tr=0.5895  val_AccPaper=0.6400  val_BalAccMaj=0.4267  win_BalAcc=0.4191  win_f1_macro=0.4183
fold4 ep 026  tr=0.5879  val_AccPaper=0.6239  val_BalAccMaj=0.4159  win_BalAcc=0.4100  win_f1_macro=0.4054
fold4 ep 027  tr=0.5878  val_AccPaper=0.6239  val_BalAccMaj=0.4159  win_BalAcc=0.4098  win_f1_macro=0.4049
fold4 ep 028  tr=0.5841  val_AccPaper=0.6206  val_BalAccMaj=0.4137  win_BalAcc=0.4094  win_f1_macro=0.4034
fold4 ep 029  tr=0.5840  val_AccPaper=0.6122  val_BalAccMaj=0.4081  win_BalAcc=0.4053  win_f1_macro=0.3963
fold4 ep 030  tr=0.5846  val_AccPaper=0.6328  val_BalAccMaj=0.4219  win_BalAcc=0.4188  win_f1_macro=0.4178
fold4 ep 031  tr=0.5805  val_AccPaper=0.6344  val_BalAccMaj=0.4230  win_BalAcc=0.4173  win_f1_macro=0.4160
fold4 ep 032  tr=0.5814  val_AccPaper=0.6394  val_BalAccMaj=0.4263  win_BalAcc=0.4183  win_f1_macro=0.4166
fold4 ep 033  tr=0.5793  val_AccPaper=0.6228  val_BalAccMaj=0.4152  win_BalAcc=0.4120  win_f1_macro=0.4068
fold4 ep 034  tr=0.5769  val_AccPaper=0.6317  val_BalAccMaj=0.4211  win_BalAcc=0.4189  win_f1_macro=0.4179
fold4 ep 035  tr=0.5764  val_AccPaper=0.6189  val_BalAccMaj=0.4126  win_BalAcc=0.4115  win_f1_macro=0.4076
fold4 ep 036  tr=0.5758  val_AccPaper=0.6322  val_BalAccMaj=0.4215  win_BalAcc=0.4168  win_f1_macro=0.4146
fold4 ep 037  tr=0.5709  val_AccPaper=0.6283  val_BalAccMaj=0.4189  win_BalAcc=0.4100  win_f1_macro=0.4056
fold4 ep 038  tr=0.5733  val_AccPaper=0.6156  val_BalAccMaj=0.4104  win_BalAcc=0.4063  win_f1_macro=0.4017
fold4 ep 039  tr=0.5699  val_AccPaper=0.6256  val_BalAccMaj=0.4170  win_BalAcc=0.4123  win_f1_macro=0.4099
fold4 ep 040  tr=0.5682  val_AccPaper=0.6333  val_BalAccMaj=0.4222  win_BalAcc=0.4178  win_f1_macro=0.4171
fold4 ep 041  tr=0.5666  val_AccPaper=0.6233  val_BalAccMaj=0.4156  win_BalAcc=0.4115  win_f1_macro=0.4088
fold4 ep 042  tr=0.5651  val_AccPaper=0.6178  val_BalAccMaj=0.4119  win_BalAcc=0.4059  win_f1_macro=0.4037
fold4 ep 043  tr=0.5640  val_AccPaper=0.6111  val_BalAccMaj=0.4074  win_BalAcc=0.4039  win_f1_macro=0.3973
fold4 ep 044  tr=0.5619  val_AccPaper=0.6194  val_BalAccMaj=0.4130  win_BalAcc=0.4107  win_f1_macro=0.4079
fold4 ep 045  tr=0.5603  val_AccPaper=0.6083  val_BalAccMaj=0.4056  win_BalAcc=0.4048  win_f1_macro=0.3993
fold4 early stop @ ep 45
[A2] done val_AccPaper=0.6759 test_AccPaper=0.6870 test_BalAcc=0.4580 test_win_F1=0.4515
