start arm=A2 device=cuda n_classes=3 y_counts={0: 91800, 1: 91800, 2: 91800} pf_protocol_version=3 no_rest=False
[A2] §3.2.1 future-perturb ratio=144.802
fold0 ep 001  tr=1.1264  val_AccPaper=0.5141  val_BalAccMaj=0.5167  win_BalAcc=0.5149  win_f1_macro=0.5098
fold0 ep 002  tr=0.9892  val_AccPaper=0.5393  val_BalAccMaj=0.5437  win_BalAcc=0.5339  win_f1_macro=0.5323
fold0 ep 003  tr=0.9369  val_AccPaper=0.5426  val_BalAccMaj=0.5481  win_BalAcc=0.5397  win_f1_macro=0.5389
fold0 ep 004  tr=0.9155  val_AccPaper=0.5459  val_BalAccMaj=0.5522  win_BalAcc=0.5450  win_f1_macro=0.5452
fold0 ep 005  tr=0.9031  val_AccPaper=0.5522  val_BalAccMaj=0.5578  win_BalAcc=0.5461  win_f1_macro=0.5458
fold0 ep 006  tr=0.8917  val_AccPaper=0.5485  val_BalAccMaj=0.5544  win_BalAcc=0.5494  win_f1_macro=0.5498
fold0 ep 007  tr=0.8863  val_AccPaper=0.5522  val_BalAccMaj=0.5607  win_BalAcc=0.5500  win_f1_macro=0.5501
fold0 ep 008  tr=0.8782  val_AccPaper=0.5496  val_BalAccMaj=0.5581  win_BalAcc=0.5502  win_f1_macro=0.5504
fold0 ep 009  tr=0.8725  val_AccPaper=0.5604  val_BalAccMaj=0.5648  win_BalAcc=0.5556  win_f1_macro=0.5562
fold0 ep 010  tr=0.8702  val_AccPaper=0.5585  val_BalAccMaj=0.5637  win_BalAcc=0.5500  win_f1_macro=0.5494
fold0 ep 011  tr=0.8666  val_AccPaper=0.5696  val_BalAccMaj=0.5744  win_BalAcc=0.5594  win_f1_macro=0.5598
fold0 ep 012  tr=0.8640  val_AccPaper=0.5567  val_BalAccMaj=0.5633  win_BalAcc=0.5519  win_f1_macro=0.5522
fold0 ep 013  tr=0.8583  val_AccPaper=0.5641  val_BalAccMaj=0.5696  win_BalAcc=0.5557  win_f1_macro=0.5556
fold0 ep 014  tr=0.8525  val_AccPaper=0.5585  val_BalAccMaj=0.5648  win_BalAcc=0.5528  win_f1_macro=0.5535
fold0 ep 015  tr=0.8522  val_AccPaper=0.5619  val_BalAccMaj=0.5670  win_BalAcc=0.5558  win_f1_macro=0.5565
fold0 ep 016  tr=0.8493  val_AccPaper=0.5659  val_BalAccMaj=0.5707  win_BalAcc=0.5543  win_f1_macro=0.5550
fold0 ep 017  tr=0.8468  val_AccPaper=0.5667  val_BalAccMaj=0.5696  win_BalAcc=0.5547  win_f1_macro=0.5547
fold0 ep 018  tr=0.8452  val_AccPaper=0.5589  val_BalAccMaj=0.5659  win_BalAcc=0.5514  win_f1_macro=0.5523
fold0 ep 019  tr=0.8460  val_AccPaper=0.5648  val_BalAccMaj=0.5696  win_BalAcc=0.5548  win_f1_macro=0.5555
fold0 ep 020  tr=0.8421  val_AccPaper=0.5670  val_BalAccMaj=0.5715  win_BalAcc=0.5576  win_f1_macro=0.5586
fold0 ep 021  tr=0.8384  val_AccPaper=0.5578  val_BalAccMaj=0.5637  win_BalAcc=0.5501  win_f1_macro=0.5506
fold0 ep 022  tr=0.8361  val_AccPaper=0.5626  val_BalAccMaj=0.5674  win_BalAcc=0.5549  win_f1_macro=0.5551
fold0 ep 023  tr=0.8365  val_AccPaper=0.5641  val_BalAccMaj=0.5704  win_BalAcc=0.5523  win_f1_macro=0.5523
fold0 ep 024  tr=0.8339  val_AccPaper=0.5659  val_BalAccMaj=0.5737  win_BalAcc=0.5588  win_f1_macro=0.5596
fold0 ep 025  tr=0.8294  val_AccPaper=0.5678  val_BalAccMaj=0.5726  win_BalAcc=0.5536  win_f1_macro=0.5543
fold0 ep 026  tr=0.8288  val_AccPaper=0.5652  val_BalAccMaj=0.5722  win_BalAcc=0.5563  win_f1_macro=0.5566
fold0 ep 027  tr=0.8267  val_AccPaper=0.5589  val_BalAccMaj=0.5656  win_BalAcc=0.5524  win_f1_macro=0.5528
fold0 ep 028  tr=0.8263  val_AccPaper=0.5630  val_BalAccMaj=0.5670  win_BalAcc=0.5545  win_f1_macro=0.5535
fold0 ep 029  tr=0.8281  val_AccPaper=0.5611  val_BalAccMaj=0.5670  win_BalAcc=0.5566  win_f1_macro=0.5572
fold0 ep 030  tr=0.8244  val_AccPaper=0.5581  val_BalAccMaj=0.5656  win_BalAcc=0.5535  win_f1_macro=0.5537
fold0 ep 031  tr=0.8209  val_AccPaper=0.5656  val_BalAccMaj=0.5715  win_BalAcc=0.5578  win_f1_macro=0.5582
fold0 early stop @ ep 31
fold1 ep 001  tr=1.1481  val_AccPaper=0.5367  val_BalAccMaj=0.5411  win_BalAcc=0.5343  win_f1_macro=0.5229
fold1 ep 002  tr=1.0220  val_AccPaper=0.5522  val_BalAccMaj=0.5578  win_BalAcc=0.5478  win_f1_macro=0.5416
fold1 ep 003  tr=0.9763  val_AccPaper=0.5626  val_BalAccMaj=0.5681  win_BalAcc=0.5567  win_f1_macro=0.5529
fold1 ep 004  tr=0.9538  val_AccPaper=0.5711  val_BalAccMaj=0.5793  win_BalAcc=0.5679  win_f1_macro=0.5638
fold1 ep 005  tr=0.9412  val_AccPaper=0.5648  val_BalAccMaj=0.5715  win_BalAcc=0.5640  win_f1_macro=0.5616
fold1 ep 006  tr=0.9305  val_AccPaper=0.5570  val_BalAccMaj=0.5626  win_BalAcc=0.5536  win_f1_macro=0.5483
fold1 ep 007  tr=0.9237  val_AccPaper=0.5667  val_BalAccMaj=0.5744  win_BalAcc=0.5659  win_f1_macro=0.5618
fold1 ep 008  tr=0.9174  val_AccPaper=0.5648  val_BalAccMaj=0.5730  win_BalAcc=0.5591  win_f1_macro=0.5550
fold1 ep 009  tr=0.9136  val_AccPaper=0.5589  val_BalAccMaj=0.5656  win_BalAcc=0.5553  win_f1_macro=0.5510
fold1 ep 010  tr=0.9065  val_AccPaper=0.5667  val_BalAccMaj=0.5744  win_BalAcc=0.5619  win_f1_macro=0.5590
fold1 ep 011  tr=0.9031  val_AccPaper=0.5611  val_BalAccMaj=0.5674  win_BalAcc=0.5593  win_f1_macro=0.5565
fold1 ep 012  tr=0.9000  val_AccPaper=0.5630  val_BalAccMaj=0.5715  win_BalAcc=0.5556  win_f1_macro=0.5510
fold1 ep 013  tr=0.8967  val_AccPaper=0.5593  val_BalAccMaj=0.5674  win_BalAcc=0.5521  win_f1_macro=0.5506
fold1 ep 014  tr=0.8957  val_AccPaper=0.5626  val_BalAccMaj=0.5700  win_BalAcc=0.5563  win_f1_macro=0.5531
fold1 ep 015  tr=0.8922  val_AccPaper=0.5478  val_BalAccMaj=0.5541  win_BalAcc=0.5454  win_f1_macro=0.5381
fold1 ep 016  tr=0.8869  val_AccPaper=0.5611  val_BalAccMaj=0.5670  win_BalAcc=0.5599  win_f1_macro=0.5596
fold1 ep 017  tr=0.8815  val_AccPaper=0.5556  val_BalAccMaj=0.5619  win_BalAcc=0.5498  win_f1_macro=0.5440
fold1 ep 018  tr=0.8811  val_AccPaper=0.5544  val_BalAccMaj=0.5611  win_BalAcc=0.5508  win_f1_macro=0.5469
fold1 ep 019  tr=0.8831  val_AccPaper=0.5611  val_BalAccMaj=0.5681  win_BalAcc=0.5560  win_f1_macro=0.5537
fold1 ep 020  tr=0.8762  val_AccPaper=0.5589  val_BalAccMaj=0.5685  win_BalAcc=0.5500  win_f1_macro=0.5460
fold1 ep 021  tr=0.8748  val_AccPaper=0.5619  val_BalAccMaj=0.5689  win_BalAcc=0.5526  win_f1_macro=0.5482
fold1 ep 022  tr=0.8740  val_AccPaper=0.5630  val_BalAccMaj=0.5719  win_BalAcc=0.5557  win_f1_macro=0.5516
fold1 ep 023  tr=0.8712  val_AccPaper=0.5611  val_BalAccMaj=0.5681  win_BalAcc=0.5514  win_f1_macro=0.5478
fold1 ep 024  tr=0.8687  val_AccPaper=0.5607  val_BalAccMaj=0.5674  win_BalAcc=0.5544  win_f1_macro=0.5505
fold1 early stop @ ep 24
fold2 ep 001  tr=1.1194  val_AccPaper=0.5089  val_BalAccMaj=0.5152  win_BalAcc=0.5157  win_f1_macro=0.5129
fold2 ep 002  tr=0.9770  val_AccPaper=0.5274  val_BalAccMaj=0.5333  win_BalAcc=0.5236  win_f1_macro=0.5224
fold2 ep 003  tr=0.9322  val_AccPaper=0.5333  val_BalAccMaj=0.5411  win_BalAcc=0.5331  win_f1_macro=0.5326
fold2 ep 004  tr=0.9132  val_AccPaper=0.5407  val_BalAccMaj=0.5470  win_BalAcc=0.5367  win_f1_macro=0.5368
fold2 ep 005  tr=0.9020  val_AccPaper=0.5378  val_BalAccMaj=0.5430  win_BalAcc=0.5334  win_f1_macro=0.5325
fold2 ep 006  tr=0.8926  val_AccPaper=0.5319  val_BalAccMaj=0.5381  win_BalAcc=0.5315  win_f1_macro=0.5286
fold2 ep 007  tr=0.8830  val_AccPaper=0.5293  val_BalAccMaj=0.5348  win_BalAcc=0.5321  win_f1_macro=0.5317
fold2 ep 008  tr=0.8763  val_AccPaper=0.5396  val_BalAccMaj=0.5467  win_BalAcc=0.5323  win_f1_macro=0.5295
fold2 ep 009  tr=0.8736  val_AccPaper=0.5274  val_BalAccMaj=0.5330  win_BalAcc=0.5229  win_f1_macro=0.5193
fold2 ep 010  tr=0.8692  val_AccPaper=0.5293  val_BalAccMaj=0.5363  win_BalAcc=0.5268  win_f1_macro=0.5245
fold2 ep 011  tr=0.8646  val_AccPaper=0.5241  val_BalAccMaj=0.5315  win_BalAcc=0.5228  win_f1_macro=0.5201
fold2 ep 012  tr=0.8569  val_AccPaper=0.5289  val_BalAccMaj=0.5367  win_BalAcc=0.5278  win_f1_macro=0.5256
fold2 ep 013  tr=0.8584  val_AccPaper=0.5293  val_BalAccMaj=0.5359  win_BalAcc=0.5247  win_f1_macro=0.5230
fold2 ep 014  tr=0.8535  val_AccPaper=0.5252  val_BalAccMaj=0.5311  win_BalAcc=0.5219  win_f1_macro=0.5202
fold2 ep 015  tr=0.8502  val_AccPaper=0.5263  val_BalAccMaj=0.5322  win_BalAcc=0.5233  win_f1_macro=0.5189
fold2 ep 016  tr=0.8473  val_AccPaper=0.5285  val_BalAccMaj=0.5356  win_BalAcc=0.5254  win_f1_macro=0.5224
fold2 ep 017  tr=0.8448  val_AccPaper=0.5241  val_BalAccMaj=0.5285  win_BalAcc=0.5175  win_f1_macro=0.5138
fold2 ep 018  tr=0.8426  val_AccPaper=0.5278  val_BalAccMaj=0.5319  win_BalAcc=0.5228  win_f1_macro=0.5195
fold2 ep 019  tr=0.8377  val_AccPaper=0.5233  val_BalAccMaj=0.5278  win_BalAcc=0.5172  win_f1_macro=0.5118
fold2 ep 020  tr=0.8374  val_AccPaper=0.5296  val_BalAccMaj=0.5359  win_BalAcc=0.5218  win_f1_macro=0.5185
fold2 ep 021  tr=0.8340  val_AccPaper=0.5259  val_BalAccMaj=0.5311  win_BalAcc=0.5224  win_f1_macro=0.5178
fold2 ep 022  tr=0.8342  val_AccPaper=0.5156  val_BalAccMaj=0.5244  win_BalAcc=0.5132  win_f1_macro=0.5098
fold2 ep 023  tr=0.8299  val_AccPaper=0.5296  val_BalAccMaj=0.5367  win_BalAcc=0.5236  win_f1_macro=0.5194
fold2 ep 024  tr=0.8266  val_AccPaper=0.5237  val_BalAccMaj=0.5289  win_BalAcc=0.5185  win_f1_macro=0.5141
fold2 early stop @ ep 24
fold3 ep 001  tr=1.1473  val_AccPaper=0.5504  val_BalAccMaj=0.5522  win_BalAcc=0.5482  win_f1_macro=0.5402
fold3 ep 002  tr=1.0286  val_AccPaper=0.5607  val_BalAccMaj=0.5637  win_BalAcc=0.5558  win_f1_macro=0.5508
fold3 ep 003  tr=0.9838  val_AccPaper=0.5804  val_BalAccMaj=0.5870  win_BalAcc=0.5709  win_f1_macro=0.5693
fold3 ep 004  tr=0.9561  val_AccPaper=0.5841  val_BalAccMaj=0.5885  win_BalAcc=0.5759  win_f1_macro=0.5754
fold3 ep 005  tr=0.9423  val_AccPaper=0.5907  val_BalAccMaj=0.5956  win_BalAcc=0.5824  win_f1_macro=0.5821
fold3 ep 006  tr=0.9302  val_AccPaper=0.5926  val_BalAccMaj=0.5967  win_BalAcc=0.5839  win_f1_macro=0.5845
fold3 ep 007  tr=0.9204  val_AccPaper=0.6015  val_BalAccMaj=0.6044  win_BalAcc=0.5934  win_f1_macro=0.5943
fold3 ep 008  tr=0.9157  val_AccPaper=0.5911  val_BalAccMaj=0.5970  win_BalAcc=0.5840  win_f1_macro=0.5843
fold3 ep 009  tr=0.9100  val_AccPaper=0.5926  val_BalAccMaj=0.5981  win_BalAcc=0.5842  win_f1_macro=0.5847
fold3 ep 010  tr=0.9044  val_AccPaper=0.5963  val_BalAccMaj=0.6015  win_BalAcc=0.5890  win_f1_macro=0.5895
fold3 ep 011  tr=0.9026  val_AccPaper=0.6007  val_BalAccMaj=0.6056  win_BalAcc=0.5926  win_f1_macro=0.5931
fold3 ep 012  tr=0.8972  val_AccPaper=0.5889  val_BalAccMaj=0.5937  win_BalAcc=0.5810  win_f1_macro=0.5814
fold3 ep 013  tr=0.8955  val_AccPaper=0.5933  val_BalAccMaj=0.5993  win_BalAcc=0.5859  win_f1_macro=0.5863
fold3 ep 014  tr=0.8904  val_AccPaper=0.5937  val_BalAccMaj=0.5981  win_BalAcc=0.5875  win_f1_macro=0.5880
fold3 ep 015  tr=0.8888  val_AccPaper=0.5930  val_BalAccMaj=0.5967  win_BalAcc=0.5880  win_f1_macro=0.5885
fold3 ep 016  tr=0.8848  val_AccPaper=0.5926  val_BalAccMaj=0.5974  win_BalAcc=0.5899  win_f1_macro=0.5902
fold3 ep 017  tr=0.8871  val_AccPaper=0.5952  val_BalAccMaj=0.5985  win_BalAcc=0.5909  win_f1_macro=0.5914
fold3 ep 018  tr=0.8810  val_AccPaper=0.5993  val_BalAccMaj=0.6044  win_BalAcc=0.5887  win_f1_macro=0.5890
fold3 ep 019  tr=0.8780  val_AccPaper=0.5915  val_BalAccMaj=0.5963  win_BalAcc=0.5844  win_f1_macro=0.5848
fold3 ep 020  tr=0.8749  val_AccPaper=0.6033  val_BalAccMaj=0.6100  win_BalAcc=0.5947  win_f1_macro=0.5946
fold3 ep 021  tr=0.8746  val_AccPaper=0.5993  val_BalAccMaj=0.6044  win_BalAcc=0.5905  win_f1_macro=0.5908
fold3 ep 022  tr=0.8762  val_AccPaper=0.5952  val_BalAccMaj=0.6007  win_BalAcc=0.5883  win_f1_macro=0.5888
fold3 ep 023  tr=0.8700  val_AccPaper=0.5856  val_BalAccMaj=0.5919  win_BalAcc=0.5832  win_f1_macro=0.5833
fold3 ep 024  tr=0.8694  val_AccPaper=0.6022  val_BalAccMaj=0.6085  win_BalAcc=0.5933  win_f1_macro=0.5934
fold3 ep 025  tr=0.8671  val_AccPaper=0.5937  val_BalAccMaj=0.5985  win_BalAcc=0.5907  win_f1_macro=0.5909
fold3 ep 026  tr=0.8621  val_AccPaper=0.5937  val_BalAccMaj=0.5985  win_BalAcc=0.5910  win_f1_macro=0.5915
fold3 ep 027  tr=0.8632  val_AccPaper=0.5893  val_BalAccMaj=0.5941  win_BalAcc=0.5839  win_f1_macro=0.5835
fold3 ep 028  tr=0.8590  val_AccPaper=0.5952  val_BalAccMaj=0.6007  win_BalAcc=0.5875  win_f1_macro=0.5873
fold3 ep 029  tr=0.8555  val_AccPaper=0.5904  val_BalAccMaj=0.5948  win_BalAcc=0.5857  win_f1_macro=0.5857
fold3 ep 030  tr=0.8565  val_AccPaper=0.5911  val_BalAccMaj=0.5963  win_BalAcc=0.5848  win_f1_macro=0.5845
fold3 ep 031  tr=0.8565  val_AccPaper=0.5959  val_BalAccMaj=0.6022  win_BalAcc=0.5867  win_f1_macro=0.5857
fold3 ep 032  tr=0.8529  val_AccPaper=0.5919  val_BalAccMaj=0.5948  win_BalAcc=0.5823  win_f1_macro=0.5820
fold3 ep 033  tr=0.8480  val_AccPaper=0.6000  val_BalAccMaj=0.6074  win_BalAcc=0.5926  win_f1_macro=0.5927
fold3 ep 034  tr=0.8482  val_AccPaper=0.5985  val_BalAccMaj=0.6030  win_BalAcc=0.5909  win_f1_macro=0.5909
fold3 ep 035  tr=0.8463  val_AccPaper=0.6026  val_BalAccMaj=0.6074  win_BalAcc=0.5938  win_f1_macro=0.5937
fold3 ep 036  tr=0.8458  val_AccPaper=0.5937  val_BalAccMaj=0.5985  win_BalAcc=0.5860  win_f1_macro=0.5862
fold3 ep 037  tr=0.8419  val_AccPaper=0.6067  val_BalAccMaj=0.6104  win_BalAcc=0.5962  win_f1_macro=0.5966
fold3 ep 038  tr=0.8457  val_AccPaper=0.5937  val_BalAccMaj=0.6004  win_BalAcc=0.5863  win_f1_macro=0.5867
fold3 ep 039  tr=0.8411  val_AccPaper=0.5956  val_BalAccMaj=0.6007  win_BalAcc=0.5878  win_f1_macro=0.5882
fold3 ep 040  tr=0.8388  val_AccPaper=0.5974  val_BalAccMaj=0.6030  win_BalAcc=0.5869  win_f1_macro=0.5873
fold3 ep 041  tr=0.8393  val_AccPaper=0.5974  val_BalAccMaj=0.6048  win_BalAcc=0.5912  win_f1_macro=0.5916
fold3 ep 042  tr=0.8356  val_AccPaper=0.6019  val_BalAccMaj=0.6067  win_BalAcc=0.5932  win_f1_macro=0.5930
fold3 ep 043  tr=0.8327  val_AccPaper=0.6000  val_BalAccMaj=0.6085  win_BalAcc=0.5907  win_f1_macro=0.5907
fold3 ep 044  tr=0.8346  val_AccPaper=0.5933  val_BalAccMaj=0.6004  win_BalAcc=0.5861  win_f1_macro=0.5859
fold3 ep 045  tr=0.8294  val_AccPaper=0.6022  val_BalAccMaj=0.6096  win_BalAcc=0.5956  win_f1_macro=0.5958
fold3 ep 046  tr=0.8297  val_AccPaper=0.6063  val_BalAccMaj=0.6130  win_BalAcc=0.5944  win_f1_macro=0.5945
fold3 ep 047  tr=0.8293  val_AccPaper=0.5996  val_BalAccMaj=0.6022  win_BalAcc=0.5943  win_f1_macro=0.5945
fold3 ep 048  tr=0.8273  val_AccPaper=0.5889  val_BalAccMaj=0.5956  win_BalAcc=0.5838  win_f1_macro=0.5841
fold3 ep 049  tr=0.8294  val_AccPaper=0.5981  val_BalAccMaj=0.6019  win_BalAcc=0.5865  win_f1_macro=0.5868
fold3 ep 050  tr=0.8246  val_AccPaper=0.5978  val_BalAccMaj=0.6033  win_BalAcc=0.5912  win_f1_macro=0.5914
fold3 ep 051  tr=0.8231  val_AccPaper=0.5985  val_BalAccMaj=0.6059  win_BalAcc=0.5946  win_f1_macro=0.5948
fold3 ep 052  tr=0.8234  val_AccPaper=0.6056  val_BalAccMaj=0.6093  win_BalAcc=0.5955  win_f1_macro=0.5959
fold3 ep 053  tr=0.8222  val_AccPaper=0.6052  val_BalAccMaj=0.6104  win_BalAcc=0.5946  win_f1_macro=0.5950
fold3 ep 054  tr=0.8184  val_AccPaper=0.5970  val_BalAccMaj=0.6030  win_BalAcc=0.5924  win_f1_macro=0.5924
fold3 ep 055  tr=0.8162  val_AccPaper=0.5970  val_BalAccMaj=0.6048  win_BalAcc=0.5919  win_f1_macro=0.5921
fold3 ep 056  tr=0.8135  val_AccPaper=0.5948  val_BalAccMaj=0.6011  win_BalAcc=0.5881  win_f1_macro=0.5884
fold3 ep 057  tr=0.8146  val_AccPaper=0.5941  val_BalAccMaj=0.6007  win_BalAcc=0.5901  win_f1_macro=0.5901
fold3 early stop @ ep 57
fold4 ep 001  tr=1.1305  val_AccPaper=0.4959  val_BalAccMaj=0.5004  win_BalAcc=0.4966  win_f1_macro=0.4908
fold4 ep 002  tr=0.9685  val_AccPaper=0.5007  val_BalAccMaj=0.5059  win_BalAcc=0.5031  win_f1_macro=0.4991
fold4 ep 003  tr=0.9225  val_AccPaper=0.5085  val_BalAccMaj=0.5156  win_BalAcc=0.5071  win_f1_macro=0.5061
fold4 ep 004  tr=0.9048  val_AccPaper=0.5137  val_BalAccMaj=0.5215  win_BalAcc=0.5088  win_f1_macro=0.5078
fold4 ep 005  tr=0.8893  val_AccPaper=0.5041  val_BalAccMaj=0.5096  win_BalAcc=0.5015  win_f1_macro=0.4987
fold4 ep 006  tr=0.8856  val_AccPaper=0.4844  val_BalAccMaj=0.4926  win_BalAcc=0.4893  win_f1_macro=0.4842
fold4 ep 007  tr=0.8799  val_AccPaper=0.5000  val_BalAccMaj=0.5070  win_BalAcc=0.4993  win_f1_macro=0.4984
fold4 ep 008  tr=0.8721  val_AccPaper=0.4919  val_BalAccMaj=0.4985  win_BalAcc=0.4962  win_f1_macro=0.4926
fold4 ep 009  tr=0.8683  val_AccPaper=0.5000  val_BalAccMaj=0.5085  win_BalAcc=0.5019  win_f1_macro=0.4985
fold4 ep 010  tr=0.8632  val_AccPaper=0.5004  val_BalAccMaj=0.5063  win_BalAcc=0.4998  win_f1_macro=0.4969
fold4 ep 011  tr=0.8608  val_AccPaper=0.5004  val_BalAccMaj=0.5111  win_BalAcc=0.5069  win_f1_macro=0.5027
fold4 ep 012  tr=0.8566  val_AccPaper=0.5063  val_BalAccMaj=0.5178  win_BalAcc=0.5072  win_f1_macro=0.5043
fold4 ep 013  tr=0.8539  val_AccPaper=0.5015  val_BalAccMaj=0.5085  win_BalAcc=0.5027  win_f1_macro=0.4977
fold4 ep 014  tr=0.8486  val_AccPaper=0.4878  val_BalAccMaj=0.4963  win_BalAcc=0.4903  win_f1_macro=0.4889
fold4 ep 015  tr=0.8482  val_AccPaper=0.4878  val_BalAccMaj=0.4948  win_BalAcc=0.4907  win_f1_macro=0.4877
fold4 ep 016  tr=0.8457  val_AccPaper=0.4970  val_BalAccMaj=0.5037  win_BalAcc=0.4928  win_f1_macro=0.4889
fold4 ep 017  tr=0.8416  val_AccPaper=0.4919  val_BalAccMaj=0.4981  win_BalAcc=0.4942  win_f1_macro=0.4931
fold4 ep 018  tr=0.8402  val_AccPaper=0.4770  val_BalAccMaj=0.4841  win_BalAcc=0.4856  win_f1_macro=0.4779
fold4 ep 019  tr=0.8374  val_AccPaper=0.5044  val_BalAccMaj=0.5119  win_BalAcc=0.5024  win_f1_macro=0.4984
fold4 ep 020  tr=0.8341  val_AccPaper=0.4893  val_BalAccMaj=0.4963  win_BalAcc=0.4917  win_f1_macro=0.4875
fold4 ep 021  tr=0.8292  val_AccPaper=0.5030  val_BalAccMaj=0.5144  win_BalAcc=0.5048  win_f1_macro=0.5016
fold4 ep 022  tr=0.8285  val_AccPaper=0.4985  val_BalAccMaj=0.5052  win_BalAcc=0.5012  win_f1_macro=0.4986
fold4 ep 023  tr=0.8293  val_AccPaper=0.5026  val_BalAccMaj=0.5089  win_BalAcc=0.5022  win_f1_macro=0.4994
fold4 ep 024  tr=0.8244  val_AccPaper=0.4952  val_BalAccMaj=0.5022  win_BalAcc=0.5001  win_f1_macro=0.4964
fold4 early stop @ ep 24
[A2] done val_AccPaper=0.5604 test_AccPaper=0.5667 test_BalAcc=0.5728 test_win_F1=0.5621
