start arm=B10 device=cuda n_classes=3 y_counts={0: 91800, 1: 91800, 2: 91800} pf_protocol_version=3 no_rest=False
[B10] §3.2.1 future-perturb ratio=123.989
fold0 ep 001  tr=2.0549  val_AccPaper=0.5363  val_BalAccMaj=0.5404  win_BalAcc=0.5334  win_f1_macro=0.5341
fold0 ep 002  tr=1.8104  val_AccPaper=0.5437  val_BalAccMaj=0.5485  win_BalAcc=0.5387  win_f1_macro=0.5354
fold0 ep 003  tr=1.7380  val_AccPaper=0.5530  val_BalAccMaj=0.5567  win_BalAcc=0.5458  win_f1_macro=0.5457
fold0 ep 004  tr=1.7005  val_AccPaper=0.5556  val_BalAccMaj=0.5596  win_BalAcc=0.5497  win_f1_macro=0.5487
fold0 ep 005  tr=1.6799  val_AccPaper=0.5589  val_BalAccMaj=0.5622  win_BalAcc=0.5525  win_f1_macro=0.5515
fold0 ep 006  tr=1.6609  val_AccPaper=0.5548  val_BalAccMaj=0.5581  win_BalAcc=0.5493  win_f1_macro=0.5485
fold0 ep 007  tr=1.6461  val_AccPaper=0.5563  val_BalAccMaj=0.5604  win_BalAcc=0.5501  win_f1_macro=0.5492
fold0 ep 008  tr=1.6353  val_AccPaper=0.5619  val_BalAccMaj=0.5663  win_BalAcc=0.5529  win_f1_macro=0.5504
fold0 ep 009  tr=1.6244  val_AccPaper=0.5596  val_BalAccMaj=0.5652  win_BalAcc=0.5517  win_f1_macro=0.5489
fold0 ep 010  tr=1.6135  val_AccPaper=0.5481  val_BalAccMaj=0.5548  win_BalAcc=0.5446  win_f1_macro=0.5433
fold0 ep 011  tr=1.6023  val_AccPaper=0.5626  val_BalAccMaj=0.5681  win_BalAcc=0.5536  win_f1_macro=0.5532
fold0 ep 012  tr=1.6021  val_AccPaper=0.5600  val_BalAccMaj=0.5670  win_BalAcc=0.5547  win_f1_macro=0.5529
fold0 ep 013  tr=1.5909  val_AccPaper=0.5637  val_BalAccMaj=0.5704  win_BalAcc=0.5551  win_f1_macro=0.5537
fold0 ep 014  tr=1.5942  val_AccPaper=0.5559  val_BalAccMaj=0.5604  win_BalAcc=0.5471  win_f1_macro=0.5444
fold0 ep 015  tr=1.5881  val_AccPaper=0.5619  val_BalAccMaj=0.5667  win_BalAcc=0.5510  win_f1_macro=0.5489
fold0 ep 016  tr=1.5790  val_AccPaper=0.5581  val_BalAccMaj=0.5619  win_BalAcc=0.5507  win_f1_macro=0.5480
fold0 ep 017  tr=1.5771  val_AccPaper=0.5615  val_BalAccMaj=0.5670  win_BalAcc=0.5528  win_f1_macro=0.5521
fold0 ep 018  tr=1.5721  val_AccPaper=0.5626  val_BalAccMaj=0.5681  win_BalAcc=0.5516  win_f1_macro=0.5486
fold0 ep 019  tr=1.5631  val_AccPaper=0.5670  val_BalAccMaj=0.5730  win_BalAcc=0.5592  win_f1_macro=0.5593
fold0 ep 020  tr=1.5620  val_AccPaper=0.5626  val_BalAccMaj=0.5678  win_BalAcc=0.5554  win_f1_macro=0.5547
fold0 ep 021  tr=1.5546  val_AccPaper=0.5630  val_BalAccMaj=0.5689  win_BalAcc=0.5543  win_f1_macro=0.5536
fold0 ep 022  tr=1.5570  val_AccPaper=0.5544  val_BalAccMaj=0.5622  win_BalAcc=0.5522  win_f1_macro=0.5501
fold0 ep 023  tr=1.5440  val_AccPaper=0.5593  val_BalAccMaj=0.5670  win_BalAcc=0.5534  win_f1_macro=0.5516
fold0 ep 024  tr=1.5400  val_AccPaper=0.5456  val_BalAccMaj=0.5544  win_BalAcc=0.5447  win_f1_macro=0.5415
fold0 ep 025  tr=1.5378  val_AccPaper=0.5633  val_BalAccMaj=0.5722  win_BalAcc=0.5576  win_f1_macro=0.5567
fold0 ep 026  tr=1.5315  val_AccPaper=0.5663  val_BalAccMaj=0.5726  win_BalAcc=0.5546  win_f1_macro=0.5530
fold0 ep 027  tr=1.5324  val_AccPaper=0.5500  val_BalAccMaj=0.5574  win_BalAcc=0.5443  win_f1_macro=0.5412
fold0 ep 028  tr=1.5316  val_AccPaper=0.5615  val_BalAccMaj=0.5696  win_BalAcc=0.5545  win_f1_macro=0.5537
fold0 ep 029  tr=1.5247  val_AccPaper=0.5567  val_BalAccMaj=0.5615  win_BalAcc=0.5512  win_f1_macro=0.5495
fold0 ep 030  tr=1.5168  val_AccPaper=0.5515  val_BalAccMaj=0.5581  win_BalAcc=0.5517  win_f1_macro=0.5510
fold0 ep 031  tr=1.5191  val_AccPaper=0.5548  val_BalAccMaj=0.5630  win_BalAcc=0.5490  win_f1_macro=0.5459
fold0 ep 032  tr=1.5091  val_AccPaper=0.5674  val_BalAccMaj=0.5726  win_BalAcc=0.5628  win_f1_macro=0.5623
fold0 ep 033  tr=1.5137  val_AccPaper=0.5615  val_BalAccMaj=0.5681  win_BalAcc=0.5571  win_f1_macro=0.5564
fold0 ep 034  tr=1.5066  val_AccPaper=0.5611  val_BalAccMaj=0.5700  win_BalAcc=0.5556  win_f1_macro=0.5545
fold0 ep 035  tr=1.5050  val_AccPaper=0.5504  val_BalAccMaj=0.5570  win_BalAcc=0.5454  win_f1_macro=0.5429
fold0 ep 036  tr=1.4999  val_AccPaper=0.5585  val_BalAccMaj=0.5644  win_BalAcc=0.5539  win_f1_macro=0.5531
fold0 ep 037  tr=1.4931  val_AccPaper=0.5537  val_BalAccMaj=0.5600  win_BalAcc=0.5507  win_f1_macro=0.5487
fold0 ep 038  tr=1.4898  val_AccPaper=0.5585  val_BalAccMaj=0.5678  win_BalAcc=0.5536  win_f1_macro=0.5521
fold0 ep 039  tr=1.4943  val_AccPaper=0.5570  val_BalAccMaj=0.5626  win_BalAcc=0.5492  win_f1_macro=0.5474
fold0 ep 040  tr=1.4864  val_AccPaper=0.5493  val_BalAccMaj=0.5563  win_BalAcc=0.5510  win_f1_macro=0.5483
fold0 ep 041  tr=1.4767  val_AccPaper=0.5611  val_BalAccMaj=0.5685  win_BalAcc=0.5527  win_f1_macro=0.5510
fold0 ep 042  tr=1.4775  val_AccPaper=0.5596  val_BalAccMaj=0.5667  win_BalAcc=0.5553  win_f1_macro=0.5548
fold0 ep 043  tr=1.4769  val_AccPaper=0.5533  val_BalAccMaj=0.5578  win_BalAcc=0.5474  win_f1_macro=0.5447
fold0 ep 044  tr=1.4719  val_AccPaper=0.5556  val_BalAccMaj=0.5622  win_BalAcc=0.5488  win_f1_macro=0.5471
fold0 ep 045  tr=1.4680  val_AccPaper=0.5581  val_BalAccMaj=0.5641  win_BalAcc=0.5520  win_f1_macro=0.5512
fold0 ep 046  tr=1.4663  val_AccPaper=0.5581  val_BalAccMaj=0.5626  win_BalAcc=0.5525  win_f1_macro=0.5524
fold0 ep 047  tr=1.4621  val_AccPaper=0.5556  val_BalAccMaj=0.5641  win_BalAcc=0.5492  win_f1_macro=0.5472
fold0 ep 048  tr=1.4537  val_AccPaper=0.5537  val_BalAccMaj=0.5615  win_BalAcc=0.5507  win_f1_macro=0.5488
fold0 ep 049  tr=1.4567  val_AccPaper=0.5574  val_BalAccMaj=0.5626  win_BalAcc=0.5536  win_f1_macro=0.5524
fold0 ep 050  tr=1.4546  val_AccPaper=0.5578  val_BalAccMaj=0.5648  win_BalAcc=0.5467  win_f1_macro=0.5443
fold0 ep 051  tr=1.4527  val_AccPaper=0.5574  val_BalAccMaj=0.5630  win_BalAcc=0.5491  win_f1_macro=0.5468
fold0 ep 052  tr=1.4481  val_AccPaper=0.5559  val_BalAccMaj=0.5619  win_BalAcc=0.5485  win_f1_macro=0.5459
fold0 early stop @ ep 52
fold1 ep 001  tr=2.1028  val_AccPaper=0.5648  val_BalAccMaj=0.5719  win_BalAcc=0.5627  win_f1_macro=0.5559
fold1 ep 002  tr=1.8963  val_AccPaper=0.5615  val_BalAccMaj=0.5689  win_BalAcc=0.5617  win_f1_macro=0.5554
fold1 ep 003  tr=1.8282  val_AccPaper=0.5730  val_BalAccMaj=0.5826  win_BalAcc=0.5686  win_f1_macro=0.5664
fold1 ep 004  tr=1.7902  val_AccPaper=0.5707  val_BalAccMaj=0.5781  win_BalAcc=0.5691  win_f1_macro=0.5664
fold1 ep 005  tr=1.7724  val_AccPaper=0.5596  val_BalAccMaj=0.5670  win_BalAcc=0.5595  win_f1_macro=0.5520
fold1 ep 006  tr=1.7510  val_AccPaper=0.5707  val_BalAccMaj=0.5789  win_BalAcc=0.5694  win_f1_macro=0.5666
fold1 ep 007  tr=1.7418  val_AccPaper=0.5704  val_BalAccMaj=0.5781  win_BalAcc=0.5699  win_f1_macro=0.5667
fold1 ep 008  tr=1.7299  val_AccPaper=0.5730  val_BalAccMaj=0.5811  win_BalAcc=0.5701  win_f1_macro=0.5687
fold1 ep 009  tr=1.7184  val_AccPaper=0.5659  val_BalAccMaj=0.5726  win_BalAcc=0.5656  win_f1_macro=0.5613
fold1 ep 010  tr=1.7066  val_AccPaper=0.5700  val_BalAccMaj=0.5774  win_BalAcc=0.5724  win_f1_macro=0.5676
fold1 ep 011  tr=1.7009  val_AccPaper=0.5726  val_BalAccMaj=0.5830  win_BalAcc=0.5675  win_f1_macro=0.5651
fold1 ep 012  tr=1.6954  val_AccPaper=0.5652  val_BalAccMaj=0.5752  win_BalAcc=0.5662  win_f1_macro=0.5641
fold1 ep 013  tr=1.6811  val_AccPaper=0.5744  val_BalAccMaj=0.5804  win_BalAcc=0.5657  win_f1_macro=0.5653
fold1 ep 014  tr=1.6734  val_AccPaper=0.5681  val_BalAccMaj=0.5730  win_BalAcc=0.5698  win_f1_macro=0.5660
fold1 ep 015  tr=1.6750  val_AccPaper=0.5778  val_BalAccMaj=0.5852  win_BalAcc=0.5785  win_f1_macro=0.5782
fold1 ep 016  tr=1.6655  val_AccPaper=0.5659  val_BalAccMaj=0.5752  win_BalAcc=0.5672  win_f1_macro=0.5631
fold1 ep 017  tr=1.6652  val_AccPaper=0.5822  val_BalAccMaj=0.5900  win_BalAcc=0.5781  win_f1_macro=0.5766
fold1 ep 018  tr=1.6578  val_AccPaper=0.5763  val_BalAccMaj=0.5837  win_BalAcc=0.5717  win_f1_macro=0.5712
fold1 ep 019  tr=1.6578  val_AccPaper=0.5830  val_BalAccMaj=0.5889  win_BalAcc=0.5746  win_f1_macro=0.5707
fold1 ep 020  tr=1.6523  val_AccPaper=0.5770  val_BalAccMaj=0.5848  win_BalAcc=0.5727  win_f1_macro=0.5718
fold1 ep 021  tr=1.6481  val_AccPaper=0.5589  val_BalAccMaj=0.5663  win_BalAcc=0.5637  win_f1_macro=0.5597
fold1 ep 022  tr=1.6387  val_AccPaper=0.5689  val_BalAccMaj=0.5770  win_BalAcc=0.5686  win_f1_macro=0.5658
fold1 ep 023  tr=1.6404  val_AccPaper=0.5615  val_BalAccMaj=0.5689  win_BalAcc=0.5615  win_f1_macro=0.5542
fold1 ep 024  tr=1.6368  val_AccPaper=0.5674  val_BalAccMaj=0.5756  win_BalAcc=0.5649  win_f1_macro=0.5605
fold1 ep 025  tr=1.6249  val_AccPaper=0.5800  val_BalAccMaj=0.5896  win_BalAcc=0.5734  win_f1_macro=0.5704
fold1 ep 026  tr=1.6292  val_AccPaper=0.5637  val_BalAccMaj=0.5707  win_BalAcc=0.5663  win_f1_macro=0.5608
fold1 ep 027  tr=1.6187  val_AccPaper=0.5515  val_BalAccMaj=0.5589  win_BalAcc=0.5564  win_f1_macro=0.5501
fold1 ep 028  tr=1.6191  val_AccPaper=0.5541  val_BalAccMaj=0.5626  win_BalAcc=0.5586  win_f1_macro=0.5543
fold1 ep 029  tr=1.6229  val_AccPaper=0.5719  val_BalAccMaj=0.5800  win_BalAcc=0.5694  win_f1_macro=0.5683
fold1 ep 030  tr=1.6080  val_AccPaper=0.5656  val_BalAccMaj=0.5741  win_BalAcc=0.5706  win_f1_macro=0.5675
fold1 ep 031  tr=1.6035  val_AccPaper=0.5796  val_BalAccMaj=0.5867  win_BalAcc=0.5726  win_f1_macro=0.5690
fold1 ep 032  tr=1.6018  val_AccPaper=0.5719  val_BalAccMaj=0.5826  win_BalAcc=0.5714  win_f1_macro=0.5694
fold1 ep 033  tr=1.5910  val_AccPaper=0.5737  val_BalAccMaj=0.5807  win_BalAcc=0.5686  win_f1_macro=0.5635
fold1 ep 034  tr=1.6013  val_AccPaper=0.5596  val_BalAccMaj=0.5696  win_BalAcc=0.5564  win_f1_macro=0.5490
fold1 ep 035  tr=1.5950  val_AccPaper=0.5656  val_BalAccMaj=0.5730  win_BalAcc=0.5630  win_f1_macro=0.5568
fold1 ep 036  tr=1.5898  val_AccPaper=0.5796  val_BalAccMaj=0.5863  win_BalAcc=0.5739  win_f1_macro=0.5720
fold1 ep 037  tr=1.5797  val_AccPaper=0.5693  val_BalAccMaj=0.5759  win_BalAcc=0.5651  win_f1_macro=0.5608
fold1 ep 038  tr=1.5908  val_AccPaper=0.5737  val_BalAccMaj=0.5811  win_BalAcc=0.5738  win_f1_macro=0.5704
fold1 ep 039  tr=1.5765  val_AccPaper=0.5707  val_BalAccMaj=0.5815  win_BalAcc=0.5700  win_f1_macro=0.5668
fold1 early stop @ ep 39
fold2 ep 001  tr=2.0517  val_AccPaper=0.5211  val_BalAccMaj=0.5293  win_BalAcc=0.5197  win_f1_macro=0.5185
fold2 ep 002  tr=1.8139  val_AccPaper=0.5433  val_BalAccMaj=0.5519  win_BalAcc=0.5374  win_f1_macro=0.5379
fold2 ep 003  tr=1.7425  val_AccPaper=0.5344  val_BalAccMaj=0.5400  win_BalAcc=0.5335  win_f1_macro=0.5267
fold2 ep 004  tr=1.7128  val_AccPaper=0.5348  val_BalAccMaj=0.5404  win_BalAcc=0.5325  win_f1_macro=0.5276
fold2 ep 005  tr=1.6844  val_AccPaper=0.5281  val_BalAccMaj=0.5333  win_BalAcc=0.5272  win_f1_macro=0.5220
fold2 ep 006  tr=1.6680  val_AccPaper=0.5344  val_BalAccMaj=0.5396  win_BalAcc=0.5303  win_f1_macro=0.5241
fold2 ep 007  tr=1.6524  val_AccPaper=0.5319  val_BalAccMaj=0.5367  win_BalAcc=0.5334  win_f1_macro=0.5277
fold2 ep 008  tr=1.6473  val_AccPaper=0.5385  val_BalAccMaj=0.5448  win_BalAcc=0.5315  win_f1_macro=0.5253
fold2 ep 009  tr=1.6292  val_AccPaper=0.5348  val_BalAccMaj=0.5389  win_BalAcc=0.5325  win_f1_macro=0.5255
fold2 ep 010  tr=1.6213  val_AccPaper=0.5319  val_BalAccMaj=0.5352  win_BalAcc=0.5280  win_f1_macro=0.5229
fold2 ep 011  tr=1.6168  val_AccPaper=0.5411  val_BalAccMaj=0.5470  win_BalAcc=0.5361  win_f1_macro=0.5320
fold2 ep 012  tr=1.6123  val_AccPaper=0.5307  val_BalAccMaj=0.5367  win_BalAcc=0.5264  win_f1_macro=0.5196
fold2 ep 013  tr=1.6002  val_AccPaper=0.5278  val_BalAccMaj=0.5337  win_BalAcc=0.5289  win_f1_macro=0.5211
fold2 ep 014  tr=1.5929  val_AccPaper=0.5326  val_BalAccMaj=0.5389  win_BalAcc=0.5317  win_f1_macro=0.5259
fold2 ep 015  tr=1.5849  val_AccPaper=0.5356  val_BalAccMaj=0.5404  win_BalAcc=0.5288  win_f1_macro=0.5230
fold2 ep 016  tr=1.5861  val_AccPaper=0.5337  val_BalAccMaj=0.5400  win_BalAcc=0.5290  win_f1_macro=0.5228
fold2 ep 017  tr=1.5762  val_AccPaper=0.5322  val_BalAccMaj=0.5374  win_BalAcc=0.5262  win_f1_macro=0.5190
fold2 ep 018  tr=1.5743  val_AccPaper=0.5348  val_BalAccMaj=0.5411  win_BalAcc=0.5271  win_f1_macro=0.5197
fold2 ep 019  tr=1.5730  val_AccPaper=0.5293  val_BalAccMaj=0.5352  win_BalAcc=0.5296  win_f1_macro=0.5242
fold2 ep 020  tr=1.5752  val_AccPaper=0.5307  val_BalAccMaj=0.5370  win_BalAcc=0.5283  win_f1_macro=0.5211
fold2 ep 021  tr=1.5568  val_AccPaper=0.5278  val_BalAccMaj=0.5322  win_BalAcc=0.5231  win_f1_macro=0.5144
fold2 ep 022  tr=1.5489  val_AccPaper=0.5285  val_BalAccMaj=0.5359  win_BalAcc=0.5271  win_f1_macro=0.5219
fold2 early stop @ ep 22
fold3 ep 001  tr=2.1145  val_AccPaper=0.5611  val_BalAccMaj=0.5644  win_BalAcc=0.5556  win_f1_macro=0.5539
fold3 ep 002  tr=1.9000  val_AccPaper=0.5737  val_BalAccMaj=0.5793  win_BalAcc=0.5715  win_f1_macro=0.5714
fold3 ep 003  tr=1.8305  val_AccPaper=0.5819  val_BalAccMaj=0.5859  win_BalAcc=0.5835  win_f1_macro=0.5826
fold3 ep 004  tr=1.7861  val_AccPaper=0.6026  val_BalAccMaj=0.6078  win_BalAcc=0.5950  win_f1_macro=0.5939
fold3 ep 005  tr=1.7566  val_AccPaper=0.6015  val_BalAccMaj=0.6059  win_BalAcc=0.5961  win_f1_macro=0.5955
fold3 ep 006  tr=1.7371  val_AccPaper=0.6011  val_BalAccMaj=0.6078  win_BalAcc=0.5976  win_f1_macro=0.5967
fold3 ep 007  tr=1.7219  val_AccPaper=0.6019  val_BalAccMaj=0.6052  win_BalAcc=0.5958  win_f1_macro=0.5923
fold3 ep 008  tr=1.7075  val_AccPaper=0.6085  val_BalAccMaj=0.6141  win_BalAcc=0.6028  win_f1_macro=0.6031
fold3 ep 009  tr=1.6982  val_AccPaper=0.6137  val_BalAccMaj=0.6185  win_BalAcc=0.6044  win_f1_macro=0.6037
fold3 ep 010  tr=1.6895  val_AccPaper=0.6089  val_BalAccMaj=0.6144  win_BalAcc=0.6022  win_f1_macro=0.6014
fold3 ep 011  tr=1.6828  val_AccPaper=0.6137  val_BalAccMaj=0.6211  win_BalAcc=0.6047  win_f1_macro=0.6044
fold3 ep 012  tr=1.6828  val_AccPaper=0.6078  val_BalAccMaj=0.6126  win_BalAcc=0.6012  win_f1_macro=0.5997
fold3 ep 013  tr=1.6695  val_AccPaper=0.6144  val_BalAccMaj=0.6219  win_BalAcc=0.6054  win_f1_macro=0.6039
fold3 ep 014  tr=1.6631  val_AccPaper=0.6081  val_BalAccMaj=0.6141  win_BalAcc=0.5988  win_f1_macro=0.5978
fold3 ep 015  tr=1.6567  val_AccPaper=0.6107  val_BalAccMaj=0.6185  win_BalAcc=0.6036  win_f1_macro=0.6038
fold3 ep 016  tr=1.6530  val_AccPaper=0.6178  val_BalAccMaj=0.6256  win_BalAcc=0.6037  win_f1_macro=0.6031
fold3 ep 017  tr=1.6475  val_AccPaper=0.6037  val_BalAccMaj=0.6100  win_BalAcc=0.5953  win_f1_macro=0.5947
fold3 ep 018  tr=1.6433  val_AccPaper=0.6067  val_BalAccMaj=0.6115  win_BalAcc=0.5987  win_f1_macro=0.5983
fold3 ep 019  tr=1.6329  val_AccPaper=0.6067  val_BalAccMaj=0.6130  win_BalAcc=0.6015  win_f1_macro=0.6015
fold3 ep 020  tr=1.6314  val_AccPaper=0.6000  val_BalAccMaj=0.6056  win_BalAcc=0.5930  win_f1_macro=0.5934
fold3 ep 021  tr=1.6334  val_AccPaper=0.5985  val_BalAccMaj=0.6011  win_BalAcc=0.5902  win_f1_macro=0.5878
fold3 ep 022  tr=1.6204  val_AccPaper=0.5963  val_BalAccMaj=0.6007  win_BalAcc=0.5908  win_f1_macro=0.5891
fold3 ep 023  tr=1.6140  val_AccPaper=0.5952  val_BalAccMaj=0.6007  win_BalAcc=0.5905  win_f1_macro=0.5888
fold3 ep 024  tr=1.6181  val_AccPaper=0.6059  val_BalAccMaj=0.6122  win_BalAcc=0.6004  win_f1_macro=0.5989
fold3 ep 025  tr=1.6108  val_AccPaper=0.6048  val_BalAccMaj=0.6089  win_BalAcc=0.5949  win_f1_macro=0.5941
fold3 ep 026  tr=1.6066  val_AccPaper=0.5859  val_BalAccMaj=0.5915  win_BalAcc=0.5823  win_f1_macro=0.5780
fold3 ep 027  tr=1.6008  val_AccPaper=0.6015  val_BalAccMaj=0.6078  win_BalAcc=0.5966  win_f1_macro=0.5956
fold3 ep 028  tr=1.6025  val_AccPaper=0.6096  val_BalAccMaj=0.6156  win_BalAcc=0.5970  win_f1_macro=0.5964
fold3 ep 029  tr=1.5980  val_AccPaper=0.5993  val_BalAccMaj=0.6067  win_BalAcc=0.5932  win_f1_macro=0.5925
fold3 ep 030  tr=1.5919  val_AccPaper=0.5948  val_BalAccMaj=0.6015  win_BalAcc=0.5936  win_f1_macro=0.5906
fold3 ep 031  tr=1.5888  val_AccPaper=0.6115  val_BalAccMaj=0.6170  win_BalAcc=0.6044  win_f1_macro=0.6048
fold3 ep 032  tr=1.5875  val_AccPaper=0.5996  val_BalAccMaj=0.6059  win_BalAcc=0.5894  win_f1_macro=0.5866
fold3 ep 033  tr=1.5881  val_AccPaper=0.6022  val_BalAccMaj=0.6096  win_BalAcc=0.5945  win_f1_macro=0.5928
fold3 ep 034  tr=1.5821  val_AccPaper=0.5944  val_BalAccMaj=0.6015  win_BalAcc=0.5886  win_f1_macro=0.5869
fold3 ep 035  tr=1.5708  val_AccPaper=0.5952  val_BalAccMaj=0.5996  win_BalAcc=0.5851  win_f1_macro=0.5836
fold3 ep 036  tr=1.5672  val_AccPaper=0.5952  val_BalAccMaj=0.5989  win_BalAcc=0.5861  win_f1_macro=0.5835
fold3 early stop @ ep 36
fold4 ep 001  tr=2.0529  val_AccPaper=0.4993  val_BalAccMaj=0.5037  win_BalAcc=0.5031  win_f1_macro=0.4999
fold4 ep 002  tr=1.7971  val_AccPaper=0.4985  val_BalAccMaj=0.5052  win_BalAcc=0.4996  win_f1_macro=0.4941
fold4 ep 003  tr=1.7245  val_AccPaper=0.5041  val_BalAccMaj=0.5115  win_BalAcc=0.5075  win_f1_macro=0.5046
fold4 ep 004  tr=1.6869  val_AccPaper=0.5096  val_BalAccMaj=0.5174  win_BalAcc=0.5107  win_f1_macro=0.5076
fold4 ep 005  tr=1.6670  val_AccPaper=0.5122  val_BalAccMaj=0.5185  win_BalAcc=0.5110  win_f1_macro=0.5065
fold4 ep 006  tr=1.6518  val_AccPaper=0.5144  val_BalAccMaj=0.5226  win_BalAcc=0.5135  win_f1_macro=0.5084
fold4 ep 007  tr=1.6418  val_AccPaper=0.5144  val_BalAccMaj=0.5185  win_BalAcc=0.5110  win_f1_macro=0.5096
fold4 ep 008  tr=1.6388  val_AccPaper=0.5185  val_BalAccMaj=0.5248  win_BalAcc=0.5142  win_f1_macro=0.5148
fold4 ep 009  tr=1.6249  val_AccPaper=0.5204  val_BalAccMaj=0.5252  win_BalAcc=0.5154  win_f1_macro=0.5119
fold4 ep 010  tr=1.6078  val_AccPaper=0.5244  val_BalAccMaj=0.5293  win_BalAcc=0.5209  win_f1_macro=0.5183
fold4 ep 011  tr=1.6101  val_AccPaper=0.5293  val_BalAccMaj=0.5344  win_BalAcc=0.5228  win_f1_macro=0.5224
fold4 ep 012  tr=1.5961  val_AccPaper=0.5219  val_BalAccMaj=0.5300  win_BalAcc=0.5164  win_f1_macro=0.5138
fold4 ep 013  tr=1.5944  val_AccPaper=0.5189  val_BalAccMaj=0.5252  win_BalAcc=0.5192  win_f1_macro=0.5186
fold4 ep 014  tr=1.5881  val_AccPaper=0.5237  val_BalAccMaj=0.5281  win_BalAcc=0.5175  win_f1_macro=0.5130
fold4 ep 015  tr=1.5814  val_AccPaper=0.5230  val_BalAccMaj=0.5267  win_BalAcc=0.5199  win_f1_macro=0.5164
fold4 ep 016  tr=1.5854  val_AccPaper=0.5226  val_BalAccMaj=0.5293  win_BalAcc=0.5221  win_f1_macro=0.5203
fold4 ep 017  tr=1.5771  val_AccPaper=0.5152  val_BalAccMaj=0.5215  win_BalAcc=0.5132  win_f1_macro=0.5115
fold4 ep 018  tr=1.5695  val_AccPaper=0.5226  val_BalAccMaj=0.5322  win_BalAcc=0.5233  win_f1_macro=0.5215
fold4 ep 019  tr=1.5656  val_AccPaper=0.5148  val_BalAccMaj=0.5248  win_BalAcc=0.5181  win_f1_macro=0.5141
fold4 ep 020  tr=1.5584  val_AccPaper=0.5233  val_BalAccMaj=0.5293  win_BalAcc=0.5201  win_f1_macro=0.5166
fold4 ep 021  tr=1.5580  val_AccPaper=0.5222  val_BalAccMaj=0.5252  win_BalAcc=0.5187  win_f1_macro=0.5166
fold4 ep 022  tr=1.5533  val_AccPaper=0.5178  val_BalAccMaj=0.5252  win_BalAcc=0.5203  win_f1_macro=0.5202
fold4 ep 023  tr=1.5486  val_AccPaper=0.5119  val_BalAccMaj=0.5189  win_BalAcc=0.5153  win_f1_macro=0.5143
fold4 ep 024  tr=1.5469  val_AccPaper=0.5207  val_BalAccMaj=0.5281  win_BalAcc=0.5186  win_f1_macro=0.5183
fold4 ep 025  tr=1.5396  val_AccPaper=0.5104  val_BalAccMaj=0.5159  win_BalAcc=0.5165  win_f1_macro=0.5142
fold4 ep 026  tr=1.5328  val_AccPaper=0.5111  val_BalAccMaj=0.5181  win_BalAcc=0.5121  win_f1_macro=0.5116
fold4 ep 027  tr=1.5315  val_AccPaper=0.5230  val_BalAccMaj=0.5307  win_BalAcc=0.5204  win_f1_macro=0.5190
fold4 ep 028  tr=1.5319  val_AccPaper=0.5067  val_BalAccMaj=0.5148  win_BalAcc=0.5101  win_f1_macro=0.5086
fold4 ep 029  tr=1.5263  val_AccPaper=0.5037  val_BalAccMaj=0.5119  win_BalAcc=0.5076  win_f1_macro=0.5059
fold4 ep 030  tr=1.5253  val_AccPaper=0.5037  val_BalAccMaj=0.5111  win_BalAcc=0.5081  win_f1_macro=0.5056
fold4 ep 031  tr=1.5132  val_AccPaper=0.5137  val_BalAccMaj=0.5207  win_BalAcc=0.5162  win_f1_macro=0.5155
fold4 early stop @ ep 31
[B10] done val_AccPaper=0.5681 test_AccPaper=0.5696 test_BalAcc=0.5756 test_win_F1=0.5653
