start arm=C1 device=cuda n_classes=3 y_counts={0: 91800, 1: 91800, 2: 91800} pf_protocol_version=3 no_rest=False
[C1] §3.2.1 future-perturb ratio=131.953
fold0 ep 001  tr=2.0824  val_AccPaper=0.5056  val_BalAccMaj=0.5085  win_BalAcc=0.5023  win_f1_macro=0.4881
fold0 ep 002  tr=1.8296  val_AccPaper=0.5389  val_BalAccMaj=0.5437  win_BalAcc=0.5302  win_f1_macro=0.5262
fold0 ep 003  tr=1.7419  val_AccPaper=0.5470  val_BalAccMaj=0.5526  win_BalAcc=0.5418  win_f1_macro=0.5415
fold0 ep 004  tr=1.7039  val_AccPaper=0.5574  val_BalAccMaj=0.5644  win_BalAcc=0.5495  win_f1_macro=0.5494
fold0 ep 005  tr=1.6773  val_AccPaper=0.5652  val_BalAccMaj=0.5704  win_BalAcc=0.5606  win_f1_macro=0.5608
fold0 ep 006  tr=1.6535  val_AccPaper=0.5633  val_BalAccMaj=0.5704  win_BalAcc=0.5597  win_f1_macro=0.5601
fold0 ep 007  tr=1.6443  val_AccPaper=0.5674  val_BalAccMaj=0.5726  win_BalAcc=0.5585  win_f1_macro=0.5587
fold0 ep 008  tr=1.6376  val_AccPaper=0.5659  val_BalAccMaj=0.5730  win_BalAcc=0.5608  win_f1_macro=0.5617
fold0 ep 009  tr=1.6263  val_AccPaper=0.5696  val_BalAccMaj=0.5748  win_BalAcc=0.5622  win_f1_macro=0.5621
fold0 ep 010  tr=1.6229  val_AccPaper=0.5626  val_BalAccMaj=0.5700  win_BalAcc=0.5588  win_f1_macro=0.5589
fold0 ep 011  tr=1.6078  val_AccPaper=0.5689  val_BalAccMaj=0.5748  win_BalAcc=0.5609  win_f1_macro=0.5615
fold0 ep 012  tr=1.6012  val_AccPaper=0.5637  val_BalAccMaj=0.5704  win_BalAcc=0.5595  win_f1_macro=0.5602
fold0 ep 013  tr=1.6005  val_AccPaper=0.5544  val_BalAccMaj=0.5604  win_BalAcc=0.5535  win_f1_macro=0.5530
fold0 ep 014  tr=1.5867  val_AccPaper=0.5611  val_BalAccMaj=0.5667  win_BalAcc=0.5571  win_f1_macro=0.5574
fold0 ep 015  tr=1.5848  val_AccPaper=0.5615  val_BalAccMaj=0.5700  win_BalAcc=0.5569  win_f1_macro=0.5572
fold0 ep 016  tr=1.5770  val_AccPaper=0.5641  val_BalAccMaj=0.5711  win_BalAcc=0.5602  win_f1_macro=0.5602
fold0 ep 017  tr=1.5774  val_AccPaper=0.5630  val_BalAccMaj=0.5704  win_BalAcc=0.5546  win_f1_macro=0.5551
fold0 ep 018  tr=1.5683  val_AccPaper=0.5656  val_BalAccMaj=0.5689  win_BalAcc=0.5570  win_f1_macro=0.5569
fold0 ep 019  tr=1.5643  val_AccPaper=0.5685  val_BalAccMaj=0.5770  win_BalAcc=0.5596  win_f1_macro=0.5601
fold0 ep 020  tr=1.5558  val_AccPaper=0.5663  val_BalAccMaj=0.5752  win_BalAcc=0.5588  win_f1_macro=0.5582
fold0 ep 021  tr=1.5542  val_AccPaper=0.5633  val_BalAccMaj=0.5685  win_BalAcc=0.5576  win_f1_macro=0.5581
fold0 ep 022  tr=1.5467  val_AccPaper=0.5600  val_BalAccMaj=0.5652  win_BalAcc=0.5554  win_f1_macro=0.5556
fold0 ep 023  tr=1.5420  val_AccPaper=0.5689  val_BalAccMaj=0.5752  win_BalAcc=0.5591  win_f1_macro=0.5586
fold0 ep 024  tr=1.5414  val_AccPaper=0.5648  val_BalAccMaj=0.5696  win_BalAcc=0.5542  win_f1_macro=0.5532
fold0 ep 025  tr=1.5386  val_AccPaper=0.5637  val_BalAccMaj=0.5711  win_BalAcc=0.5566  win_f1_macro=0.5558
fold0 ep 026  tr=1.5322  val_AccPaper=0.5670  val_BalAccMaj=0.5741  win_BalAcc=0.5570  win_f1_macro=0.5568
fold0 ep 027  tr=1.5301  val_AccPaper=0.5559  val_BalAccMaj=0.5626  win_BalAcc=0.5507  win_f1_macro=0.5511
fold0 ep 028  tr=1.5249  val_AccPaper=0.5622  val_BalAccMaj=0.5707  win_BalAcc=0.5560  win_f1_macro=0.5553
fold0 ep 029  tr=1.5152  val_AccPaper=0.5630  val_BalAccMaj=0.5693  win_BalAcc=0.5563  win_f1_macro=0.5562
fold0 early stop @ ep 29
fold1 ep 001  tr=2.1304  val_AccPaper=0.5289  val_BalAccMaj=0.5326  win_BalAcc=0.5257  win_f1_macro=0.5105
fold1 ep 002  tr=1.8945  val_AccPaper=0.5470  val_BalAccMaj=0.5541  win_BalAcc=0.5461  win_f1_macro=0.5382
fold1 ep 003  tr=1.8220  val_AccPaper=0.5496  val_BalAccMaj=0.5541  win_BalAcc=0.5473  win_f1_macro=0.5417
fold1 ep 004  tr=1.7945  val_AccPaper=0.5578  val_BalAccMaj=0.5626  win_BalAcc=0.5554  win_f1_macro=0.5498
fold1 ep 005  tr=1.7643  val_AccPaper=0.5522  val_BalAccMaj=0.5611  win_BalAcc=0.5561  win_f1_macro=0.5516
fold1 ep 006  tr=1.7437  val_AccPaper=0.5607  val_BalAccMaj=0.5652  win_BalAcc=0.5596  win_f1_macro=0.5553
fold1 ep 007  tr=1.7350  val_AccPaper=0.5489  val_BalAccMaj=0.5541  win_BalAcc=0.5512  win_f1_macro=0.5463
fold1 ep 008  tr=1.7220  val_AccPaper=0.5700  val_BalAccMaj=0.5774  win_BalAcc=0.5675  win_f1_macro=0.5647
fold1 ep 009  tr=1.7162  val_AccPaper=0.5648  val_BalAccMaj=0.5730  win_BalAcc=0.5632  win_f1_macro=0.5581
fold1 ep 010  tr=1.7060  val_AccPaper=0.5833  val_BalAccMaj=0.5911  win_BalAcc=0.5734  win_f1_macro=0.5720
fold1 ep 011  tr=1.6967  val_AccPaper=0.5607  val_BalAccMaj=0.5693  win_BalAcc=0.5612  win_f1_macro=0.5575
fold1 ep 012  tr=1.6935  val_AccPaper=0.5681  val_BalAccMaj=0.5756  win_BalAcc=0.5632  win_f1_macro=0.5584
fold1 ep 013  tr=1.6858  val_AccPaper=0.5767  val_BalAccMaj=0.5844  win_BalAcc=0.5692  win_f1_macro=0.5675
fold1 ep 014  tr=1.6819  val_AccPaper=0.5670  val_BalAccMaj=0.5733  win_BalAcc=0.5641  win_f1_macro=0.5619
fold1 ep 015  tr=1.6716  val_AccPaper=0.5600  val_BalAccMaj=0.5652  win_BalAcc=0.5545  win_f1_macro=0.5507
fold1 ep 016  tr=1.6691  val_AccPaper=0.5770  val_BalAccMaj=0.5881  win_BalAcc=0.5713  win_f1_macro=0.5701
fold1 ep 017  tr=1.6590  val_AccPaper=0.5707  val_BalAccMaj=0.5752  win_BalAcc=0.5613  win_f1_macro=0.5590
fold1 ep 018  tr=1.6611  val_AccPaper=0.5770  val_BalAccMaj=0.5844  win_BalAcc=0.5684  win_f1_macro=0.5670
fold1 ep 019  tr=1.6536  val_AccPaper=0.5667  val_BalAccMaj=0.5744  win_BalAcc=0.5636  win_f1_macro=0.5603
fold1 ep 020  tr=1.6477  val_AccPaper=0.5648  val_BalAccMaj=0.5715  win_BalAcc=0.5585  win_f1_macro=0.5552
fold1 ep 021  tr=1.6418  val_AccPaper=0.5730  val_BalAccMaj=0.5800  win_BalAcc=0.5656  win_f1_macro=0.5612
fold1 ep 022  tr=1.6372  val_AccPaper=0.5641  val_BalAccMaj=0.5700  win_BalAcc=0.5611  win_f1_macro=0.5585
fold1 ep 023  tr=1.6354  val_AccPaper=0.5659  val_BalAccMaj=0.5730  win_BalAcc=0.5602  win_f1_macro=0.5573
fold1 ep 024  tr=1.6297  val_AccPaper=0.5663  val_BalAccMaj=0.5730  win_BalAcc=0.5596  win_f1_macro=0.5578
fold1 ep 025  tr=1.6234  val_AccPaper=0.5656  val_BalAccMaj=0.5759  win_BalAcc=0.5596  win_f1_macro=0.5559
fold1 ep 026  tr=1.6174  val_AccPaper=0.5467  val_BalAccMaj=0.5526  win_BalAcc=0.5436  win_f1_macro=0.5383
fold1 ep 027  tr=1.6141  val_AccPaper=0.5663  val_BalAccMaj=0.5752  win_BalAcc=0.5571  win_f1_macro=0.5538
fold1 ep 028  tr=1.6116  val_AccPaper=0.5704  val_BalAccMaj=0.5770  win_BalAcc=0.5630  win_f1_macro=0.5580
fold1 ep 029  tr=1.6065  val_AccPaper=0.5530  val_BalAccMaj=0.5637  win_BalAcc=0.5507  win_f1_macro=0.5457
fold1 ep 030  tr=1.6086  val_AccPaper=0.5637  val_BalAccMaj=0.5715  win_BalAcc=0.5566  win_f1_macro=0.5559
fold1 early stop @ ep 30
fold2 ep 001  tr=2.0803  val_AccPaper=0.5137  val_BalAccMaj=0.5189  win_BalAcc=0.5096  win_f1_macro=0.5062
fold2 ep 002  tr=1.8130  val_AccPaper=0.5337  val_BalAccMaj=0.5396  win_BalAcc=0.5303  win_f1_macro=0.5307
fold2 ep 003  tr=1.7364  val_AccPaper=0.5433  val_BalAccMaj=0.5507  win_BalAcc=0.5360  win_f1_macro=0.5368
fold2 ep 004  tr=1.6918  val_AccPaper=0.5470  val_BalAccMaj=0.5530  win_BalAcc=0.5371  win_f1_macro=0.5370
fold2 ep 005  tr=1.6688  val_AccPaper=0.5467  val_BalAccMaj=0.5530  win_BalAcc=0.5358  win_f1_macro=0.5361
fold2 ep 006  tr=1.6499  val_AccPaper=0.5433  val_BalAccMaj=0.5493  win_BalAcc=0.5379  win_f1_macro=0.5362
fold2 ep 007  tr=1.6402  val_AccPaper=0.5400  val_BalAccMaj=0.5441  win_BalAcc=0.5335  win_f1_macro=0.5315
fold2 ep 008  tr=1.6287  val_AccPaper=0.5344  val_BalAccMaj=0.5411  win_BalAcc=0.5386  win_f1_macro=0.5361
fold2 ep 009  tr=1.6161  val_AccPaper=0.5348  val_BalAccMaj=0.5389  win_BalAcc=0.5295  win_f1_macro=0.5257
fold2 ep 010  tr=1.6082  val_AccPaper=0.5274  val_BalAccMaj=0.5344  win_BalAcc=0.5272  win_f1_macro=0.5230
fold2 ep 011  tr=1.6008  val_AccPaper=0.5222  val_BalAccMaj=0.5289  win_BalAcc=0.5227  win_f1_macro=0.5180
fold2 ep 012  tr=1.6056  val_AccPaper=0.5248  val_BalAccMaj=0.5296  win_BalAcc=0.5198  win_f1_macro=0.5171
fold2 ep 013  tr=1.5893  val_AccPaper=0.5296  val_BalAccMaj=0.5348  win_BalAcc=0.5249  win_f1_macro=0.5226
fold2 ep 014  tr=1.5851  val_AccPaper=0.5270  val_BalAccMaj=0.5333  win_BalAcc=0.5248  win_f1_macro=0.5208
fold2 ep 015  tr=1.5826  val_AccPaper=0.5270  val_BalAccMaj=0.5315  win_BalAcc=0.5249  win_f1_macro=0.5201
fold2 ep 016  tr=1.5766  val_AccPaper=0.5267  val_BalAccMaj=0.5319  win_BalAcc=0.5277  win_f1_macro=0.5236
fold2 ep 017  tr=1.5699  val_AccPaper=0.5296  val_BalAccMaj=0.5344  win_BalAcc=0.5234  win_f1_macro=0.5183
fold2 ep 018  tr=1.5688  val_AccPaper=0.5267  val_BalAccMaj=0.5304  win_BalAcc=0.5232  win_f1_macro=0.5203
fold2 ep 019  tr=1.5601  val_AccPaper=0.5289  val_BalAccMaj=0.5337  win_BalAcc=0.5212  win_f1_macro=0.5165
fold2 ep 020  tr=1.5584  val_AccPaper=0.5274  val_BalAccMaj=0.5330  win_BalAcc=0.5213  win_f1_macro=0.5169
fold2 ep 021  tr=1.5587  val_AccPaper=0.5222  val_BalAccMaj=0.5274  win_BalAcc=0.5175  win_f1_macro=0.5126
fold2 ep 022  tr=1.5505  val_AccPaper=0.5300  val_BalAccMaj=0.5344  win_BalAcc=0.5231  win_f1_macro=0.5194
fold2 ep 023  tr=1.5474  val_AccPaper=0.5207  val_BalAccMaj=0.5263  win_BalAcc=0.5142  win_f1_macro=0.5082
fold2 ep 024  tr=1.5431  val_AccPaper=0.5237  val_BalAccMaj=0.5322  win_BalAcc=0.5218  win_f1_macro=0.5153
fold2 early stop @ ep 24
fold3 ep 001  tr=2.1203  val_AccPaper=0.5515  val_BalAccMaj=0.5563  win_BalAcc=0.5458  win_f1_macro=0.5361
fold3 ep 002  tr=1.8811  val_AccPaper=0.5656  val_BalAccMaj=0.5696  win_BalAcc=0.5603  win_f1_macro=0.5553
fold3 ep 003  tr=1.8138  val_AccPaper=0.5811  val_BalAccMaj=0.5867  win_BalAcc=0.5788  win_f1_macro=0.5786
fold3 ep 004  tr=1.7748  val_AccPaper=0.5956  val_BalAccMaj=0.6015  win_BalAcc=0.5866  win_f1_macro=0.5869
fold3 ep 005  tr=1.7560  val_AccPaper=0.5978  val_BalAccMaj=0.6030  win_BalAcc=0.5879  win_f1_macro=0.5884
fold3 ep 006  tr=1.7306  val_AccPaper=0.5952  val_BalAccMaj=0.6015  win_BalAcc=0.5884  win_f1_macro=0.5890
fold3 ep 007  tr=1.7241  val_AccPaper=0.6007  val_BalAccMaj=0.6063  win_BalAcc=0.5886  win_f1_macro=0.5891
fold3 ep 008  tr=1.7070  val_AccPaper=0.6007  val_BalAccMaj=0.6063  win_BalAcc=0.5907  win_f1_macro=0.5912
fold3 ep 009  tr=1.7002  val_AccPaper=0.5933  val_BalAccMaj=0.6011  win_BalAcc=0.5859  win_f1_macro=0.5862
fold3 ep 010  tr=1.6869  val_AccPaper=0.5941  val_BalAccMaj=0.6011  win_BalAcc=0.5875  win_f1_macro=0.5877
fold3 ep 011  tr=1.6806  val_AccPaper=0.6000  val_BalAccMaj=0.6041  win_BalAcc=0.5875  win_f1_macro=0.5879
fold3 ep 012  tr=1.6730  val_AccPaper=0.6100  val_BalAccMaj=0.6148  win_BalAcc=0.5975  win_f1_macro=0.5977
fold3 ep 013  tr=1.6659  val_AccPaper=0.5970  val_BalAccMaj=0.6015  win_BalAcc=0.5901  win_f1_macro=0.5905
fold3 ep 014  tr=1.6635  val_AccPaper=0.5996  val_BalAccMaj=0.6059  win_BalAcc=0.5857  win_f1_macro=0.5855
fold3 ep 015  tr=1.6597  val_AccPaper=0.6011  val_BalAccMaj=0.6063  win_BalAcc=0.5948  win_f1_macro=0.5952
fold3 ep 016  tr=1.6491  val_AccPaper=0.5967  val_BalAccMaj=0.6015  win_BalAcc=0.5888  win_f1_macro=0.5888
fold3 ep 017  tr=1.6408  val_AccPaper=0.5996  val_BalAccMaj=0.6067  win_BalAcc=0.5951  win_f1_macro=0.5957
fold3 ep 018  tr=1.6405  val_AccPaper=0.6000  val_BalAccMaj=0.6026  win_BalAcc=0.5923  win_f1_macro=0.5928
fold3 ep 019  tr=1.6328  val_AccPaper=0.6130  val_BalAccMaj=0.6196  win_BalAcc=0.6027  win_f1_macro=0.6028
fold3 ep 020  tr=1.6329  val_AccPaper=0.6007  val_BalAccMaj=0.6059  win_BalAcc=0.5951  win_f1_macro=0.5955
fold3 ep 021  tr=1.6280  val_AccPaper=0.5933  val_BalAccMaj=0.5974  win_BalAcc=0.5892  win_f1_macro=0.5894
fold3 ep 022  tr=1.6251  val_AccPaper=0.5948  val_BalAccMaj=0.5985  win_BalAcc=0.5884  win_f1_macro=0.5887
fold3 ep 023  tr=1.6169  val_AccPaper=0.6007  val_BalAccMaj=0.6048  win_BalAcc=0.5962  win_f1_macro=0.5963
fold3 ep 024  tr=1.6175  val_AccPaper=0.5963  val_BalAccMaj=0.6033  win_BalAcc=0.5906  win_f1_macro=0.5907
fold3 ep 025  tr=1.6080  val_AccPaper=0.5922  val_BalAccMaj=0.5970  win_BalAcc=0.5884  win_f1_macro=0.5883
fold3 ep 026  tr=1.6076  val_AccPaper=0.5956  val_BalAccMaj=0.6022  win_BalAcc=0.5900  win_f1_macro=0.5904
fold3 ep 027  tr=1.6009  val_AccPaper=0.6026  val_BalAccMaj=0.6067  win_BalAcc=0.5922  win_f1_macro=0.5924
fold3 ep 028  tr=1.5999  val_AccPaper=0.6030  val_BalAccMaj=0.6096  win_BalAcc=0.5930  win_f1_macro=0.5925
fold3 ep 029  tr=1.5951  val_AccPaper=0.5956  val_BalAccMaj=0.5996  win_BalAcc=0.5885  win_f1_macro=0.5887
fold3 ep 030  tr=1.5877  val_AccPaper=0.5896  val_BalAccMaj=0.5956  win_BalAcc=0.5834  win_f1_macro=0.5821
fold3 ep 031  tr=1.5872  val_AccPaper=0.5993  val_BalAccMaj=0.6074  win_BalAcc=0.5913  win_f1_macro=0.5915
fold3 ep 032  tr=1.5820  val_AccPaper=0.5922  val_BalAccMaj=0.5981  win_BalAcc=0.5864  win_f1_macro=0.5865
fold3 ep 033  tr=1.5790  val_AccPaper=0.6000  val_BalAccMaj=0.6044  win_BalAcc=0.5920  win_f1_macro=0.5915
fold3 ep 034  tr=1.5767  val_AccPaper=0.5893  val_BalAccMaj=0.5970  win_BalAcc=0.5854  win_f1_macro=0.5849
fold3 ep 035  tr=1.5741  val_AccPaper=0.6000  val_BalAccMaj=0.6059  win_BalAcc=0.5941  win_f1_macro=0.5940
fold3 ep 036  tr=1.5722  val_AccPaper=0.5959  val_BalAccMaj=0.6019  win_BalAcc=0.5876  win_f1_macro=0.5877
fold3 ep 037  tr=1.5650  val_AccPaper=0.5959  val_BalAccMaj=0.6011  win_BalAcc=0.5887  win_f1_macro=0.5885
fold3 ep 038  tr=1.5640  val_AccPaper=0.5970  val_BalAccMaj=0.6011  win_BalAcc=0.5888  win_f1_macro=0.5885
fold3 ep 039  tr=1.5632  val_AccPaper=0.5941  val_BalAccMaj=0.6000  win_BalAcc=0.5879  win_f1_macro=0.5877
fold3 early stop @ ep 39
fold4 ep 001  tr=2.0821  val_AccPaper=0.4878  val_BalAccMaj=0.4915  win_BalAcc=0.4868  win_f1_macro=0.4743
fold4 ep 002  tr=1.8189  val_AccPaper=0.5004  val_BalAccMaj=0.5081  win_BalAcc=0.4976  win_f1_macro=0.4936
fold4 ep 003  tr=1.7408  val_AccPaper=0.5007  val_BalAccMaj=0.5067  win_BalAcc=0.4990  win_f1_macro=0.4955
fold4 ep 004  tr=1.7042  val_AccPaper=0.4974  val_BalAccMaj=0.5030  win_BalAcc=0.5010  win_f1_macro=0.4968
fold4 ep 005  tr=1.6748  val_AccPaper=0.5056  val_BalAccMaj=0.5104  win_BalAcc=0.5062  win_f1_macro=0.5050
fold4 ep 006  tr=1.6604  val_AccPaper=0.4896  val_BalAccMaj=0.4981  win_BalAcc=0.4961  win_f1_macro=0.4952
fold4 ep 007  tr=1.6481  val_AccPaper=0.4841  val_BalAccMaj=0.4904  win_BalAcc=0.4861  win_f1_macro=0.4784
fold4 ep 008  tr=1.6428  val_AccPaper=0.4930  val_BalAccMaj=0.5019  win_BalAcc=0.4994  win_f1_macro=0.4932
fold4 ep 009  tr=1.6277  val_AccPaper=0.4933  val_BalAccMaj=0.5019  win_BalAcc=0.4981  win_f1_macro=0.4955
fold4 ep 010  tr=1.6225  val_AccPaper=0.4863  val_BalAccMaj=0.4948  win_BalAcc=0.4951  win_f1_macro=0.4924
fold4 ep 011  tr=1.6135  val_AccPaper=0.4900  val_BalAccMaj=0.4959  win_BalAcc=0.4942  win_f1_macro=0.4924
fold4 ep 012  tr=1.6108  val_AccPaper=0.4937  val_BalAccMaj=0.5033  win_BalAcc=0.5004  win_f1_macro=0.4997
fold4 ep 013  tr=1.6033  val_AccPaper=0.4881  val_BalAccMaj=0.4959  win_BalAcc=0.4918  win_f1_macro=0.4910
fold4 ep 014  tr=1.5974  val_AccPaper=0.4963  val_BalAccMaj=0.5004  win_BalAcc=0.4972  win_f1_macro=0.4959
fold4 ep 015  tr=1.5877  val_AccPaper=0.4989  val_BalAccMaj=0.5063  win_BalAcc=0.5006  win_f1_macro=0.4986
fold4 ep 016  tr=1.5844  val_AccPaper=0.4926  val_BalAccMaj=0.4981  win_BalAcc=0.4910  win_f1_macro=0.4897
fold4 ep 017  tr=1.5761  val_AccPaper=0.4978  val_BalAccMaj=0.5041  win_BalAcc=0.5001  win_f1_macro=0.4989
fold4 ep 018  tr=1.5689  val_AccPaper=0.4870  val_BalAccMaj=0.4948  win_BalAcc=0.4898  win_f1_macro=0.4886
fold4 ep 019  tr=1.5723  val_AccPaper=0.4874  val_BalAccMaj=0.4915  win_BalAcc=0.4935  win_f1_macro=0.4893
fold4 ep 020  tr=1.5676  val_AccPaper=0.4885  val_BalAccMaj=0.4963  win_BalAcc=0.4904  win_f1_macro=0.4862
fold4 ep 021  tr=1.5591  val_AccPaper=0.4985  val_BalAccMaj=0.5041  win_BalAcc=0.4994  win_f1_macro=0.4962
fold4 ep 022  tr=1.5560  val_AccPaper=0.4904  val_BalAccMaj=0.4963  win_BalAcc=0.4916  win_f1_macro=0.4884
fold4 ep 023  tr=1.5570  val_AccPaper=0.4885  val_BalAccMaj=0.4941  win_BalAcc=0.4872  win_f1_macro=0.4838
fold4 ep 024  tr=1.5473  val_AccPaper=0.5033  val_BalAccMaj=0.5093  win_BalAcc=0.5029  win_f1_macro=0.5020
fold4 ep 025  tr=1.5410  val_AccPaper=0.4922  val_BalAccMaj=0.4974  win_BalAcc=0.4902  win_f1_macro=0.4893
fold4 early stop @ ep 25
[C1] done val_AccPaper=0.5637 test_AccPaper=0.5693 test_BalAcc=0.5755 test_win_F1=0.5650
