[01:50:40] === stream sub02_ses01_20260723_180607 ===
[01:50:41] subject=sub02 trials=62 train=31 eval=31
[01:50:44] [sub02] eegnet task fold0 ft_tr=1050 ft_va=252 eval=1281 full_model=True
[01:50:45] fold0 ep 001 tr=0.7377 va=0.7775 val_AccPaper=0.5000 val_BalAccMaj=0.5000
[01:50:45] fold0 ep 002 tr=0.7137 va=0.7646 val_AccPaper=0.5000 val_BalAccMaj=0.5000
[01:50:46] fold0 ep 003 tr=0.6980 va=0.7555 val_AccPaper=0.4167 val_BalAccMaj=0.4167
[01:50:46] fold0 ep 004 tr=0.6886 va=0.7485 val_AccPaper=0.4167 val_BalAccMaj=0.4167
[01:50:46] fold0 ep 005 tr=0.6976 va=0.7408 val_AccPaper=0.4167 val_BalAccMaj=0.4167
[01:50:47] fold0 ep 006 tr=0.6884 va=0.7377 val_AccPaper=0.3333 val_BalAccMaj=0.3333
[01:50:47] fold0 ep 007 tr=0.6677 va=0.7353 val_AccPaper=0.3333 val_BalAccMaj=0.3333
[01:50:47] fold0 ep 008 tr=0.6715 va=0.7328 val_AccPaper=0.4167 val_BalAccMaj=0.4167
[01:50:48] fold0 ep 009 tr=0.6513 va=0.7320 val_AccPaper=0.4167 val_BalAccMaj=0.4167
[01:50:48] fold0 ep 010 tr=0.6592 va=0.7315 val_AccPaper=0.4167 val_BalAccMaj=0.4167
[01:50:49] fold0 ep 011 tr=0.6698 va=0.7297 val_AccPaper=0.4167 val_BalAccMaj=0.4167
[01:50:49] fold0 ep 012 tr=0.6422 va=0.7306 val_AccPaper=0.4167 val_BalAccMaj=0.4167
[01:50:50] fold0 ep 013 tr=0.6433 va=0.7303 val_AccPaper=0.5000 val_BalAccMaj=0.5000
[01:50:50] fold0 ep 014 tr=0.6467 va=0.7297 val_AccPaper=0.5000 val_BalAccMaj=0.5000
[01:50:50] fold0 ep 015 tr=0.6472 va=0.7290 val_AccPaper=0.4167 val_BalAccMaj=0.4167
[01:50:51] fold0 ep 016 tr=0.6294 va=0.7296 val_AccPaper=0.3333 val_BalAccMaj=0.3333
[01:50:51] fold0 ep 017 tr=0.6213 va=0.7294 val_AccPaper=0.4167 val_BalAccMaj=0.4167
[01:50:52] fold0 ep 018 tr=0.6426 va=0.7293 val_AccPaper=0.4167 val_BalAccMaj=0.4167
[01:50:52] fold0 ep 019 tr=0.6202 va=0.7300 val_AccPaper=0.4167 val_BalAccMaj=0.4167
[01:50:53] fold0 ep 020 tr=0.6242 va=0.7296 val_AccPaper=0.3333 val_BalAccMaj=0.3333
[01:50:53] fold0 ep 021 tr=0.6221 va=0.7300 val_AccPaper=0.3333 val_BalAccMaj=0.3333
[01:50:53]   early stop @ ep 21
[01:50:53] [eval_half] Acc_paper=0.3934 BalAcc_maj=0.4000 win_BalAcc=0.4337
[01:50:54] [sub02] eegnet task fold1 ft_tr=1050 ft_va=252 eval=1281 full_model=True
[01:50:54] fold1 ep 001 tr=0.6933 va=0.7227 val_AccPaper=0.3333 val_BalAccMaj=0.3333
[01:50:55] fold1 ep 002 tr=0.6861 va=0.7208 val_AccPaper=0.3333 val_BalAccMaj=0.3333
[01:50:55] fold1 ep 003 tr=0.6755 va=0.7200 val_AccPaper=0.2500 val_BalAccMaj=0.2500
[01:50:55] fold1 ep 004 tr=0.6816 va=0.7198 val_AccPaper=0.2500 val_BalAccMaj=0.2500
[01:50:56] fold1 ep 005 tr=0.6831 va=0.7202 val_AccPaper=0.2500 val_BalAccMaj=0.2500
[01:50:56] fold1 ep 006 tr=0.6817 va=0.7200 val_AccPaper=0.2500 val_BalAccMaj=0.2500
[01:50:57] fold1 ep 007 tr=0.6838 va=0.7195 val_AccPaper=0.2500 val_BalAccMaj=0.2500
[01:50:57] fold1 ep 008 tr=0.6798 va=0.7183 val_AccPaper=0.2500 val_BalAccMaj=0.2500
[01:50:58] fold1 ep 009 tr=0.6775 va=0.7176 val_AccPaper=0.3333 val_BalAccMaj=0.3333
[01:50:58] fold1 ep 010 tr=0.6641 va=0.7166 val_AccPaper=0.3333 val_BalAccMaj=0.3333
[01:50:58] fold1 ep 011 tr=0.6666 va=0.7161 val_AccPaper=0.3333 val_BalAccMaj=0.3333
[01:50:59] fold1 ep 012 tr=0.6562 va=0.7159 val_AccPaper=0.3333 val_BalAccMaj=0.3333
[01:50:59] fold1 ep 013 tr=0.6610 va=0.7149 val_AccPaper=0.4167 val_BalAccMaj=0.4167
[01:51:00] fold1 ep 014 tr=0.6578 va=0.7144 val_AccPaper=0.3333 val_BalAccMaj=0.3333
[01:51:00] fold1 ep 015 tr=0.6605 va=0.7132 val_AccPaper=0.4167 val_BalAccMaj=0.4167
[01:51:00] fold1 ep 016 tr=0.6556 va=0.7114 val_AccPaper=0.5000 val_BalAccMaj=0.5000
[01:51:01] fold1 ep 017 tr=0.6466 va=0.7087 val_AccPaper=0.5000 val_BalAccMaj=0.5000
[01:51:01] fold1 ep 018 tr=0.6529 va=0.7079 val_AccPaper=0.5000 val_BalAccMaj=0.5000
[01:51:02] fold1 ep 019 tr=0.6372 va=0.7063 val_AccPaper=0.5000 val_BalAccMaj=0.5000
[01:51:02] fold1 ep 020 tr=0.6561 va=0.7042 val_AccPaper=0.5000 val_BalAccMaj=0.5000
[01:51:03] fold1 ep 021 tr=0.6440 va=0.7041 val_AccPaper=0.5000 val_BalAccMaj=0.5000
[01:51:03] fold1 ep 022 tr=0.6300 va=0.7024 val_AccPaper=0.5000 val_BalAccMaj=0.5000
[01:51:03] fold1 ep 023 tr=0.6409 va=0.7006 val_AccPaper=0.5000 val_BalAccMaj=0.5000
[01:51:04] fold1 ep 024 tr=0.6353 va=0.6985 val_AccPaper=0.5000 val_BalAccMaj=0.5000
[01:51:04] fold1 ep 025 tr=0.6299 va=0.6980 val_AccPaper=0.5833 val_BalAccMaj=0.5833
[01:51:05] fold1 ep 026 tr=0.6216 va=0.6961 val_AccPaper=0.5833 val_BalAccMaj=0.5833
[01:51:05] fold1 ep 027 tr=0.6181 va=0.6944 val_AccPaper=0.5833 val_BalAccMaj=0.5833
[01:51:05] fold1 ep 028 tr=0.6104 va=0.6921 val_AccPaper=0.5833 val_BalAccMaj=0.5833
[01:51:06] fold1 ep 029 tr=0.6104 va=0.6913 val_AccPaper=0.5833 val_BalAccMaj=0.5833
[01:51:06] fold1 ep 030 tr=0.6121 va=0.6893 val_AccPaper=0.6667 val_BalAccMaj=0.6667
[01:51:07] fold1 ep 031 tr=0.6018 va=0.6876 val_AccPaper=0.6667 val_BalAccMaj=0.6667
[01:51:07] fold1 ep 032 tr=0.5974 va=0.6866 val_AccPaper=0.6667 val_BalAccMaj=0.6667
[01:51:08] fold1 ep 033 tr=0.5846 va=0.6867 val_AccPaper=0.6667 val_BalAccMaj=0.6667
[01:51:08] fold1 ep 034 tr=0.5807 va=0.6856 val_AccPaper=0.6667 val_BalAccMaj=0.6667
[01:51:08] fold1 ep 035 tr=0.5692 va=0.6859 val_AccPaper=0.6667 val_BalAccMaj=0.6667
[01:51:09] fold1 ep 036 tr=0.5786 va=0.6872 val_AccPaper=0.6667 val_BalAccMaj=0.6667
[01:51:09] fold1 ep 037 tr=0.5670 va=0.6864 val_AccPaper=0.6667 val_BalAccMaj=0.6667
[01:51:10] fold1 ep 038 tr=0.5518 va=0.6839 val_AccPaper=0.6667 val_BalAccMaj=0.6667
[01:51:10] fold1 ep 039 tr=0.5502 va=0.6835 val_AccPaper=0.6667 val_BalAccMaj=0.6667
[01:51:10] fold1 ep 040 tr=0.5650 va=0.6856 val_AccPaper=0.6667 val_BalAccMaj=0.6667
[01:51:11] fold1 ep 041 tr=0.5656 va=0.6856 val_AccPaper=0.6667 val_BalAccMaj=0.6667
[01:51:11] fold1 ep 042 tr=0.5402 va=0.6872 val_AccPaper=0.6667 val_BalAccMaj=0.6667
[01:51:12] fold1 ep 043 tr=0.5301 va=0.6885 val_AccPaper=0.6667 val_BalAccMaj=0.6667
[01:51:12] fold1 ep 044 tr=0.5448 va=0.6849 val_AccPaper=0.7500 val_BalAccMaj=0.7500
[01:51:13] fold1 ep 045 tr=0.5543 va=0.6838 val_AccPaper=0.7500 val_BalAccMaj=0.7500
[01:51:13] fold1 ep 046 tr=0.5132 va=0.6849 val_AccPaper=0.7500 val_BalAccMaj=0.7500
[01:51:13] fold1 ep 047 tr=0.5443 va=0.6793 val_AccPaper=0.7500 val_BalAccMaj=0.7500
[01:51:14] fold1 ep 048 tr=0.5289 va=0.6795 val_AccPaper=0.7500 val_BalAccMaj=0.7500
[01:51:14] fold1 ep 049 tr=0.5188 va=0.6768 val_AccPaper=0.7500 val_BalAccMaj=0.7500
[01:51:15] fold1 ep 050 tr=0.5177 va=0.6692 val_AccPaper=0.7500 val_BalAccMaj=0.7500
[01:51:15] fold1 ep 051 tr=0.5297 va=0.6673 val_AccPaper=0.7500 val_BalAccMaj=0.7500
[01:51:15] fold1 ep 052 tr=0.5233 va=0.6669 val_AccPaper=0.7500 val_BalAccMaj=0.7500
[01:51:16] fold1 ep 053 tr=0.5055 va=0.6671 val_AccPaper=0.7500 val_BalAccMaj=0.7500
[01:51:16] fold1 ep 054 tr=0.5393 va=0.6640 val_AccPaper=0.7500 val_BalAccMaj=0.7500
[01:51:17] fold1 ep 055 tr=0.4982 va=0.6633 val_AccPaper=0.7500 val_BalAccMaj=0.7500
[01:51:17] fold1 ep 056 tr=0.5105 va=0.6606 val_AccPaper=0.7500 val_BalAccMaj=0.7500
[01:51:18] fold1 ep 057 tr=0.4883 va=0.6571 val_AccPaper=0.8333 val_BalAccMaj=0.8333
[01:51:18] fold1 ep 058 tr=0.4893 va=0.6565 val_AccPaper=0.7500 val_BalAccMaj=0.7500
[01:51:18] fold1 ep 059 tr=0.5099 va=0.6545 val_AccPaper=0.8333 val_BalAccMaj=0.8333
[01:51:19] fold1 ep 060 tr=0.4968 va=0.6545 val_AccPaper=0.7500 val_BalAccMaj=0.7500
[01:51:19] fold1 ep 061 tr=0.4956 va=0.6524 val_AccPaper=0.7500 val_BalAccMaj=0.7500
[01:51:20] fold1 ep 062 tr=0.5019 va=0.6558 val_AccPaper=0.6667 val_BalAccMaj=0.6667
[01:51:20] fold1 ep 063 tr=0.4775 va=0.6423 val_AccPaper=0.8333 val_BalAccMaj=0.8333
[01:51:20] fold1 ep 064 tr=0.4778 va=0.6347 val_AccPaper=0.8333 val_BalAccMaj=0.8333
[01:51:21] fold1 ep 065 tr=0.4984 va=0.6322 val_AccPaper=0.8333 val_BalAccMaj=0.8333
[01:51:21] fold1 ep 066 tr=0.4597 va=0.6349 val_AccPaper=0.7500 val_BalAccMaj=0.7500
[01:51:22] fold1 ep 067 tr=0.4723 va=0.6328 val_AccPaper=0.7500 val_BalAccMaj=0.7500
[01:51:22] fold1 ep 068 tr=0.4715 va=0.6314 val_AccPaper=0.7500 val_BalAccMaj=0.7500
[01:51:23] fold1 ep 069 tr=0.4605 va=0.6331 val_AccPaper=0.6667 val_BalAccMaj=0.6667
[01:51:23] fold1 ep 070 tr=0.4427 va=0.6414 val_AccPaper=0.6667 val_BalAccMaj=0.6667
[01:51:23] fold1 ep 071 tr=0.4722 va=0.6365 val_AccPaper=0.6667 val_BalAccMaj=0.6667
[01:51:24] fold1 ep 072 tr=0.4521 va=0.6382 val_AccPaper=0.6667 val_BalAccMaj=0.6667
[01:51:24] fold1 ep 073 tr=0.4631 va=0.6406 val_AccPaper=0.6667 val_BalAccMaj=0.6667
[01:51:25] fold1 ep 074 tr=0.4428 va=0.6442 val_AccPaper=0.6667 val_BalAccMaj=0.6667
[01:51:25] fold1 ep 075 tr=0.4612 va=0.6487 val_AccPaper=0.5833 val_BalAccMaj=0.5833
[01:51:25] fold1 ep 076 tr=0.4462 va=0.6384 val_AccPaper=0.6667 val_BalAccMaj=0.6667
[01:51:26] fold1 ep 077 tr=0.4555 va=0.6264 val_AccPaper=0.6667 val_BalAccMaj=0.6667
[01:51:26]   early stop @ ep 77
[01:51:26] [eval_half] Acc_paper=0.6230 BalAcc_maj=0.6226 win_BalAcc=0.6071
[01:51:27] [sub02] eegnet task fold2 ft_tr=1050 ft_va=252 eval=1281 full_model=True
[01:51:27] fold2 ep 001 tr=0.7031 va=0.7341 val_AccPaper=0.5833 val_BalAccMaj=0.5833
[01:51:28] fold2 ep 002 tr=0.7170 va=0.7269 val_AccPaper=0.4167 val_BalAccMaj=0.4167
[01:51:28] fold2 ep 003 tr=0.6984 va=0.7229 val_AccPaper=0.5833 val_BalAccMaj=0.5833
[01:51:28] fold2 ep 004 tr=0.6961 va=0.7210 val_AccPaper=0.5000 val_BalAccMaj=0.5000
[01:51:29] fold2 ep 005 tr=0.6954 va=0.7202 val_AccPaper=0.5000 val_BalAccMaj=0.5000
[01:51:29] fold2 ep 006 tr=0.7028 va=0.7185 val_AccPaper=0.5833 val_BalAccMaj=0.5833
[01:51:30] fold2 ep 007 tr=0.6864 va=0.7185 val_AccPaper=0.5000 val_BalAccMaj=0.5000
[01:51:30] fold2 ep 008 tr=0.6809 va=0.7180 val_AccPaper=0.5000 val_BalAccMaj=0.5000
[01:51:30] fold2 ep 009 tr=0.6799 va=0.7188 val_AccPaper=0.4167 val_BalAccMaj=0.4167
[01:51:31] fold2 ep 010 tr=0.6716 va=0.7205 val_AccPaper=0.3333 val_BalAccMaj=0.3333
[01:51:31] fold2 ep 011 tr=0.6684 va=0.7226 val_AccPaper=0.3333 val_BalAccMaj=0.3333
[01:51:32] fold2 ep 012 tr=0.6732 va=0.7239 val_AccPaper=0.3333 val_BalAccMaj=0.3333
[01:51:32] fold2 ep 013 tr=0.6738 va=0.7253 val_AccPaper=0.3333 val_BalAccMaj=0.3333
[01:51:33] fold2 ep 014 tr=0.6699 va=0.7260 val_AccPaper=0.3333 val_BalAccMaj=0.3333
[01:51:33] fold2 ep 015 tr=0.6582 va=0.7274 val_AccPaper=0.2500 val_BalAccMaj=0.2500
[01:51:33] fold2 ep 016 tr=0.6687 va=0.7276 val_AccPaper=0.2500 val_BalAccMaj=0.2500
[01:51:34] fold2 ep 017 tr=0.6641 va=0.7292 val_AccPaper=0.2500 val_BalAccMaj=0.2500
[01:51:34] fold2 ep 018 tr=0.6518 va=0.7313 val_AccPaper=0.2500 val_BalAccMaj=0.2500
[01:51:35] fold2 ep 019 tr=0.6523 va=0.7334 val_AccPaper=0.1667 val_BalAccMaj=0.1667
[01:51:35] fold2 ep 020 tr=0.6540 va=0.7344 val_AccPaper=0.1667 val_BalAccMaj=0.1667
[01:51:35] fold2 ep 021 tr=0.6600 va=0.7359 val_AccPaper=0.1667 val_BalAccMaj=0.1667
[01:51:35]   early stop @ ep 21
[01:51:36] [eval_half] Acc_paper=0.3770 BalAcc_maj=0.3801 win_BalAcc=0.4672
[01:51:36] [sub02] eegnet task fold3 ft_tr=1050 ft_va=252 eval=1281 full_model=True
[01:51:37] fold3 ep 001 tr=0.6927 va=0.7233 val_AccPaper=0.3333 val_BalAccMaj=0.3333
[01:51:37] fold3 ep 002 tr=0.6925 va=0.7204 val_AccPaper=0.3333 val_BalAccMaj=0.3333
[01:51:37] fold3 ep 003 tr=0.6954 va=0.7177 val_AccPaper=0.2500 val_BalAccMaj=0.2500
[01:51:38] fold3 ep 004 tr=0.6923 va=0.7166 val_AccPaper=0.2500 val_BalAccMaj=0.2500
[01:51:38] fold3 ep 005 tr=0.6891 va=0.7149 val_AccPaper=0.3333 val_BalAccMaj=0.3333
[01:51:39] fold3 ep 006 tr=0.6871 va=0.7140 val_AccPaper=0.4167 val_BalAccMaj=0.4167
[01:51:39] fold3 ep 007 tr=0.6902 va=0.7137 val_AccPaper=0.4167 val_BalAccMaj=0.4167
[01:51:40] fold3 ep 008 tr=0.6877 va=0.7139 val_AccPaper=0.4167 val_BalAccMaj=0.4167
[01:51:40] fold3 ep 009 tr=0.6845 va=0.7140 val_AccPaper=0.3333 val_BalAccMaj=0.3333
[01:51:40] fold3 ep 010 tr=0.6854 va=0.7142 val_AccPaper=0.2500 val_BalAccMaj=0.2500
[01:51:41] fold3 ep 011 tr=0.6682 va=0.7145 val_AccPaper=0.3333 val_BalAccMaj=0.3333
[01:51:41] fold3 ep 012 tr=0.6840 va=0.7137 val_AccPaper=0.2500 val_BalAccMaj=0.2500
[01:51:42] fold3 ep 013 tr=0.6849 va=0.7132 val_AccPaper=0.1667 val_BalAccMaj=0.1667
[01:51:42] fold3 ep 014 tr=0.6616 va=0.7138 val_AccPaper=0.4167 val_BalAccMaj=0.4167
[01:51:42] fold3 ep 015 tr=0.6803 va=0.7131 val_AccPaper=0.1667 val_BalAccMaj=0.1667
[01:51:43] fold3 ep 016 tr=0.6735 va=0.7124 val_AccPaper=0.1667 val_BalAccMaj=0.1667
[01:51:43] fold3 ep 017 tr=0.6746 va=0.7121 val_AccPaper=0.1667 val_BalAccMaj=0.1667
[01:51:44] fold3 ep 018 tr=0.6684 va=0.7120 val_AccPaper=0.1667 val_BalAccMaj=0.1667
[01:51:44] fold3 ep 019 tr=0.6665 va=0.7118 val_AccPaper=0.2500 val_BalAccMaj=0.2500
[01:51:45] fold3 ep 020 tr=0.6657 va=0.7107 val_AccPaper=0.3333 val_BalAccMaj=0.3333
[01:51:45] fold3 ep 021 tr=0.6626 va=0.7098 val_AccPaper=0.3333 val_BalAccMaj=0.3333
[01:51:45] fold3 ep 022 tr=0.6726 va=0.7087 val_AccPaper=0.2500 val_BalAccMaj=0.2500
[01:51:46] fold3 ep 023 tr=0.6663 va=0.7079 val_AccPaper=0.2500 val_BalAccMaj=0.2500
[01:51:46] fold3 ep 024 tr=0.6653 va=0.7075 val_AccPaper=0.2500 val_BalAccMaj=0.2500
[01:51:47] fold3 ep 025 tr=0.6633 va=0.7065 val_AccPaper=0.3333 val_BalAccMaj=0.3333
[01:51:47] fold3 ep 026 tr=0.6562 va=0.7054 val_AccPaper=0.3333 val_BalAccMaj=0.3333
[01:51:47]   early stop @ ep 26
[01:51:48] [eval_half] Acc_paper=0.5410 BalAcc_maj=0.5403 win_BalAcc=0.5004
[01:51:48] [sub02] eegnet task fold4 ft_tr=1050 ft_va=252 eval=1281 full_model=True
[01:51:48] fold4 ep 001 tr=0.7059 va=0.7642 val_AccPaper=0.3333 val_BalAccMaj=0.3333
[01:51:49] fold4 ep 002 tr=0.6706 va=0.7629 val_AccPaper=0.3333 val_BalAccMaj=0.3333
[01:51:49] fold4 ep 003 tr=0.6731 va=0.7635 val_AccPaper=0.3333 val_BalAccMaj=0.3333
[01:51:49] fold4 ep 004 tr=0.6468 va=0.7630 val_AccPaper=0.4167 val_BalAccMaj=0.4167
[01:51:50] fold4 ep 005 tr=0.6493 va=0.7616 val_AccPaper=0.4167 val_BalAccMaj=0.4167
[01:51:50] fold4 ep 006 tr=0.6449 va=0.7593 val_AccPaper=0.4167 val_BalAccMaj=0.4167
[01:51:51] fold4 ep 007 tr=0.6479 va=0.7553 val_AccPaper=0.4167 val_BalAccMaj=0.4167
[01:51:51] fold4 ep 008 tr=0.6314 va=0.7523 val_AccPaper=0.4167 val_BalAccMaj=0.4167
[01:51:52] fold4 ep 009 tr=0.6102 va=0.7493 val_AccPaper=0.4167 val_BalAccMaj=0.4167
[01:51:52] fold4 ep 010 tr=0.6064 va=0.7461 val_AccPaper=0.4167 val_BalAccMaj=0.4167
[01:51:52] fold4 ep 011 tr=0.6154 va=0.7447 val_AccPaper=0.4167 val_BalAccMaj=0.4167
[01:51:53] fold4 ep 012 tr=0.5934 va=0.7436 val_AccPaper=0.4167 val_BalAccMaj=0.4167
[01:51:53] fold4 ep 013 tr=0.5981 va=0.7435 val_AccPaper=0.4167 val_BalAccMaj=0.4167
[01:51:54] fold4 ep 014 tr=0.5724 va=0.7440 val_AccPaper=0.4167 val_BalAccMaj=0.4167
[01:51:54] fold4 ep 015 tr=0.5950 va=0.7434 val_AccPaper=0.3333 val_BalAccMaj=0.3333
[01:51:54] fold4 ep 016 tr=0.5982 va=0.7438 val_AccPaper=0.3333 val_BalAccMaj=0.3333
[01:51:55] fold4 ep 017 tr=0.5869 va=0.7422 val_AccPaper=0.3333 val_BalAccMaj=0.3333
[01:51:55] fold4 ep 018 tr=0.5611 va=0.7427 val_AccPaper=0.3333 val_BalAccMaj=0.3333
[01:51:56] fold4 ep 019 tr=0.5803 va=0.7405 val_AccPaper=0.4167 val_BalAccMaj=0.4167
[01:51:56] fold4 ep 020 tr=0.5840 va=0.7389 val_AccPaper=0.4167 val_BalAccMaj=0.4167
[01:51:56] fold4 ep 021 tr=0.5711 va=0.7375 val_AccPaper=0.3333 val_BalAccMaj=0.3333
[01:51:57] fold4 ep 022 tr=0.5666 va=0.7336 val_AccPaper=0.4167 val_BalAccMaj=0.4167
[01:51:57] fold4 ep 023 tr=0.5628 va=0.7330 val_AccPaper=0.4167 val_BalAccMaj=0.4167
[01:51:58] fold4 ep 024 tr=0.5791 va=0.7299 val_AccPaper=0.4167 val_BalAccMaj=0.4167
[01:51:58]   early stop @ ep 24
[01:51:58] [eval_half] Acc_paper=0.5574 BalAcc_maj=0.5522 win_BalAcc=0.5360
[01:51:59] [sub02] eegnet three fold0 ft_tr=1050 ft_va=252 eval=1281 full_model=True
[01:51:59] fold0 ep 001 tr=1.1112 va=1.0326 val_AccPaper=0.4167 val_BalAccMaj=0.2778
[01:51:59] fold0 ep 002 tr=1.0864 va=1.0280 val_AccPaper=0.5000 val_BalAccMaj=0.3889
[01:52:00] fold0 ep 003 tr=1.1059 va=1.0273 val_AccPaper=0.5000 val_BalAccMaj=0.3889
[01:52:00] fold0 ep 004 tr=1.0794 va=1.0282 val_AccPaper=0.5000 val_BalAccMaj=0.3889
[01:52:01] fold0 ep 005 tr=1.0897 va=1.0289 val_AccPaper=0.5833 val_BalAccMaj=0.5000
[01:52:01] fold0 ep 006 tr=1.0646 va=1.0277 val_AccPaper=0.6667 val_BalAccMaj=0.6111
[01:52:02] fold0 ep 007 tr=1.0531 va=1.0267 val_AccPaper=0.5833 val_BalAccMaj=0.6667
[01:52:02] fold0 ep 008 tr=1.0537 va=1.0290 val_AccPaper=0.5833 val_BalAccMaj=0.6667
[01:52:02] fold0 ep 009 tr=1.0368 va=1.0341 val_AccPaper=0.4167 val_BalAccMaj=0.6111
[01:52:03] fold0 ep 010 tr=1.0344 va=1.0304 val_AccPaper=0.5000 val_BalAccMaj=0.5556
[01:52:03] fold0 ep 011 tr=1.0373 va=1.0270 val_AccPaper=0.5000 val_BalAccMaj=0.6111
[01:52:04] fold0 ep 012 tr=1.0311 va=1.0267 val_AccPaper=0.5000 val_BalAccMaj=0.6111
[01:52:04] fold0 ep 013 tr=1.0274 va=1.0260 val_AccPaper=0.5000 val_BalAccMaj=0.6111
[01:52:05] fold0 ep 014 tr=1.0211 va=1.0282 val_AccPaper=0.5000 val_BalAccMaj=0.6111
[01:52:05] fold0 ep 015 tr=0.9971 va=1.0287 val_AccPaper=0.5833 val_BalAccMaj=0.6111
[01:52:05] fold0 ep 016 tr=1.0011 va=1.0284 val_AccPaper=0.5833 val_BalAccMaj=0.6111
[01:52:06] fold0 ep 017 tr=0.9837 va=1.0245 val_AccPaper=0.6667 val_BalAccMaj=0.6667
[01:52:06] fold0 ep 018 tr=1.0162 va=1.0214 val_AccPaper=0.6667 val_BalAccMaj=0.6667
[01:52:07] fold0 ep 019 tr=1.0053 va=1.0237 val_AccPaper=0.6667 val_BalAccMaj=0.6667
[01:52:07] fold0 ep 020 tr=1.0023 va=1.0222 val_AccPaper=0.6667 val_BalAccMaj=0.6667
[01:52:08] fold0 ep 021 tr=0.9952 va=1.0184 val_AccPaper=0.6667 val_BalAccMaj=0.6667
[01:52:08] fold0 ep 022 tr=0.9902 va=1.0155 val_AccPaper=0.5833 val_BalAccMaj=0.5556
[01:52:08] fold0 ep 023 tr=0.9984 va=1.0134 val_AccPaper=0.5833 val_BalAccMaj=0.5556
[01:52:09] fold0 ep 024 tr=0.9980 va=1.0127 val_AccPaper=0.5833 val_BalAccMaj=0.5556
[01:52:09] fold0 ep 025 tr=0.9985 va=1.0112 val_AccPaper=0.5833 val_BalAccMaj=0.5556
[01:52:10] fold0 ep 026 tr=0.9680 va=1.0066 val_AccPaper=0.5833 val_BalAccMaj=0.5556
[01:52:10]   early stop @ ep 26
[01:52:10] [eval_half] Acc_paper=0.3770 BalAcc_maj=0.3111 win_BalAcc=0.3368
[01:52:11] [sub02] eegnet three fold1 ft_tr=1050 ft_va=252 eval=1281 full_model=True
[01:52:11] fold1 ep 001 tr=1.1384 va=1.4484 val_AccPaper=0.2500 val_BalAccMaj=0.3333
[01:52:11] fold1 ep 002 tr=1.1004 va=1.2967 val_AccPaper=0.2500 val_BalAccMaj=0.3333
[01:52:12] fold1 ep 003 tr=1.0923 va=1.2244 val_AccPaper=0.2500 val_BalAccMaj=0.3333
[01:52:12] fold1 ep 004 tr=1.0662 va=1.1983 val_AccPaper=0.2500 val_BalAccMaj=0.3889
[01:52:13] fold1 ep 005 tr=1.0569 va=1.1770 val_AccPaper=0.3333 val_BalAccMaj=0.3333
[01:52:13] fold1 ep 006 tr=1.0594 va=1.1615 val_AccPaper=0.3333 val_BalAccMaj=0.4444
[01:52:14] fold1 ep 007 tr=1.0460 va=1.1401 val_AccPaper=0.3333 val_BalAccMaj=0.4444
[01:52:14] fold1 ep 008 tr=1.0425 va=1.1333 val_AccPaper=0.2500 val_BalAccMaj=0.2222
[01:52:14] fold1 ep 009 tr=1.0169 va=1.1261 val_AccPaper=0.2500 val_BalAccMaj=0.2222
[01:52:15] fold1 ep 010 tr=1.0244 va=1.1174 val_AccPaper=0.2500 val_BalAccMaj=0.3333
[01:52:15] fold1 ep 011 tr=1.0206 va=1.1195 val_AccPaper=0.2500 val_BalAccMaj=0.2222
[01:52:16] fold1 ep 012 tr=1.0053 va=1.1206 val_AccPaper=0.2500 val_BalAccMaj=0.2222
[01:52:16] fold1 ep 013 tr=1.0115 va=1.1107 val_AccPaper=0.3333 val_BalAccMaj=0.3333
[01:52:17] fold1 ep 014 tr=0.9892 va=1.1081 val_AccPaper=0.3333 val_BalAccMaj=0.3333
[01:52:17] fold1 ep 015 tr=0.9947 va=1.1044 val_AccPaper=0.3333 val_BalAccMaj=0.3333
[01:52:17] fold1 ep 016 tr=0.9915 va=1.1074 val_AccPaper=0.3333 val_BalAccMaj=0.3333
[01:52:18] fold1 ep 017 tr=0.9791 va=1.0956 val_AccPaper=0.3333 val_BalAccMaj=0.3889
[01:52:18] fold1 ep 018 tr=0.9641 va=1.0980 val_AccPaper=0.3333 val_BalAccMaj=0.3889
[01:52:19] fold1 ep 019 tr=0.9656 va=1.0923 val_AccPaper=0.4167 val_BalAccMaj=0.3889
[01:52:19] fold1 ep 020 tr=0.9566 va=1.0873 val_AccPaper=0.4167 val_BalAccMaj=0.4444
[01:52:19] fold1 ep 021 tr=0.9555 va=1.0971 val_AccPaper=0.4167 val_BalAccMaj=0.4444
[01:52:20] fold1 ep 022 tr=0.9435 va=1.0986 val_AccPaper=0.4167 val_BalAccMaj=0.4444
[01:52:20] fold1 ep 023 tr=0.9317 va=1.1074 val_AccPaper=0.3333 val_BalAccMaj=0.3889
[01:52:21] fold1 ep 024 tr=0.9595 va=1.1039 val_AccPaper=0.4167 val_BalAccMaj=0.4444
[01:52:21] fold1 ep 025 tr=0.9289 va=1.1029 val_AccPaper=0.4167 val_BalAccMaj=0.4444
[01:52:22] fold1 ep 026 tr=0.9326 va=1.1049 val_AccPaper=0.3333 val_BalAccMaj=0.3889
[01:52:22] fold1 ep 027 tr=0.9158 va=1.1076 val_AccPaper=0.3333 val_BalAccMaj=0.3889
[01:52:22] fold1 ep 028 tr=0.9175 va=1.1127 val_AccPaper=0.3333 val_BalAccMaj=0.3889
[01:52:23] fold1 ep 029 tr=0.9136 va=1.1151 val_AccPaper=0.4167 val_BalAccMaj=0.4444
[01:52:23] fold1 ep 030 tr=0.9252 va=1.1006 val_AccPaper=0.4167 val_BalAccMaj=0.4444
[01:52:24] fold1 ep 031 tr=0.9268 va=1.0995 val_AccPaper=0.4167 val_BalAccMaj=0.4444
[01:52:24] fold1 ep 032 tr=0.9302 va=1.0890 val_AccPaper=0.4167 val_BalAccMaj=0.4444
[01:52:25] fold1 ep 033 tr=0.9114 va=1.1069 val_AccPaper=0.4167 val_BalAccMaj=0.4444
[01:52:25] fold1 ep 034 tr=0.8794 va=1.1079 val_AccPaper=0.4167 val_BalAccMaj=0.4444
[01:52:25] fold1 ep 035 tr=0.8762 va=1.1089 val_AccPaper=0.4167 val_BalAccMaj=0.4444
[01:52:26] fold1 ep 036 tr=0.8865 va=1.0990 val_AccPaper=0.4167 val_BalAccMaj=0.4444
[01:52:26] fold1 ep 037 tr=0.8790 va=1.0927 val_AccPaper=0.4167 val_BalAccMaj=0.4444
[01:52:27] fold1 ep 038 tr=0.8537 va=1.0948 val_AccPaper=0.4167 val_BalAccMaj=0.4444
[01:52:27] fold1 ep 039 tr=0.8510 va=1.0948 val_AccPaper=0.4167 val_BalAccMaj=0.4444
[01:52:27]   early stop @ ep 39
[01:52:28] [eval_half] Acc_paper=0.4098 BalAcc_maj=0.3444 win_BalAcc=0.3635
[01:52:28] [sub02] eegnet three fold2 ft_tr=1050 ft_va=252 eval=1281 full_model=True
[01:52:28] fold2 ep 001 tr=1.1609 va=1.2063 val_AccPaper=0.0833 val_BalAccMaj=0.2778
[01:52:29] fold2 ep 002 tr=1.1581 va=1.1836 val_AccPaper=0.1667 val_BalAccMaj=0.2222
[01:52:29] fold2 ep 003 tr=1.1430 va=1.1696 val_AccPaper=0.1667 val_BalAccMaj=0.2222
[01:52:30] fold2 ep 004 tr=1.1396 va=1.1602 val_AccPaper=0.1667 val_BalAccMaj=0.2222
[01:52:30] fold2 ep 005 tr=1.1494 va=1.1521 val_AccPaper=0.1667 val_BalAccMaj=0.2222
[01:52:30] fold2 ep 006 tr=1.1396 va=1.1483 val_AccPaper=0.1667 val_BalAccMaj=0.2222
[01:52:31] fold2 ep 007 tr=1.1073 va=1.1440 val_AccPaper=0.1667 val_BalAccMaj=0.2222
[01:52:31] fold2 ep 008 tr=1.0971 va=1.1408 val_AccPaper=0.1667 val_BalAccMaj=0.2222
[01:52:32] fold2 ep 009 tr=1.1048 va=1.1395 val_AccPaper=0.1667 val_BalAccMaj=0.2222
[01:52:32] fold2 ep 010 tr=1.1142 va=1.1413 val_AccPaper=0.1667 val_BalAccMaj=0.2222
[01:52:33] fold2 ep 011 tr=1.1096 va=1.1416 val_AccPaper=0.1667 val_BalAccMaj=0.2222
[01:52:33] fold2 ep 012 tr=1.0888 va=1.1423 val_AccPaper=0.1667 val_BalAccMaj=0.2222
[01:52:33] fold2 ep 013 tr=1.0739 va=1.1422 val_AccPaper=0.1667 val_BalAccMaj=0.2222
[01:52:34] fold2 ep 014 tr=1.0837 va=1.1418 val_AccPaper=0.1667 val_BalAccMaj=0.2222
[01:52:34] fold2 ep 015 tr=1.0821 va=1.1429 val_AccPaper=0.1667 val_BalAccMaj=0.2222
[01:52:35] fold2 ep 016 tr=1.0756 va=1.1448 val_AccPaper=0.1667 val_BalAccMaj=0.2222
[01:52:35] fold2 ep 017 tr=1.0770 va=1.1435 val_AccPaper=0.1667 val_BalAccMaj=0.2222
[01:52:35] fold2 ep 018 tr=1.0676 va=1.1426 val_AccPaper=0.1667 val_BalAccMaj=0.2222
[01:52:36] fold2 ep 019 tr=1.0584 va=1.1399 val_AccPaper=0.1667 val_BalAccMaj=0.2222
[01:52:36] fold2 ep 020 tr=1.0674 va=1.1409 val_AccPaper=0.0833 val_BalAccMaj=0.2222
[01:52:37] fold2 ep 021 tr=1.0773 va=1.1415 val_AccPaper=0.0833 val_BalAccMaj=0.2222
[01:52:37] fold2 ep 022 tr=1.0618 va=1.1427 val_AccPaper=0.0833 val_BalAccMaj=0.2222
[01:52:37]   early stop @ ep 22
[01:52:38] [eval_half] Acc_paper=0.2459 BalAcc_maj=0.3403 win_BalAcc=0.3310
[01:52:38] [sub02] eegnet three fold3 ft_tr=1050 ft_va=252 eval=1281 full_model=True
[01:52:38] fold3 ep 001 tr=1.1153 va=1.1422 val_AccPaper=0.2500 val_BalAccMaj=0.5000
[01:52:39] fold3 ep 002 tr=1.1033 va=1.1233 val_AccPaper=0.3333 val_BalAccMaj=0.3889
[01:52:39] fold3 ep 003 tr=1.0923 va=1.1134 val_AccPaper=0.3333 val_BalAccMaj=0.3889
[01:52:40] fold3 ep 004 tr=1.1131 va=1.1076 val_AccPaper=0.3333 val_BalAccMaj=0.3889
[01:52:40] fold3 ep 005 tr=1.0960 va=1.1006 val_AccPaper=0.3333 val_BalAccMaj=0.3889
[01:52:40] fold3 ep 006 tr=1.0850 va=1.0965 val_AccPaper=0.3333 val_BalAccMaj=0.4444
[01:52:41] fold3 ep 007 tr=1.1018 va=1.0940 val_AccPaper=0.3333 val_BalAccMaj=0.4444
[01:52:41] fold3 ep 008 tr=1.1039 va=1.0916 val_AccPaper=0.3333 val_BalAccMaj=0.4444
[01:52:42] fold3 ep 009 tr=1.0706 va=1.0892 val_AccPaper=0.3333 val_BalAccMaj=0.3889
[01:52:42] fold3 ep 010 tr=1.0988 va=1.0873 val_AccPaper=0.3333 val_BalAccMaj=0.3889
[01:52:43] fold3 ep 011 tr=1.0810 va=1.0858 val_AccPaper=0.3333 val_BalAccMaj=0.3889
[01:52:43] fold3 ep 012 tr=1.0797 va=1.0830 val_AccPaper=0.3333 val_BalAccMaj=0.4444
[01:52:43] fold3 ep 013 tr=1.0673 va=1.0804 val_AccPaper=0.3333 val_BalAccMaj=0.3889
[01:52:44] fold3 ep 014 tr=1.0578 va=1.0804 val_AccPaper=0.2500 val_BalAccMaj=0.3889
[01:52:44] fold3 ep 015 tr=1.0743 va=1.0795 val_AccPaper=0.2500 val_BalAccMaj=0.3889
[01:52:45] fold3 ep 016 tr=1.0577 va=1.0753 val_AccPaper=0.2500 val_BalAccMaj=0.3889
[01:52:45] fold3 ep 017 tr=1.0651 va=1.0753 val_AccPaper=0.3333 val_BalAccMaj=0.5000
[01:52:45] fold3 ep 018 tr=1.0477 va=1.0761 val_AccPaper=0.3333 val_BalAccMaj=0.5000
[01:52:46] fold3 ep 019 tr=1.0550 va=1.0740 val_AccPaper=0.3333 val_BalAccMaj=0.5000
[01:52:46] fold3 ep 020 tr=1.0491 va=1.0710 val_AccPaper=0.3333 val_BalAccMaj=0.5000
[01:52:47] fold3 ep 021 tr=1.0539 va=1.0663 val_AccPaper=0.3333 val_BalAccMaj=0.5000
[01:52:47] fold3 ep 022 tr=1.0578 va=1.0659 val_AccPaper=0.3333 val_BalAccMaj=0.5000
[01:52:47]   early stop @ ep 22
[01:52:48] [eval_half] Acc_paper=0.2131 BalAcc_maj=0.2083 win_BalAcc=0.3136
[01:52:48] [sub02] eegnet three fold4 ft_tr=1050 ft_va=252 eval=1281 full_model=True
[01:52:48] fold4 ep 001 tr=1.1775 va=1.1196 val_AccPaper=0.3333 val_BalAccMaj=0.3889
[01:52:49] fold4 ep 002 tr=1.1367 va=1.0847 val_AccPaper=0.4167 val_BalAccMaj=0.5000
[01:52:49] fold4 ep 003 tr=1.1259 va=1.0774 val_AccPaper=0.3333 val_BalAccMaj=0.5556
[01:52:50] fold4 ep 004 tr=1.1115 va=1.0775 val_AccPaper=0.2500 val_BalAccMaj=0.3333
[01:52:50] fold4 ep 005 tr=1.0973 va=1.0898 val_AccPaper=0.2500 val_BalAccMaj=0.4444
[01:52:50] fold4 ep 006 tr=1.0731 va=1.0957 val_AccPaper=0.2500 val_BalAccMaj=0.3889
[01:52:51] fold4 ep 007 tr=1.0439 va=1.0955 val_AccPaper=0.2500 val_BalAccMaj=0.3889
[01:52:51] fold4 ep 008 tr=1.0259 va=1.0924 val_AccPaper=0.2500 val_BalAccMaj=0.3889
[01:52:52] fold4 ep 009 tr=0.9953 va=1.0813 val_AccPaper=0.2500 val_BalAccMaj=0.3333
[01:52:52] fold4 ep 010 tr=1.0354 va=1.0790 val_AccPaper=0.2500 val_BalAccMaj=0.3333
[01:52:53] fold4 ep 011 tr=1.0251 va=1.0797 val_AccPaper=0.2500 val_BalAccMaj=0.3333
[01:52:53] fold4 ep 012 tr=1.0070 va=1.0786 val_AccPaper=0.2500 val_BalAccMaj=0.3889
[01:52:53] fold4 ep 013 tr=1.0069 va=1.0699 val_AccPaper=0.3333 val_BalAccMaj=0.3889
[01:52:54] fold4 ep 014 tr=0.9924 va=1.0683 val_AccPaper=0.3333 val_BalAccMaj=0.3889
[01:52:54] fold4 ep 015 tr=0.9978 va=1.0579 val_AccPaper=0.3333 val_BalAccMaj=0.3889
[01:52:55] fold4 ep 016 tr=0.9763 va=1.0671 val_AccPaper=0.3333 val_BalAccMaj=0.3889
[01:52:55] fold4 ep 017 tr=0.9467 va=1.0640 val_AccPaper=0.3333 val_BalAccMaj=0.3889
[01:52:55] fold4 ep 018 tr=0.9427 va=1.0502 val_AccPaper=0.3333 val_BalAccMaj=0.5000
[01:52:56] fold4 ep 019 tr=0.9598 va=1.0431 val_AccPaper=0.4167 val_BalAccMaj=0.6111
[01:52:56] fold4 ep 020 tr=0.9507 va=1.0374 val_AccPaper=0.4167 val_BalAccMaj=0.5000
[01:52:57] fold4 ep 021 tr=0.9396 va=1.0320 val_AccPaper=0.4167 val_BalAccMaj=0.4444
[01:52:57] fold4 ep 022 tr=0.9399 va=1.0157 val_AccPaper=0.4167 val_BalAccMaj=0.6111
[01:52:57]   early stop @ ep 22
[01:52:58] [eval_half] Acc_paper=0.1803 BalAcc_maj=0.2181 win_BalAcc=0.2872
[01:52:58] === stream sub03_ses01_20260723_185153 ===
[01:52:59] subject=sub03 trials=62 train=31 eval=31
[01:52:59] [sub03] eegnet task fold0 ft_tr=1050 ft_va=252 eval=1302 full_model=True
[01:53:00] fold0 ep 001 tr=0.7490 va=0.7390 val_AccPaper=0.5833 val_BalAccMaj=0.5833
[01:53:00] fold0 ep 002 tr=0.7362 va=0.7058 val_AccPaper=0.5833 val_BalAccMaj=0.5833
[01:53:01] fold0 ep 003 tr=0.7329 va=0.6876 val_AccPaper=0.5000 val_BalAccMaj=0.5000
[01:53:01] fold0 ep 004 tr=0.7133 va=0.6759 val_AccPaper=0.5000 val_BalAccMaj=0.5000
[01:53:01] fold0 ep 005 tr=0.7076 va=0.6636 val_AccPaper=0.5000 val_BalAccMaj=0.5000
[01:53:02] fold0 ep 006 tr=0.7057 va=0.6541 val_AccPaper=0.4167 val_BalAccMaj=0.4167
[01:53:02] fold0 ep 007 tr=0.6857 va=0.6450 val_AccPaper=0.5833 val_BalAccMaj=0.5833
[01:53:03] fold0 ep 008 tr=0.6796 va=0.6379 val_AccPaper=0.5833 val_BalAccMaj=0.5833
[01:53:03] fold0 ep 009 tr=0.6766 va=0.6309 val_AccPaper=0.7500 val_BalAccMaj=0.7500
[01:53:03] fold0 ep 010 tr=0.6633 va=0.6242 val_AccPaper=0.8333 val_BalAccMaj=0.8333
[01:53:04] fold0 ep 011 tr=0.6656 va=0.6189 val_AccPaper=0.8333 val_BalAccMaj=0.8333
[01:53:04] fold0 ep 012 tr=0.6680 va=0.6131 val_AccPaper=0.8333 val_BalAccMaj=0.8333
[01:53:05] fold0 ep 013 tr=0.6497 va=0.6084 val_AccPaper=0.8333 val_BalAccMaj=0.8333
[01:53:05] fold0 ep 014 tr=0.6269 va=0.6028 val_AccPaper=0.8333 val_BalAccMaj=0.8333
[01:53:06] fold0 ep 015 tr=0.6541 va=0.5982 val_AccPaper=0.8333 val_BalAccMaj=0.8333
[01:53:06] fold0 ep 016 tr=0.6153 va=0.5945 val_AccPaper=0.8333 val_BalAccMaj=0.8333
[01:53:06] fold0 ep 017 tr=0.6184 va=0.5895 val_AccPaper=0.8333 val_BalAccMaj=0.8333
[01:53:07] fold0 ep 018 tr=0.6296 va=0.5851 val_AccPaper=0.8333 val_BalAccMaj=0.8333
[01:53:07] fold0 ep 019 tr=0.6115 va=0.5803 val_AccPaper=0.8333 val_BalAccMaj=0.8333
[01:53:08] fold0 ep 020 tr=0.6026 va=0.5749 val_AccPaper=0.8333 val_BalAccMaj=0.8333
[01:53:08] fold0 ep 021 tr=0.6135 va=0.5686 val_AccPaper=0.8333 val_BalAccMaj=0.8333
[01:53:08] fold0 ep 022 tr=0.6033 va=0.5660 val_AccPaper=0.8333 val_BalAccMaj=0.8333
[01:53:09] fold0 ep 023 tr=0.5926 va=0.5601 val_AccPaper=0.8333 val_BalAccMaj=0.8333
[01:53:09] fold0 ep 024 tr=0.5709 va=0.5558 val_AccPaper=0.8333 val_BalAccMaj=0.8333
[01:53:10] fold0 ep 025 tr=0.5699 va=0.5493 val_AccPaper=0.9167 val_BalAccMaj=0.9167
[01:53:10] fold0 ep 026 tr=0.5580 va=0.5452 val_AccPaper=0.8333 val_BalAccMaj=0.8333
[01:53:11] fold0 ep 027 tr=0.5485 va=0.5421 val_AccPaper=0.8333 val_BalAccMaj=0.8333
[01:53:11] fold0 ep 028 tr=0.5702 va=0.5397 val_AccPaper=0.8333 val_BalAccMaj=0.8333
[01:53:11] fold0 ep 029 tr=0.5782 va=0.5369 val_AccPaper=0.7500 val_BalAccMaj=0.7500
[01:53:12] fold0 ep 030 tr=0.5555 va=0.5309 val_AccPaper=0.8333 val_BalAccMaj=0.8333
[01:53:12] fold0 ep 031 tr=0.5543 va=0.5299 val_AccPaper=0.6667 val_BalAccMaj=0.6667
[01:53:13] fold0 ep 032 tr=0.5484 va=0.5286 val_AccPaper=0.7500 val_BalAccMaj=0.7500
[01:53:13] fold0 ep 033 tr=0.5316 va=0.5246 val_AccPaper=0.8333 val_BalAccMaj=0.8333
[01:53:14] fold0 ep 034 tr=0.5323 va=0.5222 val_AccPaper=0.7500 val_BalAccMaj=0.7500
[01:53:14] fold0 ep 035 tr=0.5252 va=0.5197 val_AccPaper=0.7500 val_BalAccMaj=0.7500
[01:53:14] fold0 ep 036 tr=0.5286 va=0.5162 val_AccPaper=0.7500 val_BalAccMaj=0.7500
[01:53:15] fold0 ep 037 tr=0.5413 va=0.5141 val_AccPaper=0.7500 val_BalAccMaj=0.7500
[01:53:15] fold0 ep 038 tr=0.5198 va=0.5111 val_AccPaper=0.7500 val_BalAccMaj=0.7500
[01:53:16] fold0 ep 039 tr=0.5196 va=0.5087 val_AccPaper=0.7500 val_BalAccMaj=0.7500
[01:53:16] fold0 ep 040 tr=0.5165 va=0.5047 val_AccPaper=0.7500 val_BalAccMaj=0.7500
[01:53:17] fold0 ep 041 tr=0.5207 va=0.5038 val_AccPaper=0.7500 val_BalAccMaj=0.7500
[01:53:17] fold0 ep 042 tr=0.5283 va=0.5019 val_AccPaper=0.7500 val_BalAccMaj=0.7500
[01:53:17] fold0 ep 043 tr=0.5309 va=0.5011 val_AccPaper=0.8333 val_BalAccMaj=0.8333
[01:53:18] fold0 ep 044 tr=0.5074 va=0.4987 val_AccPaper=0.7500 val_BalAccMaj=0.7500
[01:53:18] fold0 ep 045 tr=0.5013 va=0.4974 val_AccPaper=0.7500 val_BalAccMaj=0.7500
[01:53:18]   early stop @ ep 45
[01:53:19] [eval_half] Acc_paper=0.7581 BalAcc_maj=0.7581 win_BalAcc=0.7235
[01:53:19] [sub03] eegnet task fold1 ft_tr=1050 ft_va=252 eval=1302 full_model=True
[01:53:19] fold1 ep 001 tr=0.7113 va=0.6948 val_AccPaper=0.5000 val_BalAccMaj=0.5000
[01:53:20] fold1 ep 002 tr=0.7080 va=0.6937 val_AccPaper=0.5000 val_BalAccMaj=0.5000
[01:53:20] fold1 ep 003 tr=0.6951 va=0.6918 val_AccPaper=0.4167 val_BalAccMaj=0.4167
[01:53:21] fold1 ep 004 tr=0.6955 va=0.6898 val_AccPaper=0.5000 val_BalAccMaj=0.5000
[01:53:21] fold1 ep 005 tr=0.7086 va=0.6880 val_AccPaper=0.5833 val_BalAccMaj=0.5833
[01:53:22] fold1 ep 006 tr=0.7001 va=0.6856 val_AccPaper=0.5833 val_BalAccMaj=0.5833
[01:53:22] fold1 ep 007 tr=0.6980 va=0.6833 val_AccPaper=0.5833 val_BalAccMaj=0.5833
[01:53:22] fold1 ep 008 tr=0.6924 va=0.6801 val_AccPaper=0.5833 val_BalAccMaj=0.5833
[01:53:23] fold1 ep 009 tr=0.6832 va=0.6768 val_AccPaper=0.6667 val_BalAccMaj=0.6667
[01:53:23] fold1 ep 010 tr=0.6726 va=0.6723 val_AccPaper=0.6667 val_BalAccMaj=0.6667
[01:53:24] fold1 ep 011 tr=0.6681 va=0.6680 val_AccPaper=0.6667 val_BalAccMaj=0.6667
[01:53:24] fold1 ep 012 tr=0.6733 va=0.6638 val_AccPaper=0.8333 val_BalAccMaj=0.8333
[01:53:24] fold1 ep 013 tr=0.6623 va=0.6601 val_AccPaper=0.8333 val_BalAccMaj=0.8333
[01:53:25] fold1 ep 014 tr=0.6614 va=0.6565 val_AccPaper=0.8333 val_BalAccMaj=0.8333
[01:53:25] fold1 ep 015 tr=0.6644 va=0.6522 val_AccPaper=0.8333 val_BalAccMaj=0.8333
[01:53:26] fold1 ep 016 tr=0.6528 va=0.6478 val_AccPaper=0.8333 val_BalAccMaj=0.8333
[01:53:26] fold1 ep 017 tr=0.6386 va=0.6433 val_AccPaper=0.8333 val_BalAccMaj=0.8333
[01:53:27] fold1 ep 018 tr=0.6409 va=0.6367 val_AccPaper=0.8333 val_BalAccMaj=0.8333
[01:53:27] fold1 ep 019 tr=0.6295 va=0.6292 val_AccPaper=0.8333 val_BalAccMaj=0.8333
[01:53:27] fold1 ep 020 tr=0.6186 va=0.6219 val_AccPaper=0.8333 val_BalAccMaj=0.8333
[01:53:28] fold1 ep 021 tr=0.6071 va=0.6146 val_AccPaper=0.8333 val_BalAccMaj=0.8333
[01:53:28] fold1 ep 022 tr=0.6034 va=0.6068 val_AccPaper=0.8333 val_BalAccMaj=0.8333
[01:53:29] fold1 ep 023 tr=0.5914 va=0.5981 val_AccPaper=0.8333 val_BalAccMaj=0.8333
[01:53:29] fold1 ep 024 tr=0.5823 va=0.5885 val_AccPaper=0.8333 val_BalAccMaj=0.8333
[01:53:29] fold1 ep 025 tr=0.5591 va=0.5792 val_AccPaper=0.8333 val_BalAccMaj=0.8333
[01:53:30] fold1 ep 026 tr=0.5503 va=0.5685 val_AccPaper=0.8333 val_BalAccMaj=0.8333
[01:53:30] fold1 ep 027 tr=0.5432 va=0.5589 val_AccPaper=0.8333 val_BalAccMaj=0.8333
[01:53:31] fold1 ep 028 tr=0.5367 va=0.5481 val_AccPaper=0.8333 val_BalAccMaj=0.8333
[01:53:31] fold1 ep 029 tr=0.5213 va=0.5399 val_AccPaper=0.8333 val_BalAccMaj=0.8333
[01:53:32] fold1 ep 030 tr=0.5339 va=0.5333 val_AccPaper=0.8333 val_BalAccMaj=0.8333
[01:53:32] fold1 ep 031 tr=0.4861 va=0.5197 val_AccPaper=0.8333 val_BalAccMaj=0.8333
[01:53:32] fold1 ep 032 tr=0.4849 va=0.5063 val_AccPaper=0.8333 val_BalAccMaj=0.8333
[01:53:32]   early stop @ ep 32
[01:53:33] [eval_half] Acc_paper=0.6290 BalAcc_maj=0.6290 win_BalAcc=0.5975
[01:53:33] [sub03] eegnet task fold2 ft_tr=1050 ft_va=252 eval=1302 full_model=True
[01:53:34] fold2 ep 001 tr=0.7329 va=0.6879 val_AccPaper=0.4167 val_BalAccMaj=0.4167
[01:53:34] fold2 ep 002 tr=0.7114 va=0.6844 val_AccPaper=0.4167 val_BalAccMaj=0.4167
[01:53:34] fold2 ep 003 tr=0.7116 va=0.6816 val_AccPaper=0.5000 val_BalAccMaj=0.5000
[01:53:35] fold2 ep 004 tr=0.7039 va=0.6787 val_AccPaper=0.5000 val_BalAccMaj=0.5000
[01:53:35] fold2 ep 005 tr=0.7130 va=0.6764 val_AccPaper=0.5000 val_BalAccMaj=0.5000
[01:53:36] fold2 ep 006 tr=0.6992 va=0.6743 val_AccPaper=0.5000 val_BalAccMaj=0.5000
[01:53:36] fold2 ep 007 tr=0.7015 va=0.6718 val_AccPaper=0.5000 val_BalAccMaj=0.5000
[01:53:37] fold2 ep 008 tr=0.6897 va=0.6694 val_AccPaper=0.5000 val_BalAccMaj=0.5000
[01:53:37] fold2 ep 009 tr=0.6961 va=0.6670 val_AccPaper=0.5833 val_BalAccMaj=0.5833
[01:53:37] fold2 ep 010 tr=0.6896 va=0.6652 val_AccPaper=0.6667 val_BalAccMaj=0.6667
[01:53:38] fold2 ep 011 tr=0.6845 va=0.6628 val_AccPaper=0.6667 val_BalAccMaj=0.6667
[01:53:38] fold2 ep 012 tr=0.6795 va=0.6602 val_AccPaper=0.6667 val_BalAccMaj=0.6667
[01:53:39] fold2 ep 013 tr=0.6797 va=0.6568 val_AccPaper=0.6667 val_BalAccMaj=0.6667
[01:53:39] fold2 ep 014 tr=0.6672 va=0.6538 val_AccPaper=0.7500 val_BalAccMaj=0.7500
[01:53:39] fold2 ep 015 tr=0.6583 va=0.6502 val_AccPaper=0.7500 val_BalAccMaj=0.7500
[01:53:40] fold2 ep 016 tr=0.6647 va=0.6479 val_AccPaper=0.8333 val_BalAccMaj=0.8333
[01:53:40] fold2 ep 017 tr=0.6528 va=0.6438 val_AccPaper=0.7500 val_BalAccMaj=0.7500
[01:53:41] fold2 ep 018 tr=0.6512 va=0.6389 val_AccPaper=0.7500 val_BalAccMaj=0.7500
[01:53:41] fold2 ep 019 tr=0.6531 va=0.6338 val_AccPaper=0.7500 val_BalAccMaj=0.7500
[01:53:42] fold2 ep 020 tr=0.6467 va=0.6302 val_AccPaper=0.7500 val_BalAccMaj=0.7500
[01:53:42] fold2 ep 021 tr=0.6403 va=0.6261 val_AccPaper=0.7500 val_BalAccMaj=0.7500
[01:53:42] fold2 ep 022 tr=0.6271 va=0.6208 val_AccPaper=0.7500 val_BalAccMaj=0.7500
[01:53:43] fold2 ep 023 tr=0.6336 va=0.6160 val_AccPaper=0.7500 val_BalAccMaj=0.7500
[01:53:43] fold2 ep 024 tr=0.6334 va=0.6129 val_AccPaper=0.7500 val_BalAccMaj=0.7500
[01:53:44] fold2 ep 025 tr=0.6421 va=0.6092 val_AccPaper=0.7500 val_BalAccMaj=0.7500
[01:53:44] fold2 ep 026 tr=0.6379 va=0.6063 val_AccPaper=0.8333 val_BalAccMaj=0.8333
[01:53:44] fold2 ep 027 tr=0.6013 va=0.6025 val_AccPaper=0.8333 val_BalAccMaj=0.8333
[01:53:45] fold2 ep 028 tr=0.6198 va=0.5991 val_AccPaper=0.8333 val_BalAccMaj=0.8333
[01:53:45] fold2 ep 029 tr=0.6009 va=0.5946 val_AccPaper=0.8333 val_BalAccMaj=0.8333
[01:53:46] fold2 ep 030 tr=0.5946 va=0.5889 val_AccPaper=0.8333 val_BalAccMaj=0.8333
[01:53:46] fold2 ep 031 tr=0.5949 va=0.5838 val_AccPaper=0.8333 val_BalAccMaj=0.8333
[01:53:47] fold2 ep 032 tr=0.5753 va=0.5786 val_AccPaper=0.8333 val_BalAccMaj=0.8333
[01:53:47] fold2 ep 033 tr=0.5767 va=0.5749 val_AccPaper=0.8333 val_BalAccMaj=0.8333
[01:53:47] fold2 ep 034 tr=0.5623 va=0.5722 val_AccPaper=0.8333 val_BalAccMaj=0.8333
[01:53:48] fold2 ep 035 tr=0.5846 va=0.5650 val_AccPaper=0.8333 val_BalAccMaj=0.8333
[01:53:48] fold2 ep 036 tr=0.5814 va=0.5599 val_AccPaper=0.8333 val_BalAccMaj=0.8333
[01:53:48]   early stop @ ep 36
[01:53:49] [eval_half] Acc_paper=0.6452 BalAcc_maj=0.6452 win_BalAcc=0.5822
[01:53:49] [sub03] eegnet task fold3 ft_tr=1050 ft_va=252 eval=1302 full_model=True
[01:53:49] fold3 ep 001 tr=0.7225 va=0.7001 val_AccPaper=0.5000 val_BalAccMaj=0.5000
[01:53:50] fold3 ep 002 tr=0.7171 va=0.6995 val_AccPaper=0.5000 val_BalAccMaj=0.5000
[01:53:50] fold3 ep 003 tr=0.7156 va=0.6991 val_AccPaper=0.5000 val_BalAccMaj=0.5000
[01:53:51] fold3 ep 004 tr=0.7030 va=0.6985 val_AccPaper=0.5000 val_BalAccMaj=0.5000
[01:53:51] fold3 ep 005 tr=0.7153 va=0.6977 val_AccPaper=0.4167 val_BalAccMaj=0.4167
[01:53:52] fold3 ep 006 tr=0.7067 va=0.6969 val_AccPaper=0.4167 val_BalAccMaj=0.4167
[01:53:52] fold3 ep 007 tr=0.7038 va=0.6962 val_AccPaper=0.5000 val_BalAccMaj=0.5000
[01:53:52] fold3 ep 008 tr=0.7114 va=0.6955 val_AccPaper=0.5000 val_BalAccMaj=0.5000
[01:53:53] fold3 ep 009 tr=0.6997 va=0.6946 val_AccPaper=0.5000 val_BalAccMaj=0.5000
[01:53:53] fold3 ep 010 tr=0.6985 va=0.6937 val_AccPaper=0.5000 val_BalAccMaj=0.5000
[01:53:54] fold3 ep 011 tr=0.7030 va=0.6929 val_AccPaper=0.5000 val_BalAccMaj=0.5000
[01:53:54] fold3 ep 012 tr=0.6858 va=0.6922 val_AccPaper=0.5000 val_BalAccMaj=0.5000
[01:53:55] fold3 ep 013 tr=0.6944 va=0.6917 val_AccPaper=0.5000 val_BalAccMaj=0.5000
[01:53:55] fold3 ep 014 tr=0.6849 va=0.6910 val_AccPaper=0.5833 val_BalAccMaj=0.5833
[01:53:55] fold3 ep 015 tr=0.6861 va=0.6900 val_AccPaper=0.6667 val_BalAccMaj=0.6667
[01:53:56] fold3 ep 016 tr=0.6895 va=0.6890 val_AccPaper=0.5833 val_BalAccMaj=0.5833
[01:53:56] fold3 ep 017 tr=0.6915 va=0.6877 val_AccPaper=0.5833 val_BalAccMaj=0.5833
[01:53:57] fold3 ep 018 tr=0.6843 va=0.6865 val_AccPaper=0.5833 val_BalAccMaj=0.5833
[01:53:57] fold3 ep 019 tr=0.6798 va=0.6851 val_AccPaper=0.6667 val_BalAccMaj=0.6667
[01:53:57] fold3 ep 020 tr=0.6739 va=0.6838 val_AccPaper=0.5833 val_BalAccMaj=0.5833
[01:53:58] fold3 ep 021 tr=0.6769 va=0.6821 val_AccPaper=0.6667 val_BalAccMaj=0.6667
[01:53:58] fold3 ep 022 tr=0.6781 va=0.6803 val_AccPaper=0.6667 val_BalAccMaj=0.6667
[01:53:59] fold3 ep 023 tr=0.6740 va=0.6782 val_AccPaper=0.5833 val_BalAccMaj=0.5833
[01:53:59] fold3 ep 024 tr=0.6641 va=0.6757 val_AccPaper=0.5833 val_BalAccMaj=0.5833
[01:54:00] fold3 ep 025 tr=0.6598 va=0.6726 val_AccPaper=0.5833 val_BalAccMaj=0.5833
[01:54:00] fold3 ep 026 tr=0.6623 va=0.6700 val_AccPaper=0.5833 val_BalAccMaj=0.5833
[01:54:00] fold3 ep 027 tr=0.6562 va=0.6661 val_AccPaper=0.5833 val_BalAccMaj=0.5833
[01:54:01] fold3 ep 028 tr=0.6599 va=0.6610 val_AccPaper=0.7500 val_BalAccMaj=0.7500
[01:54:01] fold3 ep 029 tr=0.6537 va=0.6563 val_AccPaper=0.7500 val_BalAccMaj=0.7500
[01:54:02] fold3 ep 030 tr=0.6355 va=0.6489 val_AccPaper=0.8333 val_BalAccMaj=0.8333
[01:54:02] fold3 ep 031 tr=0.6242 va=0.6366 val_AccPaper=0.8333 val_BalAccMaj=0.8333
[01:54:02] fold3 ep 032 tr=0.6305 va=0.6271 val_AccPaper=0.8333 val_BalAccMaj=0.8333
[01:54:03] fold3 ep 033 tr=0.6189 va=0.6144 val_AccPaper=0.8333 val_BalAccMaj=0.8333
[01:54:03] fold3 ep 034 tr=0.5962 va=0.6009 val_AccPaper=0.7500 val_BalAccMaj=0.7500
[01:54:04] fold3 ep 035 tr=0.5805 va=0.5867 val_AccPaper=0.8333 val_BalAccMaj=0.8333
[01:54:04] fold3 ep 036 tr=0.5805 va=0.5752 val_AccPaper=0.8333 val_BalAccMaj=0.8333
[01:54:05] fold3 ep 037 tr=0.5654 va=0.5634 val_AccPaper=0.8333 val_BalAccMaj=0.8333
[01:54:05] fold3 ep 038 tr=0.5794 va=0.5555 val_AccPaper=0.8333 val_BalAccMaj=0.8333
[01:54:05] fold3 ep 039 tr=0.5400 va=0.5467 val_AccPaper=0.8333 val_BalAccMaj=0.8333
[01:54:06] fold3 ep 040 tr=0.5222 va=0.5352 val_AccPaper=0.8333 val_BalAccMaj=0.8333
[01:54:06] fold3 ep 041 tr=0.5105 va=0.5214 val_AccPaper=0.8333 val_BalAccMaj=0.8333
[01:54:07] fold3 ep 042 tr=0.5306 va=0.5174 val_AccPaper=0.8333 val_BalAccMaj=0.8333
[01:54:07] fold3 ep 043 tr=0.4913 va=0.5101 val_AccPaper=0.8333 val_BalAccMaj=0.8333
[01:54:07] fold3 ep 044 tr=0.5093 va=0.5054 val_AccPaper=0.8333 val_BalAccMaj=0.8333
[01:54:08] fold3 ep 045 tr=0.4979 va=0.5013 val_AccPaper=0.8333 val_BalAccMaj=0.8333
[01:54:08] fold3 ep 046 tr=0.4817 va=0.4942 val_AccPaper=0.8333 val_BalAccMaj=0.8333
[01:54:09] fold3 ep 047 tr=0.4682 va=0.4859 val_AccPaper=0.8333 val_BalAccMaj=0.8333
[01:54:09] fold3 ep 048 tr=0.4865 va=0.4856 val_AccPaper=0.8333 val_BalAccMaj=0.8333
[01:54:10] fold3 ep 049 tr=0.4722 va=0.4854 val_AccPaper=0.8333 val_BalAccMaj=0.8333
[01:54:10] fold3 ep 050 tr=0.4675 va=0.4866 val_AccPaper=0.8333 val_BalAccMaj=0.8333
[01:54:10]   early stop @ ep 50
[01:54:10] [eval_half] Acc_paper=0.7742 BalAcc_maj=0.7742 win_BalAcc=0.6905
[01:54:11] [sub03] eegnet task fold4 ft_tr=1050 ft_va=252 eval=1302 full_model=True
[01:54:11] fold4 ep 001 tr=0.7616 va=0.8022 val_AccPaper=0.5000 val_BalAccMaj=0.5000
[01:54:12] fold4 ep 002 tr=0.7520 va=0.7466 val_AccPaper=0.4167 val_BalAccMaj=0.4167
[01:54:12] fold4 ep 003 tr=0.7322 va=0.7235 val_AccPaper=0.4167 val_BalAccMaj=0.4167
[01:54:12] fold4 ep 004 tr=0.7193 va=0.7098 val_AccPaper=0.2500 val_BalAccMaj=0.2500
[01:54:13] fold4 ep 005 tr=0.6815 va=0.7012 val_AccPaper=0.3333 val_BalAccMaj=0.3333
[01:54:13] fold4 ep 006 tr=0.6906 va=0.6941 val_AccPaper=0.4167 val_BalAccMaj=0.4167
[01:54:14] fold4 ep 007 tr=0.6814 va=0.6859 val_AccPaper=0.4167 val_BalAccMaj=0.4167
[01:54:14] fold4 ep 008 tr=0.6676 va=0.6799 val_AccPaper=0.4167 val_BalAccMaj=0.4167
[01:54:15] fold4 ep 009 tr=0.6439 va=0.6736 val_AccPaper=0.4167 val_BalAccMaj=0.4167
[01:54:15] fold4 ep 010 tr=0.6734 va=0.6671 val_AccPaper=0.5000 val_BalAccMaj=0.5000
[01:54:15] fold4 ep 011 tr=0.6435 va=0.6607 val_AccPaper=0.5000 val_BalAccMaj=0.5000
[01:54:16] fold4 ep 012 tr=0.6398 va=0.6560 val_AccPaper=0.5000 val_BalAccMaj=0.5000
[01:54:16] fold4 ep 013 tr=0.6457 va=0.6502 val_AccPaper=0.5000 val_BalAccMaj=0.5000
[01:54:17] fold4 ep 014 tr=0.6112 va=0.6449 val_AccPaper=0.5833 val_BalAccMaj=0.5833
[01:54:17] fold4 ep 015 tr=0.6194 va=0.6377 val_AccPaper=0.5833 val_BalAccMaj=0.5833
[01:54:17] fold4 ep 016 tr=0.6266 va=0.6306 val_AccPaper=0.5833 val_BalAccMaj=0.5833
[01:54:18] fold4 ep 017 tr=0.5924 va=0.6251 val_AccPaper=0.5833 val_BalAccMaj=0.5833
[01:54:18] fold4 ep 018 tr=0.5719 va=0.6180 val_AccPaper=0.5833 val_BalAccMaj=0.5833
[01:54:19] fold4 ep 019 tr=0.5968 va=0.6116 val_AccPaper=0.5833 val_BalAccMaj=0.5833
[01:54:19] fold4 ep 020 tr=0.5735 va=0.6066 val_AccPaper=0.5833 val_BalAccMaj=0.5833
[01:54:20] fold4 ep 021 tr=0.5671 va=0.5982 val_AccPaper=0.5833 val_BalAccMaj=0.5833
[01:54:20] fold4 ep 022 tr=0.5358 va=0.5895 val_AccPaper=0.6667 val_BalAccMaj=0.6667
[01:54:20] fold4 ep 023 tr=0.5330 va=0.5762 val_AccPaper=0.6667 val_BalAccMaj=0.6667
[01:54:21] fold4 ep 024 tr=0.5121 va=0.5677 val_AccPaper=0.6667 val_BalAccMaj=0.6667
[01:54:21] fold4 ep 025 tr=0.5106 va=0.5608 val_AccPaper=0.7500 val_BalAccMaj=0.7500
[01:54:22] fold4 ep 026 tr=0.5262 va=0.5431 val_AccPaper=0.7500 val_BalAccMaj=0.7500
[01:54:22] fold4 ep 027 tr=0.5161 va=0.5324 val_AccPaper=0.7500 val_BalAccMaj=0.7500
[01:54:22] fold4 ep 028 tr=0.4837 va=0.5210 val_AccPaper=0.8333 val_BalAccMaj=0.8333
[01:54:23] fold4 ep 029 tr=0.4898 va=0.5197 val_AccPaper=0.8333 val_BalAccMaj=0.8333
[01:54:23] fold4 ep 030 tr=0.4507 va=0.5209 val_AccPaper=0.7500 val_BalAccMaj=0.7500
[01:54:24] fold4 ep 031 tr=0.4710 va=0.5143 val_AccPaper=0.8333 val_BalAccMaj=0.8333
[01:54:24] fold4 ep 032 tr=0.4642 va=0.5062 val_AccPaper=0.8333 val_BalAccMaj=0.8333
[01:54:24] fold4 ep 033 tr=0.4424 va=0.4987 val_AccPaper=0.8333 val_BalAccMaj=0.8333
[01:54:25] fold4 ep 034 tr=0.4205 va=0.4889 val_AccPaper=0.8333 val_BalAccMaj=0.8333
[01:54:25] fold4 ep 035 tr=0.4421 va=0.4785 val_AccPaper=0.8333 val_BalAccMaj=0.8333
[01:54:26] fold4 ep 036 tr=0.4346 va=0.4804 val_AccPaper=0.7500 val_BalAccMaj=0.7500
[01:54:26] fold4 ep 037 tr=0.4291 va=0.4910 val_AccPaper=0.6667 val_BalAccMaj=0.6667
[01:54:27] fold4 ep 038 tr=0.3818 va=0.4848 val_AccPaper=0.7500 val_BalAccMaj=0.7500
[01:54:27] fold4 ep 039 tr=0.3872 va=0.4702 val_AccPaper=0.7500 val_BalAccMaj=0.7500
[01:54:27] fold4 ep 040 tr=0.4209 va=0.4746 val_AccPaper=0.8333 val_BalAccMaj=0.8333
[01:54:28] fold4 ep 041 tr=0.3676 va=0.4579 val_AccPaper=0.8333 val_BalAccMaj=0.8333
[01:54:28] fold4 ep 042 tr=0.4093 va=0.4585 val_AccPaper=0.8333 val_BalAccMaj=0.8333
[01:54:29] fold4 ep 043 tr=0.3830 va=0.4631 val_AccPaper=0.8333 val_BalAccMaj=0.8333
[01:54:29] fold4 ep 044 tr=0.3511 va=0.4709 val_AccPaper=0.8333 val_BalAccMaj=0.8333
[01:54:29] fold4 ep 045 tr=0.3892 va=0.4662 val_AccPaper=0.8333 val_BalAccMaj=0.8333
[01:54:30] fold4 ep 046 tr=0.3776 va=0.4600 val_AccPaper=0.8333 val_BalAccMaj=0.8333
[01:54:30] fold4 ep 047 tr=0.3721 va=0.4525 val_AccPaper=0.8333 val_BalAccMaj=0.8333
[01:54:31] fold4 ep 048 tr=0.3601 va=0.4504 val_AccPaper=0.8333 val_BalAccMaj=0.8333
[01:54:31]   early stop @ ep 48
[01:54:31] [eval_half] Acc_paper=0.8065 BalAcc_maj=0.8065 win_BalAcc=0.7565
[01:54:32] [sub03] eegnet three fold0 ft_tr=1050 ft_va=252 eval=1302 full_model=True
[01:54:32] fold0 ep 001 tr=1.2134 va=0.9828 val_AccPaper=0.5000 val_BalAccMaj=0.3611
[01:54:32] fold0 ep 002 tr=1.1975 va=0.9858 val_AccPaper=0.5000 val_BalAccMaj=0.3611
[01:54:33] fold0 ep 003 tr=1.1866 va=0.9947 val_AccPaper=0.5000 val_BalAccMaj=0.3611
[01:54:33] fold0 ep 004 tr=1.1786 va=1.0019 val_AccPaper=0.5000 val_BalAccMaj=0.3611
[01:54:34] fold0 ep 005 tr=1.1588 va=1.0073 val_AccPaper=0.5000 val_BalAccMaj=0.3611
[01:54:34] fold0 ep 006 tr=1.1293 va=1.0128 val_AccPaper=0.5000 val_BalAccMaj=0.3611
[01:54:34] fold0 ep 007 tr=1.1203 va=1.0174 val_AccPaper=0.4167 val_BalAccMaj=0.3056
[01:54:35] fold0 ep 008 tr=1.1099 va=1.0207 val_AccPaper=0.4167 val_BalAccMaj=0.3056
[01:54:35] fold0 ep 009 tr=1.1092 va=1.0231 val_AccPaper=0.2500 val_BalAccMaj=0.3056
[01:54:36] fold0 ep 010 tr=1.0972 va=1.0249 val_AccPaper=0.3333 val_BalAccMaj=0.3889
[01:54:36] fold0 ep 011 tr=1.1076 va=1.0253 val_AccPaper=0.3333 val_BalAccMaj=0.4167
[01:54:37] fold0 ep 012 tr=1.0736 va=1.0272 val_AccPaper=0.4167 val_BalAccMaj=0.5556
[01:54:37] fold0 ep 013 tr=1.0636 va=1.0260 val_AccPaper=0.5000 val_BalAccMaj=0.5000
[01:54:37] fold0 ep 014 tr=1.0704 va=1.0251 val_AccPaper=0.5000 val_BalAccMaj=0.5556
[01:54:38] fold0 ep 015 tr=1.0689 va=1.0245 val_AccPaper=0.5000 val_BalAccMaj=0.5556
[01:54:38] fold0 ep 016 tr=1.0517 va=1.0256 val_AccPaper=0.5000 val_BalAccMaj=0.5556
[01:54:39] fold0 ep 017 tr=1.0295 va=1.0254 val_AccPaper=0.5000 val_BalAccMaj=0.5833
[01:54:39] fold0 ep 018 tr=1.0425 va=1.0254 val_AccPaper=0.5000 val_BalAccMaj=0.6389
[01:54:40] fold0 ep 019 tr=1.0273 va=1.0256 val_AccPaper=0.5000 val_BalAccMaj=0.6389
[01:54:40] fold0 ep 020 tr=1.0301 va=1.0247 val_AccPaper=0.5000 val_BalAccMaj=0.5833
[01:54:40] fold0 ep 021 tr=1.0305 va=1.0237 val_AccPaper=0.5000 val_BalAccMaj=0.6389
[01:54:40]   early stop @ ep 21
[01:54:41] [eval_half] Acc_paper=0.2581 BalAcc_maj=0.2158 win_BalAcc=0.2728
[01:54:41] [sub03] eegnet three fold1 ft_tr=1050 ft_va=252 eval=1302 full_model=True
[01:54:42] fold1 ep 001 tr=1.1915 va=1.3863 val_AccPaper=0.3333 val_BalAccMaj=0.3333
[01:54:42] fold1 ep 002 tr=1.1681 va=1.2365 val_AccPaper=0.3333 val_BalAccMaj=0.3333
[01:54:43] fold1 ep 003 tr=1.1036 va=1.1864 val_AccPaper=0.3333 val_BalAccMaj=0.3333
[01:54:43] fold1 ep 004 tr=1.0865 va=1.1620 val_AccPaper=0.3333 val_BalAccMaj=0.3889
[01:54:43] fold1 ep 005 tr=1.0804 va=1.1482 val_AccPaper=0.4167 val_BalAccMaj=0.3889
[01:54:44] fold1 ep 006 tr=1.0569 va=1.1395 val_AccPaper=0.4167 val_BalAccMaj=0.3889
[01:54:44] fold1 ep 007 tr=1.0391 va=1.1218 val_AccPaper=0.3333 val_BalAccMaj=0.3056
[01:54:45] fold1 ep 008 tr=1.0148 va=1.1072 val_AccPaper=0.3333 val_BalAccMaj=0.2778
[01:54:45] fold1 ep 009 tr=0.9837 va=1.0870 val_AccPaper=0.3333 val_BalAccMaj=0.2778
[01:54:45] fold1 ep 010 tr=0.9742 va=1.0688 val_AccPaper=0.3333 val_BalAccMaj=0.2778
[01:54:46] fold1 ep 011 tr=0.9861 va=1.0520 val_AccPaper=0.5000 val_BalAccMaj=0.5833
[01:54:46] fold1 ep 012 tr=0.9648 va=1.0406 val_AccPaper=0.4167 val_BalAccMaj=0.4167
[01:54:47] fold1 ep 013 tr=0.9422 va=1.0213 val_AccPaper=0.5000 val_BalAccMaj=0.5000
[01:54:47] fold1 ep 014 tr=0.9346 va=1.0097 val_AccPaper=0.5000 val_BalAccMaj=0.5000
[01:54:48] fold1 ep 015 tr=0.9288 va=1.0014 val_AccPaper=0.4167 val_BalAccMaj=0.4167
[01:54:48] fold1 ep 016 tr=0.9129 va=0.9879 val_AccPaper=0.4167 val_BalAccMaj=0.5833
[01:54:48] fold1 ep 017 tr=0.8973 va=0.9825 val_AccPaper=0.5000 val_BalAccMaj=0.5556
[01:54:49] fold1 ep 018 tr=0.8986 va=0.9646 val_AccPaper=0.4167 val_BalAccMaj=0.4722
[01:54:49] fold1 ep 019 tr=0.9035 va=0.9495 val_AccPaper=0.4167 val_BalAccMaj=0.4722
[01:54:50] fold1 ep 020 tr=0.8600 va=0.9408 val_AccPaper=0.4167 val_BalAccMaj=0.6111
[01:54:50] fold1 ep 021 tr=0.8581 va=0.9263 val_AccPaper=0.4167 val_BalAccMaj=0.6111
[01:54:51] fold1 ep 022 tr=0.8635 va=0.9177 val_AccPaper=0.4167 val_BalAccMaj=0.6111
[01:54:51] fold1 ep 023 tr=0.8477 va=0.9050 val_AccPaper=0.4167 val_BalAccMaj=0.5278
[01:54:51] fold1 ep 024 tr=0.8394 va=0.8894 val_AccPaper=0.4167 val_BalAccMaj=0.6111
[01:54:52] fold1 ep 025 tr=0.8197 va=0.8833 val_AccPaper=0.5000 val_BalAccMaj=0.6944
[01:54:52] fold1 ep 026 tr=0.8342 va=0.8821 val_AccPaper=0.5000 val_BalAccMaj=0.6111
[01:54:53] fold1 ep 027 tr=0.8187 va=0.8726 val_AccPaper=0.5833 val_BalAccMaj=0.6944
[01:54:53] fold1 ep 028 tr=0.7882 va=0.8582 val_AccPaper=0.5833 val_BalAccMaj=0.6944
[01:54:53] fold1 ep 029 tr=0.7886 va=0.8500 val_AccPaper=0.5833 val_BalAccMaj=0.6944
[01:54:54] fold1 ep 030 tr=0.7863 va=0.8332 val_AccPaper=0.6667 val_BalAccMaj=0.6944
[01:54:54] fold1 ep 031 tr=0.7815 va=0.8270 val_AccPaper=0.6667 val_BalAccMaj=0.6944
[01:54:55] fold1 ep 032 tr=0.7632 va=0.8247 val_AccPaper=0.7500 val_BalAccMaj=0.8611
[01:54:55] fold1 ep 033 tr=0.7629 va=0.8130 val_AccPaper=0.6667 val_BalAccMaj=0.6944
[01:54:56] fold1 ep 034 tr=0.7736 va=0.8259 val_AccPaper=0.6667 val_BalAccMaj=0.6944
[01:54:56] fold1 ep 035 tr=0.7309 va=0.8177 val_AccPaper=0.6667 val_BalAccMaj=0.6944
[01:54:56] fold1 ep 036 tr=0.7306 va=0.8234 val_AccPaper=0.6667 val_BalAccMaj=0.6944
[01:54:57] fold1 ep 037 tr=0.7465 va=0.8220 val_AccPaper=0.6667 val_BalAccMaj=0.6944
[01:54:57] fold1 ep 038 tr=0.7117 va=0.8268 val_AccPaper=0.5833 val_BalAccMaj=0.6389
[01:54:58] fold1 ep 039 tr=0.7003 va=0.8275 val_AccPaper=0.6667 val_BalAccMaj=0.6944
[01:54:58] fold1 ep 040 tr=0.7101 va=0.8078 val_AccPaper=0.5833 val_BalAccMaj=0.6389
[01:54:58] fold1 ep 041 tr=0.6896 va=0.8006 val_AccPaper=0.5833 val_BalAccMaj=0.6389
[01:54:59] fold1 ep 042 tr=0.7091 va=0.8106 val_AccPaper=0.5833 val_BalAccMaj=0.6389
[01:54:59] fold1 ep 043 tr=0.6914 va=0.7992 val_AccPaper=0.5833 val_BalAccMaj=0.6389
[01:55:00] fold1 ep 044 tr=0.7003 va=0.8084 val_AccPaper=0.6667 val_BalAccMaj=0.7222
[01:55:00] fold1 ep 045 tr=0.6996 va=0.8108 val_AccPaper=0.5833 val_BalAccMaj=0.6389
[01:55:01] fold1 ep 046 tr=0.6920 va=0.8155 val_AccPaper=0.5833 val_BalAccMaj=0.6389
[01:55:01] fold1 ep 047 tr=0.6795 va=0.8035 val_AccPaper=0.5833 val_BalAccMaj=0.6389
[01:55:01] fold1 ep 048 tr=0.6662 va=0.8051 val_AccPaper=0.5833 val_BalAccMaj=0.6389
[01:55:02] fold1 ep 049 tr=0.6350 va=0.8197 val_AccPaper=0.5833 val_BalAccMaj=0.6389
[01:55:02] fold1 ep 050 tr=0.6685 va=0.8183 val_AccPaper=0.5833 val_BalAccMaj=0.6389
[01:55:03] fold1 ep 051 tr=0.6611 va=0.8355 val_AccPaper=0.5833 val_BalAccMaj=0.6389
[01:55:03] fold1 ep 052 tr=0.6489 va=0.8232 val_AccPaper=0.5833 val_BalAccMaj=0.6389
[01:55:03]   early stop @ ep 52
[01:55:04] [eval_half] Acc_paper=0.5806 BalAcc_maj=0.5192 win_BalAcc=0.5289
[01:55:04] [sub03] eegnet three fold2 ft_tr=1050 ft_va=252 eval=1302 full_model=True
[01:55:04] fold2 ep 001 tr=1.1867 va=1.0693 val_AccPaper=0.5000 val_BalAccMaj=0.4444
[01:55:05] fold2 ep 002 tr=1.1556 va=1.0545 val_AccPaper=0.5833 val_BalAccMaj=0.5000
[01:55:05] fold2 ep 003 tr=1.1466 va=1.0569 val_AccPaper=0.4167 val_BalAccMaj=0.3333
[01:55:06] fold2 ep 004 tr=1.1188 va=1.0586 val_AccPaper=0.3333 val_BalAccMaj=0.2500
[01:55:06] fold2 ep 005 tr=1.1172 va=1.0587 val_AccPaper=0.3333 val_BalAccMaj=0.5000
[01:55:06] fold2 ep 006 tr=1.1036 va=1.0568 val_AccPaper=0.4167 val_BalAccMaj=0.5833
[01:55:07] fold2 ep 007 tr=1.0880 va=1.0550 val_AccPaper=0.3333 val_BalAccMaj=0.5833
[01:55:07] fold2 ep 008 tr=1.0874 va=1.0526 val_AccPaper=0.5000 val_BalAccMaj=0.6667
[01:55:08] fold2 ep 009 tr=1.0699 va=1.0497 val_AccPaper=0.5000 val_BalAccMaj=0.6667
[01:55:08] fold2 ep 010 tr=1.0622 va=1.0493 val_AccPaper=0.4167 val_BalAccMaj=0.5000
[01:55:08] fold2 ep 011 tr=1.0410 va=1.0489 val_AccPaper=0.3333 val_BalAccMaj=0.4444
[01:55:09] fold2 ep 012 tr=1.0322 va=1.0444 val_AccPaper=0.3333 val_BalAccMaj=0.4444
[01:55:09] fold2 ep 013 tr=1.0538 va=1.0421 val_AccPaper=0.3333 val_BalAccMaj=0.4444
[01:55:10] fold2 ep 014 tr=1.0259 va=1.0365 val_AccPaper=0.3333 val_BalAccMaj=0.3889
[01:55:10] fold2 ep 015 tr=1.0082 va=1.0274 val_AccPaper=0.3333 val_BalAccMaj=0.3889
[01:55:11] fold2 ep 016 tr=1.0136 va=1.0268 val_AccPaper=0.3333 val_BalAccMaj=0.3889
[01:55:11] fold2 ep 017 tr=1.0073 va=1.0231 val_AccPaper=0.3333 val_BalAccMaj=0.3889
[01:55:11] fold2 ep 018 tr=1.0021 va=1.0179 val_AccPaper=0.3333 val_BalAccMaj=0.3889
[01:55:12] fold2 ep 019 tr=0.9993 va=1.0116 val_AccPaper=0.4167 val_BalAccMaj=0.5556
[01:55:12] fold2 ep 020 tr=0.9991 va=1.0106 val_AccPaper=0.4167 val_BalAccMaj=0.5556
[01:55:13] fold2 ep 021 tr=0.9798 va=1.0067 val_AccPaper=0.4167 val_BalAccMaj=0.5556
[01:55:13] fold2 ep 022 tr=0.9603 va=1.0033 val_AccPaper=0.4167 val_BalAccMaj=0.6111
[01:55:13]   early stop @ ep 22
[01:55:14] [eval_half] Acc_paper=0.2258 BalAcc_maj=0.2954 win_BalAcc=0.3303
[01:55:14] [sub03] eegnet three fold3 ft_tr=1050 ft_va=252 eval=1302 full_model=True
[01:55:14] fold3 ep 001 tr=1.1498 va=1.0974 val_AccPaper=0.5000 val_BalAccMaj=0.5556
[01:55:15] fold3 ep 002 tr=1.1371 va=1.0807 val_AccPaper=0.4167 val_BalAccMaj=0.4444
[01:55:15] fold3 ep 003 tr=1.1365 va=1.0742 val_AccPaper=0.2500 val_BalAccMaj=0.3333
[01:55:16] fold3 ep 004 tr=1.1315 va=1.0731 val_AccPaper=0.1667 val_BalAccMaj=0.1667
[01:55:16] fold3 ep 005 tr=1.1078 va=1.0741 val_AccPaper=0.2500 val_BalAccMaj=0.2500
[01:55:16] fold3 ep 006 tr=1.1063 va=1.0744 val_AccPaper=0.2500 val_BalAccMaj=0.2500
[01:55:17] fold3 ep 007 tr=1.1073 va=1.0751 val_AccPaper=0.2500 val_BalAccMaj=0.2500
[01:55:17] fold3 ep 008 tr=1.1004 va=1.0779 val_AccPaper=0.2500 val_BalAccMaj=0.3611
[01:55:18] fold3 ep 009 tr=1.0913 va=1.0773 val_AccPaper=0.2500 val_BalAccMaj=0.3611
[01:55:18] fold3 ep 010 tr=1.0865 va=1.0768 val_AccPaper=0.3333 val_BalAccMaj=0.3611
[01:55:18] fold3 ep 011 tr=1.0890 va=1.0778 val_AccPaper=0.2500 val_BalAccMaj=0.3056
[01:55:19] fold3 ep 012 tr=1.0715 va=1.0785 val_AccPaper=0.2500 val_BalAccMaj=0.3889
[01:55:19] fold3 ep 013 tr=1.0598 va=1.0809 val_AccPaper=0.3333 val_BalAccMaj=0.6389
[01:55:20] fold3 ep 014 tr=1.0707 va=1.0831 val_AccPaper=0.1667 val_BalAccMaj=0.4722
[01:55:20] fold3 ep 015 tr=1.0726 va=1.0812 val_AccPaper=0.4167 val_BalAccMaj=0.5556
[01:55:21] fold3 ep 016 tr=1.0746 va=1.0771 val_AccPaper=0.4167 val_BalAccMaj=0.5556
[01:55:21] fold3 ep 017 tr=1.0573 va=1.0770 val_AccPaper=0.4167 val_BalAccMaj=0.5556
[01:55:21] fold3 ep 018 tr=1.0617 va=1.0774 val_AccPaper=0.3333 val_BalAccMaj=0.6389
[01:55:22] fold3 ep 019 tr=1.0381 va=1.0797 val_AccPaper=0.3333 val_BalAccMaj=0.6389
[01:55:22] fold3 ep 020 tr=1.0297 va=1.0789 val_AccPaper=0.4167 val_BalAccMaj=0.6389
[01:55:23] fold3 ep 021 tr=1.0304 va=1.0760 val_AccPaper=0.3333 val_BalAccMaj=0.6389
[01:55:23]   early stop @ ep 21
[01:55:23] [eval_half] Acc_paper=0.2581 BalAcc_maj=0.2554 win_BalAcc=0.3222
[01:55:24] [sub03] eegnet three fold4 ft_tr=1050 ft_va=252 eval=1302 full_model=True
[01:55:24] fold4 ep 001 tr=1.2750 va=1.2535 val_AccPaper=0.1667 val_BalAccMaj=0.1389
[01:55:24] fold4 ep 002 tr=1.2016 va=1.2141 val_AccPaper=0.1667 val_BalAccMaj=0.1389
[01:55:25] fold4 ep 003 tr=1.1526 va=1.1977 val_AccPaper=0.2500 val_BalAccMaj=0.2222
[01:55:25] fold4 ep 004 tr=1.1353 va=1.1748 val_AccPaper=0.2500 val_BalAccMaj=0.2222
[01:55:26] fold4 ep 005 tr=1.1141 va=1.1392 val_AccPaper=0.2500 val_BalAccMaj=0.2778
[01:55:26] fold4 ep 006 tr=1.0717 va=1.1113 val_AccPaper=0.3333 val_BalAccMaj=0.2778
[01:55:27] fold4 ep 007 tr=1.0587 va=1.0841 val_AccPaper=0.3333 val_BalAccMaj=0.2778
[01:55:27] fold4 ep 008 tr=1.0158 va=1.0547 val_AccPaper=0.3333 val_BalAccMaj=0.2778
[01:55:27] fold4 ep 009 tr=0.9834 va=1.0352 val_AccPaper=0.3333 val_BalAccMaj=0.2500
[01:55:28] fold4 ep 010 tr=0.9869 va=1.0114 val_AccPaper=0.3333 val_BalAccMaj=0.2500
[01:55:28] fold4 ep 011 tr=0.9328 va=0.9840 val_AccPaper=0.4167 val_BalAccMaj=0.3333
[01:55:29] fold4 ep 012 tr=0.9427 va=0.9714 val_AccPaper=0.3333 val_BalAccMaj=0.2500
[01:55:29] fold4 ep 013 tr=0.9114 va=0.9539 val_AccPaper=0.4167 val_BalAccMaj=0.3333
[01:55:29] fold4 ep 014 tr=0.8648 va=0.9279 val_AccPaper=0.5000 val_BalAccMaj=0.3889
[01:55:30] fold4 ep 015 tr=0.8868 va=0.9208 val_AccPaper=0.3333 val_BalAccMaj=0.2500
[01:55:30] fold4 ep 016 tr=0.8867 va=0.9032 val_AccPaper=0.4167 val_BalAccMaj=0.3056
[01:55:31] fold4 ep 017 tr=0.8445 va=0.8920 val_AccPaper=0.5000 val_BalAccMaj=0.3889
[01:55:31] fold4 ep 018 tr=0.8303 va=0.8917 val_AccPaper=0.4167 val_BalAccMaj=0.4167
[01:55:32] fold4 ep 019 tr=0.8267 va=0.8844 val_AccPaper=0.4167 val_BalAccMaj=0.5000
[01:55:32] fold4 ep 020 tr=0.8356 va=0.8734 val_AccPaper=0.5000 val_BalAccMaj=0.4722
[01:55:32] fold4 ep 021 tr=0.8131 va=0.8879 val_AccPaper=0.5000 val_BalAccMaj=0.5000
[01:55:33] fold4 ep 022 tr=0.7598 va=0.8807 val_AccPaper=0.5833 val_BalAccMaj=0.5833
[01:55:33] fold4 ep 023 tr=0.7510 va=0.8764 val_AccPaper=0.6667 val_BalAccMaj=0.6389
[01:55:34] fold4 ep 024 tr=0.7367 va=0.8697 val_AccPaper=0.5833 val_BalAccMaj=0.5833
[01:55:34] fold4 ep 025 tr=0.7784 va=0.8704 val_AccPaper=0.5000 val_BalAccMaj=0.5000
[01:55:34] fold4 ep 026 tr=0.7507 va=0.8649 val_AccPaper=0.5000 val_BalAccMaj=0.5000
[01:55:35] fold4 ep 027 tr=0.7430 va=0.8585 val_AccPaper=0.5000 val_BalAccMaj=0.5000
[01:55:35] fold4 ep 028 tr=0.7313 va=0.8609 val_AccPaper=0.5000 val_BalAccMaj=0.5000
[01:55:36] fold4 ep 029 tr=0.6734 va=0.8404 val_AccPaper=0.6667 val_BalAccMaj=0.6389
[01:55:36] fold4 ep 030 tr=0.7273 va=0.8438 val_AccPaper=0.5000 val_BalAccMaj=0.5278
[01:55:37] fold4 ep 031 tr=0.6923 va=0.8296 val_AccPaper=0.5833 val_BalAccMaj=0.5833
[01:55:37] fold4 ep 032 tr=0.7081 va=0.8192 val_AccPaper=0.5833 val_BalAccMaj=0.5833
[01:55:37] fold4 ep 033 tr=0.6665 va=0.8178 val_AccPaper=0.5833 val_BalAccMaj=0.5833
[01:55:38] fold4 ep 034 tr=0.6450 va=0.8283 val_AccPaper=0.5833 val_BalAccMaj=0.5833
[01:55:38] fold4 ep 035 tr=0.6286 va=0.8480 val_AccPaper=0.5833 val_BalAccMaj=0.5833
[01:55:39] fold4 ep 036 tr=0.6900 va=0.8510 val_AccPaper=0.5833 val_BalAccMaj=0.5833
[01:55:39] fold4 ep 037 tr=0.6365 va=0.8534 val_AccPaper=0.5833 val_BalAccMaj=0.5833
[01:55:40] fold4 ep 038 tr=0.6556 va=0.8588 val_AccPaper=0.5833 val_BalAccMaj=0.5833
[01:55:40] fold4 ep 039 tr=0.6469 va=0.8712 val_AccPaper=0.5833 val_BalAccMaj=0.5833
[01:55:40] fold4 ep 040 tr=0.6195 va=0.8686 val_AccPaper=0.5833 val_BalAccMaj=0.5833
[01:55:41] fold4 ep 041 tr=0.6202 va=0.8539 val_AccPaper=0.5833 val_BalAccMaj=0.5833
[01:55:41] fold4 ep 042 tr=0.6316 va=0.8625 val_AccPaper=0.5833 val_BalAccMaj=0.5833
[01:55:42] fold4 ep 043 tr=0.6002 va=0.8579 val_AccPaper=0.5833 val_BalAccMaj=0.5833
[01:55:42]   early stop @ ep 43
[01:55:42] [eval_half] Acc_paper=0.6129 BalAcc_maj=0.5556 win_BalAcc=0.5235
[01:55:42] done -> D:\cyy\MI\资料\伪在线实验\02_微调_前半训后半评\results\20260805_015040_eegnet_game_ft_half
