start arm=U1 device=cuda n_classes=3 y_counts={0: 91800, 1: 91800, 2: 91800} pf_protocol_version=3 no_rest=False
[U1] §3.2.1 future-perturb ratio=127.452
fold0 ep 001  tr=2.3751  val_AccPaper=0.5107  val_BalAccMaj=0.5130  win_BalAcc=0.5098  win_f1_macro=0.5023
fold0 ep 002  tr=2.0183  val_AccPaper=0.5422  val_BalAccMaj=0.5474  win_BalAcc=0.5373  win_f1_macro=0.5355
fold0 ep 003  tr=1.9397  val_AccPaper=0.5596  val_BalAccMaj=0.5637  win_BalAcc=0.5468  win_f1_macro=0.5463
fold0 ep 004  tr=1.8874  val_AccPaper=0.5559  val_BalAccMaj=0.5622  win_BalAcc=0.5505  win_f1_macro=0.5512
fold0 ep 005  tr=1.8524  val_AccPaper=0.5607  val_BalAccMaj=0.5656  win_BalAcc=0.5525  win_f1_macro=0.5530
fold0 ep 006  tr=1.8229  val_AccPaper=0.5607  val_BalAccMaj=0.5652  win_BalAcc=0.5547  win_f1_macro=0.5541
fold0 ep 007  tr=1.8095  val_AccPaper=0.5652  val_BalAccMaj=0.5693  win_BalAcc=0.5535  win_f1_macro=0.5538
fold0 ep 008  tr=1.7920  val_AccPaper=0.5667  val_BalAccMaj=0.5707  win_BalAcc=0.5620  win_f1_macro=0.5623
fold0 ep 009  tr=1.7803  val_AccPaper=0.5700  val_BalAccMaj=0.5752  win_BalAcc=0.5631  win_f1_macro=0.5626
fold0 ep 010  tr=1.7649  val_AccPaper=0.5722  val_BalAccMaj=0.5767  win_BalAcc=0.5616  win_f1_macro=0.5618
fold0 ep 011  tr=1.7530  val_AccPaper=0.5711  val_BalAccMaj=0.5767  win_BalAcc=0.5633  win_f1_macro=0.5636
fold0 ep 012  tr=1.7516  val_AccPaper=0.5726  val_BalAccMaj=0.5778  win_BalAcc=0.5651  win_f1_macro=0.5659
fold0 ep 013  tr=1.7458  val_AccPaper=0.5719  val_BalAccMaj=0.5763  win_BalAcc=0.5644  win_f1_macro=0.5651
fold0 ep 014  tr=1.7381  val_AccPaper=0.5711  val_BalAccMaj=0.5759  win_BalAcc=0.5621  win_f1_macro=0.5625
fold0 ep 015  tr=1.7265  val_AccPaper=0.5681  val_BalAccMaj=0.5715  win_BalAcc=0.5583  win_f1_macro=0.5587
fold0 ep 016  tr=1.7182  val_AccPaper=0.5644  val_BalAccMaj=0.5670  win_BalAcc=0.5582  win_f1_macro=0.5580
fold0 ep 017  tr=1.7078  val_AccPaper=0.5707  val_BalAccMaj=0.5763  win_BalAcc=0.5608  win_f1_macro=0.5602
fold0 ep 018  tr=1.7046  val_AccPaper=0.5693  val_BalAccMaj=0.5737  win_BalAcc=0.5590  win_f1_macro=0.5588
fold0 ep 019  tr=1.7033  val_AccPaper=0.5644  val_BalAccMaj=0.5700  win_BalAcc=0.5578  win_f1_macro=0.5584
fold0 ep 020  tr=1.6951  val_AccPaper=0.5604  val_BalAccMaj=0.5681  win_BalAcc=0.5572  win_f1_macro=0.5575
fold0 ep 021  tr=1.6886  val_AccPaper=0.5552  val_BalAccMaj=0.5604  win_BalAcc=0.5554  win_f1_macro=0.5541
fold0 ep 022  tr=1.6808  val_AccPaper=0.5615  val_BalAccMaj=0.5681  win_BalAcc=0.5554  win_f1_macro=0.5550
fold0 ep 023  tr=1.6713  val_AccPaper=0.5574  val_BalAccMaj=0.5633  win_BalAcc=0.5518  win_f1_macro=0.5503
fold0 ep 024  tr=1.6661  val_AccPaper=0.5570  val_BalAccMaj=0.5630  win_BalAcc=0.5522  win_f1_macro=0.5508
fold0 ep 025  tr=1.6640  val_AccPaper=0.5593  val_BalAccMaj=0.5663  win_BalAcc=0.5568  win_f1_macro=0.5560
fold0 ep 026  tr=1.6591  val_AccPaper=0.5622  val_BalAccMaj=0.5652  win_BalAcc=0.5529  win_f1_macro=0.5526
fold0 ep 027  tr=1.6505  val_AccPaper=0.5637  val_BalAccMaj=0.5700  win_BalAcc=0.5587  win_f1_macro=0.5588
fold0 ep 028  tr=1.6515  val_AccPaper=0.5548  val_BalAccMaj=0.5611  win_BalAcc=0.5510  win_f1_macro=0.5509
fold0 ep 029  tr=1.6499  val_AccPaper=0.5563  val_BalAccMaj=0.5622  win_BalAcc=0.5524  win_f1_macro=0.5512
fold0 ep 030  tr=1.6351  val_AccPaper=0.5570  val_BalAccMaj=0.5659  win_BalAcc=0.5495  win_f1_macro=0.5494
fold0 ep 031  tr=1.6421  val_AccPaper=0.5511  val_BalAccMaj=0.5548  win_BalAcc=0.5520  win_f1_macro=0.5520
fold0 ep 032  tr=1.6303  val_AccPaper=0.5607  val_BalAccMaj=0.5648  win_BalAcc=0.5551  win_f1_macro=0.5549
fold0 early stop @ ep 32
fold1 ep 001  tr=2.4591  val_AccPaper=0.5304  val_BalAccMaj=0.5341  win_BalAcc=0.5266  win_f1_macro=0.5127
fold1 ep 002  tr=2.1121  val_AccPaper=0.5359  val_BalAccMaj=0.5411  win_BalAcc=0.5369  win_f1_macro=0.5251
fold1 ep 003  tr=2.0225  val_AccPaper=0.5478  val_BalAccMaj=0.5504  win_BalAcc=0.5455  win_f1_macro=0.5378
fold1 ep 004  tr=1.9726  val_AccPaper=0.5589  val_BalAccMaj=0.5656  win_BalAcc=0.5580  win_f1_macro=0.5551
fold1 ep 005  tr=1.9439  val_AccPaper=0.5574  val_BalAccMaj=0.5667  win_BalAcc=0.5579  win_f1_macro=0.5552
fold1 ep 006  tr=1.9132  val_AccPaper=0.5526  val_BalAccMaj=0.5607  win_BalAcc=0.5551  win_f1_macro=0.5523
fold1 ep 007  tr=1.8934  val_AccPaper=0.5681  val_BalAccMaj=0.5730  win_BalAcc=0.5665  win_f1_macro=0.5662
fold1 ep 008  tr=1.8789  val_AccPaper=0.5615  val_BalAccMaj=0.5663  win_BalAcc=0.5613  win_f1_macro=0.5587
fold1 ep 009  tr=1.8631  val_AccPaper=0.5752  val_BalAccMaj=0.5822  win_BalAcc=0.5669  win_f1_macro=0.5659
fold1 ep 010  tr=1.8603  val_AccPaper=0.5522  val_BalAccMaj=0.5585  win_BalAcc=0.5536  win_f1_macro=0.5496
fold1 ep 011  tr=1.8375  val_AccPaper=0.5585  val_BalAccMaj=0.5670  win_BalAcc=0.5598  win_f1_macro=0.5578
fold1 ep 012  tr=1.8350  val_AccPaper=0.5600  val_BalAccMaj=0.5670  win_BalAcc=0.5618  win_f1_macro=0.5598
fold1 ep 013  tr=1.8206  val_AccPaper=0.5663  val_BalAccMaj=0.5733  win_BalAcc=0.5645  win_f1_macro=0.5629
fold1 ep 014  tr=1.8113  val_AccPaper=0.5637  val_BalAccMaj=0.5722  win_BalAcc=0.5618  win_f1_macro=0.5604
fold1 ep 015  tr=1.8057  val_AccPaper=0.5563  val_BalAccMaj=0.5619  win_BalAcc=0.5547  win_f1_macro=0.5512
fold1 ep 016  tr=1.7981  val_AccPaper=0.5615  val_BalAccMaj=0.5700  win_BalAcc=0.5583  win_f1_macro=0.5554
fold1 ep 017  tr=1.7932  val_AccPaper=0.5581  val_BalAccMaj=0.5656  win_BalAcc=0.5574  win_f1_macro=0.5549
fold1 ep 018  tr=1.7884  val_AccPaper=0.5515  val_BalAccMaj=0.5593  win_BalAcc=0.5553  win_f1_macro=0.5525
fold1 ep 019  tr=1.7738  val_AccPaper=0.5630  val_BalAccMaj=0.5689  win_BalAcc=0.5590  win_f1_macro=0.5566
fold1 ep 020  tr=1.7728  val_AccPaper=0.5663  val_BalAccMaj=0.5763  win_BalAcc=0.5629  win_f1_macro=0.5611
fold1 ep 021  tr=1.7670  val_AccPaper=0.5607  val_BalAccMaj=0.5696  win_BalAcc=0.5544  win_f1_macro=0.5516
fold1 ep 022  tr=1.7597  val_AccPaper=0.5574  val_BalAccMaj=0.5656  win_BalAcc=0.5562  win_f1_macro=0.5539
fold1 ep 023  tr=1.7560  val_AccPaper=0.5659  val_BalAccMaj=0.5737  win_BalAcc=0.5647  win_f1_macro=0.5646
fold1 ep 024  tr=1.7544  val_AccPaper=0.5637  val_BalAccMaj=0.5722  win_BalAcc=0.5608  win_f1_macro=0.5589
fold1 ep 025  tr=1.7442  val_AccPaper=0.5637  val_BalAccMaj=0.5704  win_BalAcc=0.5567  win_f1_macro=0.5525
fold1 ep 026  tr=1.7374  val_AccPaper=0.5626  val_BalAccMaj=0.5696  win_BalAcc=0.5610  win_f1_macro=0.5597
fold1 ep 027  tr=1.7333  val_AccPaper=0.5581  val_BalAccMaj=0.5637  win_BalAcc=0.5553  win_f1_macro=0.5495
fold1 ep 028  tr=1.7332  val_AccPaper=0.5585  val_BalAccMaj=0.5663  win_BalAcc=0.5589  win_f1_macro=0.5561
fold1 ep 029  tr=1.7305  val_AccPaper=0.5526  val_BalAccMaj=0.5615  win_BalAcc=0.5484  win_f1_macro=0.5455
fold1 early stop @ ep 29
fold2 ep 001  tr=2.3733  val_AccPaper=0.5126  val_BalAccMaj=0.5170  win_BalAcc=0.5091  win_f1_macro=0.5091
fold2 ep 002  tr=1.9986  val_AccPaper=0.5289  val_BalAccMaj=0.5344  win_BalAcc=0.5275  win_f1_macro=0.5286
fold2 ep 003  tr=1.9124  val_AccPaper=0.5278  val_BalAccMaj=0.5337  win_BalAcc=0.5257  win_f1_macro=0.5254
fold2 ep 004  tr=1.8727  val_AccPaper=0.5315  val_BalAccMaj=0.5363  win_BalAcc=0.5290  win_f1_macro=0.5285
fold2 ep 005  tr=1.8423  val_AccPaper=0.5281  val_BalAccMaj=0.5341  win_BalAcc=0.5272  win_f1_macro=0.5242
fold2 ep 006  tr=1.8187  val_AccPaper=0.5281  val_BalAccMaj=0.5370  win_BalAcc=0.5291  win_f1_macro=0.5281
fold2 ep 007  tr=1.7970  val_AccPaper=0.5300  val_BalAccMaj=0.5367  win_BalAcc=0.5275  win_f1_macro=0.5254
fold2 ep 008  tr=1.7825  val_AccPaper=0.5296  val_BalAccMaj=0.5359  win_BalAcc=0.5312  win_f1_macro=0.5285
fold2 ep 009  tr=1.7700  val_AccPaper=0.5456  val_BalAccMaj=0.5489  win_BalAcc=0.5386  win_f1_macro=0.5378
fold2 ep 010  tr=1.7572  val_AccPaper=0.5304  val_BalAccMaj=0.5378  win_BalAcc=0.5269  win_f1_macro=0.5238
fold2 ep 011  tr=1.7520  val_AccPaper=0.5344  val_BalAccMaj=0.5415  win_BalAcc=0.5282  win_f1_macro=0.5261
fold2 ep 012  tr=1.7408  val_AccPaper=0.5422  val_BalAccMaj=0.5470  win_BalAcc=0.5333  win_f1_macro=0.5293
fold2 ep 013  tr=1.7274  val_AccPaper=0.5352  val_BalAccMaj=0.5422  win_BalAcc=0.5327  win_f1_macro=0.5303
fold2 ep 014  tr=1.7292  val_AccPaper=0.5404  val_BalAccMaj=0.5485  win_BalAcc=0.5322  win_f1_macro=0.5302
fold2 ep 015  tr=1.7155  val_AccPaper=0.5415  val_BalAccMaj=0.5467  win_BalAcc=0.5339  win_f1_macro=0.5321
fold2 ep 016  tr=1.7141  val_AccPaper=0.5304  val_BalAccMaj=0.5374  win_BalAcc=0.5247  win_f1_macro=0.5220
fold2 ep 017  tr=1.7072  val_AccPaper=0.5404  val_BalAccMaj=0.5478  win_BalAcc=0.5313  win_f1_macro=0.5277
fold2 ep 018  tr=1.7023  val_AccPaper=0.5411  val_BalAccMaj=0.5456  win_BalAcc=0.5337  win_f1_macro=0.5313
fold2 ep 019  tr=1.6933  val_AccPaper=0.5396  val_BalAccMaj=0.5456  win_BalAcc=0.5328  win_f1_macro=0.5289
fold2 ep 020  tr=1.6852  val_AccPaper=0.5322  val_BalAccMaj=0.5385  win_BalAcc=0.5265  win_f1_macro=0.5236
fold2 ep 021  tr=1.6806  val_AccPaper=0.5367  val_BalAccMaj=0.5433  win_BalAcc=0.5295  win_f1_macro=0.5254
fold2 ep 022  tr=1.6826  val_AccPaper=0.5367  val_BalAccMaj=0.5407  win_BalAcc=0.5282  win_f1_macro=0.5242
fold2 ep 023  tr=1.6780  val_AccPaper=0.5348  val_BalAccMaj=0.5411  win_BalAcc=0.5289  win_f1_macro=0.5263
fold2 ep 024  tr=1.6730  val_AccPaper=0.5356  val_BalAccMaj=0.5422  win_BalAcc=0.5276  win_f1_macro=0.5237
fold2 ep 025  tr=1.6692  val_AccPaper=0.5381  val_BalAccMaj=0.5441  win_BalAcc=0.5277  win_f1_macro=0.5238
fold2 ep 026  tr=1.6629  val_AccPaper=0.5367  val_BalAccMaj=0.5433  win_BalAcc=0.5314  win_f1_macro=0.5295
fold2 ep 027  tr=1.6579  val_AccPaper=0.5381  val_BalAccMaj=0.5448  win_BalAcc=0.5281  win_f1_macro=0.5255
fold2 ep 028  tr=1.6493  val_AccPaper=0.5430  val_BalAccMaj=0.5481  win_BalAcc=0.5311  win_f1_macro=0.5290
fold2 ep 029  tr=1.6480  val_AccPaper=0.5148  val_BalAccMaj=0.5204  win_BalAcc=0.5140  win_f1_macro=0.5071
fold2 early stop @ ep 29
fold3 ep 001  tr=2.4668  val_AccPaper=0.5389  val_BalAccMaj=0.5411  win_BalAcc=0.5333  win_f1_macro=0.5190
fold3 ep 002  tr=2.1039  val_AccPaper=0.5430  val_BalAccMaj=0.5459  win_BalAcc=0.5425  win_f1_macro=0.5323
fold3 ep 003  tr=2.0121  val_AccPaper=0.5778  val_BalAccMaj=0.5841  win_BalAcc=0.5723  win_f1_macro=0.5709
fold3 ep 004  tr=1.9741  val_AccPaper=0.5722  val_BalAccMaj=0.5763  win_BalAcc=0.5708  win_f1_macro=0.5702
fold3 ep 005  tr=1.9261  val_AccPaper=0.5807  val_BalAccMaj=0.5852  win_BalAcc=0.5759  win_f1_macro=0.5755
fold3 ep 006  tr=1.9044  val_AccPaper=0.5870  val_BalAccMaj=0.5937  win_BalAcc=0.5826  win_f1_macro=0.5828
fold3 ep 007  tr=1.8908  val_AccPaper=0.6011  val_BalAccMaj=0.6074  win_BalAcc=0.5935  win_f1_macro=0.5944
fold3 ep 008  tr=1.8655  val_AccPaper=0.5822  val_BalAccMaj=0.5911  win_BalAcc=0.5758  win_f1_macro=0.5760
fold3 ep 009  tr=1.8598  val_AccPaper=0.5974  val_BalAccMaj=0.6011  win_BalAcc=0.5878  win_f1_macro=0.5877
fold3 ep 010  tr=1.8503  val_AccPaper=0.5963  val_BalAccMaj=0.6007  win_BalAcc=0.5862  win_f1_macro=0.5865
fold3 ep 011  tr=1.8367  val_AccPaper=0.5967  val_BalAccMaj=0.6019  win_BalAcc=0.5839  win_f1_macro=0.5843
fold3 ep 012  tr=1.8282  val_AccPaper=0.5926  val_BalAccMaj=0.5978  win_BalAcc=0.5842  win_f1_macro=0.5848
fold3 ep 013  tr=1.8146  val_AccPaper=0.5963  val_BalAccMaj=0.6015  win_BalAcc=0.5845  win_f1_macro=0.5848
fold3 ep 014  tr=1.8070  val_AccPaper=0.5841  val_BalAccMaj=0.5911  win_BalAcc=0.5770  win_f1_macro=0.5772
fold3 ep 015  tr=1.7981  val_AccPaper=0.5952  val_BalAccMaj=0.6011  win_BalAcc=0.5876  win_f1_macro=0.5878
fold3 ep 016  tr=1.7936  val_AccPaper=0.5841  val_BalAccMaj=0.5893  win_BalAcc=0.5780  win_f1_macro=0.5781
fold3 ep 017  tr=1.7799  val_AccPaper=0.5948  val_BalAccMaj=0.5985  win_BalAcc=0.5828  win_f1_macro=0.5833
fold3 ep 018  tr=1.7772  val_AccPaper=0.5907  val_BalAccMaj=0.5948  win_BalAcc=0.5826  win_f1_macro=0.5831
fold3 ep 019  tr=1.7700  val_AccPaper=0.5911  val_BalAccMaj=0.5974  win_BalAcc=0.5818  win_f1_macro=0.5823
fold3 ep 020  tr=1.7552  val_AccPaper=0.5815  val_BalAccMaj=0.5844  win_BalAcc=0.5696  win_f1_macro=0.5694
fold3 ep 021  tr=1.7544  val_AccPaper=0.5930  val_BalAccMaj=0.5989  win_BalAcc=0.5849  win_f1_macro=0.5852
fold3 ep 022  tr=1.7529  val_AccPaper=0.5848  val_BalAccMaj=0.5904  win_BalAcc=0.5778  win_f1_macro=0.5780
fold3 ep 023  tr=1.7396  val_AccPaper=0.5837  val_BalAccMaj=0.5878  win_BalAcc=0.5773  win_f1_macro=0.5774
fold3 ep 024  tr=1.7357  val_AccPaper=0.5807  val_BalAccMaj=0.5852  win_BalAcc=0.5751  win_f1_macro=0.5750
fold3 ep 025  tr=1.7360  val_AccPaper=0.5841  val_BalAccMaj=0.5907  win_BalAcc=0.5793  win_f1_macro=0.5797
fold3 ep 026  tr=1.7227  val_AccPaper=0.5922  val_BalAccMaj=0.5956  win_BalAcc=0.5810  win_f1_macro=0.5814
fold3 ep 027  tr=1.7211  val_AccPaper=0.5796  val_BalAccMaj=0.5848  win_BalAcc=0.5708  win_f1_macro=0.5708
fold3 early stop @ ep 27
fold4 ep 001  tr=2.3773  val_AccPaper=0.4859  val_BalAccMaj=0.4904  win_BalAcc=0.4865  win_f1_macro=0.4782
fold4 ep 002  tr=2.0065  val_AccPaper=0.4974  val_BalAccMaj=0.5011  win_BalAcc=0.4939  win_f1_macro=0.4918
fold4 ep 003  tr=1.9201  val_AccPaper=0.4952  val_BalAccMaj=0.5000  win_BalAcc=0.4970  win_f1_macro=0.4967
fold4 ep 004  tr=1.8789  val_AccPaper=0.4937  val_BalAccMaj=0.4974  win_BalAcc=0.4913  win_f1_macro=0.4893
fold4 ep 005  tr=1.8460  val_AccPaper=0.5089  val_BalAccMaj=0.5159  win_BalAcc=0.5051  win_f1_macro=0.5014
fold4 ep 006  tr=1.8277  val_AccPaper=0.5007  val_BalAccMaj=0.5081  win_BalAcc=0.4993  win_f1_macro=0.4954
fold4 ep 007  tr=1.8043  val_AccPaper=0.4952  val_BalAccMaj=0.5007  win_BalAcc=0.4934  win_f1_macro=0.4923
fold4 ep 008  tr=1.7945  val_AccPaper=0.4911  val_BalAccMaj=0.5011  win_BalAcc=0.4907  win_f1_macro=0.4856
fold4 ep 009  tr=1.7861  val_AccPaper=0.5015  val_BalAccMaj=0.5093  win_BalAcc=0.4978  win_f1_macro=0.4966
fold4 ep 010  tr=1.7792  val_AccPaper=0.4848  val_BalAccMaj=0.4937  win_BalAcc=0.4875  win_f1_macro=0.4826
fold4 ep 011  tr=1.7551  val_AccPaper=0.4893  val_BalAccMaj=0.4963  win_BalAcc=0.4916  win_f1_macro=0.4903
fold4 ep 012  tr=1.7525  val_AccPaper=0.5004  val_BalAccMaj=0.5052  win_BalAcc=0.4961  win_f1_macro=0.4923
fold4 ep 013  tr=1.7458  val_AccPaper=0.4911  val_BalAccMaj=0.4985  win_BalAcc=0.4913  win_f1_macro=0.4877
fold4 ep 014  tr=1.7353  val_AccPaper=0.4926  val_BalAccMaj=0.5011  win_BalAcc=0.4929  win_f1_macro=0.4859
fold4 ep 015  tr=1.7255  val_AccPaper=0.4893  val_BalAccMaj=0.4981  win_BalAcc=0.4929  win_f1_macro=0.4879
fold4 ep 016  tr=1.7176  val_AccPaper=0.5033  val_BalAccMaj=0.5085  win_BalAcc=0.4994  win_f1_macro=0.4971
fold4 ep 017  tr=1.7126  val_AccPaper=0.4822  val_BalAccMaj=0.4911  win_BalAcc=0.4898  win_f1_macro=0.4851
fold4 ep 018  tr=1.6973  val_AccPaper=0.4922  val_BalAccMaj=0.5015  win_BalAcc=0.4949  win_f1_macro=0.4901
fold4 ep 019  tr=1.6892  val_AccPaper=0.5004  val_BalAccMaj=0.5085  win_BalAcc=0.5012  win_f1_macro=0.4994
fold4 ep 020  tr=1.6924  val_AccPaper=0.4937  val_BalAccMaj=0.5007  win_BalAcc=0.4955  win_f1_macro=0.4930
fold4 ep 021  tr=1.6812  val_AccPaper=0.4952  val_BalAccMaj=0.5019  win_BalAcc=0.4966  win_f1_macro=0.4940
fold4 ep 022  tr=1.6808  val_AccPaper=0.5030  val_BalAccMaj=0.5133  win_BalAcc=0.5028  win_f1_macro=0.4998
fold4 ep 023  tr=1.6748  val_AccPaper=0.5137  val_BalAccMaj=0.5196  win_BalAcc=0.5091  win_f1_macro=0.5056
fold4 ep 024  tr=1.6676  val_AccPaper=0.4989  val_BalAccMaj=0.5037  win_BalAcc=0.5010  win_f1_macro=0.5002
fold4 ep 025  tr=1.6610  val_AccPaper=0.5052  val_BalAccMaj=0.5133  win_BalAcc=0.5012  win_f1_macro=0.4976
fold4 ep 026  tr=1.6555  val_AccPaper=0.5089  val_BalAccMaj=0.5141  win_BalAcc=0.5050  win_f1_macro=0.5030
fold4 ep 027  tr=1.6542  val_AccPaper=0.5174  val_BalAccMaj=0.5248  win_BalAcc=0.5130  win_f1_macro=0.5117
fold4 ep 028  tr=1.6489  val_AccPaper=0.4967  val_BalAccMaj=0.5041  win_BalAcc=0.4975  win_f1_macro=0.4926
fold4 ep 029  tr=1.6430  val_AccPaper=0.5044  val_BalAccMaj=0.5119  win_BalAcc=0.5040  win_f1_macro=0.5022
fold4 ep 030  tr=1.6399  val_AccPaper=0.4981  val_BalAccMaj=0.5041  win_BalAcc=0.4981  win_f1_macro=0.4945
fold4 ep 031  tr=1.6335  val_AccPaper=0.5067  val_BalAccMaj=0.5133  win_BalAcc=0.5038  win_f1_macro=0.4995
fold4 ep 032  tr=1.6269  val_AccPaper=0.4978  val_BalAccMaj=0.5033  win_BalAcc=0.5006  win_f1_macro=0.4998
fold4 ep 033  tr=1.6218  val_AccPaper=0.4885  val_BalAccMaj=0.4956  win_BalAcc=0.4917  win_f1_macro=0.4870
fold4 ep 034  tr=1.6132  val_AccPaper=0.5004  val_BalAccMaj=0.5078  win_BalAcc=0.5026  win_f1_macro=0.5006
fold4 ep 035  tr=1.6138  val_AccPaper=0.4985  val_BalAccMaj=0.5078  win_BalAcc=0.4996  win_f1_macro=0.4974
fold4 ep 036  tr=1.6153  val_AccPaper=0.4989  val_BalAccMaj=0.5048  win_BalAcc=0.5013  win_f1_macro=0.4986
fold4 ep 037  tr=1.6069  val_AccPaper=0.5033  val_BalAccMaj=0.5074  win_BalAcc=0.5023  win_f1_macro=0.5025
fold4 ep 038  tr=1.6092  val_AccPaper=0.5085  val_BalAccMaj=0.5144  win_BalAcc=0.5045  win_f1_macro=0.5016
fold4 ep 039  tr=1.6039  val_AccPaper=0.4848  val_BalAccMaj=0.4885  win_BalAcc=0.4858  win_f1_macro=0.4842
fold4 ep 040  tr=1.6001  val_AccPaper=0.4915  val_BalAccMaj=0.4963  win_BalAcc=0.4953  win_f1_macro=0.4932
fold4 ep 041  tr=1.5900  val_AccPaper=0.4970  val_BalAccMaj=0.5056  win_BalAcc=0.5009  win_f1_macro=0.4980
fold4 ep 042  tr=1.5843  val_AccPaper=0.5041  val_BalAccMaj=0.5104  win_BalAcc=0.5068  win_f1_macro=0.5042
fold4 ep 043  tr=1.5785  val_AccPaper=0.5067  val_BalAccMaj=0.5126  win_BalAcc=0.5026  win_f1_macro=0.5015
fold4 ep 044  tr=1.5809  val_AccPaper=0.5081  val_BalAccMaj=0.5156  win_BalAcc=0.5063  win_f1_macro=0.5036
fold4 ep 045  tr=1.5760  val_AccPaper=0.5059  val_BalAccMaj=0.5122  win_BalAcc=0.5041  win_f1_macro=0.4997
fold4 ep 046  tr=1.5736  val_AccPaper=0.5033  val_BalAccMaj=0.5107  win_BalAcc=0.5006  win_f1_macro=0.4981
fold4 ep 047  tr=1.5734  val_AccPaper=0.5081  val_BalAccMaj=0.5126  win_BalAcc=0.5035  win_f1_macro=0.4994
fold4 early stop @ ep 47
[U1] done val_AccPaper=0.5624 test_AccPaper=0.5683 test_BalAcc=0.5748 test_win_F1=0.5652
