start arm=B6 device=cuda n_classes=3 y_counts={0: 91800, 1: 91800, 2: 91800} pf_protocol_version=3 no_rest=False
[B6] §3.2.1 future-perturb ratio=137.111
fold0 ep 001  tr=3.0751  val_AccPaper=0.5156  val_BalAccMaj=0.5204  win_BalAcc=0.5094  win_f1_macro=0.5028
fold0 ep 002  tr=2.6620  val_AccPaper=0.5437  val_BalAccMaj=0.5474  win_BalAcc=0.5385  win_f1_macro=0.5362
fold0 ep 003  tr=2.5620  val_AccPaper=0.5574  val_BalAccMaj=0.5622  win_BalAcc=0.5482  win_f1_macro=0.5486
fold0 ep 004  tr=2.5150  val_AccPaper=0.5596  val_BalAccMaj=0.5659  win_BalAcc=0.5510  win_f1_macro=0.5510
fold0 ep 005  tr=2.4813  val_AccPaper=0.5541  val_BalAccMaj=0.5585  win_BalAcc=0.5502  win_f1_macro=0.5500
fold0 ep 006  tr=2.4624  val_AccPaper=0.5570  val_BalAccMaj=0.5615  win_BalAcc=0.5508  win_f1_macro=0.5498
fold0 ep 007  tr=2.4432  val_AccPaper=0.5626  val_BalAccMaj=0.5689  win_BalAcc=0.5559  win_f1_macro=0.5554
fold0 ep 008  tr=2.4266  val_AccPaper=0.5596  val_BalAccMaj=0.5648  win_BalAcc=0.5533  win_f1_macro=0.5519
fold0 ep 009  tr=2.4159  val_AccPaper=0.5570  val_BalAccMaj=0.5648  win_BalAcc=0.5517  win_f1_macro=0.5521
fold0 ep 010  tr=2.4076  val_AccPaper=0.5652  val_BalAccMaj=0.5726  win_BalAcc=0.5566  win_f1_macro=0.5563
fold0 ep 011  tr=2.3921  val_AccPaper=0.5593  val_BalAccMaj=0.5648  win_BalAcc=0.5522  win_f1_macro=0.5512
fold0 ep 012  tr=2.3738  val_AccPaper=0.5670  val_BalAccMaj=0.5715  win_BalAcc=0.5593  win_f1_macro=0.5595
fold0 ep 013  tr=2.3777  val_AccPaper=0.5622  val_BalAccMaj=0.5678  win_BalAcc=0.5561  win_f1_macro=0.5562
fold0 ep 014  tr=2.3628  val_AccPaper=0.5626  val_BalAccMaj=0.5696  win_BalAcc=0.5591  win_f1_macro=0.5597
fold0 ep 015  tr=2.3487  val_AccPaper=0.5622  val_BalAccMaj=0.5689  win_BalAcc=0.5576  win_f1_macro=0.5571
fold0 ep 016  tr=2.3426  val_AccPaper=0.5707  val_BalAccMaj=0.5763  win_BalAcc=0.5622  win_f1_macro=0.5621
fold0 ep 017  tr=2.3560  val_AccPaper=0.5622  val_BalAccMaj=0.5685  win_BalAcc=0.5585  win_f1_macro=0.5591
fold0 ep 018  tr=2.3304  val_AccPaper=0.5593  val_BalAccMaj=0.5630  win_BalAcc=0.5546  win_f1_macro=0.5545
fold0 ep 019  tr=2.3294  val_AccPaper=0.5678  val_BalAccMaj=0.5726  win_BalAcc=0.5591  win_f1_macro=0.5588
fold0 ep 020  tr=2.3132  val_AccPaper=0.5678  val_BalAccMaj=0.5733  win_BalAcc=0.5587  win_f1_macro=0.5587
fold0 ep 021  tr=2.3191  val_AccPaper=0.5626  val_BalAccMaj=0.5674  win_BalAcc=0.5536  win_f1_macro=0.5527
fold0 ep 022  tr=2.3209  val_AccPaper=0.5659  val_BalAccMaj=0.5722  win_BalAcc=0.5596  win_f1_macro=0.5600
fold0 ep 023  tr=2.2987  val_AccPaper=0.5537  val_BalAccMaj=0.5604  win_BalAcc=0.5485  win_f1_macro=0.5482
fold0 ep 024  tr=2.3012  val_AccPaper=0.5570  val_BalAccMaj=0.5622  win_BalAcc=0.5559  win_f1_macro=0.5556
fold0 ep 025  tr=2.2988  val_AccPaper=0.5589  val_BalAccMaj=0.5641  win_BalAcc=0.5570  win_f1_macro=0.5571
fold0 ep 026  tr=2.2854  val_AccPaper=0.5674  val_BalAccMaj=0.5722  win_BalAcc=0.5589  win_f1_macro=0.5587
fold0 ep 027  tr=2.2717  val_AccPaper=0.5637  val_BalAccMaj=0.5696  win_BalAcc=0.5564  win_f1_macro=0.5561
fold0 ep 028  tr=2.2640  val_AccPaper=0.5663  val_BalAccMaj=0.5704  win_BalAcc=0.5572  win_f1_macro=0.5567
fold0 ep 029  tr=2.2707  val_AccPaper=0.5537  val_BalAccMaj=0.5589  win_BalAcc=0.5527  win_f1_macro=0.5528
fold0 ep 030  tr=2.2539  val_AccPaper=0.5644  val_BalAccMaj=0.5681  win_BalAcc=0.5580  win_f1_macro=0.5583
fold0 ep 031  tr=2.2485  val_AccPaper=0.5611  val_BalAccMaj=0.5652  win_BalAcc=0.5595  win_f1_macro=0.5602
fold0 ep 032  tr=2.2412  val_AccPaper=0.5567  val_BalAccMaj=0.5626  win_BalAcc=0.5593  win_f1_macro=0.5604
fold0 ep 033  tr=2.2359  val_AccPaper=0.5570  val_BalAccMaj=0.5630  win_BalAcc=0.5530  win_f1_macro=0.5530
fold0 ep 034  tr=2.2362  val_AccPaper=0.5644  val_BalAccMaj=0.5685  win_BalAcc=0.5561  win_f1_macro=0.5558
fold0 ep 035  tr=2.2235  val_AccPaper=0.5567  val_BalAccMaj=0.5633  win_BalAcc=0.5592  win_f1_macro=0.5601
fold0 ep 036  tr=2.2250  val_AccPaper=0.5619  val_BalAccMaj=0.5663  win_BalAcc=0.5505  win_f1_macro=0.5491
fold0 early stop @ ep 36
fold1 ep 001  tr=3.1541  val_AccPaper=0.5411  val_BalAccMaj=0.5456  win_BalAcc=0.5317  win_f1_macro=0.5204
fold1 ep 002  tr=2.8107  val_AccPaper=0.5330  val_BalAccMaj=0.5370  win_BalAcc=0.5312  win_f1_macro=0.5163
fold1 ep 003  tr=2.7099  val_AccPaper=0.5489  val_BalAccMaj=0.5526  win_BalAcc=0.5494  win_f1_macro=0.5419
fold1 ep 004  tr=2.6451  val_AccPaper=0.5630  val_BalAccMaj=0.5689  win_BalAcc=0.5668  win_f1_macro=0.5647
fold1 ep 005  tr=2.6220  val_AccPaper=0.5619  val_BalAccMaj=0.5681  win_BalAcc=0.5616  win_f1_macro=0.5555
fold1 ep 006  tr=2.5955  val_AccPaper=0.5596  val_BalAccMaj=0.5626  win_BalAcc=0.5603  win_f1_macro=0.5564
fold1 ep 007  tr=2.5872  val_AccPaper=0.5722  val_BalAccMaj=0.5789  win_BalAcc=0.5635  win_f1_macro=0.5611
fold1 ep 008  tr=2.5600  val_AccPaper=0.5711  val_BalAccMaj=0.5778  win_BalAcc=0.5718  win_f1_macro=0.5696
fold1 ep 009  tr=2.5435  val_AccPaper=0.5715  val_BalAccMaj=0.5778  win_BalAcc=0.5657  win_f1_macro=0.5629
fold1 ep 010  tr=2.5361  val_AccPaper=0.5678  val_BalAccMaj=0.5730  win_BalAcc=0.5644  win_f1_macro=0.5612
fold1 ep 011  tr=2.5231  val_AccPaper=0.5622  val_BalAccMaj=0.5674  win_BalAcc=0.5578  win_f1_macro=0.5503
fold1 ep 012  tr=2.5059  val_AccPaper=0.5741  val_BalAccMaj=0.5785  win_BalAcc=0.5668  win_f1_macro=0.5641
fold1 ep 013  tr=2.5080  val_AccPaper=0.5789  val_BalAccMaj=0.5900  win_BalAcc=0.5717  win_f1_macro=0.5703
fold1 ep 014  tr=2.4918  val_AccPaper=0.5622  val_BalAccMaj=0.5711  win_BalAcc=0.5596  win_f1_macro=0.5561
fold1 ep 015  tr=2.4845  val_AccPaper=0.5663  val_BalAccMaj=0.5733  win_BalAcc=0.5623  win_f1_macro=0.5588
fold1 ep 016  tr=2.4805  val_AccPaper=0.5704  val_BalAccMaj=0.5774  win_BalAcc=0.5649  win_f1_macro=0.5619
fold1 ep 017  tr=2.4648  val_AccPaper=0.5704  val_BalAccMaj=0.5752  win_BalAcc=0.5618  win_f1_macro=0.5590
fold1 ep 018  tr=2.4514  val_AccPaper=0.5689  val_BalAccMaj=0.5774  win_BalAcc=0.5615  win_f1_macro=0.5589
fold1 ep 019  tr=2.4534  val_AccPaper=0.5544  val_BalAccMaj=0.5596  win_BalAcc=0.5520  win_f1_macro=0.5469
fold1 ep 020  tr=2.4448  val_AccPaper=0.5778  val_BalAccMaj=0.5856  win_BalAcc=0.5724  win_f1_macro=0.5718
fold1 ep 021  tr=2.4437  val_AccPaper=0.5793  val_BalAccMaj=0.5844  win_BalAcc=0.5692  win_f1_macro=0.5674
fold1 ep 022  tr=2.4314  val_AccPaper=0.5685  val_BalAccMaj=0.5770  win_BalAcc=0.5595  win_f1_macro=0.5569
fold1 ep 023  tr=2.4283  val_AccPaper=0.5652  val_BalAccMaj=0.5715  win_BalAcc=0.5602  win_f1_macro=0.5583
fold1 ep 024  tr=2.4208  val_AccPaper=0.5759  val_BalAccMaj=0.5863  win_BalAcc=0.5710  win_f1_macro=0.5698
fold1 ep 025  tr=2.4173  val_AccPaper=0.5637  val_BalAccMaj=0.5685  win_BalAcc=0.5542  win_f1_macro=0.5533
fold1 ep 026  tr=2.4185  val_AccPaper=0.5607  val_BalAccMaj=0.5689  win_BalAcc=0.5567  win_f1_macro=0.5539
fold1 ep 027  tr=2.4099  val_AccPaper=0.5593  val_BalAccMaj=0.5663  win_BalAcc=0.5582  win_f1_macro=0.5572
fold1 ep 028  tr=2.3987  val_AccPaper=0.5593  val_BalAccMaj=0.5641  win_BalAcc=0.5550  win_f1_macro=0.5538
fold1 ep 029  tr=2.3971  val_AccPaper=0.5522  val_BalAccMaj=0.5581  win_BalAcc=0.5484  win_f1_macro=0.5458
fold1 ep 030  tr=2.3881  val_AccPaper=0.5689  val_BalAccMaj=0.5737  win_BalAcc=0.5609  win_f1_macro=0.5599
fold1 ep 031  tr=2.3803  val_AccPaper=0.5470  val_BalAccMaj=0.5541  win_BalAcc=0.5464  win_f1_macro=0.5430
fold1 ep 032  tr=2.3810  val_AccPaper=0.5637  val_BalAccMaj=0.5704  win_BalAcc=0.5573  win_f1_macro=0.5567
fold1 ep 033  tr=2.3775  val_AccPaper=0.5641  val_BalAccMaj=0.5700  win_BalAcc=0.5565  win_f1_macro=0.5546
fold1 ep 034  tr=2.3740  val_AccPaper=0.5615  val_BalAccMaj=0.5678  win_BalAcc=0.5546  win_f1_macro=0.5524
fold1 ep 035  tr=2.3627  val_AccPaper=0.5611  val_BalAccMaj=0.5685  win_BalAcc=0.5549  win_f1_macro=0.5535
fold1 ep 036  tr=2.3617  val_AccPaper=0.5648  val_BalAccMaj=0.5711  win_BalAcc=0.5559  win_f1_macro=0.5552
fold1 ep 037  tr=2.3570  val_AccPaper=0.5726  val_BalAccMaj=0.5770  win_BalAcc=0.5625  win_f1_macro=0.5624
fold1 ep 038  tr=2.3582  val_AccPaper=0.5652  val_BalAccMaj=0.5737  win_BalAcc=0.5585  win_f1_macro=0.5570
fold1 ep 039  tr=2.3424  val_AccPaper=0.5581  val_BalAccMaj=0.5641  win_BalAcc=0.5522  win_f1_macro=0.5499
fold1 ep 040  tr=2.3370  val_AccPaper=0.5619  val_BalAccMaj=0.5704  win_BalAcc=0.5593  win_f1_macro=0.5575
fold1 ep 041  tr=2.3366  val_AccPaper=0.5726  val_BalAccMaj=0.5778  win_BalAcc=0.5623  win_f1_macro=0.5611
fold1 early stop @ ep 41
fold2 ep 001  tr=3.0570  val_AccPaper=0.5133  val_BalAccMaj=0.5163  win_BalAcc=0.5123  win_f1_macro=0.5119
fold2 ep 002  tr=2.6478  val_AccPaper=0.5278  val_BalAccMaj=0.5356  win_BalAcc=0.5284  win_f1_macro=0.5274
fold2 ep 003  tr=2.5591  val_AccPaper=0.5333  val_BalAccMaj=0.5389  win_BalAcc=0.5332  win_f1_macro=0.5324
fold2 ep 004  tr=2.5093  val_AccPaper=0.5356  val_BalAccMaj=0.5411  win_BalAcc=0.5320  win_f1_macro=0.5317
fold2 ep 005  tr=2.4840  val_AccPaper=0.5319  val_BalAccMaj=0.5393  win_BalAcc=0.5327  win_f1_macro=0.5327
fold2 ep 006  tr=2.4568  val_AccPaper=0.5315  val_BalAccMaj=0.5378  win_BalAcc=0.5297  win_f1_macro=0.5271
fold2 ep 007  tr=2.4410  val_AccPaper=0.5263  val_BalAccMaj=0.5322  win_BalAcc=0.5266  win_f1_macro=0.5234
fold2 ep 008  tr=2.4207  val_AccPaper=0.5341  val_BalAccMaj=0.5385  win_BalAcc=0.5308  win_f1_macro=0.5292
fold2 ep 009  tr=2.4117  val_AccPaper=0.5263  val_BalAccMaj=0.5326  win_BalAcc=0.5269  win_f1_macro=0.5235
fold2 ep 010  tr=2.3950  val_AccPaper=0.5281  val_BalAccMaj=0.5374  win_BalAcc=0.5264  win_f1_macro=0.5245
fold2 ep 011  tr=2.3810  val_AccPaper=0.5393  val_BalAccMaj=0.5470  win_BalAcc=0.5350  win_f1_macro=0.5333
fold2 ep 012  tr=2.3743  val_AccPaper=0.5263  val_BalAccMaj=0.5326  win_BalAcc=0.5249  win_f1_macro=0.5203
fold2 ep 013  tr=2.3669  val_AccPaper=0.5348  val_BalAccMaj=0.5407  win_BalAcc=0.5285  win_f1_macro=0.5242
fold2 ep 014  tr=2.3528  val_AccPaper=0.5326  val_BalAccMaj=0.5389  win_BalAcc=0.5277  win_f1_macro=0.5244
fold2 ep 015  tr=2.3437  val_AccPaper=0.5430  val_BalAccMaj=0.5467  win_BalAcc=0.5366  win_f1_macro=0.5345
fold2 ep 016  tr=2.3391  val_AccPaper=0.5267  val_BalAccMaj=0.5341  win_BalAcc=0.5244  win_f1_macro=0.5209
fold2 ep 017  tr=2.3434  val_AccPaper=0.5263  val_BalAccMaj=0.5330  win_BalAcc=0.5232  win_f1_macro=0.5198
fold2 ep 018  tr=2.3221  val_AccPaper=0.5296  val_BalAccMaj=0.5341  win_BalAcc=0.5249  win_f1_macro=0.5200
fold2 ep 019  tr=2.3161  val_AccPaper=0.5248  val_BalAccMaj=0.5315  win_BalAcc=0.5207  win_f1_macro=0.5158
fold2 ep 020  tr=2.3074  val_AccPaper=0.5241  val_BalAccMaj=0.5293  win_BalAcc=0.5168  win_f1_macro=0.5117
fold2 ep 021  tr=2.3119  val_AccPaper=0.5348  val_BalAccMaj=0.5411  win_BalAcc=0.5267  win_f1_macro=0.5242
fold2 ep 022  tr=2.3078  val_AccPaper=0.5241  val_BalAccMaj=0.5285  win_BalAcc=0.5234  win_f1_macro=0.5188
fold2 ep 023  tr=2.2976  val_AccPaper=0.5163  val_BalAccMaj=0.5222  win_BalAcc=0.5166  win_f1_macro=0.5105
fold2 ep 024  tr=2.2807  val_AccPaper=0.5319  val_BalAccMaj=0.5374  win_BalAcc=0.5241  win_f1_macro=0.5192
fold2 ep 025  tr=2.2865  val_AccPaper=0.5293  val_BalAccMaj=0.5356  win_BalAcc=0.5262  win_f1_macro=0.5222
fold2 ep 026  tr=2.2721  val_AccPaper=0.5248  val_BalAccMaj=0.5304  win_BalAcc=0.5219  win_f1_macro=0.5157
fold2 ep 027  tr=2.2711  val_AccPaper=0.5204  val_BalAccMaj=0.5267  win_BalAcc=0.5195  win_f1_macro=0.5137
fold2 ep 028  tr=2.2599  val_AccPaper=0.5219  val_BalAccMaj=0.5267  win_BalAcc=0.5221  win_f1_macro=0.5159
fold2 ep 029  tr=2.2650  val_AccPaper=0.5196  val_BalAccMaj=0.5233  win_BalAcc=0.5181  win_f1_macro=0.5117
fold2 ep 030  tr=2.2543  val_AccPaper=0.5326  val_BalAccMaj=0.5389  win_BalAcc=0.5255  win_f1_macro=0.5211
fold2 ep 031  tr=2.2579  val_AccPaper=0.5278  val_BalAccMaj=0.5348  win_BalAcc=0.5228  win_f1_macro=0.5176
fold2 ep 032  tr=2.2503  val_AccPaper=0.5237  val_BalAccMaj=0.5289  win_BalAcc=0.5188  win_f1_macro=0.5122
fold2 ep 033  tr=2.2326  val_AccPaper=0.5293  val_BalAccMaj=0.5322  win_BalAcc=0.5227  win_f1_macro=0.5175
fold2 ep 034  tr=2.2356  val_AccPaper=0.5285  val_BalAccMaj=0.5337  win_BalAcc=0.5261  win_f1_macro=0.5219
fold2 ep 035  tr=2.2336  val_AccPaper=0.5270  val_BalAccMaj=0.5311  win_BalAcc=0.5193  win_f1_macro=0.5138
fold2 early stop @ ep 35
fold3 ep 001  tr=3.1426  val_AccPaper=0.5537  val_BalAccMaj=0.5559  win_BalAcc=0.5488  win_f1_macro=0.5392
fold3 ep 002  tr=2.7886  val_AccPaper=0.5785  val_BalAccMaj=0.5841  win_BalAcc=0.5758  win_f1_macro=0.5744
fold3 ep 003  tr=2.6944  val_AccPaper=0.5963  val_BalAccMaj=0.6033  win_BalAcc=0.5855  win_f1_macro=0.5862
fold3 ep 004  tr=2.6504  val_AccPaper=0.5963  val_BalAccMaj=0.6011  win_BalAcc=0.5900  win_f1_macro=0.5911
fold3 ep 005  tr=2.6046  val_AccPaper=0.5859  val_BalAccMaj=0.5904  win_BalAcc=0.5787  win_f1_macro=0.5787
fold3 ep 006  tr=2.5840  val_AccPaper=0.5967  val_BalAccMaj=0.6015  win_BalAcc=0.5875  win_f1_macro=0.5882
fold3 ep 007  tr=2.5655  val_AccPaper=0.5985  val_BalAccMaj=0.6044  win_BalAcc=0.5898  win_f1_macro=0.5902
fold3 ep 008  tr=2.5485  val_AccPaper=0.5963  val_BalAccMaj=0.6007  win_BalAcc=0.5935  win_f1_macro=0.5936
fold3 ep 009  tr=2.5378  val_AccPaper=0.5974  val_BalAccMaj=0.6015  win_BalAcc=0.5876  win_f1_macro=0.5877
fold3 ep 010  tr=2.5169  val_AccPaper=0.5907  val_BalAccMaj=0.5963  win_BalAcc=0.5823  win_f1_macro=0.5822
fold3 ep 011  tr=2.5071  val_AccPaper=0.5937  val_BalAccMaj=0.5985  win_BalAcc=0.5909  win_f1_macro=0.5915
fold3 ep 012  tr=2.5007  val_AccPaper=0.5941  val_BalAccMaj=0.5993  win_BalAcc=0.5870  win_f1_macro=0.5873
fold3 ep 013  tr=2.4938  val_AccPaper=0.6000  val_BalAccMaj=0.6059  win_BalAcc=0.5920  win_f1_macro=0.5927
fold3 ep 014  tr=2.4787  val_AccPaper=0.5956  val_BalAccMaj=0.6000  win_BalAcc=0.5879  win_f1_macro=0.5881
fold3 ep 015  tr=2.4746  val_AccPaper=0.5944  val_BalAccMaj=0.5996  win_BalAcc=0.5884  win_f1_macro=0.5884
fold3 ep 016  tr=2.4557  val_AccPaper=0.6022  val_BalAccMaj=0.6067  win_BalAcc=0.5944  win_f1_macro=0.5951
fold3 ep 017  tr=2.4536  val_AccPaper=0.6007  val_BalAccMaj=0.6059  win_BalAcc=0.5932  win_f1_macro=0.5938
fold3 ep 018  tr=2.4471  val_AccPaper=0.5948  val_BalAccMaj=0.6007  win_BalAcc=0.5880  win_f1_macro=0.5882
fold3 ep 019  tr=2.4311  val_AccPaper=0.6000  val_BalAccMaj=0.6074  win_BalAcc=0.5929  win_f1_macro=0.5934
fold3 ep 020  tr=2.4323  val_AccPaper=0.5970  val_BalAccMaj=0.6011  win_BalAcc=0.5927  win_f1_macro=0.5933
fold3 ep 021  tr=2.4295  val_AccPaper=0.6011  val_BalAccMaj=0.6052  win_BalAcc=0.5889  win_f1_macro=0.5893
fold3 ep 022  tr=2.4128  val_AccPaper=0.5948  val_BalAccMaj=0.5993  win_BalAcc=0.5844  win_f1_macro=0.5849
fold3 ep 023  tr=2.4065  val_AccPaper=0.5900  val_BalAccMaj=0.5933  win_BalAcc=0.5827  win_f1_macro=0.5832
fold3 ep 024  tr=2.4051  val_AccPaper=0.5993  val_BalAccMaj=0.6052  win_BalAcc=0.5894  win_f1_macro=0.5889
fold3 ep 025  tr=2.4038  val_AccPaper=0.5911  val_BalAccMaj=0.5967  win_BalAcc=0.5829  win_f1_macro=0.5831
fold3 ep 026  tr=2.3883  val_AccPaper=0.5900  val_BalAccMaj=0.5930  win_BalAcc=0.5850  win_f1_macro=0.5854
fold3 ep 027  tr=2.3824  val_AccPaper=0.5937  val_BalAccMaj=0.5970  win_BalAcc=0.5813  win_f1_macro=0.5816
fold3 ep 028  tr=2.3804  val_AccPaper=0.5919  val_BalAccMaj=0.5967  win_BalAcc=0.5819  win_f1_macro=0.5823
fold3 ep 029  tr=2.3709  val_AccPaper=0.5989  val_BalAccMaj=0.6026  win_BalAcc=0.5856  win_f1_macro=0.5859
fold3 ep 030  tr=2.3661  val_AccPaper=0.5878  val_BalAccMaj=0.5930  win_BalAcc=0.5807  win_f1_macro=0.5810
fold3 ep 031  tr=2.3649  val_AccPaper=0.5911  val_BalAccMaj=0.5963  win_BalAcc=0.5836  win_f1_macro=0.5839
fold3 ep 032  tr=2.3667  val_AccPaper=0.5896  val_BalAccMaj=0.5956  win_BalAcc=0.5807  win_f1_macro=0.5805
fold3 ep 033  tr=2.3553  val_AccPaper=0.5856  val_BalAccMaj=0.5941  win_BalAcc=0.5805  win_f1_macro=0.5805
fold3 ep 034  tr=2.3544  val_AccPaper=0.5874  val_BalAccMaj=0.5922  win_BalAcc=0.5788  win_f1_macro=0.5790
fold3 ep 035  tr=2.3415  val_AccPaper=0.5919  val_BalAccMaj=0.5952  win_BalAcc=0.5820  win_f1_macro=0.5818
fold3 ep 036  tr=2.3403  val_AccPaper=0.5793  val_BalAccMaj=0.5833  win_BalAcc=0.5749  win_f1_macro=0.5752
fold3 early stop @ ep 36
fold4 ep 001  tr=3.0682  val_AccPaper=0.5070  val_BalAccMaj=0.5104  win_BalAcc=0.5054  win_f1_macro=0.5005
fold4 ep 002  tr=2.6489  val_AccPaper=0.4819  val_BalAccMaj=0.4852  win_BalAcc=0.4855  win_f1_macro=0.4806
fold4 ep 003  tr=2.5448  val_AccPaper=0.4970  val_BalAccMaj=0.5022  win_BalAcc=0.4953  win_f1_macro=0.4948
fold4 ep 004  tr=2.4974  val_AccPaper=0.5078  val_BalAccMaj=0.5126  win_BalAcc=0.5071  win_f1_macro=0.5049
fold4 ep 005  tr=2.4745  val_AccPaper=0.5078  val_BalAccMaj=0.5130  win_BalAcc=0.5080  win_f1_macro=0.5052
fold4 ep 006  tr=2.4455  val_AccPaper=0.5174  val_BalAccMaj=0.5248  win_BalAcc=0.5131  win_f1_macro=0.5116
fold4 ep 007  tr=2.4370  val_AccPaper=0.4996  val_BalAccMaj=0.5070  win_BalAcc=0.5038  win_f1_macro=0.5003
fold4 ep 008  tr=2.4205  val_AccPaper=0.5041  val_BalAccMaj=0.5100  win_BalAcc=0.5073  win_f1_macro=0.5047
fold4 ep 009  tr=2.4011  val_AccPaper=0.5059  val_BalAccMaj=0.5119  win_BalAcc=0.5077  win_f1_macro=0.5071
fold4 ep 010  tr=2.3937  val_AccPaper=0.5026  val_BalAccMaj=0.5100  win_BalAcc=0.5046  win_f1_macro=0.5016
fold4 ep 011  tr=2.3833  val_AccPaper=0.5074  val_BalAccMaj=0.5163  win_BalAcc=0.5127  win_f1_macro=0.5107
fold4 ep 012  tr=2.3743  val_AccPaper=0.4948  val_BalAccMaj=0.5015  win_BalAcc=0.4961  win_f1_macro=0.4936
fold4 ep 013  tr=2.3675  val_AccPaper=0.5074  val_BalAccMaj=0.5119  win_BalAcc=0.5060  win_f1_macro=0.5036
fold4 ep 014  tr=2.3542  val_AccPaper=0.5022  val_BalAccMaj=0.5067  win_BalAcc=0.5040  win_f1_macro=0.5008
fold4 ep 015  tr=2.3463  val_AccPaper=0.5048  val_BalAccMaj=0.5126  win_BalAcc=0.5036  win_f1_macro=0.5016
fold4 ep 016  tr=2.3405  val_AccPaper=0.5044  val_BalAccMaj=0.5100  win_BalAcc=0.5011  win_f1_macro=0.4982
fold4 ep 017  tr=2.3272  val_AccPaper=0.5007  val_BalAccMaj=0.5096  win_BalAcc=0.5070  win_f1_macro=0.5027
fold4 ep 018  tr=2.3298  val_AccPaper=0.4985  val_BalAccMaj=0.5063  win_BalAcc=0.4994  win_f1_macro=0.4947
fold4 ep 019  tr=2.3088  val_AccPaper=0.4996  val_BalAccMaj=0.5063  win_BalAcc=0.5004  win_f1_macro=0.4984
fold4 ep 020  tr=2.3090  val_AccPaper=0.5059  val_BalAccMaj=0.5137  win_BalAcc=0.5041  win_f1_macro=0.5024
fold4 ep 021  tr=2.3066  val_AccPaper=0.5037  val_BalAccMaj=0.5107  win_BalAcc=0.5044  win_f1_macro=0.5028
fold4 ep 022  tr=2.2922  val_AccPaper=0.4930  val_BalAccMaj=0.4996  win_BalAcc=0.4937  win_f1_macro=0.4901
fold4 ep 023  tr=2.2941  val_AccPaper=0.5044  val_BalAccMaj=0.5081  win_BalAcc=0.5063  win_f1_macro=0.5060
fold4 ep 024  tr=2.2827  val_AccPaper=0.4978  val_BalAccMaj=0.5037  win_BalAcc=0.4971  win_f1_macro=0.4928
fold4 ep 025  tr=2.2755  val_AccPaper=0.5037  val_BalAccMaj=0.5104  win_BalAcc=0.5015  win_f1_macro=0.4970
fold4 ep 026  tr=2.2824  val_AccPaper=0.5044  val_BalAccMaj=0.5115  win_BalAcc=0.5042  win_f1_macro=0.5013
fold4 early stop @ ep 26
[B6] done val_AccPaper=0.5625 test_AccPaper=0.5695 test_BalAcc=0.5752 test_win_F1=0.5633
