start arm=A1 device=cuda n_classes=3
[A1] §3.2.1 future-perturb ratio=123.398
fold0 ep 001  tr=0.7773  val_AccPaper=0.6411  val_BalAccMaj=0.4274  win_BalAcc=0.4247  win_f1_macro=0.4250
fold0 ep 002  tr=0.5770  val_AccPaper=0.6633  val_BalAccMaj=0.4422  win_BalAcc=0.4352  win_f1_macro=0.4326
fold0 ep 003  tr=0.5384  val_AccPaper=0.6622  val_BalAccMaj=0.4415  win_BalAcc=0.4349  win_f1_macro=0.4312
fold0 ep 004  tr=0.5272  val_AccPaper=0.6622  val_BalAccMaj=0.4415  win_BalAcc=0.4381  win_f1_macro=0.4364
fold0 ep 005  tr=0.5169  val_AccPaper=0.6667  val_BalAccMaj=0.4444  win_BalAcc=0.4388  win_f1_macro=0.4378
fold0 ep 006  tr=0.5113  val_AccPaper=0.6589  val_BalAccMaj=0.4393  win_BalAcc=0.4354  win_f1_macro=0.4309
fold0 ep 007  tr=0.5044  val_AccPaper=0.6617  val_BalAccMaj=0.4411  win_BalAcc=0.4378  win_f1_macro=0.4371
fold0 ep 008  tr=0.5018  val_AccPaper=0.6661  val_BalAccMaj=0.4441  win_BalAcc=0.4386  win_f1_macro=0.4382
fold0 ep 009  tr=0.4981  val_AccPaper=0.6583  val_BalAccMaj=0.4389  win_BalAcc=0.4372  win_f1_macro=0.4356
fold0 ep 010  tr=0.4954  val_AccPaper=0.6733  val_BalAccMaj=0.4489  win_BalAcc=0.4416  win_f1_macro=0.4408
fold0 ep 011  tr=0.4922  val_AccPaper=0.6617  val_BalAccMaj=0.4411  win_BalAcc=0.4372  win_f1_macro=0.4361
fold0 ep 012  tr=0.4899  val_AccPaper=0.6678  val_BalAccMaj=0.4452  win_BalAcc=0.4409  win_f1_macro=0.4405
fold0 ep 013  tr=0.4887  val_AccPaper=0.6694  val_BalAccMaj=0.4463  win_BalAcc=0.4407  win_f1_macro=0.4401
fold0 ep 014  tr=0.4845  val_AccPaper=0.6756  val_BalAccMaj=0.4504  win_BalAcc=0.4412  win_f1_macro=0.4408
fold0 ep 015  tr=0.4842  val_AccPaper=0.6711  val_BalAccMaj=0.4474  win_BalAcc=0.4410  win_f1_macro=0.4406
fold0 ep 016  tr=0.4805  val_AccPaper=0.6567  val_BalAccMaj=0.4378  win_BalAcc=0.4351  win_f1_macro=0.4329
fold0 ep 017  tr=0.4814  val_AccPaper=0.6733  val_BalAccMaj=0.4489  win_BalAcc=0.4405  win_f1_macro=0.4395
fold0 ep 018  tr=0.4797  val_AccPaper=0.6833  val_BalAccMaj=0.4556  win_BalAcc=0.4427  win_f1_macro=0.4424
fold0 ep 019  tr=0.4769  val_AccPaper=0.6672  val_BalAccMaj=0.4448  win_BalAcc=0.4371  win_f1_macro=0.4367
fold0 ep 020  tr=0.4773  val_AccPaper=0.6672  val_BalAccMaj=0.4448  win_BalAcc=0.4394  win_f1_macro=0.4379
fold0 ep 021  tr=0.4711  val_AccPaper=0.6728  val_BalAccMaj=0.4485  win_BalAcc=0.4418  win_f1_macro=0.4410
fold0 ep 022  tr=0.4694  val_AccPaper=0.6772  val_BalAccMaj=0.4515  win_BalAcc=0.4437  win_f1_macro=0.4433
fold0 ep 023  tr=0.4680  val_AccPaper=0.6656  val_BalAccMaj=0.4437  win_BalAcc=0.4400  win_f1_macro=0.4398
fold0 ep 024  tr=0.4671  val_AccPaper=0.6711  val_BalAccMaj=0.4474  win_BalAcc=0.4379  win_f1_macro=0.4369
fold0 ep 025  tr=0.4670  val_AccPaper=0.6589  val_BalAccMaj=0.4393  win_BalAcc=0.4370  win_f1_macro=0.4352
fold0 ep 026  tr=0.4647  val_AccPaper=0.6722  val_BalAccMaj=0.4481  win_BalAcc=0.4367  win_f1_macro=0.4365
fold0 ep 027  tr=0.4654  val_AccPaper=0.6561  val_BalAccMaj=0.4374  win_BalAcc=0.4342  win_f1_macro=0.4315
fold0 ep 028  tr=0.4621  val_AccPaper=0.6611  val_BalAccMaj=0.4407  win_BalAcc=0.4352  win_f1_macro=0.4343
fold0 ep 029  tr=0.4581  val_AccPaper=0.6733  val_BalAccMaj=0.4489  win_BalAcc=0.4427  win_f1_macro=0.4424
fold0 ep 030  tr=0.4587  val_AccPaper=0.6822  val_BalAccMaj=0.4548  win_BalAcc=0.4451  win_f1_macro=0.4450
fold0 ep 031  tr=0.4599  val_AccPaper=0.6694  val_BalAccMaj=0.4463  win_BalAcc=0.4413  win_f1_macro=0.4407
fold0 ep 032  tr=0.4556  val_AccPaper=0.6722  val_BalAccMaj=0.4481  win_BalAcc=0.4387  win_f1_macro=0.4380
fold0 ep 033  tr=0.4550  val_AccPaper=0.6817  val_BalAccMaj=0.4544  win_BalAcc=0.4452  win_f1_macro=0.4451
fold0 ep 034  tr=0.4516  val_AccPaper=0.6706  val_BalAccMaj=0.4470  win_BalAcc=0.4397  win_f1_macro=0.4396
fold0 ep 035  tr=0.4522  val_AccPaper=0.6750  val_BalAccMaj=0.4500  win_BalAcc=0.4436  win_f1_macro=0.4429
fold0 ep 036  tr=0.4525  val_AccPaper=0.6717  val_BalAccMaj=0.4478  win_BalAcc=0.4400  win_f1_macro=0.4386
fold0 ep 037  tr=0.4475  val_AccPaper=0.6828  val_BalAccMaj=0.4552  win_BalAcc=0.4472  win_f1_macro=0.4471
fold0 ep 038  tr=0.4467  val_AccPaper=0.6706  val_BalAccMaj=0.4470  win_BalAcc=0.4425  win_f1_macro=0.4415
fold0 early stop @ ep 38
fold1 ep 001  tr=0.8208  val_AccPaper=0.6422  val_BalAccMaj=0.4285  win_BalAcc=0.4250  win_f1_macro=0.4233
fold1 ep 002  tr=0.6070  val_AccPaper=0.6444  val_BalAccMaj=0.4300  win_BalAcc=0.4264  win_f1_macro=0.4207
fold1 ep 003  tr=0.5649  val_AccPaper=0.6228  val_BalAccMaj=0.4156  win_BalAcc=0.4147  win_f1_macro=0.4005
fold1 ep 004  tr=0.5466  val_AccPaper=0.6711  val_BalAccMaj=0.4474  win_BalAcc=0.4413  win_f1_macro=0.4404
fold1 ep 005  tr=0.5363  val_AccPaper=0.6661  val_BalAccMaj=0.4444  win_BalAcc=0.4395  win_f1_macro=0.4376
fold1 ep 006  tr=0.5317  val_AccPaper=0.6611  val_BalAccMaj=0.4411  win_BalAcc=0.4362  win_f1_macro=0.4334
fold1 ep 007  tr=0.5277  val_AccPaper=0.6683  val_BalAccMaj=0.4456  win_BalAcc=0.4394  win_f1_macro=0.4363
fold1 ep 008  tr=0.5221  val_AccPaper=0.6633  val_BalAccMaj=0.4422  win_BalAcc=0.4375  win_f1_macro=0.4343
fold1 ep 009  tr=0.5182  val_AccPaper=0.6883  val_BalAccMaj=0.4589  win_BalAcc=0.4512  win_f1_macro=0.4511
fold1 ep 010  tr=0.5191  val_AccPaper=0.6467  val_BalAccMaj=0.4311  win_BalAcc=0.4310  win_f1_macro=0.4219
fold1 ep 011  tr=0.5131  val_AccPaper=0.6522  val_BalAccMaj=0.4348  win_BalAcc=0.4344  win_f1_macro=0.4296
fold1 ep 012  tr=0.5108  val_AccPaper=0.6611  val_BalAccMaj=0.4407  win_BalAcc=0.4364  win_f1_macro=0.4315
fold1 ep 013  tr=0.5073  val_AccPaper=0.6850  val_BalAccMaj=0.4567  win_BalAcc=0.4489  win_f1_macro=0.4485
fold1 ep 014  tr=0.5054  val_AccPaper=0.6894  val_BalAccMaj=0.4596  win_BalAcc=0.4505  win_f1_macro=0.4498
fold1 ep 015  tr=0.5032  val_AccPaper=0.6656  val_BalAccMaj=0.4437  win_BalAcc=0.4409  win_f1_macro=0.4361
fold1 ep 016  tr=0.5041  val_AccPaper=0.6661  val_BalAccMaj=0.4441  win_BalAcc=0.4395  win_f1_macro=0.4354
fold1 ep 017  tr=0.4994  val_AccPaper=0.6483  val_BalAccMaj=0.4322  win_BalAcc=0.4329  win_f1_macro=0.4265
fold1 ep 018  tr=0.4974  val_AccPaper=0.6667  val_BalAccMaj=0.4444  win_BalAcc=0.4389  win_f1_macro=0.4354
fold1 ep 019  tr=0.4980  val_AccPaper=0.6650  val_BalAccMaj=0.4433  win_BalAcc=0.4413  win_f1_macro=0.4396
fold1 ep 020  tr=0.4951  val_AccPaper=0.6811  val_BalAccMaj=0.4541  win_BalAcc=0.4482  win_f1_macro=0.4473
fold1 ep 021  tr=0.4930  val_AccPaper=0.6639  val_BalAccMaj=0.4426  win_BalAcc=0.4371  win_f1_macro=0.4333
fold1 ep 022  tr=0.4926  val_AccPaper=0.6544  val_BalAccMaj=0.4363  win_BalAcc=0.4350  win_f1_macro=0.4296
fold1 ep 023  tr=0.4905  val_AccPaper=0.6822  val_BalAccMaj=0.4548  win_BalAcc=0.4481  win_f1_macro=0.4471
fold1 ep 024  tr=0.4908  val_AccPaper=0.6678  val_BalAccMaj=0.4452  win_BalAcc=0.4419  win_f1_macro=0.4388
fold1 ep 025  tr=0.4896  val_AccPaper=0.6756  val_BalAccMaj=0.4504  win_BalAcc=0.4430  win_f1_macro=0.4406
fold1 ep 026  tr=0.4860  val_AccPaper=0.6783  val_BalAccMaj=0.4522  win_BalAcc=0.4430  win_f1_macro=0.4405
fold1 ep 027  tr=0.4835  val_AccPaper=0.6789  val_BalAccMaj=0.4526  win_BalAcc=0.4471  win_f1_macro=0.4456
fold1 ep 028  tr=0.4866  val_AccPaper=0.6844  val_BalAccMaj=0.4563  win_BalAcc=0.4499  win_f1_macro=0.4487
fold1 ep 029  tr=0.4817  val_AccPaper=0.6894  val_BalAccMaj=0.4596  win_BalAcc=0.4520  win_f1_macro=0.4517
fold1 ep 030  tr=0.4830  val_AccPaper=0.6861  val_BalAccMaj=0.4574  win_BalAcc=0.4485  win_f1_macro=0.4465
fold1 ep 031  tr=0.4812  val_AccPaper=0.6833  val_BalAccMaj=0.4556  win_BalAcc=0.4504  win_f1_macro=0.4488
fold1 ep 032  tr=0.4779  val_AccPaper=0.6822  val_BalAccMaj=0.4548  win_BalAcc=0.4468  win_f1_macro=0.4444
fold1 ep 033  tr=0.4793  val_AccPaper=0.6700  val_BalAccMaj=0.4467  win_BalAcc=0.4412  win_f1_macro=0.4388
fold1 ep 034  tr=0.4772  val_AccPaper=0.6872  val_BalAccMaj=0.4581  win_BalAcc=0.4535  win_f1_macro=0.4532
fold1 early stop @ ep 34
fold2 ep 001  tr=0.8317  val_AccPaper=0.6211  val_BalAccMaj=0.4156  win_BalAcc=0.4078  win_f1_macro=0.4096
fold2 ep 002  tr=0.5876  val_AccPaper=0.6322  val_BalAccMaj=0.4222  win_BalAcc=0.4168  win_f1_macro=0.4160
fold2 ep 003  tr=0.5459  val_AccPaper=0.6256  val_BalAccMaj=0.4170  win_BalAcc=0.4180  win_f1_macro=0.4187
fold2 ep 004  tr=0.5292  val_AccPaper=0.6333  val_BalAccMaj=0.4222  win_BalAcc=0.4186  win_f1_macro=0.4189
fold2 ep 005  tr=0.5227  val_AccPaper=0.6378  val_BalAccMaj=0.4252  win_BalAcc=0.4237  win_f1_macro=0.4232
fold2 ep 006  tr=0.5167  val_AccPaper=0.6461  val_BalAccMaj=0.4307  win_BalAcc=0.4272  win_f1_macro=0.4272
fold2 ep 007  tr=0.5096  val_AccPaper=0.6550  val_BalAccMaj=0.4367  win_BalAcc=0.4306  win_f1_macro=0.4304
fold2 ep 008  tr=0.5074  val_AccPaper=0.6511  val_BalAccMaj=0.4341  win_BalAcc=0.4285  win_f1_macro=0.4284
fold2 ep 009  tr=0.5038  val_AccPaper=0.6517  val_BalAccMaj=0.4344  win_BalAcc=0.4294  win_f1_macro=0.4285
fold2 ep 010  tr=0.5012  val_AccPaper=0.6528  val_BalAccMaj=0.4352  win_BalAcc=0.4306  win_f1_macro=0.4301
fold2 ep 011  tr=0.4993  val_AccPaper=0.6572  val_BalAccMaj=0.4381  win_BalAcc=0.4303  win_f1_macro=0.4296
fold2 ep 012  tr=0.4946  val_AccPaper=0.6578  val_BalAccMaj=0.4385  win_BalAcc=0.4322  win_f1_macro=0.4318
fold2 ep 013  tr=0.4961  val_AccPaper=0.6517  val_BalAccMaj=0.4344  win_BalAcc=0.4310  win_f1_macro=0.4300
fold2 ep 014  tr=0.4886  val_AccPaper=0.6583  val_BalAccMaj=0.4389  win_BalAcc=0.4292  win_f1_macro=0.4281
fold2 ep 015  tr=0.4889  val_AccPaper=0.6617  val_BalAccMaj=0.4411  win_BalAcc=0.4333  win_f1_macro=0.4330
fold2 ep 016  tr=0.4894  val_AccPaper=0.6561  val_BalAccMaj=0.4374  win_BalAcc=0.4297  win_f1_macro=0.4287
fold2 ep 017  tr=0.4860  val_AccPaper=0.6539  val_BalAccMaj=0.4359  win_BalAcc=0.4305  win_f1_macro=0.4296
fold2 ep 018  tr=0.4848  val_AccPaper=0.6606  val_BalAccMaj=0.4404  win_BalAcc=0.4331  win_f1_macro=0.4325
fold2 ep 019  tr=0.4840  val_AccPaper=0.6506  val_BalAccMaj=0.4337  win_BalAcc=0.4308  win_f1_macro=0.4288
fold2 ep 020  tr=0.4850  val_AccPaper=0.6528  val_BalAccMaj=0.4352  win_BalAcc=0.4305  win_f1_macro=0.4298
fold2 ep 021  tr=0.4811  val_AccPaper=0.6572  val_BalAccMaj=0.4381  win_BalAcc=0.4317  win_f1_macro=0.4308
fold2 ep 022  tr=0.4796  val_AccPaper=0.6550  val_BalAccMaj=0.4367  win_BalAcc=0.4332  win_f1_macro=0.4323
fold2 ep 023  tr=0.4772  val_AccPaper=0.6511  val_BalAccMaj=0.4341  win_BalAcc=0.4287  win_f1_macro=0.4275
fold2 ep 024  tr=0.4793  val_AccPaper=0.6494  val_BalAccMaj=0.4330  win_BalAcc=0.4295  win_f1_macro=0.4280
fold2 ep 025  tr=0.4762  val_AccPaper=0.6528  val_BalAccMaj=0.4352  win_BalAcc=0.4310  win_f1_macro=0.4304
fold2 ep 026  tr=0.4802  val_AccPaper=0.6567  val_BalAccMaj=0.4378  win_BalAcc=0.4313  win_f1_macro=0.4310
fold2 ep 027  tr=0.4748  val_AccPaper=0.6528  val_BalAccMaj=0.4352  win_BalAcc=0.4311  win_f1_macro=0.4295
fold2 ep 028  tr=0.4746  val_AccPaper=0.6517  val_BalAccMaj=0.4344  win_BalAcc=0.4313  win_f1_macro=0.4308
fold2 ep 029  tr=0.4725  val_AccPaper=0.6500  val_BalAccMaj=0.4333  win_BalAcc=0.4303  win_f1_macro=0.4291
fold2 ep 030  tr=0.4720  val_AccPaper=0.6439  val_BalAccMaj=0.4293  win_BalAcc=0.4263  win_f1_macro=0.4255
fold2 ep 031  tr=0.4689  val_AccPaper=0.6511  val_BalAccMaj=0.4341  win_BalAcc=0.4315  win_f1_macro=0.4308
fold2 ep 032  tr=0.4702  val_AccPaper=0.6422  val_BalAccMaj=0.4281  win_BalAcc=0.4263  win_f1_macro=0.4254
fold2 ep 033  tr=0.4676  val_AccPaper=0.6467  val_BalAccMaj=0.4311  win_BalAcc=0.4281  win_f1_macro=0.4260
fold2 ep 034  tr=0.4691  val_AccPaper=0.6517  val_BalAccMaj=0.4344  win_BalAcc=0.4297  win_f1_macro=0.4285
fold2 ep 035  tr=0.4675  val_AccPaper=0.6533  val_BalAccMaj=0.4356  win_BalAcc=0.4301  win_f1_macro=0.4289
fold2 early stop @ ep 35
fold3 ep 001  tr=0.8465  val_AccPaper=0.6878  val_BalAccMaj=0.4596  win_BalAcc=0.4547  win_f1_macro=0.4551
fold3 ep 002  tr=0.6198  val_AccPaper=0.6878  val_BalAccMaj=0.4585  win_BalAcc=0.4521  win_f1_macro=0.4520
fold3 ep 003  tr=0.5785  val_AccPaper=0.7000  val_BalAccMaj=0.4667  win_BalAcc=0.4611  win_f1_macro=0.4608
fold3 ep 004  tr=0.5594  val_AccPaper=0.6794  val_BalAccMaj=0.4530  win_BalAcc=0.4474  win_f1_macro=0.4439
fold3 ep 005  tr=0.5501  val_AccPaper=0.6983  val_BalAccMaj=0.4656  win_BalAcc=0.4599  win_f1_macro=0.4598
fold3 ep 006  tr=0.5439  val_AccPaper=0.7011  val_BalAccMaj=0.4674  win_BalAcc=0.4601  win_f1_macro=0.4601
fold3 ep 007  tr=0.5405  val_AccPaper=0.6967  val_BalAccMaj=0.4644  win_BalAcc=0.4556  win_f1_macro=0.4554
fold3 ep 008  tr=0.5355  val_AccPaper=0.6922  val_BalAccMaj=0.4615  win_BalAcc=0.4566  win_f1_macro=0.4561
fold3 ep 009  tr=0.5313  val_AccPaper=0.6861  val_BalAccMaj=0.4574  win_BalAcc=0.4541  win_f1_macro=0.4533
fold3 ep 010  tr=0.5331  val_AccPaper=0.6878  val_BalAccMaj=0.4585  win_BalAcc=0.4523  win_f1_macro=0.4516
fold3 ep 011  tr=0.5277  val_AccPaper=0.6833  val_BalAccMaj=0.4556  win_BalAcc=0.4514  win_f1_macro=0.4506
fold3 ep 012  tr=0.5275  val_AccPaper=0.6967  val_BalAccMaj=0.4644  win_BalAcc=0.4582  win_f1_macro=0.4582
fold3 ep 013  tr=0.5235  val_AccPaper=0.6950  val_BalAccMaj=0.4633  win_BalAcc=0.4573  win_f1_macro=0.4573
fold3 ep 014  tr=0.5203  val_AccPaper=0.6967  val_BalAccMaj=0.4644  win_BalAcc=0.4553  win_f1_macro=0.4551
fold3 ep 015  tr=0.5205  val_AccPaper=0.6961  val_BalAccMaj=0.4641  win_BalAcc=0.4543  win_f1_macro=0.4543
fold3 ep 016  tr=0.5152  val_AccPaper=0.6856  val_BalAccMaj=0.4570  win_BalAcc=0.4531  win_f1_macro=0.4529
fold3 ep 017  tr=0.5163  val_AccPaper=0.6867  val_BalAccMaj=0.4578  win_BalAcc=0.4548  win_f1_macro=0.4545
fold3 ep 018  tr=0.5132  val_AccPaper=0.6883  val_BalAccMaj=0.4589  win_BalAcc=0.4554  win_f1_macro=0.4552
fold3 ep 019  tr=0.5121  val_AccPaper=0.6833  val_BalAccMaj=0.4556  win_BalAcc=0.4517  win_f1_macro=0.4511
fold3 ep 020  tr=0.5078  val_AccPaper=0.6972  val_BalAccMaj=0.4648  win_BalAcc=0.4589  win_f1_macro=0.4582
fold3 ep 021  tr=0.5106  val_AccPaper=0.6900  val_BalAccMaj=0.4600  win_BalAcc=0.4570  win_f1_macro=0.4569
fold3 ep 022  tr=0.5082  val_AccPaper=0.6967  val_BalAccMaj=0.4644  win_BalAcc=0.4559  win_f1_macro=0.4559
fold3 ep 023  tr=0.5052  val_AccPaper=0.6822  val_BalAccMaj=0.4548  win_BalAcc=0.4510  win_f1_macro=0.4498
fold3 ep 024  tr=0.5066  val_AccPaper=0.6850  val_BalAccMaj=0.4567  win_BalAcc=0.4512  win_f1_macro=0.4502
fold3 ep 025  tr=0.5029  val_AccPaper=0.6950  val_BalAccMaj=0.4633  win_BalAcc=0.4584  win_f1_macro=0.4584
fold3 ep 026  tr=0.5006  val_AccPaper=0.6872  val_BalAccMaj=0.4581  win_BalAcc=0.4527  win_f1_macro=0.4517
fold3 early stop @ ep 26
fold4 ep 001  tr=0.8396  val_AccPaper=0.6072  val_BalAccMaj=0.4067  win_BalAcc=0.4033  win_f1_macro=0.4054
fold4 ep 002  tr=0.5994  val_AccPaper=0.6094  val_BalAccMaj=0.4067  win_BalAcc=0.4056  win_f1_macro=0.4037
fold4 ep 003  tr=0.5530  val_AccPaper=0.6178  val_BalAccMaj=0.4122  win_BalAcc=0.4126  win_f1_macro=0.4129
fold4 ep 004  tr=0.5393  val_AccPaper=0.6256  val_BalAccMaj=0.4170  win_BalAcc=0.4163  win_f1_macro=0.4160
fold4 ep 005  tr=0.5296  val_AccPaper=0.6139  val_BalAccMaj=0.4096  win_BalAcc=0.4064  win_f1_macro=0.3983
fold4 ep 006  tr=0.5213  val_AccPaper=0.6244  val_BalAccMaj=0.4163  win_BalAcc=0.4131  win_f1_macro=0.4090
fold4 ep 007  tr=0.5182  val_AccPaper=0.6394  val_BalAccMaj=0.4263  win_BalAcc=0.4188  win_f1_macro=0.4183
fold4 ep 008  tr=0.5130  val_AccPaper=0.6300  val_BalAccMaj=0.4200  win_BalAcc=0.4156  win_f1_macro=0.4136
fold4 ep 009  tr=0.5108  val_AccPaper=0.6294  val_BalAccMaj=0.4196  win_BalAcc=0.4151  win_f1_macro=0.4142
fold4 ep 010  tr=0.5067  val_AccPaper=0.6344  val_BalAccMaj=0.4230  win_BalAcc=0.4192  win_f1_macro=0.4186
fold4 ep 011  tr=0.5009  val_AccPaper=0.6339  val_BalAccMaj=0.4226  win_BalAcc=0.4176  win_f1_macro=0.4141
fold4 ep 012  tr=0.5025  val_AccPaper=0.6244  val_BalAccMaj=0.4163  win_BalAcc=0.4127  win_f1_macro=0.4084
fold4 ep 013  tr=0.5001  val_AccPaper=0.6289  val_BalAccMaj=0.4193  win_BalAcc=0.4169  win_f1_macro=0.4139
fold4 ep 014  tr=0.4969  val_AccPaper=0.6350  val_BalAccMaj=0.4233  win_BalAcc=0.4182  win_f1_macro=0.4160
fold4 ep 015  tr=0.4949  val_AccPaper=0.6306  val_BalAccMaj=0.4204  win_BalAcc=0.4171  win_f1_macro=0.4151
fold4 ep 016  tr=0.4951  val_AccPaper=0.6150  val_BalAccMaj=0.4100  win_BalAcc=0.4090  win_f1_macro=0.4057
fold4 ep 017  tr=0.4930  val_AccPaper=0.6239  val_BalAccMaj=0.4159  win_BalAcc=0.4119  win_f1_macro=0.4087
fold4 ep 018  tr=0.4926  val_AccPaper=0.6389  val_BalAccMaj=0.4259  win_BalAcc=0.4202  win_f1_macro=0.4193
fold4 ep 019  tr=0.4912  val_AccPaper=0.6356  val_BalAccMaj=0.4237  win_BalAcc=0.4192  win_f1_macro=0.4173
fold4 ep 020  tr=0.4915  val_AccPaper=0.6367  val_BalAccMaj=0.4244  win_BalAcc=0.4187  win_f1_macro=0.4171
fold4 ep 021  tr=0.4866  val_AccPaper=0.6333  val_BalAccMaj=0.4222  win_BalAcc=0.4154  win_f1_macro=0.4128
fold4 ep 022  tr=0.4869  val_AccPaper=0.6317  val_BalAccMaj=0.4211  win_BalAcc=0.4212  win_f1_macro=0.4212
fold4 ep 023  tr=0.4858  val_AccPaper=0.6328  val_BalAccMaj=0.4219  win_BalAcc=0.4182  win_f1_macro=0.4171
fold4 ep 024  tr=0.4798  val_AccPaper=0.6206  val_BalAccMaj=0.4137  win_BalAcc=0.4115  win_f1_macro=0.4050
fold4 ep 025  tr=0.4810  val_AccPaper=0.6394  val_BalAccMaj=0.4263  win_BalAcc=0.4190  win_f1_macro=0.4154
fold4 ep 026  tr=0.4787  val_AccPaper=0.6283  val_BalAccMaj=0.4189  win_BalAcc=0.4131  win_f1_macro=0.4110
fold4 ep 027  tr=0.4786  val_AccPaper=0.6350  val_BalAccMaj=0.4233  win_BalAcc=0.4197  win_f1_macro=0.4178
fold4 early stop @ ep 27
[A1] done val_AccPaper=0.6750 test_AccPaper=0.6910 test_BalAcc=0.4607 test_win_F1=0.4541
