[01:36:34] === stream sub02_ses01_20260723_180607 ===
[01:36:35] subject=sub02 trials=62 train=31 eval=31
[01:36:38] [sub02] deep task fold0 ft_tr=1050 ft_va=252 eval=1281 full_model=True
[01:36:40] fold0 ep 001 tr=0.9261 va=1.6289 val_AccPaper=0.4167 val_BalAccMaj=0.4167
[01:36:41] fold0 ep 002 tr=0.6319 va=2.2139 val_AccPaper=0.3333 val_BalAccMaj=0.3333
[01:36:41] fold0 ep 003 tr=0.5892 va=2.1540 val_AccPaper=0.3333 val_BalAccMaj=0.3333
[01:36:42] fold0 ep 004 tr=0.5111 va=2.3913 val_AccPaper=0.1667 val_BalAccMaj=0.1667
[01:36:43] fold0 ep 005 tr=0.4754 va=2.2962 val_AccPaper=0.1667 val_BalAccMaj=0.1667
[01:36:44] fold0 ep 006 tr=0.3958 va=2.3362 val_AccPaper=0.1667 val_BalAccMaj=0.1667
[01:36:45] fold0 ep 007 tr=0.3971 va=2.5182 val_AccPaper=0.1667 val_BalAccMaj=0.1667
[01:36:46] fold0 ep 008 tr=0.3290 va=2.5080 val_AccPaper=0.1667 val_BalAccMaj=0.1667
[01:36:47] fold0 ep 009 tr=0.2932 va=2.6504 val_AccPaper=0.2500 val_BalAccMaj=0.2500
[01:36:48] fold0 ep 010 tr=0.2750 va=2.6090 val_AccPaper=0.1667 val_BalAccMaj=0.1667
[01:36:48] fold0 ep 011 tr=0.2700 va=2.5450 val_AccPaper=0.3333 val_BalAccMaj=0.3333
[01:36:49] fold0 ep 012 tr=0.2426 va=2.7232 val_AccPaper=0.2500 val_BalAccMaj=0.2500
[01:36:50] fold0 ep 013 tr=0.2097 va=2.8939 val_AccPaper=0.3333 val_BalAccMaj=0.3333
[01:36:51] fold0 ep 014 tr=0.1660 va=2.6352 val_AccPaper=0.2500 val_BalAccMaj=0.2500
[01:36:52] fold0 ep 015 tr=0.1938 va=2.7932 val_AccPaper=0.2500 val_BalAccMaj=0.2500
[01:36:53] fold0 ep 016 tr=0.1602 va=2.9935 val_AccPaper=0.4167 val_BalAccMaj=0.4167
[01:36:54] fold0 ep 017 tr=0.1756 va=3.1028 val_AccPaper=0.2500 val_BalAccMaj=0.2500
[01:36:55] fold0 ep 018 tr=0.1727 va=3.4449 val_AccPaper=0.2500 val_BalAccMaj=0.2500
[01:36:56] fold0 ep 019 tr=0.1475 va=3.1405 val_AccPaper=0.4167 val_BalAccMaj=0.4167
[01:36:56] fold0 ep 020 tr=0.1295 va=3.3329 val_AccPaper=0.2500 val_BalAccMaj=0.2500
[01:36:57] fold0 ep 021 tr=0.1140 va=3.6844 val_AccPaper=0.2500 val_BalAccMaj=0.2500
[01:36:57]   early stop @ ep 21
[01:36:58] [eval_half] Acc_paper=0.4918 BalAcc_maj=0.4887 win_BalAcc=0.5105
[01:36:58] [sub02] deep task fold1 ft_tr=1050 ft_va=252 eval=1281 full_model=True
[01:36:59] fold1 ep 001 tr=1.0296 va=1.1315 val_AccPaper=0.4167 val_BalAccMaj=0.4167
[01:37:00] fold1 ep 002 tr=0.8787 va=1.4326 val_AccPaper=0.3333 val_BalAccMaj=0.3333
[01:37:01] fold1 ep 003 tr=0.8085 va=1.7269 val_AccPaper=0.1667 val_BalAccMaj=0.1667
[01:37:02] fold1 ep 004 tr=0.7026 va=2.0497 val_AccPaper=0.1667 val_BalAccMaj=0.1667
[01:37:03] fold1 ep 005 tr=0.6768 va=2.2563 val_AccPaper=0.2500 val_BalAccMaj=0.2500
[01:37:03] fold1 ep 006 tr=0.6629 va=2.3754 val_AccPaper=0.2500 val_BalAccMaj=0.2500
[01:37:04] fold1 ep 007 tr=0.5980 va=2.5472 val_AccPaper=0.2500 val_BalAccMaj=0.2500
[01:37:05] fold1 ep 008 tr=0.5699 va=2.7166 val_AccPaper=0.2500 val_BalAccMaj=0.2500
[01:37:06] fold1 ep 009 tr=0.5862 va=2.9610 val_AccPaper=0.1667 val_BalAccMaj=0.1667
[01:37:07] fold1 ep 010 tr=0.5781 va=3.0032 val_AccPaper=0.2500 val_BalAccMaj=0.2500
[01:37:08] fold1 ep 011 tr=0.5453 va=3.3462 val_AccPaper=0.2500 val_BalAccMaj=0.2500
[01:37:09] fold1 ep 012 tr=0.4472 va=3.6424 val_AccPaper=0.2500 val_BalAccMaj=0.2500
[01:37:10] fold1 ep 013 tr=0.4477 va=3.4258 val_AccPaper=0.1667 val_BalAccMaj=0.1667
[01:37:11] fold1 ep 014 tr=0.4082 va=3.4978 val_AccPaper=0.2500 val_BalAccMaj=0.2500
[01:37:11] fold1 ep 015 tr=0.4391 va=3.6568 val_AccPaper=0.1667 val_BalAccMaj=0.1667
[01:37:12] fold1 ep 016 tr=0.4444 va=3.8531 val_AccPaper=0.1667 val_BalAccMaj=0.1667
[01:37:13] fold1 ep 017 tr=0.3603 va=4.2868 val_AccPaper=0.2500 val_BalAccMaj=0.2500
[01:37:14] fold1 ep 018 tr=0.4017 va=4.2067 val_AccPaper=0.2500 val_BalAccMaj=0.2500
[01:37:15] fold1 ep 019 tr=0.3121 va=4.4610 val_AccPaper=0.2500 val_BalAccMaj=0.2500
[01:37:16] fold1 ep 020 tr=0.3541 va=4.4717 val_AccPaper=0.1667 val_BalAccMaj=0.1667
[01:37:17] fold1 ep 021 tr=0.2868 va=4.4919 val_AccPaper=0.3333 val_BalAccMaj=0.3333
[01:37:17]   early stop @ ep 21
[01:37:17] [eval_half] Acc_paper=0.5410 BalAcc_maj=0.5414 win_BalAcc=0.5265
[01:37:17] [sub02] deep task fold2 ft_tr=1050 ft_va=252 eval=1281 full_model=True
[01:37:18] fold2 ep 001 tr=1.0373 va=1.2609 val_AccPaper=0.3333 val_BalAccMaj=0.3333
[01:37:19] fold2 ep 002 tr=0.8695 va=1.5333 val_AccPaper=0.2500 val_BalAccMaj=0.2500
[01:37:20] fold2 ep 003 tr=0.8087 va=1.8680 val_AccPaper=0.4167 val_BalAccMaj=0.4167
[01:37:21] fold2 ep 004 tr=0.7763 va=2.0931 val_AccPaper=0.2500 val_BalAccMaj=0.2500
[01:37:22] fold2 ep 005 tr=0.7003 va=2.2655 val_AccPaper=0.0833 val_BalAccMaj=0.0833
[01:37:23] fold2 ep 006 tr=0.7657 va=2.2701 val_AccPaper=0.2500 val_BalAccMaj=0.2500
[01:37:24] fold2 ep 007 tr=0.6621 va=2.3856 val_AccPaper=0.1667 val_BalAccMaj=0.1667
[01:37:25] fold2 ep 008 tr=0.6598 va=2.5787 val_AccPaper=0.2500 val_BalAccMaj=0.2500
[01:37:26] fold2 ep 009 tr=0.5871 va=2.5688 val_AccPaper=0.1667 val_BalAccMaj=0.1667
[01:37:26] fold2 ep 010 tr=0.5677 va=2.9599 val_AccPaper=0.1667 val_BalAccMaj=0.1667
[01:37:27] fold2 ep 011 tr=0.4967 va=3.0910 val_AccPaper=0.1667 val_BalAccMaj=0.1667
[01:37:28] fold2 ep 012 tr=0.5149 va=3.0047 val_AccPaper=0.3333 val_BalAccMaj=0.3333
[01:37:29] fold2 ep 013 tr=0.4480 va=3.1961 val_AccPaper=0.1667 val_BalAccMaj=0.1667
[01:37:30] fold2 ep 014 tr=0.4847 va=3.3271 val_AccPaper=0.3333 val_BalAccMaj=0.3333
[01:37:31] fold2 ep 015 tr=0.3965 va=3.5369 val_AccPaper=0.2500 val_BalAccMaj=0.2500
[01:37:32] fold2 ep 016 tr=0.4260 va=3.1963 val_AccPaper=0.1667 val_BalAccMaj=0.1667
[01:37:33] fold2 ep 017 tr=0.3837 va=3.1638 val_AccPaper=0.2500 val_BalAccMaj=0.2500
[01:37:34] fold2 ep 018 tr=0.3963 va=3.3115 val_AccPaper=0.2500 val_BalAccMaj=0.2500
[01:37:34] fold2 ep 019 tr=0.3366 va=3.4407 val_AccPaper=0.2500 val_BalAccMaj=0.2500
[01:37:35] fold2 ep 020 tr=0.3477 va=3.6740 val_AccPaper=0.1667 val_BalAccMaj=0.1667
[01:37:36] fold2 ep 021 tr=0.3570 va=3.9511 val_AccPaper=0.1667 val_BalAccMaj=0.1667
[01:37:37] fold2 ep 022 tr=0.3005 va=3.9055 val_AccPaper=0.2500 val_BalAccMaj=0.2500
[01:37:38] fold2 ep 023 tr=0.2661 va=4.1908 val_AccPaper=0.1667 val_BalAccMaj=0.1667
[01:37:38]   early stop @ ep 23
[01:37:38] [eval_half] Acc_paper=0.5410 BalAcc_maj=0.5360 win_BalAcc=0.4839
[01:37:39] [sub02] deep task fold3 ft_tr=1050 ft_va=252 eval=1281 full_model=True
[01:37:40] fold3 ep 001 tr=0.9678 va=1.3754 val_AccPaper=0.3333 val_BalAccMaj=0.3333
[01:37:40] fold3 ep 002 tr=0.9031 va=1.8447 val_AccPaper=0.3333 val_BalAccMaj=0.3333
[01:37:41] fold3 ep 003 tr=0.7897 va=2.0855 val_AccPaper=0.3333 val_BalAccMaj=0.3333
[01:37:42] fold3 ep 004 tr=0.7365 va=2.1680 val_AccPaper=0.3333 val_BalAccMaj=0.3333
[01:37:43] fold3 ep 005 tr=0.6512 va=2.4333 val_AccPaper=0.2500 val_BalAccMaj=0.2500
[01:37:44] fold3 ep 006 tr=0.6308 va=2.6130 val_AccPaper=0.3333 val_BalAccMaj=0.3333
[01:37:45] fold3 ep 007 tr=0.6198 va=2.7481 val_AccPaper=0.3333 val_BalAccMaj=0.3333
[01:37:46] fold3 ep 008 tr=0.6346 va=2.9266 val_AccPaper=0.3333 val_BalAccMaj=0.3333
[01:37:47] fold3 ep 009 tr=0.5583 va=2.7265 val_AccPaper=0.3333 val_BalAccMaj=0.3333
[01:37:48] fold3 ep 010 tr=0.5785 va=2.8927 val_AccPaper=0.1667 val_BalAccMaj=0.1667
[01:37:48] fold3 ep 011 tr=0.4382 va=3.1665 val_AccPaper=0.2500 val_BalAccMaj=0.2500
[01:37:49] fold3 ep 012 tr=0.4898 va=3.0835 val_AccPaper=0.2500 val_BalAccMaj=0.2500
[01:37:50] fold3 ep 013 tr=0.4762 va=3.2815 val_AccPaper=0.3333 val_BalAccMaj=0.3333
[01:37:51] fold3 ep 014 tr=0.4543 va=3.1983 val_AccPaper=0.3333 val_BalAccMaj=0.3333
[01:37:52] fold3 ep 015 tr=0.4107 va=3.3101 val_AccPaper=0.2500 val_BalAccMaj=0.2500
[01:37:53] fold3 ep 016 tr=0.3768 va=3.6286 val_AccPaper=0.4167 val_BalAccMaj=0.4167
[01:37:54] fold3 ep 017 tr=0.3783 va=3.5636 val_AccPaper=0.3333 val_BalAccMaj=0.3333
[01:37:55] fold3 ep 018 tr=0.3633 va=3.6549 val_AccPaper=0.3333 val_BalAccMaj=0.3333
[01:37:56] fold3 ep 019 tr=0.3288 va=3.4239 val_AccPaper=0.3333 val_BalAccMaj=0.3333
[01:37:56] fold3 ep 020 tr=0.3331 va=3.7451 val_AccPaper=0.3333 val_BalAccMaj=0.3333
[01:37:57] fold3 ep 021 tr=0.3120 va=3.8294 val_AccPaper=0.2500 val_BalAccMaj=0.2500
[01:37:58] fold3 ep 022 tr=0.2536 va=4.1517 val_AccPaper=0.3333 val_BalAccMaj=0.3333
[01:37:59] fold3 ep 023 tr=0.2712 va=4.1198 val_AccPaper=0.3333 val_BalAccMaj=0.3333
[01:38:00] fold3 ep 024 tr=0.2435 va=4.4237 val_AccPaper=0.3333 val_BalAccMaj=0.3333
[01:38:01] fold3 ep 025 tr=0.2537 va=4.4721 val_AccPaper=0.2500 val_BalAccMaj=0.2500
[01:38:02] fold3 ep 026 tr=0.2214 va=4.2624 val_AccPaper=0.3333 val_BalAccMaj=0.3333
[01:38:03] fold3 ep 027 tr=0.2023 va=4.5912 val_AccPaper=0.3333 val_BalAccMaj=0.3333
[01:38:04] fold3 ep 028 tr=0.2291 va=4.5741 val_AccPaper=0.2500 val_BalAccMaj=0.2500
[01:38:04] fold3 ep 029 tr=0.2147 va=4.8891 val_AccPaper=0.5000 val_BalAccMaj=0.5000
[01:38:05] fold3 ep 030 tr=0.2062 va=4.6649 val_AccPaper=0.2500 val_BalAccMaj=0.2500
[01:38:06] fold3 ep 031 tr=0.2141 va=5.0366 val_AccPaper=0.4167 val_BalAccMaj=0.4167
[01:38:07] fold3 ep 032 tr=0.1938 va=5.0250 val_AccPaper=0.3333 val_BalAccMaj=0.3333
[01:38:08] fold3 ep 033 tr=0.1791 va=5.1669 val_AccPaper=0.3333 val_BalAccMaj=0.3333
[01:38:09] fold3 ep 034 tr=0.1439 va=5.2517 val_AccPaper=0.3333 val_BalAccMaj=0.3333
[01:38:10] fold3 ep 035 tr=0.1592 va=4.9957 val_AccPaper=0.3333 val_BalAccMaj=0.3333
[01:38:11] fold3 ep 036 tr=0.1368 va=5.1730 val_AccPaper=0.3333 val_BalAccMaj=0.3333
[01:38:12] fold3 ep 037 tr=0.1452 va=5.3144 val_AccPaper=0.3333 val_BalAccMaj=0.3333
[01:38:12] fold3 ep 038 tr=0.1540 va=5.3221 val_AccPaper=0.3333 val_BalAccMaj=0.3333
[01:38:13] fold3 ep 039 tr=0.1571 va=5.0680 val_AccPaper=0.4167 val_BalAccMaj=0.4167
[01:38:14] fold3 ep 040 tr=0.1744 va=5.9075 val_AccPaper=0.3333 val_BalAccMaj=0.3333
[01:38:15] fold3 ep 041 tr=0.1248 va=5.3908 val_AccPaper=0.5000 val_BalAccMaj=0.5000
[01:38:16] fold3 ep 042 tr=0.1072 va=5.5841 val_AccPaper=0.3333 val_BalAccMaj=0.3333
[01:38:17] fold3 ep 043 tr=0.1024 va=5.7784 val_AccPaper=0.4167 val_BalAccMaj=0.4167
[01:38:18] fold3 ep 044 tr=0.1209 va=5.9007 val_AccPaper=0.4167 val_BalAccMaj=0.4167
[01:38:19] fold3 ep 045 tr=0.1301 va=5.7420 val_AccPaper=0.3333 val_BalAccMaj=0.3333
[01:38:20] fold3 ep 046 tr=0.1364 va=6.1670 val_AccPaper=0.3333 val_BalAccMaj=0.3333
[01:38:20] fold3 ep 047 tr=0.1278 va=6.4338 val_AccPaper=0.4167 val_BalAccMaj=0.4167
[01:38:21] fold3 ep 048 tr=0.1205 va=5.7116 val_AccPaper=0.3333 val_BalAccMaj=0.3333
[01:38:22] fold3 ep 049 tr=0.1256 va=5.8806 val_AccPaper=0.4167 val_BalAccMaj=0.4167
[01:38:22]   early stop @ ep 49
[01:38:23] [eval_half] Acc_paper=0.5246 BalAcc_maj=0.5237 win_BalAcc=0.5253
[01:38:23] [sub02] deep task fold4 ft_tr=1050 ft_va=252 eval=1281 full_model=True
[01:38:24] fold4 ep 001 tr=1.0382 va=2.0096 val_AccPaper=0.4167 val_BalAccMaj=0.4167
[01:38:25] fold4 ep 002 tr=0.7356 va=2.0548 val_AccPaper=0.3333 val_BalAccMaj=0.3333
[01:38:26] fold4 ep 003 tr=0.5424 va=1.9872 val_AccPaper=0.2500 val_BalAccMaj=0.2500
[01:38:26] fold4 ep 004 tr=0.4788 va=2.0821 val_AccPaper=0.4167 val_BalAccMaj=0.4167
[01:38:27] fold4 ep 005 tr=0.4688 va=2.2418 val_AccPaper=0.3333 val_BalAccMaj=0.3333
[01:38:28] fold4 ep 006 tr=0.3779 va=2.3248 val_AccPaper=0.4167 val_BalAccMaj=0.4167
[01:38:29] fold4 ep 007 tr=0.3610 va=2.1850 val_AccPaper=0.3333 val_BalAccMaj=0.3333
[01:38:30] fold4 ep 008 tr=0.2876 va=2.3914 val_AccPaper=0.2500 val_BalAccMaj=0.2500
[01:38:31] fold4 ep 009 tr=0.2805 va=2.4591 val_AccPaper=0.2500 val_BalAccMaj=0.2500
[01:38:32] fold4 ep 010 tr=0.2737 va=2.6228 val_AccPaper=0.2500 val_BalAccMaj=0.2500
[01:38:33] fold4 ep 011 tr=0.2381 va=2.6264 val_AccPaper=0.2500 val_BalAccMaj=0.2500
[01:38:34] fold4 ep 012 tr=0.1842 va=2.5251 val_AccPaper=0.3333 val_BalAccMaj=0.3333
[01:38:34] fold4 ep 013 tr=0.1867 va=2.5394 val_AccPaper=0.2500 val_BalAccMaj=0.2500
[01:38:35] fold4 ep 014 tr=0.1966 va=2.7570 val_AccPaper=0.2500 val_BalAccMaj=0.2500
[01:38:36] fold4 ep 015 tr=0.1466 va=2.8057 val_AccPaper=0.2500 val_BalAccMaj=0.2500
[01:38:37] fold4 ep 016 tr=0.1530 va=2.8022 val_AccPaper=0.3333 val_BalAccMaj=0.3333
[01:38:38] fold4 ep 017 tr=0.1375 va=2.9012 val_AccPaper=0.3333 val_BalAccMaj=0.3333
[01:38:39] fold4 ep 018 tr=0.1633 va=2.7881 val_AccPaper=0.3333 val_BalAccMaj=0.3333
[01:38:40] fold4 ep 019 tr=0.1379 va=2.8824 val_AccPaper=0.2500 val_BalAccMaj=0.2500
[01:38:41] fold4 ep 020 tr=0.1286 va=2.9382 val_AccPaper=0.3333 val_BalAccMaj=0.3333
[01:38:42] fold4 ep 021 tr=0.1268 va=3.0409 val_AccPaper=0.2500 val_BalAccMaj=0.2500
[01:38:42]   early stop @ ep 21
[01:38:42] [eval_half] Acc_paper=0.5738 BalAcc_maj=0.5785 win_BalAcc=0.5041
[01:38:42] [sub02] deep three fold0 ft_tr=1050 ft_va=252 eval=1281 full_model=True
[01:38:43] fold0 ep 001 tr=1.4759 va=1.9581 val_AccPaper=0.1667 val_BalAccMaj=0.1667
[01:38:44] fold0 ep 002 tr=1.3319 va=2.2168 val_AccPaper=0.3333 val_BalAccMaj=0.2778
[01:38:45] fold0 ep 003 tr=1.1940 va=2.2222 val_AccPaper=0.2500 val_BalAccMaj=0.2778
[01:38:46] fold0 ep 004 tr=1.0457 va=2.6019 val_AccPaper=0.1667 val_BalAccMaj=0.2222
[01:38:47] fold0 ep 005 tr=1.0494 va=2.6617 val_AccPaper=0.1667 val_BalAccMaj=0.2778
[01:38:48] fold0 ep 006 tr=1.0497 va=2.6242 val_AccPaper=0.3333 val_BalAccMaj=0.2778
[01:38:49] fold0 ep 007 tr=0.9519 va=2.7833 val_AccPaper=0.1667 val_BalAccMaj=0.1667
[01:38:50] fold0 ep 008 tr=0.8824 va=3.0561 val_AccPaper=0.1667 val_BalAccMaj=0.1667
[01:38:51] fold0 ep 009 tr=0.7832 va=3.1926 val_AccPaper=0.1667 val_BalAccMaj=0.2222
[01:38:52] fold0 ep 010 tr=0.7894 va=3.1460 val_AccPaper=0.1667 val_BalAccMaj=0.1667
[01:38:52] fold0 ep 011 tr=0.7888 va=3.0018 val_AccPaper=0.2500 val_BalAccMaj=0.3333
[01:38:53] fold0 ep 012 tr=0.7375 va=3.0792 val_AccPaper=0.1667 val_BalAccMaj=0.1667
[01:38:54] fold0 ep 013 tr=0.6866 va=3.1078 val_AccPaper=0.2500 val_BalAccMaj=0.2778
[01:38:55] fold0 ep 014 tr=0.6717 va=3.1079 val_AccPaper=0.2500 val_BalAccMaj=0.2222
[01:38:56] fold0 ep 015 tr=0.6409 va=3.1839 val_AccPaper=0.4167 val_BalAccMaj=0.3333
[01:38:57] fold0 ep 016 tr=0.5839 va=3.6579 val_AccPaper=0.3333 val_BalAccMaj=0.3333
[01:38:58] fold0 ep 017 tr=0.4957 va=3.5600 val_AccPaper=0.2500 val_BalAccMaj=0.2778
[01:38:59] fold0 ep 018 tr=0.5077 va=3.6583 val_AccPaper=0.3333 val_BalAccMaj=0.2778
[01:39:00] fold0 ep 019 tr=0.5153 va=3.6091 val_AccPaper=0.2500 val_BalAccMaj=0.2222
[01:39:01] fold0 ep 020 tr=0.4488 va=3.6532 val_AccPaper=0.2500 val_BalAccMaj=0.2778
[01:39:02] fold0 ep 021 tr=0.4463 va=3.9404 val_AccPaper=0.1667 val_BalAccMaj=0.2222
[01:39:02] fold0 ep 022 tr=0.4172 va=4.0017 val_AccPaper=0.3333 val_BalAccMaj=0.3333
[01:39:03] fold0 ep 023 tr=0.3720 va=3.9400 val_AccPaper=0.3333 val_BalAccMaj=0.3333
[01:39:04] fold0 ep 024 tr=0.3917 va=4.1977 val_AccPaper=0.2500 val_BalAccMaj=0.2778
[01:39:05] fold0 ep 025 tr=0.3055 va=4.0703 val_AccPaper=0.3333 val_BalAccMaj=0.3333
[01:39:06] fold0 ep 026 tr=0.3330 va=4.1339 val_AccPaper=0.2500 val_BalAccMaj=0.3333
[01:39:07] fold0 ep 027 tr=0.3029 va=4.2593 val_AccPaper=0.3333 val_BalAccMaj=0.3333
[01:39:08] fold0 ep 028 tr=0.3103 va=4.4782 val_AccPaper=0.1667 val_BalAccMaj=0.2222
[01:39:09] fold0 ep 029 tr=0.2834 va=4.3762 val_AccPaper=0.2500 val_BalAccMaj=0.2222
[01:39:10] fold0 ep 030 tr=0.2673 va=4.7323 val_AccPaper=0.2500 val_BalAccMaj=0.2222
[01:39:11] fold0 ep 031 tr=0.2466 va=4.5165 val_AccPaper=0.2500 val_BalAccMaj=0.2222
[01:39:11] fold0 ep 032 tr=0.2200 va=5.0004 val_AccPaper=0.2500 val_BalAccMaj=0.2778
[01:39:12] fold0 ep 033 tr=0.2126 va=4.8684 val_AccPaper=0.3333 val_BalAccMaj=0.3333
[01:39:13] fold0 ep 034 tr=0.2211 va=4.9127 val_AccPaper=0.3333 val_BalAccMaj=0.3333
[01:39:14] fold0 ep 035 tr=0.1796 va=4.8914 val_AccPaper=0.2500 val_BalAccMaj=0.2778
[01:39:14]   early stop @ ep 35
[01:39:15] [eval_half] Acc_paper=0.3934 BalAcc_maj=0.3611 win_BalAcc=0.3450
[01:39:15] [sub02] deep three fold1 ft_tr=1050 ft_va=252 eval=1281 full_model=True
[01:39:16] fold1 ep 001 tr=1.5456 va=1.6710 val_AccPaper=0.3333 val_BalAccMaj=0.2778
[01:39:17] fold1 ep 002 tr=1.3476 va=1.9063 val_AccPaper=0.2500 val_BalAccMaj=0.2222
[01:39:18] fold1 ep 003 tr=1.1668 va=2.1844 val_AccPaper=0.3333 val_BalAccMaj=0.3333
[01:39:19] fold1 ep 004 tr=1.1447 va=2.4881 val_AccPaper=0.2500 val_BalAccMaj=0.2222
[01:39:19] fold1 ep 005 tr=0.9487 va=2.4668 val_AccPaper=0.2500 val_BalAccMaj=0.2778
[01:39:20] fold1 ep 006 tr=0.9553 va=2.5235 val_AccPaper=0.2500 val_BalAccMaj=0.2778
[01:39:21] fold1 ep 007 tr=0.9372 va=2.5874 val_AccPaper=0.3333 val_BalAccMaj=0.2778
[01:39:22] fold1 ep 008 tr=0.8925 va=2.6209 val_AccPaper=0.2500 val_BalAccMaj=0.2778
[01:39:23] fold1 ep 009 tr=0.7610 va=2.8324 val_AccPaper=0.2500 val_BalAccMaj=0.3333
[01:39:24] fold1 ep 010 tr=0.7538 va=2.9217 val_AccPaper=0.1667 val_BalAccMaj=0.3333
[01:39:25] fold1 ep 011 tr=0.7209 va=3.1652 val_AccPaper=0.2500 val_BalAccMaj=0.3333
[01:39:26] fold1 ep 012 tr=0.6420 va=3.2842 val_AccPaper=0.1667 val_BalAccMaj=0.2222
[01:39:27] fold1 ep 013 tr=0.6242 va=3.2377 val_AccPaper=0.2500 val_BalAccMaj=0.2222
[01:39:28] fold1 ep 014 tr=0.6271 va=3.3361 val_AccPaper=0.2500 val_BalAccMaj=0.3333
[01:39:29] fold1 ep 015 tr=0.5892 va=3.4702 val_AccPaper=0.1667 val_BalAccMaj=0.2222
[01:39:30] fold1 ep 016 tr=0.5447 va=3.6332 val_AccPaper=0.1667 val_BalAccMaj=0.3333
[01:39:30] fold1 ep 017 tr=0.4998 va=3.8598 val_AccPaper=0.2500 val_BalAccMaj=0.2778
[01:39:31] fold1 ep 018 tr=0.4124 va=3.8788 val_AccPaper=0.1667 val_BalAccMaj=0.2222
[01:39:32] fold1 ep 019 tr=0.3987 va=3.8264 val_AccPaper=0.1667 val_BalAccMaj=0.2222
[01:39:33] fold1 ep 020 tr=0.3648 va=3.8195 val_AccPaper=0.1667 val_BalAccMaj=0.2222
[01:39:34] fold1 ep 021 tr=0.3970 va=3.9400 val_AccPaper=0.1667 val_BalAccMaj=0.2222
[01:39:34]   early stop @ ep 21
[01:39:34] [eval_half] Acc_paper=0.2295 BalAcc_maj=0.3056 win_BalAcc=0.2985
[01:39:35] [sub02] deep three fold2 ft_tr=1050 ft_va=252 eval=1281 full_model=True
[01:39:36] fold2 ep 001 tr=1.4432 va=1.8430 val_AccPaper=0.2500 val_BalAccMaj=0.2778
[01:39:37] fold2 ep 002 tr=1.2679 va=2.0482 val_AccPaper=0.2500 val_BalAccMaj=0.3889
[01:39:37] fold2 ep 003 tr=1.0474 va=2.4895 val_AccPaper=0.1667 val_BalAccMaj=0.2778
[01:39:38] fold2 ep 004 tr=1.0661 va=2.5326 val_AccPaper=0.0833 val_BalAccMaj=0.0556
[01:39:39] fold2 ep 005 tr=0.9326 va=2.5254 val_AccPaper=0.2500 val_BalAccMaj=0.3333
[01:39:40] fold2 ep 006 tr=0.9279 va=2.6061 val_AccPaper=0.1667 val_BalAccMaj=0.2222
[01:39:41] fold2 ep 007 tr=0.8679 va=2.4490 val_AccPaper=0.3333 val_BalAccMaj=0.2778
[01:39:42] fold2 ep 008 tr=0.7606 va=2.8644 val_AccPaper=0.4167 val_BalAccMaj=0.3333
[01:39:43] fold2 ep 009 tr=0.7242 va=2.8369 val_AccPaper=0.4167 val_BalAccMaj=0.3333
[01:39:44] fold2 ep 010 tr=0.6715 va=3.0460 val_AccPaper=0.4167 val_BalAccMaj=0.3333
[01:39:45] fold2 ep 011 tr=0.6429 va=3.0294 val_AccPaper=0.4167 val_BalAccMaj=0.3333
[01:39:46] fold2 ep 012 tr=0.5902 va=3.1307 val_AccPaper=0.4167 val_BalAccMaj=0.3333
[01:39:46] fold2 ep 013 tr=0.6474 va=3.2000 val_AccPaper=0.4167 val_BalAccMaj=0.3889
[01:39:47] fold2 ep 014 tr=0.5964 va=3.4702 val_AccPaper=0.2500 val_BalAccMaj=0.2778
[01:39:48] fold2 ep 015 tr=0.5318 va=3.6579 val_AccPaper=0.1667 val_BalAccMaj=0.1667
[01:39:49] fold2 ep 016 tr=0.4922 va=3.5270 val_AccPaper=0.2500 val_BalAccMaj=0.2222
[01:39:50] fold2 ep 017 tr=0.4729 va=3.3754 val_AccPaper=0.2500 val_BalAccMaj=0.2778
[01:39:51] fold2 ep 018 tr=0.3922 va=3.6045 val_AccPaper=0.2500 val_BalAccMaj=0.2778
[01:39:52] fold2 ep 019 tr=0.3694 va=3.6310 val_AccPaper=0.2500 val_BalAccMaj=0.2222
[01:39:53] fold2 ep 020 tr=0.3442 va=3.8583 val_AccPaper=0.2500 val_BalAccMaj=0.2222
[01:39:54] fold2 ep 021 tr=0.3605 va=3.8542 val_AccPaper=0.3333 val_BalAccMaj=0.3333
[01:39:55] fold2 ep 022 tr=0.2783 va=4.0394 val_AccPaper=0.2500 val_BalAccMaj=0.2222
[01:39:56] fold2 ep 023 tr=0.2969 va=4.1785 val_AccPaper=0.1667 val_BalAccMaj=0.2778
[01:39:56] fold2 ep 024 tr=0.2371 va=4.0982 val_AccPaper=0.1667 val_BalAccMaj=0.1667
[01:39:57] fold2 ep 025 tr=0.2638 va=4.2613 val_AccPaper=0.1667 val_BalAccMaj=0.1667
[01:39:58] fold2 ep 026 tr=0.2623 va=4.5954 val_AccPaper=0.2500 val_BalAccMaj=0.2222
[01:39:59] fold2 ep 027 tr=0.2029 va=4.2259 val_AccPaper=0.1667 val_BalAccMaj=0.1667
[01:40:00] fold2 ep 028 tr=0.2031 va=4.1881 val_AccPaper=0.2500 val_BalAccMaj=0.2222
[01:40:00]   early stop @ ep 28
[01:40:00] [eval_half] Acc_paper=0.3770 BalAcc_maj=0.3278 win_BalAcc=0.3276
[01:40:01] [sub02] deep three fold3 ft_tr=1050 ft_va=252 eval=1281 full_model=True
[01:40:02] fold3 ep 001 tr=1.4127 va=1.8195 val_AccPaper=0.2500 val_BalAccMaj=0.5000
[01:40:03] fold3 ep 002 tr=1.0045 va=2.2211 val_AccPaper=0.1667 val_BalAccMaj=0.2222
[01:40:03] fold3 ep 003 tr=0.7841 va=2.3512 val_AccPaper=0.1667 val_BalAccMaj=0.2222
[01:40:04] fold3 ep 004 tr=0.6960 va=2.5989 val_AccPaper=0.2500 val_BalAccMaj=0.3333
[01:40:05] fold3 ep 005 tr=0.6387 va=2.4862 val_AccPaper=0.2500 val_BalAccMaj=0.3889
[01:40:06] fold3 ep 006 tr=0.5693 va=2.4650 val_AccPaper=0.1667 val_BalAccMaj=0.2222
[01:40:07] fold3 ep 007 tr=0.5206 va=2.6762 val_AccPaper=0.0833 val_BalAccMaj=0.3333
[01:40:08] fold3 ep 008 tr=0.4952 va=2.5977 val_AccPaper=0.1667 val_BalAccMaj=0.2222
[01:40:09] fold3 ep 009 tr=0.4645 va=2.6050 val_AccPaper=0.1667 val_BalAccMaj=0.2222
[01:40:10] fold3 ep 010 tr=0.4079 va=2.7066 val_AccPaper=0.2500 val_BalAccMaj=0.3889
[01:40:11] fold3 ep 011 tr=0.3616 va=2.6332 val_AccPaper=0.2500 val_BalAccMaj=0.3889
[01:40:12] fold3 ep 012 tr=0.3162 va=2.9365 val_AccPaper=0.1667 val_BalAccMaj=0.2222
[01:40:13] fold3 ep 013 tr=0.3089 va=2.7978 val_AccPaper=0.1667 val_BalAccMaj=0.2222
[01:40:13] fold3 ep 014 tr=0.2740 va=3.0438 val_AccPaper=0.1667 val_BalAccMaj=0.2222
[01:40:14] fold3 ep 015 tr=0.2179 va=3.0169 val_AccPaper=0.1667 val_BalAccMaj=0.2778
[01:40:15] fold3 ep 016 tr=0.2309 va=2.9603 val_AccPaper=0.1667 val_BalAccMaj=0.3889
[01:40:16] fold3 ep 017 tr=0.1951 va=3.1868 val_AccPaper=0.1667 val_BalAccMaj=0.3333
[01:40:17] fold3 ep 018 tr=0.2262 va=3.1162 val_AccPaper=0.1667 val_BalAccMaj=0.2778
[01:40:18] fold3 ep 019 tr=0.2391 va=3.0937 val_AccPaper=0.2500 val_BalAccMaj=0.3889
[01:40:19] fold3 ep 020 tr=0.1835 va=2.9450 val_AccPaper=0.1667 val_BalAccMaj=0.2778
[01:40:20] fold3 ep 021 tr=0.1429 va=3.3844 val_AccPaper=0.1667 val_BalAccMaj=0.2778
[01:40:20]   early stop @ ep 21
[01:40:20] [eval_half] Acc_paper=0.1803 BalAcc_maj=0.2417 win_BalAcc=0.2769
[01:40:20] [sub02] deep three fold4 ft_tr=1050 ft_va=252 eval=1281 full_model=True
[01:40:21] fold4 ep 001 tr=1.5145 va=2.6791 val_AccPaper=0.0833 val_BalAccMaj=0.1667
[01:40:22] fold4 ep 002 tr=1.0800 va=2.8044 val_AccPaper=0.1667 val_BalAccMaj=0.3333
[01:40:23] fold4 ep 003 tr=0.8685 va=2.5716 val_AccPaper=0.0833 val_BalAccMaj=0.1111
[01:40:24] fold4 ep 004 tr=0.7803 va=2.6292 val_AccPaper=0.0833 val_BalAccMaj=0.1111
[01:40:25] fold4 ep 005 tr=0.7550 va=2.8275 val_AccPaper=0.0833 val_BalAccMaj=0.1111
[01:40:26] fold4 ep 006 tr=0.6183 va=2.8428 val_AccPaper=0.0833 val_BalAccMaj=0.1111
[01:40:27] fold4 ep 007 tr=0.6127 va=2.8066 val_AccPaper=0.0833 val_BalAccMaj=0.1111
[01:40:28] fold4 ep 008 tr=0.5295 va=2.8033 val_AccPaper=0.1667 val_BalAccMaj=0.2222
[01:40:28] fold4 ep 009 tr=0.4772 va=3.1929 val_AccPaper=0.0833 val_BalAccMaj=0.1111
[01:40:29] fold4 ep 010 tr=0.4589 va=3.1503 val_AccPaper=0.1667 val_BalAccMaj=0.2222
[01:40:30] fold4 ep 011 tr=0.3694 va=3.0216 val_AccPaper=0.0833 val_BalAccMaj=0.2222
[01:40:31] fold4 ep 012 tr=0.3644 va=3.1700 val_AccPaper=0.0833 val_BalAccMaj=0.1111
[01:40:32] fold4 ep 013 tr=0.3209 va=3.3535 val_AccPaper=0.1667 val_BalAccMaj=0.2222
[01:40:33] fold4 ep 014 tr=0.3119 va=3.4720 val_AccPaper=0.1667 val_BalAccMaj=0.2222
[01:40:34] fold4 ep 015 tr=0.2934 va=3.1527 val_AccPaper=0.0833 val_BalAccMaj=0.2222
[01:40:35] fold4 ep 016 tr=0.2221 va=3.5492 val_AccPaper=0.1667 val_BalAccMaj=0.2222
[01:40:36] fold4 ep 017 tr=0.2183 va=3.6405 val_AccPaper=0.1667 val_BalAccMaj=0.2222
[01:40:37] fold4 ep 018 tr=0.2049 va=3.5553 val_AccPaper=0.1667 val_BalAccMaj=0.2222
[01:40:38] fold4 ep 019 tr=0.2243 va=3.5373 val_AccPaper=0.1667 val_BalAccMaj=0.2222
[01:40:38] fold4 ep 020 tr=0.2015 va=3.9090 val_AccPaper=0.2500 val_BalAccMaj=0.2778
[01:40:39] fold4 ep 021 tr=0.1592 va=3.7812 val_AccPaper=0.2500 val_BalAccMaj=0.2778
[01:40:40] fold4 ep 022 tr=0.1661 va=3.6682 val_AccPaper=0.1667 val_BalAccMaj=0.3333
[01:40:41] fold4 ep 023 tr=0.1596 va=4.0253 val_AccPaper=0.2500 val_BalAccMaj=0.2778
[01:40:42] fold4 ep 024 tr=0.1637 va=4.0702 val_AccPaper=0.2500 val_BalAccMaj=0.2778
[01:40:43] fold4 ep 025 tr=0.1565 va=3.9866 val_AccPaper=0.1667 val_BalAccMaj=0.2222
[01:40:44] fold4 ep 026 tr=0.1333 va=4.0004 val_AccPaper=0.1667 val_BalAccMaj=0.2778
[01:40:45] fold4 ep 027 tr=0.1266 va=4.1610 val_AccPaper=0.2500 val_BalAccMaj=0.2778
[01:40:46] fold4 ep 028 tr=0.1236 va=4.2389 val_AccPaper=0.2500 val_BalAccMaj=0.2778
[01:40:47] fold4 ep 029 tr=0.1108 va=4.2471 val_AccPaper=0.2500 val_BalAccMaj=0.2778
[01:40:48] fold4 ep 030 tr=0.1244 va=4.4284 val_AccPaper=0.1667 val_BalAccMaj=0.1667
[01:40:49] fold4 ep 031 tr=0.1105 va=4.6306 val_AccPaper=0.1667 val_BalAccMaj=0.1667
[01:40:49] fold4 ep 032 tr=0.1057 va=4.3976 val_AccPaper=0.1667 val_BalAccMaj=0.2778
[01:40:50] fold4 ep 033 tr=0.0975 va=4.5580 val_AccPaper=0.1667 val_BalAccMaj=0.1667
[01:40:51] fold4 ep 034 tr=0.1024 va=4.6108 val_AccPaper=0.1667 val_BalAccMaj=0.2778
[01:40:52] fold4 ep 035 tr=0.0807 va=4.7286 val_AccPaper=0.1667 val_BalAccMaj=0.2778
[01:40:53] fold4 ep 036 tr=0.1056 va=4.5423 val_AccPaper=0.1667 val_BalAccMaj=0.2778
[01:40:54] fold4 ep 037 tr=0.0854 va=4.5595 val_AccPaper=0.1667 val_BalAccMaj=0.2778
[01:40:55] fold4 ep 038 tr=0.0490 va=4.6216 val_AccPaper=0.1667 val_BalAccMaj=0.2778
[01:40:56] fold4 ep 039 tr=0.0754 va=4.7967 val_AccPaper=0.1667 val_BalAccMaj=0.2778
[01:40:57] fold4 ep 040 tr=0.0753 va=4.6204 val_AccPaper=0.1667 val_BalAccMaj=0.2778
[01:40:57]   early stop @ ep 40
[01:40:57] [eval_half] Acc_paper=0.2787 BalAcc_maj=0.3042 win_BalAcc=0.3339
[01:40:57] === stream sub03_ses01_20260723_185153 ===
[01:40:59] subject=sub03 trials=62 train=31 eval=31
[01:40:59] [sub03] deep task fold0 ft_tr=1050 ft_va=252 eval=1302 full_model=True
[01:41:00] fold0 ep 001 tr=1.2072 va=0.9544 val_AccPaper=0.5833 val_BalAccMaj=0.5833
[01:41:01] fold0 ep 002 tr=0.7632 va=1.0651 val_AccPaper=0.4167 val_BalAccMaj=0.4167
[01:41:02] fold0 ep 003 tr=0.5816 va=0.9878 val_AccPaper=0.5833 val_BalAccMaj=0.5833
[01:41:03] fold0 ep 004 tr=0.5450 va=1.1171 val_AccPaper=0.5833 val_BalAccMaj=0.5833
[01:41:03] fold0 ep 005 tr=0.4483 va=1.1601 val_AccPaper=0.5833 val_BalAccMaj=0.5833
[01:41:04] fold0 ep 006 tr=0.4233 va=1.1602 val_AccPaper=0.5833 val_BalAccMaj=0.5833
[01:41:05] fold0 ep 007 tr=0.3168 va=1.1457 val_AccPaper=0.5833 val_BalAccMaj=0.5833
[01:41:06] fold0 ep 008 tr=0.2679 va=1.5196 val_AccPaper=0.5000 val_BalAccMaj=0.5000
[01:41:07] fold0 ep 009 tr=0.2048 va=1.4816 val_AccPaper=0.5833 val_BalAccMaj=0.5833
[01:41:08] fold0 ep 010 tr=0.2157 va=1.1728 val_AccPaper=0.6667 val_BalAccMaj=0.6667
[01:41:09] fold0 ep 011 tr=0.1987 va=1.4417 val_AccPaper=0.7500 val_BalAccMaj=0.7500
[01:41:10] fold0 ep 012 tr=0.1925 va=1.4351 val_AccPaper=0.7500 val_BalAccMaj=0.7500
[01:41:11] fold0 ep 013 tr=0.1774 va=1.5994 val_AccPaper=0.6667 val_BalAccMaj=0.6667
[01:41:11] fold0 ep 014 tr=0.1755 va=1.7132 val_AccPaper=0.6667 val_BalAccMaj=0.6667
[01:41:12] fold0 ep 015 tr=0.1648 va=1.5584 val_AccPaper=0.7500 val_BalAccMaj=0.7500
[01:41:13] fold0 ep 016 tr=0.1195 va=1.6539 val_AccPaper=0.6667 val_BalAccMaj=0.6667
[01:41:14] fold0 ep 017 tr=0.1463 va=1.7968 val_AccPaper=0.7500 val_BalAccMaj=0.7500
[01:41:15] fold0 ep 018 tr=0.1343 va=1.9284 val_AccPaper=0.7500 val_BalAccMaj=0.7500
[01:41:16] fold0 ep 019 tr=0.1110 va=1.8402 val_AccPaper=0.6667 val_BalAccMaj=0.6667
[01:41:17] fold0 ep 020 tr=0.1137 va=1.8194 val_AccPaper=0.7500 val_BalAccMaj=0.7500
[01:41:18] fold0 ep 021 tr=0.0960 va=2.0229 val_AccPaper=0.7500 val_BalAccMaj=0.7500
[01:41:19] fold0 ep 022 tr=0.0901 va=1.9649 val_AccPaper=0.7500 val_BalAccMaj=0.7500
[01:41:19] fold0 ep 023 tr=0.0792 va=2.3081 val_AccPaper=0.7500 val_BalAccMaj=0.7500
[01:41:20] fold0 ep 024 tr=0.0788 va=2.1760 val_AccPaper=0.7500 val_BalAccMaj=0.7500
[01:41:21] fold0 ep 025 tr=0.0762 va=2.0571 val_AccPaper=0.7500 val_BalAccMaj=0.7500
[01:41:22] fold0 ep 026 tr=0.0484 va=2.3132 val_AccPaper=0.7500 val_BalAccMaj=0.7500
[01:41:23] fold0 ep 027 tr=0.0954 va=2.3796 val_AccPaper=0.7500 val_BalAccMaj=0.7500
[01:41:24] fold0 ep 028 tr=0.0638 va=2.4202 val_AccPaper=0.7500 val_BalAccMaj=0.7500
[01:41:25] fold0 ep 029 tr=0.0625 va=2.4139 val_AccPaper=0.7500 val_BalAccMaj=0.7500
[01:41:26] fold0 ep 030 tr=0.0482 va=2.4159 val_AccPaper=0.7500 val_BalAccMaj=0.7500
[01:41:27] fold0 ep 031 tr=0.0557 va=2.6406 val_AccPaper=0.7500 val_BalAccMaj=0.7500
[01:41:27]   early stop @ ep 31
[01:41:27] [eval_half] Acc_paper=0.6613 BalAcc_maj=0.6613 win_BalAcc=0.6367
[01:41:27] [sub03] deep task fold1 ft_tr=1050 ft_va=252 eval=1302 full_model=True
[01:41:28] fold1 ep 001 tr=1.0744 va=1.0143 val_AccPaper=0.5000 val_BalAccMaj=0.5000
[01:41:29] fold1 ep 002 tr=0.9274 va=1.0283 val_AccPaper=0.4167 val_BalAccMaj=0.4167
[01:41:30] fold1 ep 003 tr=0.8574 va=1.1338 val_AccPaper=0.4167 val_BalAccMaj=0.4167
[01:41:31] fold1 ep 004 tr=0.7976 va=1.2540 val_AccPaper=0.4167 val_BalAccMaj=0.4167
[01:41:32] fold1 ep 005 tr=0.6558 va=1.2382 val_AccPaper=0.5833 val_BalAccMaj=0.5833
[01:41:33] fold1 ep 006 tr=0.6187 va=1.1348 val_AccPaper=0.6667 val_BalAccMaj=0.6667
[01:41:33] fold1 ep 007 tr=0.5734 va=1.1787 val_AccPaper=0.6667 val_BalAccMaj=0.6667
[01:41:34] fold1 ep 008 tr=0.5728 va=0.9156 val_AccPaper=0.6667 val_BalAccMaj=0.6667
[01:41:35] fold1 ep 009 tr=0.4425 va=0.9942 val_AccPaper=0.5833 val_BalAccMaj=0.5833
[01:41:36] fold1 ep 010 tr=0.4475 va=1.0847 val_AccPaper=0.5833 val_BalAccMaj=0.5833
[01:41:37] fold1 ep 011 tr=0.4008 va=1.0843 val_AccPaper=0.6667 val_BalAccMaj=0.6667
[01:41:38] fold1 ep 012 tr=0.3429 va=1.0213 val_AccPaper=0.6667 val_BalAccMaj=0.6667
[01:41:39] fold1 ep 013 tr=0.3297 va=1.1920 val_AccPaper=0.7500 val_BalAccMaj=0.7500
[01:41:40] fold1 ep 014 tr=0.2878 va=1.1210 val_AccPaper=0.6667 val_BalAccMaj=0.6667
[01:41:41] fold1 ep 015 tr=0.3481 va=1.4919 val_AccPaper=0.4167 val_BalAccMaj=0.4167
[01:41:42] fold1 ep 016 tr=0.2351 va=1.5130 val_AccPaper=0.5000 val_BalAccMaj=0.5000
[01:41:42] fold1 ep 017 tr=0.2261 va=1.6784 val_AccPaper=0.5000 val_BalAccMaj=0.5000
[01:41:43] fold1 ep 018 tr=0.2441 va=1.6191 val_AccPaper=0.4167 val_BalAccMaj=0.4167
[01:41:44] fold1 ep 019 tr=0.2461 va=1.6525 val_AccPaper=0.5833 val_BalAccMaj=0.5833
[01:41:45] fold1 ep 020 tr=0.2419 va=1.6390 val_AccPaper=0.5000 val_BalAccMaj=0.5000
[01:41:46] fold1 ep 021 tr=0.1605 va=1.7964 val_AccPaper=0.4167 val_BalAccMaj=0.4167
[01:41:47] fold1 ep 022 tr=0.1867 va=1.9984 val_AccPaper=0.5000 val_BalAccMaj=0.5000
[01:41:48] fold1 ep 023 tr=0.2216 va=1.7435 val_AccPaper=0.5000 val_BalAccMaj=0.5000
[01:41:49] fold1 ep 024 tr=0.1486 va=1.6464 val_AccPaper=0.5833 val_BalAccMaj=0.5833
[01:41:50] fold1 ep 025 tr=0.1879 va=1.7372 val_AccPaper=0.5000 val_BalAccMaj=0.5000
[01:41:50] fold1 ep 026 tr=0.1503 va=1.9652 val_AccPaper=0.5000 val_BalAccMaj=0.5000
[01:41:51] fold1 ep 027 tr=0.1230 va=2.0178 val_AccPaper=0.5000 val_BalAccMaj=0.5000
[01:41:52] fold1 ep 028 tr=0.1215 va=2.2715 val_AccPaper=0.5000 val_BalAccMaj=0.5000
[01:41:53] fold1 ep 029 tr=0.1122 va=2.3114 val_AccPaper=0.5000 val_BalAccMaj=0.5000
[01:41:54] fold1 ep 030 tr=0.1314 va=2.4531 val_AccPaper=0.5000 val_BalAccMaj=0.5000
[01:41:55] fold1 ep 031 tr=0.0910 va=2.3232 val_AccPaper=0.5833 val_BalAccMaj=0.5833
[01:41:56] fold1 ep 032 tr=0.1301 va=2.4091 val_AccPaper=0.5000 val_BalAccMaj=0.5000
[01:41:57] fold1 ep 033 tr=0.1263 va=2.4864 val_AccPaper=0.5000 val_BalAccMaj=0.5000
[01:41:57]   early stop @ ep 33
[01:41:57] [eval_half] Acc_paper=0.6452 BalAcc_maj=0.6452 win_BalAcc=0.6306
[01:41:58] [sub03] deep task fold2 ft_tr=1050 ft_va=252 eval=1302 full_model=True
[01:41:58] fold2 ep 001 tr=1.1186 va=0.7563 val_AccPaper=0.7500 val_BalAccMaj=0.7500
[01:41:59] fold2 ep 002 tr=0.8799 va=0.9421 val_AccPaper=0.5833 val_BalAccMaj=0.5833
[01:42:00] fold2 ep 003 tr=0.7734 va=1.0548 val_AccPaper=0.5833 val_BalAccMaj=0.5833
[01:42:01] fold2 ep 004 tr=0.6459 va=1.1690 val_AccPaper=0.5833 val_BalAccMaj=0.5833
[01:42:02] fold2 ep 005 tr=0.6198 va=1.0590 val_AccPaper=0.7500 val_BalAccMaj=0.7500
[01:42:03] fold2 ep 006 tr=0.5869 va=1.2163 val_AccPaper=0.6667 val_BalAccMaj=0.6667
[01:42:04] fold2 ep 007 tr=0.5191 va=1.0884 val_AccPaper=0.5833 val_BalAccMaj=0.5833
[01:42:05] fold2 ep 008 tr=0.4773 va=1.2719 val_AccPaper=0.6667 val_BalAccMaj=0.6667
[01:42:06] fold2 ep 009 tr=0.4403 va=1.2591 val_AccPaper=0.5833 val_BalAccMaj=0.5833
[01:42:07] fold2 ep 010 tr=0.4238 va=1.3422 val_AccPaper=0.5833 val_BalAccMaj=0.5833
[01:42:07] fold2 ep 011 tr=0.4106 va=1.2629 val_AccPaper=0.5000 val_BalAccMaj=0.5000
[01:42:08] fold2 ep 012 tr=0.3432 va=1.1591 val_AccPaper=0.5833 val_BalAccMaj=0.5833
[01:42:09] fold2 ep 013 tr=0.3181 va=1.2977 val_AccPaper=0.6667 val_BalAccMaj=0.6667
[01:42:10] fold2 ep 014 tr=0.3149 va=1.6026 val_AccPaper=0.5000 val_BalAccMaj=0.5000
[01:42:11] fold2 ep 015 tr=0.2641 va=1.7392 val_AccPaper=0.5833 val_BalAccMaj=0.5833
[01:42:12] fold2 ep 016 tr=0.2674 va=1.9083 val_AccPaper=0.5833 val_BalAccMaj=0.5833
[01:42:13] fold2 ep 017 tr=0.2631 va=1.6514 val_AccPaper=0.5833 val_BalAccMaj=0.5833
[01:42:14] fold2 ep 018 tr=0.2316 va=1.6270 val_AccPaper=0.5833 val_BalAccMaj=0.5833
[01:42:15] fold2 ep 019 tr=0.1933 va=1.7569 val_AccPaper=0.5833 val_BalAccMaj=0.5833
[01:42:16] fold2 ep 020 tr=0.2116 va=1.6854 val_AccPaper=0.5833 val_BalAccMaj=0.5833
[01:42:16] fold2 ep 021 tr=0.1777 va=2.0782 val_AccPaper=0.5833 val_BalAccMaj=0.5833
[01:42:16]   early stop @ ep 21
[01:42:17] [eval_half] Acc_paper=0.5806 BalAcc_maj=0.5806 win_BalAcc=0.5353
[01:42:17] [sub03] deep task fold3 ft_tr=1050 ft_va=252 eval=1302 full_model=True
[01:42:18] fold3 ep 001 tr=1.1342 va=1.2439 val_AccPaper=0.5000 val_BalAccMaj=0.5000
[01:42:19] fold3 ep 002 tr=0.9766 va=1.0935 val_AccPaper=0.5833 val_BalAccMaj=0.5833
[01:42:20] fold3 ep 003 tr=0.8179 va=1.0687 val_AccPaper=0.6667 val_BalAccMaj=0.6667
[01:42:21] fold3 ep 004 tr=0.7652 va=1.2393 val_AccPaper=0.6667 val_BalAccMaj=0.6667
[01:42:22] fold3 ep 005 tr=0.7069 va=1.3551 val_AccPaper=0.5833 val_BalAccMaj=0.5833
[01:42:23] fold3 ep 006 tr=0.6422 va=1.3216 val_AccPaper=0.6667 val_BalAccMaj=0.6667
[01:42:24] fold3 ep 007 tr=0.5646 va=1.6016 val_AccPaper=0.6667 val_BalAccMaj=0.6667
[01:42:25] fold3 ep 008 tr=0.6023 va=1.5807 val_AccPaper=0.6667 val_BalAccMaj=0.6667
[01:42:25] fold3 ep 009 tr=0.5364 va=1.4247 val_AccPaper=0.6667 val_BalAccMaj=0.6667
[01:42:26] fold3 ep 010 tr=0.4867 va=1.7289 val_AccPaper=0.6667 val_BalAccMaj=0.6667
[01:42:27] fold3 ep 011 tr=0.4801 va=1.6974 val_AccPaper=0.6667 val_BalAccMaj=0.6667
[01:42:28] fold3 ep 012 tr=0.4690 va=1.6659 val_AccPaper=0.6667 val_BalAccMaj=0.6667
[01:42:29] fold3 ep 013 tr=0.4134 va=1.3691 val_AccPaper=0.6667 val_BalAccMaj=0.6667
[01:42:30] fold3 ep 014 tr=0.4181 va=1.4590 val_AccPaper=0.6667 val_BalAccMaj=0.6667
[01:42:31] fold3 ep 015 tr=0.3949 va=1.5977 val_AccPaper=0.6667 val_BalAccMaj=0.6667
[01:42:32] fold3 ep 016 tr=0.3078 va=1.3541 val_AccPaper=0.6667 val_BalAccMaj=0.6667
[01:42:33] fold3 ep 017 tr=0.3112 va=1.4510 val_AccPaper=0.6667 val_BalAccMaj=0.6667
[01:42:34] fold3 ep 018 tr=0.3088 va=1.7258 val_AccPaper=0.6667 val_BalAccMaj=0.6667
[01:42:34] fold3 ep 019 tr=0.3252 va=1.5768 val_AccPaper=0.6667 val_BalAccMaj=0.6667
[01:42:35] fold3 ep 020 tr=0.3035 va=1.7353 val_AccPaper=0.6667 val_BalAccMaj=0.6667
[01:42:36] fold3 ep 021 tr=0.2443 va=1.8153 val_AccPaper=0.6667 val_BalAccMaj=0.6667
[01:42:37] fold3 ep 022 tr=0.2544 va=1.6690 val_AccPaper=0.7500 val_BalAccMaj=0.7500
[01:42:38] fold3 ep 023 tr=0.2034 va=1.7172 val_AccPaper=0.6667 val_BalAccMaj=0.6667
[01:42:39] fold3 ep 024 tr=0.2132 va=1.9000 val_AccPaper=0.7500 val_BalAccMaj=0.7500
[01:42:40] fold3 ep 025 tr=0.1993 va=2.3114 val_AccPaper=0.6667 val_BalAccMaj=0.6667
[01:42:41] fold3 ep 026 tr=0.1808 va=2.0829 val_AccPaper=0.7500 val_BalAccMaj=0.7500
[01:42:42] fold3 ep 027 tr=0.1576 va=2.0406 val_AccPaper=0.7500 val_BalAccMaj=0.7500
[01:42:42] fold3 ep 028 tr=0.2072 va=2.0984 val_AccPaper=0.7500 val_BalAccMaj=0.7500
[01:42:43] fold3 ep 029 tr=0.1774 va=2.1887 val_AccPaper=0.7500 val_BalAccMaj=0.7500
[01:42:44] fold3 ep 030 tr=0.1450 va=2.1276 val_AccPaper=0.6667 val_BalAccMaj=0.6667
[01:42:45] fold3 ep 031 tr=0.1818 va=1.8485 val_AccPaper=0.7500 val_BalAccMaj=0.7500
[01:42:46] fold3 ep 032 tr=0.1567 va=1.9957 val_AccPaper=0.6667 val_BalAccMaj=0.6667
[01:42:47] fold3 ep 033 tr=0.1319 va=2.1027 val_AccPaper=0.6667 val_BalAccMaj=0.6667
[01:42:48] fold3 ep 034 tr=0.0977 va=2.1384 val_AccPaper=0.7500 val_BalAccMaj=0.7500
[01:42:49] fold3 ep 035 tr=0.1224 va=2.1725 val_AccPaper=0.6667 val_BalAccMaj=0.6667
[01:42:50] fold3 ep 036 tr=0.1340 va=2.3311 val_AccPaper=0.6667 val_BalAccMaj=0.6667
[01:42:50] fold3 ep 037 tr=0.1449 va=1.9487 val_AccPaper=0.7500 val_BalAccMaj=0.7500
[01:42:51] fold3 ep 038 tr=0.1059 va=2.4473 val_AccPaper=0.6667 val_BalAccMaj=0.6667
[01:42:52] fold3 ep 039 tr=0.1002 va=2.5183 val_AccPaper=0.5000 val_BalAccMaj=0.5000
[01:42:53] fold3 ep 040 tr=0.1343 va=2.1997 val_AccPaper=0.6667 val_BalAccMaj=0.6667
[01:42:54] fold3 ep 041 tr=0.1022 va=2.5336 val_AccPaper=0.6667 val_BalAccMaj=0.6667
[01:42:55] fold3 ep 042 tr=0.0973 va=3.0469 val_AccPaper=0.5833 val_BalAccMaj=0.5833
[01:42:55]   early stop @ ep 42
[01:42:55] [eval_half] Acc_paper=0.6613 BalAcc_maj=0.6613 win_BalAcc=0.6444
[01:42:56] [sub03] deep task fold4 ft_tr=1050 ft_va=252 eval=1302 full_model=True
[01:42:57] fold4 ep 001 tr=1.1081 va=1.4236 val_AccPaper=0.5833 val_BalAccMaj=0.5833
[01:42:57] fold4 ep 002 tr=0.6275 va=1.4508 val_AccPaper=0.5833 val_BalAccMaj=0.5833
[01:42:58] fold4 ep 003 tr=0.4522 va=1.3233 val_AccPaper=0.6667 val_BalAccMaj=0.6667
[01:42:59] fold4 ep 004 tr=0.4309 va=1.3402 val_AccPaper=0.7500 val_BalAccMaj=0.7500
[01:43:00] fold4 ep 005 tr=0.3161 va=1.4284 val_AccPaper=0.7500 val_BalAccMaj=0.7500
[01:43:01] fold4 ep 006 tr=0.2741 va=1.4287 val_AccPaper=0.7500 val_BalAccMaj=0.7500
[01:43:02] fold4 ep 007 tr=0.2214 va=1.7004 val_AccPaper=0.6667 val_BalAccMaj=0.6667
[01:43:03] fold4 ep 008 tr=0.2004 va=1.7210 val_AccPaper=0.5833 val_BalAccMaj=0.5833
[01:43:04] fold4 ep 009 tr=0.1820 va=1.7101 val_AccPaper=0.6667 val_BalAccMaj=0.6667
[01:43:05] fold4 ep 010 tr=0.1670 va=1.8006 val_AccPaper=0.7500 val_BalAccMaj=0.7500
[01:43:06] fold4 ep 011 tr=0.1468 va=1.7710 val_AccPaper=0.6667 val_BalAccMaj=0.6667
[01:43:06] fold4 ep 012 tr=0.1378 va=1.8230 val_AccPaper=0.8333 val_BalAccMaj=0.8333
[01:43:07] fold4 ep 013 tr=0.1350 va=1.7829 val_AccPaper=0.7500 val_BalAccMaj=0.7500
[01:43:08] fold4 ep 014 tr=0.1395 va=2.1602 val_AccPaper=0.7500 val_BalAccMaj=0.7500
[01:43:09] fold4 ep 015 tr=0.0913 va=1.9214 val_AccPaper=0.6667 val_BalAccMaj=0.6667
[01:43:10] fold4 ep 016 tr=0.0958 va=1.9850 val_AccPaper=0.7500 val_BalAccMaj=0.7500
[01:43:11] fold4 ep 017 tr=0.0742 va=2.0413 val_AccPaper=0.7500 val_BalAccMaj=0.7500
[01:43:12] fold4 ep 018 tr=0.0856 va=1.9612 val_AccPaper=0.6667 val_BalAccMaj=0.6667
[01:43:13] fold4 ep 019 tr=0.0694 va=2.0995 val_AccPaper=0.7500 val_BalAccMaj=0.7500
[01:43:14] fold4 ep 020 tr=0.0619 va=2.0703 val_AccPaper=0.6667 val_BalAccMaj=0.6667
[01:43:15] fold4 ep 021 tr=0.0802 va=2.1356 val_AccPaper=0.6667 val_BalAccMaj=0.6667
[01:43:15] fold4 ep 022 tr=0.0555 va=2.1993 val_AccPaper=0.6667 val_BalAccMaj=0.6667
[01:43:16] fold4 ep 023 tr=0.0525 va=2.2802 val_AccPaper=0.7500 val_BalAccMaj=0.7500
[01:43:17] fold4 ep 024 tr=0.0395 va=2.3331 val_AccPaper=0.7500 val_BalAccMaj=0.7500
[01:43:18] fold4 ep 025 tr=0.0571 va=2.2025 val_AccPaper=0.7500 val_BalAccMaj=0.7500
[01:43:19] fold4 ep 026 tr=0.0442 va=2.3750 val_AccPaper=0.6667 val_BalAccMaj=0.6667
[01:43:20] fold4 ep 027 tr=0.0514 va=2.8002 val_AccPaper=0.7500 val_BalAccMaj=0.7500
[01:43:21] fold4 ep 028 tr=0.0391 va=2.5463 val_AccPaper=0.7500 val_BalAccMaj=0.7500
[01:43:22] fold4 ep 029 tr=0.0403 va=2.5082 val_AccPaper=0.7500 val_BalAccMaj=0.7500
[01:43:23] fold4 ep 030 tr=0.0384 va=2.5355 val_AccPaper=0.7500 val_BalAccMaj=0.7500
[01:43:23] fold4 ep 031 tr=0.0252 va=2.5752 val_AccPaper=0.7500 val_BalAccMaj=0.7500
[01:43:24] fold4 ep 032 tr=0.0348 va=2.5620 val_AccPaper=0.7500 val_BalAccMaj=0.7500
[01:43:24]   early stop @ ep 32
[01:43:25] [eval_half] Acc_paper=0.7097 BalAcc_maj=0.7097 win_BalAcc=0.6790
[01:43:25] [sub03] deep three fold0 ft_tr=1050 ft_va=252 eval=1302 full_model=True
[01:43:26] fold0 ep 001 tr=1.5387 va=1.6367 val_AccPaper=0.3333 val_BalAccMaj=0.3333
[01:43:27] fold0 ep 002 tr=1.2530 va=1.8857 val_AccPaper=0.2500 val_BalAccMaj=0.2500
[01:43:28] fold0 ep 003 tr=1.1562 va=1.8416 val_AccPaper=0.3333 val_BalAccMaj=0.3056
[01:43:29] fold0 ep 004 tr=0.9380 va=2.3712 val_AccPaper=0.3333 val_BalAccMaj=0.3889
[01:43:30] fold0 ep 005 tr=0.8732 va=2.0464 val_AccPaper=0.3333 val_BalAccMaj=0.3889
[01:43:31] fold0 ep 006 tr=0.8168 va=2.1143 val_AccPaper=0.5000 val_BalAccMaj=0.5556
[01:43:31] fold0 ep 007 tr=0.6707 va=2.0875 val_AccPaper=0.4167 val_BalAccMaj=0.5556
[01:43:32] fold0 ep 008 tr=0.6505 va=2.1170 val_AccPaper=0.4167 val_BalAccMaj=0.3889
[01:43:33] fold0 ep 009 tr=0.6025 va=2.2811 val_AccPaper=0.4167 val_BalAccMaj=0.4444
[01:43:34] fold0 ep 010 tr=0.5194 va=2.2039 val_AccPaper=0.5000 val_BalAccMaj=0.5556
[01:43:35] fold0 ep 011 tr=0.4511 va=2.7014 val_AccPaper=0.5000 val_BalAccMaj=0.6111
[01:43:36] fold0 ep 012 tr=0.4770 va=2.4614 val_AccPaper=0.5833 val_BalAccMaj=0.6111
[01:43:37] fold0 ep 013 tr=0.4136 va=2.3175 val_AccPaper=0.5833 val_BalAccMaj=0.6111
[01:43:38] fold0 ep 014 tr=0.3762 va=2.5051 val_AccPaper=0.5833 val_BalAccMaj=0.6111
[01:43:39] fold0 ep 015 tr=0.3922 va=2.6318 val_AccPaper=0.5000 val_BalAccMaj=0.6111
[01:43:40] fold0 ep 016 tr=0.3108 va=2.8721 val_AccPaper=0.3333 val_BalAccMaj=0.5000
[01:43:41] fold0 ep 017 tr=0.3531 va=3.1394 val_AccPaper=0.5000 val_BalAccMaj=0.6111
[01:43:42] fold0 ep 018 tr=0.3483 va=3.0330 val_AccPaper=0.4167 val_BalAccMaj=0.5000
[01:43:42] fold0 ep 019 tr=0.3317 va=3.4223 val_AccPaper=0.3333 val_BalAccMaj=0.5000
[01:43:43] fold0 ep 020 tr=0.2365 va=3.1568 val_AccPaper=0.4167 val_BalAccMaj=0.4444
[01:43:44] fold0 ep 021 tr=0.2753 va=3.1776 val_AccPaper=0.5000 val_BalAccMaj=0.5556
[01:43:45] fold0 ep 022 tr=0.2124 va=3.2236 val_AccPaper=0.5833 val_BalAccMaj=0.6111
[01:43:46] fold0 ep 023 tr=0.1993 va=3.2773 val_AccPaper=0.5000 val_BalAccMaj=0.5556
[01:43:47] fold0 ep 024 tr=0.2018 va=3.1778 val_AccPaper=0.5833 val_BalAccMaj=0.6111
[01:43:48] fold0 ep 025 tr=0.1983 va=3.0933 val_AccPaper=0.5000 val_BalAccMaj=0.6111
[01:43:49] fold0 ep 026 tr=0.1700 va=3.4939 val_AccPaper=0.5833 val_BalAccMaj=0.6111
[01:43:50] fold0 ep 027 tr=0.1487 va=3.4080 val_AccPaper=0.5000 val_BalAccMaj=0.6111
[01:43:51] fold0 ep 028 tr=0.1501 va=3.2518 val_AccPaper=0.5000 val_BalAccMaj=0.6111
[01:43:52] fold0 ep 029 tr=0.1928 va=3.4148 val_AccPaper=0.5000 val_BalAccMaj=0.6111
[01:43:52] fold0 ep 030 tr=0.1215 va=3.4918 val_AccPaper=0.5833 val_BalAccMaj=0.6111
[01:43:53] fold0 ep 031 tr=0.1484 va=3.3262 val_AccPaper=0.5833 val_BalAccMaj=0.6111
[01:43:54] fold0 ep 032 tr=0.1240 va=3.9967 val_AccPaper=0.5000 val_BalAccMaj=0.5556
[01:43:54]   early stop @ ep 32
[01:43:55] [eval_half] Acc_paper=0.5161 BalAcc_maj=0.4563 win_BalAcc=0.4018
[01:43:55] [sub03] deep three fold1 ft_tr=1050 ft_va=252 eval=1302 full_model=True
[01:43:56] fold1 ep 001 tr=1.5251 va=2.1192 val_AccPaper=0.1667 val_BalAccMaj=0.1111
[01:43:57] fold1 ep 002 tr=1.1682 va=2.4085 val_AccPaper=0.2500 val_BalAccMaj=0.1667
[01:43:58] fold1 ep 003 tr=1.1104 va=2.5082 val_AccPaper=0.3333 val_BalAccMaj=0.3333
[01:43:59] fold1 ep 004 tr=0.8980 va=2.3974 val_AccPaper=0.3333 val_BalAccMaj=0.3333
[01:44:00] fold1 ep 005 tr=0.8578 va=2.6630 val_AccPaper=0.3333 val_BalAccMaj=0.3333
[01:44:01] fold1 ep 006 tr=0.7539 va=3.0910 val_AccPaper=0.3333 val_BalAccMaj=0.5000
[01:44:02] fold1 ep 007 tr=0.6336 va=2.9923 val_AccPaper=0.3333 val_BalAccMaj=0.5000
[01:44:03] fold1 ep 008 tr=0.6499 va=3.2078 val_AccPaper=0.3333 val_BalAccMaj=0.3333
[01:44:04] fold1 ep 009 tr=0.5730 va=3.3402 val_AccPaper=0.3333 val_BalAccMaj=0.5000
[01:44:05] fold1 ep 010 tr=0.5615 va=3.3084 val_AccPaper=0.4167 val_BalAccMaj=0.5000
[01:44:06] fold1 ep 011 tr=0.5062 va=3.2847 val_AccPaper=0.4167 val_BalAccMaj=0.5000
[01:44:07] fold1 ep 012 tr=0.4735 va=3.2957 val_AccPaper=0.4167 val_BalAccMaj=0.5000
[01:44:08] fold1 ep 013 tr=0.4906 va=3.3724 val_AccPaper=0.4167 val_BalAccMaj=0.5000
[01:44:09] fold1 ep 014 tr=0.4461 va=3.0983 val_AccPaper=0.4167 val_BalAccMaj=0.5000
[01:44:09] fold1 ep 015 tr=0.3997 va=3.3514 val_AccPaper=0.4167 val_BalAccMaj=0.5000
[01:44:10] fold1 ep 016 tr=0.3222 va=3.6294 val_AccPaper=0.4167 val_BalAccMaj=0.5000
[01:44:11] fold1 ep 017 tr=0.3419 va=3.6773 val_AccPaper=0.4167 val_BalAccMaj=0.5000
[01:44:12] fold1 ep 018 tr=0.3019 va=3.6940 val_AccPaper=0.4167 val_BalAccMaj=0.5000
[01:44:13] fold1 ep 019 tr=0.3348 va=3.5971 val_AccPaper=0.4167 val_BalAccMaj=0.5000
[01:44:14] fold1 ep 020 tr=0.2626 va=3.7390 val_AccPaper=0.5000 val_BalAccMaj=0.5556
[01:44:15] fold1 ep 021 tr=0.2459 va=3.8109 val_AccPaper=0.5000 val_BalAccMaj=0.5556
[01:44:16] fold1 ep 022 tr=0.2884 va=3.7953 val_AccPaper=0.4167 val_BalAccMaj=0.3889
[01:44:17] fold1 ep 023 tr=0.2162 va=3.7840 val_AccPaper=0.5000 val_BalAccMaj=0.5556
[01:44:18] fold1 ep 024 tr=0.2695 va=3.7497 val_AccPaper=0.3333 val_BalAccMaj=0.5556
[01:44:19] fold1 ep 025 tr=0.2053 va=3.9327 val_AccPaper=0.5000 val_BalAccMaj=0.5556
[01:44:20] fold1 ep 026 tr=0.1903 va=3.8717 val_AccPaper=0.4167 val_BalAccMaj=0.3889
[01:44:21] fold1 ep 027 tr=0.2471 va=4.0881 val_AccPaper=0.4167 val_BalAccMaj=0.5556
[01:44:22] fold1 ep 028 tr=0.1567 va=4.0991 val_AccPaper=0.4167 val_BalAccMaj=0.5000
[01:44:23] fold1 ep 029 tr=0.1798 va=4.0484 val_AccPaper=0.4167 val_BalAccMaj=0.3889
[01:44:24] fold1 ep 030 tr=0.1932 va=3.7087 val_AccPaper=0.3333 val_BalAccMaj=0.3889
[01:44:25] fold1 ep 031 tr=0.1538 va=3.7515 val_AccPaper=0.5000 val_BalAccMaj=0.5556
[01:44:26] fold1 ep 032 tr=0.1521 va=4.0101 val_AccPaper=0.4167 val_BalAccMaj=0.3889
[01:44:27] fold1 ep 033 tr=0.1295 va=4.1937 val_AccPaper=0.3333 val_BalAccMaj=0.3889
[01:44:28] fold1 ep 034 tr=0.1586 va=3.9326 val_AccPaper=0.2500 val_BalAccMaj=0.3889
[01:44:29] fold1 ep 035 tr=0.1404 va=4.2749 val_AccPaper=0.4167 val_BalAccMaj=0.3889
[01:44:30] fold1 ep 036 tr=0.1049 va=4.2118 val_AccPaper=0.5000 val_BalAccMaj=0.5556
[01:44:31] fold1 ep 037 tr=0.1133 va=4.4428 val_AccPaper=0.4167 val_BalAccMaj=0.3889
[01:44:32] fold1 ep 038 tr=0.0906 va=4.5876 val_AccPaper=0.4167 val_BalAccMaj=0.5000
[01:44:33] fold1 ep 039 tr=0.1175 va=4.8934 val_AccPaper=0.4167 val_BalAccMaj=0.5000
[01:44:34] fold1 ep 040 tr=0.1151 va=4.5224 val_AccPaper=0.4167 val_BalAccMaj=0.5000
[01:44:34]   early stop @ ep 40
[01:44:35] [eval_half] Acc_paper=0.4355 BalAcc_maj=0.3932 win_BalAcc=0.4064
[01:44:35] [sub03] deep three fold2 ft_tr=1050 ft_va=252 eval=1302 full_model=True
[01:44:36] fold2 ep 001 tr=1.4178 va=1.8531 val_AccPaper=0.3333 val_BalAccMaj=0.2778
[01:44:37] fold2 ep 002 tr=1.0783 va=2.1684 val_AccPaper=0.4167 val_BalAccMaj=0.2778
[01:44:38] fold2 ep 003 tr=0.8288 va=2.2983 val_AccPaper=0.3333 val_BalAccMaj=0.2222
[01:44:39] fold2 ep 004 tr=0.7705 va=2.0190 val_AccPaper=0.5000 val_BalAccMaj=0.4444
[01:44:40] fold2 ep 005 tr=0.6912 va=2.3054 val_AccPaper=0.3333 val_BalAccMaj=0.4444
[01:44:41] fold2 ep 006 tr=0.7243 va=2.1735 val_AccPaper=0.3333 val_BalAccMaj=0.2222
[01:44:42] fold2 ep 007 tr=0.6133 va=2.0481 val_AccPaper=0.4167 val_BalAccMaj=0.4444
[01:44:43] fold2 ep 008 tr=0.5765 va=2.3415 val_AccPaper=0.3333 val_BalAccMaj=0.2222
[01:44:44] fold2 ep 009 tr=0.5049 va=2.4177 val_AccPaper=0.3333 val_BalAccMaj=0.4444
[01:44:45] fold2 ep 010 tr=0.4260 va=2.7851 val_AccPaper=0.5000 val_BalAccMaj=0.3333
[01:44:46] fold2 ep 011 tr=0.4505 va=2.3919 val_AccPaper=0.5833 val_BalAccMaj=0.6667
[01:44:47] fold2 ep 012 tr=0.4356 va=2.5659 val_AccPaper=0.5000 val_BalAccMaj=0.6111
[01:44:47] fold2 ep 013 tr=0.4085 va=2.6873 val_AccPaper=0.4167 val_BalAccMaj=0.3889
[01:44:48] fold2 ep 014 tr=0.3514 va=2.8606 val_AccPaper=0.3333 val_BalAccMaj=0.3889
[01:44:49] fold2 ep 015 tr=0.3468 va=2.8296 val_AccPaper=0.5000 val_BalAccMaj=0.5000
[01:44:50] fold2 ep 016 tr=0.2992 va=2.9503 val_AccPaper=0.4167 val_BalAccMaj=0.4444
[01:44:51] fold2 ep 017 tr=0.2359 va=3.0008 val_AccPaper=0.5000 val_BalAccMaj=0.6111
[01:44:52] fold2 ep 018 tr=0.2646 va=2.9804 val_AccPaper=0.5833 val_BalAccMaj=0.6667
[01:44:53] fold2 ep 019 tr=0.2572 va=2.6599 val_AccPaper=0.5000 val_BalAccMaj=0.6667
[01:44:54] fold2 ep 020 tr=0.2833 va=2.9518 val_AccPaper=0.5000 val_BalAccMaj=0.6944
[01:44:55] fold2 ep 021 tr=0.2262 va=2.9117 val_AccPaper=0.5833 val_BalAccMaj=0.7500
[01:44:56] fold2 ep 022 tr=0.2059 va=2.8284 val_AccPaper=0.5833 val_BalAccMaj=0.6667
[01:44:57] fold2 ep 023 tr=0.2109 va=3.4202 val_AccPaper=0.5833 val_BalAccMaj=0.7500
[01:44:58] fold2 ep 024 tr=0.1964 va=3.0339 val_AccPaper=0.5000 val_BalAccMaj=0.6667
[01:44:59] fold2 ep 025 tr=0.1424 va=3.0844 val_AccPaper=0.5000 val_BalAccMaj=0.5833
[01:45:00] fold2 ep 026 tr=0.1874 va=2.9934 val_AccPaper=0.5833 val_BalAccMaj=0.5000
[01:45:01] fold2 ep 027 tr=0.1716 va=3.2336 val_AccPaper=0.6667 val_BalAccMaj=0.6667
[01:45:01] fold2 ep 028 tr=0.1539 va=3.3066 val_AccPaper=0.5833 val_BalAccMaj=0.5000
[01:45:02] fold2 ep 029 tr=0.1587 va=2.8885 val_AccPaper=0.5833 val_BalAccMaj=0.6667
[01:45:03] fold2 ep 030 tr=0.1269 va=3.4168 val_AccPaper=0.5833 val_BalAccMaj=0.7500
[01:45:04] fold2 ep 031 tr=0.1058 va=3.2935 val_AccPaper=0.6667 val_BalAccMaj=0.7500
[01:45:05] fold2 ep 032 tr=0.1407 va=3.1272 val_AccPaper=0.6667 val_BalAccMaj=0.7500
[01:45:06] fold2 ep 033 tr=0.0995 va=3.3347 val_AccPaper=0.6667 val_BalAccMaj=0.7500
[01:45:07] fold2 ep 034 tr=0.1067 va=3.3495 val_AccPaper=0.6667 val_BalAccMaj=0.6667
[01:45:08] fold2 ep 035 tr=0.1130 va=3.4348 val_AccPaper=0.5833 val_BalAccMaj=0.7500
[01:45:09] fold2 ep 036 tr=0.0918 va=3.0839 val_AccPaper=0.5833 val_BalAccMaj=0.7500
[01:45:10] fold2 ep 037 tr=0.1182 va=3.1564 val_AccPaper=0.6667 val_BalAccMaj=0.7500
[01:45:11] fold2 ep 038 tr=0.0959 va=3.4370 val_AccPaper=0.6667 val_BalAccMaj=0.7500
[01:45:12] fold2 ep 039 tr=0.1017 va=3.3332 val_AccPaper=0.6667 val_BalAccMaj=0.6667
[01:45:13] fold2 ep 040 tr=0.0863 va=3.2055 val_AccPaper=0.6667 val_BalAccMaj=0.6667
[01:45:14] fold2 ep 041 tr=0.0699 va=3.2695 val_AccPaper=0.5833 val_BalAccMaj=0.5833
[01:45:15] fold2 ep 042 tr=0.0721 va=3.4170 val_AccPaper=0.5833 val_BalAccMaj=0.6667
[01:45:16] fold2 ep 043 tr=0.0717 va=3.2202 val_AccPaper=0.5833 val_BalAccMaj=0.5833
[01:45:16] fold2 ep 044 tr=0.0983 va=3.4240 val_AccPaper=0.5833 val_BalAccMaj=0.7500
[01:45:17] fold2 ep 045 tr=0.0720 va=3.5025 val_AccPaper=0.4167 val_BalAccMaj=0.7500
[01:45:18] fold2 ep 046 tr=0.0766 va=3.5233 val_AccPaper=0.5833 val_BalAccMaj=0.7500
[01:45:19] fold2 ep 047 tr=0.0845 va=3.5220 val_AccPaper=0.5833 val_BalAccMaj=0.7500
[01:45:19]   early stop @ ep 47
[01:45:20] [eval_half] Acc_paper=0.5806 BalAcc_maj=0.5122 win_BalAcc=0.4790
[01:45:20] [sub03] deep three fold3 ft_tr=1050 ft_va=252 eval=1302 full_model=True
[01:45:21] fold3 ep 001 tr=1.6534 va=1.9683 val_AccPaper=0.3333 val_BalAccMaj=0.2778
[01:45:22] fold3 ep 002 tr=0.9911 va=1.9431 val_AccPaper=0.2500 val_BalAccMaj=0.2778
[01:45:23] fold3 ep 003 tr=0.7490 va=2.0169 val_AccPaper=0.1667 val_BalAccMaj=0.1944
[01:45:24] fold3 ep 004 tr=0.6436 va=2.2503 val_AccPaper=0.1667 val_BalAccMaj=0.1667
[01:45:25] fold3 ep 005 tr=0.5779 va=2.0782 val_AccPaper=0.1667 val_BalAccMaj=0.1944
[01:45:26] fold3 ep 006 tr=0.4837 va=2.4682 val_AccPaper=0.1667 val_BalAccMaj=0.1389
[01:45:27] fold3 ep 007 tr=0.4454 va=2.4850 val_AccPaper=0.1667 val_BalAccMaj=0.2778
[01:45:27] fold3 ep 008 tr=0.3885 va=2.6457 val_AccPaper=0.1667 val_BalAccMaj=0.1944
[01:45:28] fold3 ep 009 tr=0.2899 va=2.9825 val_AccPaper=0.2500 val_BalAccMaj=0.2222
[01:45:29] fold3 ep 010 tr=0.3210 va=2.8357 val_AccPaper=0.0833 val_BalAccMaj=0.0833
[01:45:30] fold3 ep 011 tr=0.2299 va=2.8626 val_AccPaper=0.1667 val_BalAccMaj=0.2222
[01:45:31] fold3 ep 012 tr=0.2464 va=3.1876 val_AccPaper=0.1667 val_BalAccMaj=0.2222
[01:45:32] fold3 ep 013 tr=0.1916 va=3.0127 val_AccPaper=0.2500 val_BalAccMaj=0.2778
[01:45:33] fold3 ep 014 tr=0.1839 va=3.0712 val_AccPaper=0.2500 val_BalAccMaj=0.2222
[01:45:34] fold3 ep 015 tr=0.1975 va=3.0328 val_AccPaper=0.1667 val_BalAccMaj=0.2222
[01:45:35] fold3 ep 016 tr=0.1611 va=3.3386 val_AccPaper=0.1667 val_BalAccMaj=0.2778
[01:45:36] fold3 ep 017 tr=0.1612 va=3.1880 val_AccPaper=0.1667 val_BalAccMaj=0.2222
[01:45:37] fold3 ep 018 tr=0.1641 va=3.5565 val_AccPaper=0.1667 val_BalAccMaj=0.2222
[01:45:38] fold3 ep 019 tr=0.1422 va=3.3530 val_AccPaper=0.1667 val_BalAccMaj=0.1667
[01:45:39] fold3 ep 020 tr=0.1263 va=3.3651 val_AccPaper=0.2500 val_BalAccMaj=0.2222
[01:45:40] fold3 ep 021 tr=0.1262 va=3.6451 val_AccPaper=0.2500 val_BalAccMaj=0.2222
[01:45:40]   early stop @ ep 21
[01:45:41] [eval_half] Acc_paper=0.2742 BalAcc_maj=0.2933 win_BalAcc=0.3647
[01:45:41] [sub03] deep three fold4 ft_tr=1050 ft_va=252 eval=1302 full_model=True
[01:45:42] fold4 ep 001 tr=1.4811 va=2.2424 val_AccPaper=0.0833 val_BalAccMaj=0.3056
[01:45:43] fold4 ep 002 tr=0.9220 va=2.0004 val_AccPaper=0.2500 val_BalAccMaj=0.2778
[01:45:44] fold4 ep 003 tr=0.7405 va=2.0064 val_AccPaper=0.3333 val_BalAccMaj=0.4444
[01:45:45] fold4 ep 004 tr=0.6508 va=2.1070 val_AccPaper=0.1667 val_BalAccMaj=0.1389
[01:45:46] fold4 ep 005 tr=0.4957 va=2.2112 val_AccPaper=0.1667 val_BalAccMaj=0.1389
[01:45:47] fold4 ep 006 tr=0.4339 va=2.2192 val_AccPaper=0.1667 val_BalAccMaj=0.2500
[01:45:48] fold4 ep 007 tr=0.3652 va=2.3850 val_AccPaper=0.2500 val_BalAccMaj=0.1944
[01:45:49] fold4 ep 008 tr=0.3413 va=2.1973 val_AccPaper=0.4167 val_BalAccMaj=0.3333
[01:45:50] fold4 ep 009 tr=0.2780 va=2.7259 val_AccPaper=0.2500 val_BalAccMaj=0.3056
[01:45:51] fold4 ep 010 tr=0.2826 va=2.5134 val_AccPaper=0.2500 val_BalAccMaj=0.3611
[01:45:52] fold4 ep 011 tr=0.2397 va=2.3479 val_AccPaper=0.3333 val_BalAccMaj=0.4444
[01:45:53] fold4 ep 012 tr=0.1738 va=2.7175 val_AccPaper=0.3333 val_BalAccMaj=0.4444
[01:45:54] fold4 ep 013 tr=0.1647 va=2.8987 val_AccPaper=0.3333 val_BalAccMaj=0.4444
[01:45:55] fold4 ep 014 tr=0.1450 va=2.7570 val_AccPaper=0.3333 val_BalAccMaj=0.5000
[01:45:56] fold4 ep 015 tr=0.1452 va=2.7651 val_AccPaper=0.2500 val_BalAccMaj=0.3611
[01:45:57] fold4 ep 016 tr=0.1269 va=2.8053 val_AccPaper=0.2500 val_BalAccMaj=0.4167
[01:45:58] fold4 ep 017 tr=0.1276 va=2.7127 val_AccPaper=0.2500 val_BalAccMaj=0.3611
[01:45:59] fold4 ep 018 tr=0.1052 va=2.8214 val_AccPaper=0.3333 val_BalAccMaj=0.4444
[01:46:00] fold4 ep 019 tr=0.0877 va=3.0318 val_AccPaper=0.3333 val_BalAccMaj=0.2778
[01:46:01] fold4 ep 020 tr=0.1122 va=2.6777 val_AccPaper=0.2500 val_BalAccMaj=0.4167
[01:46:02] fold4 ep 021 tr=0.1038 va=2.6946 val_AccPaper=0.4167 val_BalAccMaj=0.4444
[01:46:03] fold4 ep 022 tr=0.0717 va=3.1424 val_AccPaper=0.2500 val_BalAccMaj=0.3889
[01:46:04] fold4 ep 023 tr=0.0734 va=3.1748 val_AccPaper=0.2500 val_BalAccMaj=0.4444
[01:46:05] fold4 ep 024 tr=0.0734 va=3.3724 val_AccPaper=0.1667 val_BalAccMaj=0.3056
[01:46:06] fold4 ep 025 tr=0.0522 va=3.5449 val_AccPaper=0.1667 val_BalAccMaj=0.3056
[01:46:07] fold4 ep 026 tr=0.0670 va=3.6257 val_AccPaper=0.2500 val_BalAccMaj=0.4444
[01:46:08] fold4 ep 027 tr=0.0575 va=3.7529 val_AccPaper=0.1667 val_BalAccMaj=0.3889
[01:46:09] fold4 ep 028 tr=0.0547 va=3.2785 val_AccPaper=0.4167 val_BalAccMaj=0.5000
[01:46:09]   early stop @ ep 28
[01:46:10] [eval_half] Acc_paper=0.4032 BalAcc_maj=0.3995 win_BalAcc=0.4251
[01:46:10] done -> D:\cyy\MI\资料\伪在线实验\02_微调_前半训后半评\results\20260805_013634_deep_game_ft_half
