start arm=T1_128 device=cuda n_classes=3 y_counts={0: 91800, 1: 91800, 2: 91800} pf_protocol_version=3 no_rest=False
[T1_128] §3.2.1 future-perturb ratio=127.235
fold0 ep 001  tr=2.8357  val_AccPaper=0.5633  val_BalAccMaj=0.5693  win_BalAcc=0.5560  win_f1_macro=0.5572
fold0 ep 002  tr=2.5769  val_AccPaper=0.5511  val_BalAccMaj=0.5556  win_BalAcc=0.5544  win_f1_macro=0.5558
fold0 ep 003  tr=2.5083  val_AccPaper=0.5667  val_BalAccMaj=0.5707  win_BalAcc=0.5580  win_f1_macro=0.5584
fold0 ep 004  tr=2.4712  val_AccPaper=0.5615  val_BalAccMaj=0.5670  win_BalAcc=0.5550  win_f1_macro=0.5559
fold0 ep 005  tr=2.4298  val_AccPaper=0.5559  val_BalAccMaj=0.5611  win_BalAcc=0.5556  win_f1_macro=0.5563
fold0 ep 006  tr=2.4059  val_AccPaper=0.5619  val_BalAccMaj=0.5681  win_BalAcc=0.5591  win_f1_macro=0.5591
fold0 ep 007  tr=2.3800  val_AccPaper=0.5604  val_BalAccMaj=0.5659  win_BalAcc=0.5552  win_f1_macro=0.5541
fold0 ep 008  tr=2.3580  val_AccPaper=0.5500  val_BalAccMaj=0.5581  win_BalAcc=0.5510  win_f1_macro=0.5516
fold0 ep 009  tr=2.3406  val_AccPaper=0.5619  val_BalAccMaj=0.5674  win_BalAcc=0.5595  win_f1_macro=0.5599
fold0 ep 010  tr=2.3284  val_AccPaper=0.5585  val_BalAccMaj=0.5633  win_BalAcc=0.5523  win_f1_macro=0.5523
fold0 ep 011  tr=2.3065  val_AccPaper=0.5589  val_BalAccMaj=0.5633  win_BalAcc=0.5567  win_f1_macro=0.5556
fold0 ep 012  tr=2.2932  val_AccPaper=0.5552  val_BalAccMaj=0.5611  win_BalAcc=0.5500  win_f1_macro=0.5487
fold0 ep 013  tr=2.2834  val_AccPaper=0.5600  val_BalAccMaj=0.5659  win_BalAcc=0.5536  win_f1_macro=0.5540
fold0 ep 014  tr=2.2713  val_AccPaper=0.5574  val_BalAccMaj=0.5626  win_BalAcc=0.5540  win_f1_macro=0.5541
fold0 ep 015  tr=2.2611  val_AccPaper=0.5604  val_BalAccMaj=0.5637  win_BalAcc=0.5563  win_f1_macro=0.5563
fold0 ep 016  tr=2.2408  val_AccPaper=0.5511  val_BalAccMaj=0.5570  win_BalAcc=0.5495  win_f1_macro=0.5488
fold0 ep 017  tr=2.2351  val_AccPaper=0.5530  val_BalAccMaj=0.5604  win_BalAcc=0.5521  win_f1_macro=0.5526
fold0 ep 018  tr=2.2129  val_AccPaper=0.5559  val_BalAccMaj=0.5615  win_BalAcc=0.5530  win_f1_macro=0.5532
fold0 ep 019  tr=2.2073  val_AccPaper=0.5619  val_BalAccMaj=0.5659  win_BalAcc=0.5550  win_f1_macro=0.5551
fold0 ep 020  tr=2.2000  val_AccPaper=0.5570  val_BalAccMaj=0.5626  win_BalAcc=0.5514  win_f1_macro=0.5511
fold0 ep 021  tr=2.1822  val_AccPaper=0.5596  val_BalAccMaj=0.5674  win_BalAcc=0.5561  win_f1_macro=0.5557
fold0 ep 022  tr=2.1722  val_AccPaper=0.5593  val_BalAccMaj=0.5656  win_BalAcc=0.5537  win_f1_macro=0.5541
fold0 ep 023  tr=2.1669  val_AccPaper=0.5426  val_BalAccMaj=0.5489  win_BalAcc=0.5413  win_f1_macro=0.5408
fold0 early stop @ ep 23
fold1 ep 001  tr=2.9076  val_AccPaper=0.5515  val_BalAccMaj=0.5604  win_BalAcc=0.5527  win_f1_macro=0.5482
fold1 ep 002  tr=2.6505  val_AccPaper=0.5789  val_BalAccMaj=0.5848  win_BalAcc=0.5707  win_f1_macro=0.5698
fold1 ep 003  tr=2.5795  val_AccPaper=0.5733  val_BalAccMaj=0.5837  win_BalAcc=0.5719  win_f1_macro=0.5698
fold1 ep 004  tr=2.5308  val_AccPaper=0.5800  val_BalAccMaj=0.5844  win_BalAcc=0.5771  win_f1_macro=0.5766
fold1 ep 005  tr=2.4917  val_AccPaper=0.5744  val_BalAccMaj=0.5815  win_BalAcc=0.5733  win_f1_macro=0.5708
fold1 ep 006  tr=2.4617  val_AccPaper=0.5556  val_BalAccMaj=0.5619  win_BalAcc=0.5581  win_f1_macro=0.5560
fold1 ep 007  tr=2.4331  val_AccPaper=0.5611  val_BalAccMaj=0.5678  win_BalAcc=0.5593  win_f1_macro=0.5572
fold1 ep 008  tr=2.4203  val_AccPaper=0.5689  val_BalAccMaj=0.5759  win_BalAcc=0.5690  win_f1_macro=0.5614
fold1 ep 009  tr=2.3999  val_AccPaper=0.5730  val_BalAccMaj=0.5800  win_BalAcc=0.5702  win_f1_macro=0.5695
fold1 ep 010  tr=2.3893  val_AccPaper=0.5626  val_BalAccMaj=0.5685  win_BalAcc=0.5625  win_f1_macro=0.5597
fold1 ep 011  tr=2.3696  val_AccPaper=0.5552  val_BalAccMaj=0.5622  win_BalAcc=0.5542  win_f1_macro=0.5480
fold1 ep 012  tr=2.3531  val_AccPaper=0.5596  val_BalAccMaj=0.5659  win_BalAcc=0.5616  win_f1_macro=0.5581
fold1 ep 013  tr=2.3445  val_AccPaper=0.5611  val_BalAccMaj=0.5667  win_BalAcc=0.5539  win_f1_macro=0.5522
fold1 ep 014  tr=2.3244  val_AccPaper=0.5570  val_BalAccMaj=0.5644  win_BalAcc=0.5612  win_f1_macro=0.5588
fold1 ep 015  tr=2.3056  val_AccPaper=0.5626  val_BalAccMaj=0.5696  win_BalAcc=0.5614  win_f1_macro=0.5602
fold1 ep 016  tr=2.3011  val_AccPaper=0.5748  val_BalAccMaj=0.5822  win_BalAcc=0.5729  win_f1_macro=0.5708
fold1 ep 017  tr=2.2935  val_AccPaper=0.5644  val_BalAccMaj=0.5707  win_BalAcc=0.5637  win_f1_macro=0.5635
fold1 ep 018  tr=2.2874  val_AccPaper=0.5578  val_BalAccMaj=0.5644  win_BalAcc=0.5509  win_f1_macro=0.5486
fold1 ep 019  tr=2.2650  val_AccPaper=0.5581  val_BalAccMaj=0.5648  win_BalAcc=0.5561  win_f1_macro=0.5556
fold1 ep 020  tr=2.2537  val_AccPaper=0.5600  val_BalAccMaj=0.5685  win_BalAcc=0.5598  win_f1_macro=0.5601
fold1 ep 021  tr=2.2469  val_AccPaper=0.5593  val_BalAccMaj=0.5693  win_BalAcc=0.5567  win_f1_macro=0.5555
fold1 ep 022  tr=2.2333  val_AccPaper=0.5563  val_BalAccMaj=0.5633  win_BalAcc=0.5542  win_f1_macro=0.5532
fold1 ep 023  tr=2.2269  val_AccPaper=0.5663  val_BalAccMaj=0.5737  win_BalAcc=0.5589  win_f1_macro=0.5566
fold1 ep 024  tr=2.2097  val_AccPaper=0.5674  val_BalAccMaj=0.5748  win_BalAcc=0.5646  win_f1_macro=0.5642
fold1 early stop @ ep 24
fold2 ep 001  tr=2.8269  val_AccPaper=0.5481  val_BalAccMaj=0.5570  win_BalAcc=0.5403  win_f1_macro=0.5400
fold2 ep 002  tr=2.5735  val_AccPaper=0.5356  val_BalAccMaj=0.5404  win_BalAcc=0.5283  win_f1_macro=0.5272
fold2 ep 003  tr=2.4937  val_AccPaper=0.5304  val_BalAccMaj=0.5385  win_BalAcc=0.5272  win_f1_macro=0.5249
fold2 ep 004  tr=2.4545  val_AccPaper=0.5130  val_BalAccMaj=0.5185  win_BalAcc=0.5119  win_f1_macro=0.5059
fold2 ep 005  tr=2.4180  val_AccPaper=0.5267  val_BalAccMaj=0.5333  win_BalAcc=0.5232  win_f1_macro=0.5181
fold2 ep 006  tr=2.3964  val_AccPaper=0.5289  val_BalAccMaj=0.5352  win_BalAcc=0.5258  win_f1_macro=0.5235
fold2 ep 007  tr=2.3672  val_AccPaper=0.5337  val_BalAccMaj=0.5385  win_BalAcc=0.5301  win_f1_macro=0.5281
fold2 ep 008  tr=2.3516  val_AccPaper=0.5219  val_BalAccMaj=0.5256  win_BalAcc=0.5199  win_f1_macro=0.5175
fold2 ep 009  tr=2.3244  val_AccPaper=0.5330  val_BalAccMaj=0.5396  win_BalAcc=0.5292  win_f1_macro=0.5263
fold2 ep 010  tr=2.3063  val_AccPaper=0.5341  val_BalAccMaj=0.5396  win_BalAcc=0.5303  win_f1_macro=0.5271
fold2 ep 011  tr=2.2938  val_AccPaper=0.5370  val_BalAccMaj=0.5419  win_BalAcc=0.5298  win_f1_macro=0.5286
fold2 ep 012  tr=2.2830  val_AccPaper=0.5159  val_BalAccMaj=0.5215  win_BalAcc=0.5191  win_f1_macro=0.5156
fold2 ep 013  tr=2.2667  val_AccPaper=0.5341  val_BalAccMaj=0.5407  win_BalAcc=0.5289  win_f1_macro=0.5266
fold2 ep 014  tr=2.2578  val_AccPaper=0.5222  val_BalAccMaj=0.5270  win_BalAcc=0.5172  win_f1_macro=0.5136
fold2 ep 015  tr=2.2474  val_AccPaper=0.5263  val_BalAccMaj=0.5311  win_BalAcc=0.5239  win_f1_macro=0.5192
fold2 ep 016  tr=2.2358  val_AccPaper=0.5152  val_BalAccMaj=0.5178  win_BalAcc=0.5158  win_f1_macro=0.5106
fold2 ep 017  tr=2.2122  val_AccPaper=0.5319  val_BalAccMaj=0.5374  win_BalAcc=0.5275  win_f1_macro=0.5238
fold2 ep 018  tr=2.2080  val_AccPaper=0.5433  val_BalAccMaj=0.5515  win_BalAcc=0.5366  win_f1_macro=0.5362
fold2 ep 019  tr=2.1954  val_AccPaper=0.5289  val_BalAccMaj=0.5337  win_BalAcc=0.5233  win_f1_macro=0.5207
fold2 ep 020  tr=2.1864  val_AccPaper=0.5159  val_BalAccMaj=0.5215  win_BalAcc=0.5147  win_f1_macro=0.5109
fold2 ep 021  tr=2.1779  val_AccPaper=0.5337  val_BalAccMaj=0.5422  win_BalAcc=0.5316  win_f1_macro=0.5300
fold2 early stop @ ep 21
fold3 ep 001  tr=2.8925  val_AccPaper=0.5900  val_BalAccMaj=0.5959  win_BalAcc=0.5810  win_f1_macro=0.5799
fold3 ep 002  tr=2.6494  val_AccPaper=0.5730  val_BalAccMaj=0.5793  win_BalAcc=0.5712  win_f1_macro=0.5699
fold3 ep 003  tr=2.5781  val_AccPaper=0.5907  val_BalAccMaj=0.5978  win_BalAcc=0.5834  win_f1_macro=0.5838
fold3 ep 004  tr=2.5256  val_AccPaper=0.5789  val_BalAccMaj=0.5819  win_BalAcc=0.5706  win_f1_macro=0.5686
fold3 ep 005  tr=2.4831  val_AccPaper=0.5826  val_BalAccMaj=0.5874  win_BalAcc=0.5774  win_f1_macro=0.5761
fold3 ep 006  tr=2.4562  val_AccPaper=0.5885  val_BalAccMaj=0.5937  win_BalAcc=0.5798  win_f1_macro=0.5774
fold3 ep 007  tr=2.4398  val_AccPaper=0.5811  val_BalAccMaj=0.5878  win_BalAcc=0.5787  win_f1_macro=0.5790
fold3 ep 008  tr=2.4155  val_AccPaper=0.5637  val_BalAccMaj=0.5693  win_BalAcc=0.5619  win_f1_macro=0.5612
fold3 ep 009  tr=2.3995  val_AccPaper=0.5785  val_BalAccMaj=0.5819  win_BalAcc=0.5706  win_f1_macro=0.5695
fold3 ep 010  tr=2.3834  val_AccPaper=0.5770  val_BalAccMaj=0.5852  win_BalAcc=0.5744  win_f1_macro=0.5735
fold3 ep 011  tr=2.3689  val_AccPaper=0.5848  val_BalAccMaj=0.5900  win_BalAcc=0.5750  win_f1_macro=0.5744
fold3 ep 012  tr=2.3538  val_AccPaper=0.5811  val_BalAccMaj=0.5878  win_BalAcc=0.5732  win_f1_macro=0.5720
fold3 ep 013  tr=2.3323  val_AccPaper=0.5778  val_BalAccMaj=0.5837  win_BalAcc=0.5722  win_f1_macro=0.5719
fold3 ep 014  tr=2.3258  val_AccPaper=0.5748  val_BalAccMaj=0.5807  win_BalAcc=0.5702  win_f1_macro=0.5698
fold3 ep 015  tr=2.3082  val_AccPaper=0.5804  val_BalAccMaj=0.5841  win_BalAcc=0.5701  win_f1_macro=0.5702
fold3 ep 016  tr=2.2939  val_AccPaper=0.5881  val_BalAccMaj=0.5959  win_BalAcc=0.5798  win_f1_macro=0.5800
fold3 ep 017  tr=2.2805  val_AccPaper=0.5822  val_BalAccMaj=0.5859  win_BalAcc=0.5725  win_f1_macro=0.5721
fold3 ep 018  tr=2.2718  val_AccPaper=0.5893  val_BalAccMaj=0.5952  win_BalAcc=0.5791  win_f1_macro=0.5792
fold3 ep 019  tr=2.2641  val_AccPaper=0.5778  val_BalAccMaj=0.5852  win_BalAcc=0.5714  win_f1_macro=0.5714
fold3 ep 020  tr=2.2496  val_AccPaper=0.5822  val_BalAccMaj=0.5874  win_BalAcc=0.5788  win_f1_macro=0.5790
fold3 ep 021  tr=2.2406  val_AccPaper=0.5889  val_BalAccMaj=0.5948  win_BalAcc=0.5764  win_f1_macro=0.5765
fold3 ep 022  tr=2.2282  val_AccPaper=0.5881  val_BalAccMaj=0.5974  win_BalAcc=0.5792  win_f1_macro=0.5788
fold3 ep 023  tr=2.2198  val_AccPaper=0.5741  val_BalAccMaj=0.5811  win_BalAcc=0.5735  win_f1_macro=0.5731
fold3 early stop @ ep 23
fold4 ep 001  tr=2.8055  val_AccPaper=0.4978  val_BalAccMaj=0.5037  win_BalAcc=0.4983  win_f1_macro=0.4965
fold4 ep 002  tr=2.5582  val_AccPaper=0.4904  val_BalAccMaj=0.4963  win_BalAcc=0.4905  win_f1_macro=0.4901
fold4 ep 003  tr=2.4962  val_AccPaper=0.4811  val_BalAccMaj=0.4863  win_BalAcc=0.4874  win_f1_macro=0.4802
fold4 ep 004  tr=2.4395  val_AccPaper=0.4952  val_BalAccMaj=0.5044  win_BalAcc=0.4939  win_f1_macro=0.4910
fold4 ep 005  tr=2.4010  val_AccPaper=0.5119  val_BalAccMaj=0.5185  win_BalAcc=0.5092  win_f1_macro=0.5086
fold4 ep 006  tr=2.3829  val_AccPaper=0.5000  val_BalAccMaj=0.5089  win_BalAcc=0.4989  win_f1_macro=0.4942
fold4 ep 007  tr=2.3606  val_AccPaper=0.4859  val_BalAccMaj=0.4930  win_BalAcc=0.4857  win_f1_macro=0.4820
fold4 ep 008  tr=2.3501  val_AccPaper=0.5093  val_BalAccMaj=0.5163  win_BalAcc=0.5053  win_f1_macro=0.5040
fold4 ep 009  tr=2.3231  val_AccPaper=0.5007  val_BalAccMaj=0.5052  win_BalAcc=0.4990  win_f1_macro=0.4935
fold4 ep 010  tr=2.3085  val_AccPaper=0.4981  val_BalAccMaj=0.5048  win_BalAcc=0.5008  win_f1_macro=0.5010
fold4 ep 011  tr=2.2892  val_AccPaper=0.4896  val_BalAccMaj=0.4970  win_BalAcc=0.4914  win_f1_macro=0.4906
fold4 ep 012  tr=2.2827  val_AccPaper=0.5004  val_BalAccMaj=0.5096  win_BalAcc=0.5035  win_f1_macro=0.5033
fold4 ep 013  tr=2.2628  val_AccPaper=0.4985  val_BalAccMaj=0.5063  win_BalAcc=0.4976  win_f1_macro=0.4917
fold4 ep 014  tr=2.2448  val_AccPaper=0.4963  val_BalAccMaj=0.5026  win_BalAcc=0.5026  win_f1_macro=0.5021
fold4 ep 015  tr=2.2284  val_AccPaper=0.5056  val_BalAccMaj=0.5111  win_BalAcc=0.5053  win_f1_macro=0.5058
fold4 ep 016  tr=2.2218  val_AccPaper=0.5052  val_BalAccMaj=0.5130  win_BalAcc=0.5061  win_f1_macro=0.5035
fold4 ep 017  tr=2.2049  val_AccPaper=0.4978  val_BalAccMaj=0.5059  win_BalAcc=0.5003  win_f1_macro=0.5003
fold4 ep 018  tr=2.1957  val_AccPaper=0.4885  val_BalAccMaj=0.4974  win_BalAcc=0.4883  win_f1_macro=0.4817
fold4 ep 019  tr=2.1799  val_AccPaper=0.4937  val_BalAccMaj=0.5000  win_BalAcc=0.4898  win_f1_macro=0.4846
fold4 ep 020  tr=2.1736  val_AccPaper=0.4974  val_BalAccMaj=0.5037  win_BalAcc=0.4932  win_f1_macro=0.4935
fold4 ep 021  tr=2.1555  val_AccPaper=0.4878  val_BalAccMaj=0.4959  win_BalAcc=0.4888  win_f1_macro=0.4868
fold4 ep 022  tr=2.1454  val_AccPaper=0.5007  val_BalAccMaj=0.5056  win_BalAcc=0.4955  win_f1_macro=0.4942
fold4 ep 023  tr=2.1315  val_AccPaper=0.4889  val_BalAccMaj=0.4963  win_BalAcc=0.4859  win_f1_macro=0.4785
fold4 ep 024  tr=2.1244  val_AccPaper=0.4693  val_BalAccMaj=0.4763  win_BalAcc=0.4771  win_f1_macro=0.4750
fold4 ep 025  tr=2.1118  val_AccPaper=0.4641  val_BalAccMaj=0.4707  win_BalAcc=0.4724  win_f1_macro=0.4719
fold4 early stop @ ep 25
[T1_128] done val_AccPaper=0.5595 test_AccPaper=0.5735 test_BalAcc=0.5800 test_win_F1=0.5681
