start arm=U123 device=cuda n_classes=3 y_counts={0: 91800, 1: 91800, 2: 91800} pf_protocol_version=3 no_rest=False
[U123] §3.2.1 future-perturb ratio=124.013
fold0 ep 001  tr=2.1822  val_AccPaper=0.5167  val_BalAccMaj=0.5215  win_BalAcc=0.5136  win_f1_macro=0.5072
fold0 ep 002  tr=1.8280  val_AccPaper=0.5459  val_BalAccMaj=0.5474  win_BalAcc=0.5380  win_f1_macro=0.5357
fold0 ep 003  tr=1.7475  val_AccPaper=0.5519  val_BalAccMaj=0.5567  win_BalAcc=0.5454  win_f1_macro=0.5445
fold0 ep 004  tr=1.7147  val_AccPaper=0.5556  val_BalAccMaj=0.5637  win_BalAcc=0.5510  win_f1_macro=0.5513
fold0 ep 005  tr=1.6813  val_AccPaper=0.5596  val_BalAccMaj=0.5656  win_BalAcc=0.5546  win_f1_macro=0.5549
fold0 ep 006  tr=1.6690  val_AccPaper=0.5552  val_BalAccMaj=0.5626  win_BalAcc=0.5539  win_f1_macro=0.5546
fold0 ep 007  tr=1.6490  val_AccPaper=0.5652  val_BalAccMaj=0.5704  win_BalAcc=0.5572  win_f1_macro=0.5575
fold0 ep 008  tr=1.6420  val_AccPaper=0.5541  val_BalAccMaj=0.5622  win_BalAcc=0.5526  win_f1_macro=0.5528
fold0 ep 009  tr=1.6300  val_AccPaper=0.5593  val_BalAccMaj=0.5644  win_BalAcc=0.5542  win_f1_macro=0.5543
fold0 ep 010  tr=1.6119  val_AccPaper=0.5541  val_BalAccMaj=0.5574  win_BalAcc=0.5545  win_f1_macro=0.5546
fold0 ep 011  tr=1.6150  val_AccPaper=0.5611  val_BalAccMaj=0.5685  win_BalAcc=0.5581  win_f1_macro=0.5587
fold0 ep 012  tr=1.5990  val_AccPaper=0.5593  val_BalAccMaj=0.5670  win_BalAcc=0.5568  win_f1_macro=0.5573
fold0 ep 013  tr=1.5935  val_AccPaper=0.5707  val_BalAccMaj=0.5796  win_BalAcc=0.5588  win_f1_macro=0.5592
fold0 ep 014  tr=1.5923  val_AccPaper=0.5604  val_BalAccMaj=0.5670  win_BalAcc=0.5555  win_f1_macro=0.5556
fold0 ep 015  tr=1.5854  val_AccPaper=0.5659  val_BalAccMaj=0.5722  win_BalAcc=0.5609  win_f1_macro=0.5613
fold0 ep 016  tr=1.5789  val_AccPaper=0.5670  val_BalAccMaj=0.5741  win_BalAcc=0.5609  win_f1_macro=0.5615
fold0 ep 017  tr=1.5745  val_AccPaper=0.5570  val_BalAccMaj=0.5644  win_BalAcc=0.5542  win_f1_macro=0.5543
fold0 ep 018  tr=1.5677  val_AccPaper=0.5652  val_BalAccMaj=0.5693  win_BalAcc=0.5573  win_f1_macro=0.5579
fold0 ep 019  tr=1.5707  val_AccPaper=0.5556  val_BalAccMaj=0.5593  win_BalAcc=0.5504  win_f1_macro=0.5507
fold0 ep 020  tr=1.5622  val_AccPaper=0.5607  val_BalAccMaj=0.5648  win_BalAcc=0.5541  win_f1_macro=0.5547
fold0 ep 021  tr=1.5586  val_AccPaper=0.5600  val_BalAccMaj=0.5670  win_BalAcc=0.5548  win_f1_macro=0.5540
fold0 ep 022  tr=1.5535  val_AccPaper=0.5600  val_BalAccMaj=0.5652  win_BalAcc=0.5559  win_f1_macro=0.5563
fold0 ep 023  tr=1.5490  val_AccPaper=0.5644  val_BalAccMaj=0.5689  win_BalAcc=0.5556  win_f1_macro=0.5563
fold0 ep 024  tr=1.5394  val_AccPaper=0.5585  val_BalAccMaj=0.5641  win_BalAcc=0.5534  win_f1_macro=0.5535
fold0 ep 025  tr=1.5359  val_AccPaper=0.5385  val_BalAccMaj=0.5430  win_BalAcc=0.5425  win_f1_macro=0.5418
fold0 ep 026  tr=1.5290  val_AccPaper=0.5474  val_BalAccMaj=0.5552  win_BalAcc=0.5457  win_f1_macro=0.5455
fold0 ep 027  tr=1.5335  val_AccPaper=0.5519  val_BalAccMaj=0.5563  win_BalAcc=0.5471  win_f1_macro=0.5475
fold0 ep 028  tr=1.5235  val_AccPaper=0.5578  val_BalAccMaj=0.5622  win_BalAcc=0.5486  win_f1_macro=0.5491
fold0 ep 029  tr=1.5264  val_AccPaper=0.5481  val_BalAccMaj=0.5548  win_BalAcc=0.5391  win_f1_macro=0.5392
fold0 ep 030  tr=1.5186  val_AccPaper=0.5470  val_BalAccMaj=0.5500  win_BalAcc=0.5429  win_f1_macro=0.5432
fold0 ep 031  tr=1.5082  val_AccPaper=0.5544  val_BalAccMaj=0.5574  win_BalAcc=0.5455  win_f1_macro=0.5452
fold0 ep 032  tr=1.5077  val_AccPaper=0.5530  val_BalAccMaj=0.5604  win_BalAcc=0.5453  win_f1_macro=0.5451
fold0 ep 033  tr=1.5028  val_AccPaper=0.5485  val_BalAccMaj=0.5552  win_BalAcc=0.5467  win_f1_macro=0.5456
fold0 early stop @ ep 33
fold1 ep 001  tr=2.2793  val_AccPaper=0.5230  val_BalAccMaj=0.5289  win_BalAcc=0.5233  win_f1_macro=0.5097
fold1 ep 002  tr=1.9280  val_AccPaper=0.5563  val_BalAccMaj=0.5626  win_BalAcc=0.5547  win_f1_macro=0.5518
fold1 ep 003  tr=1.8390  val_AccPaper=0.5478  val_BalAccMaj=0.5548  win_BalAcc=0.5439  win_f1_macro=0.5407
fold1 ep 004  tr=1.7968  val_AccPaper=0.5670  val_BalAccMaj=0.5752  win_BalAcc=0.5587  win_f1_macro=0.5590
fold1 ep 005  tr=1.7769  val_AccPaper=0.5600  val_BalAccMaj=0.5663  win_BalAcc=0.5564  win_f1_macro=0.5518
fold1 ep 006  tr=1.7487  val_AccPaper=0.5637  val_BalAccMaj=0.5700  win_BalAcc=0.5602  win_f1_macro=0.5571
fold1 ep 007  tr=1.7349  val_AccPaper=0.5700  val_BalAccMaj=0.5793  win_BalAcc=0.5659  win_f1_macro=0.5649
fold1 ep 008  tr=1.7211  val_AccPaper=0.5574  val_BalAccMaj=0.5644  win_BalAcc=0.5582  win_f1_macro=0.5542
fold1 ep 009  tr=1.7105  val_AccPaper=0.5585  val_BalAccMaj=0.5663  win_BalAcc=0.5600  win_f1_macro=0.5533
fold1 ep 010  tr=1.7004  val_AccPaper=0.5659  val_BalAccMaj=0.5737  win_BalAcc=0.5629  win_f1_macro=0.5616
fold1 ep 011  tr=1.6953  val_AccPaper=0.5759  val_BalAccMaj=0.5826  win_BalAcc=0.5698  win_f1_macro=0.5691
fold1 ep 012  tr=1.6900  val_AccPaper=0.5737  val_BalAccMaj=0.5796  win_BalAcc=0.5666  win_f1_macro=0.5645
fold1 ep 013  tr=1.6812  val_AccPaper=0.5744  val_BalAccMaj=0.5800  win_BalAcc=0.5638  win_f1_macro=0.5601
fold1 ep 014  tr=1.6729  val_AccPaper=0.5711  val_BalAccMaj=0.5781  win_BalAcc=0.5657  win_f1_macro=0.5651
fold1 ep 015  tr=1.6734  val_AccPaper=0.5707  val_BalAccMaj=0.5785  win_BalAcc=0.5650  win_f1_macro=0.5615
fold1 ep 016  tr=1.6627  val_AccPaper=0.5759  val_BalAccMaj=0.5841  win_BalAcc=0.5681  win_f1_macro=0.5662
fold1 ep 017  tr=1.6563  val_AccPaper=0.5748  val_BalAccMaj=0.5833  win_BalAcc=0.5705  win_f1_macro=0.5689
fold1 ep 018  tr=1.6478  val_AccPaper=0.5756  val_BalAccMaj=0.5833  win_BalAcc=0.5646  win_f1_macro=0.5614
fold1 ep 019  tr=1.6485  val_AccPaper=0.5670  val_BalAccMaj=0.5752  win_BalAcc=0.5579  win_f1_macro=0.5559
fold1 ep 020  tr=1.6420  val_AccPaper=0.5752  val_BalAccMaj=0.5841  win_BalAcc=0.5654  win_f1_macro=0.5635
fold1 ep 021  tr=1.6365  val_AccPaper=0.5730  val_BalAccMaj=0.5822  win_BalAcc=0.5657  win_f1_macro=0.5611
fold1 ep 022  tr=1.6364  val_AccPaper=0.5685  val_BalAccMaj=0.5744  win_BalAcc=0.5618  win_f1_macro=0.5559
fold1 ep 023  tr=1.6345  val_AccPaper=0.5822  val_BalAccMaj=0.5896  win_BalAcc=0.5766  win_f1_macro=0.5746
fold1 ep 024  tr=1.6233  val_AccPaper=0.5796  val_BalAccMaj=0.5885  win_BalAcc=0.5684  win_f1_macro=0.5667
fold1 ep 025  tr=1.6169  val_AccPaper=0.5633  val_BalAccMaj=0.5737  win_BalAcc=0.5604  win_f1_macro=0.5551
fold1 ep 026  tr=1.6188  val_AccPaper=0.5607  val_BalAccMaj=0.5689  win_BalAcc=0.5573  win_f1_macro=0.5518
fold1 ep 027  tr=1.6177  val_AccPaper=0.5607  val_BalAccMaj=0.5707  win_BalAcc=0.5559  win_f1_macro=0.5495
fold1 ep 028  tr=1.6100  val_AccPaper=0.5670  val_BalAccMaj=0.5737  win_BalAcc=0.5627  win_f1_macro=0.5589
fold1 ep 029  tr=1.6073  val_AccPaper=0.5626  val_BalAccMaj=0.5678  win_BalAcc=0.5556  win_f1_macro=0.5525
fold1 ep 030  tr=1.6015  val_AccPaper=0.5600  val_BalAccMaj=0.5659  win_BalAcc=0.5555  win_f1_macro=0.5519
fold1 ep 031  tr=1.5966  val_AccPaper=0.5696  val_BalAccMaj=0.5756  win_BalAcc=0.5631  win_f1_macro=0.5601
fold1 ep 032  tr=1.5930  val_AccPaper=0.5593  val_BalAccMaj=0.5652  win_BalAcc=0.5558  win_f1_macro=0.5522
fold1 ep 033  tr=1.5899  val_AccPaper=0.5667  val_BalAccMaj=0.5726  win_BalAcc=0.5628  win_f1_macro=0.5617
fold1 ep 034  tr=1.5861  val_AccPaper=0.5674  val_BalAccMaj=0.5778  win_BalAcc=0.5635  win_f1_macro=0.5612
fold1 ep 035  tr=1.5806  val_AccPaper=0.5607  val_BalAccMaj=0.5696  win_BalAcc=0.5580  win_f1_macro=0.5506
fold1 ep 036  tr=1.5831  val_AccPaper=0.5622  val_BalAccMaj=0.5696  win_BalAcc=0.5593  win_f1_macro=0.5565
fold1 ep 037  tr=1.5779  val_AccPaper=0.5681  val_BalAccMaj=0.5759  win_BalAcc=0.5578  win_f1_macro=0.5559
fold1 ep 038  tr=1.5718  val_AccPaper=0.5637  val_BalAccMaj=0.5707  win_BalAcc=0.5610  win_f1_macro=0.5577
fold1 ep 039  tr=1.5715  val_AccPaper=0.5681  val_BalAccMaj=0.5752  win_BalAcc=0.5624  win_f1_macro=0.5589
fold1 ep 040  tr=1.5634  val_AccPaper=0.5685  val_BalAccMaj=0.5763  win_BalAcc=0.5651  win_f1_macro=0.5642
fold1 ep 041  tr=1.5648  val_AccPaper=0.5674  val_BalAccMaj=0.5756  win_BalAcc=0.5656  win_f1_macro=0.5642
fold1 ep 042  tr=1.5645  val_AccPaper=0.5500  val_BalAccMaj=0.5574  win_BalAcc=0.5508  win_f1_macro=0.5451
fold1 ep 043  tr=1.5567  val_AccPaper=0.5648  val_BalAccMaj=0.5726  win_BalAcc=0.5633  win_f1_macro=0.5615
fold1 early stop @ ep 43
fold2 ep 001  tr=2.1850  val_AccPaper=0.5189  val_BalAccMaj=0.5219  win_BalAcc=0.5110  win_f1_macro=0.5072
fold2 ep 002  tr=1.8406  val_AccPaper=0.5252  val_BalAccMaj=0.5326  win_BalAcc=0.5215  win_f1_macro=0.5215
fold2 ep 003  tr=1.7541  val_AccPaper=0.5333  val_BalAccMaj=0.5396  win_BalAcc=0.5260  win_f1_macro=0.5251
fold2 ep 004  tr=1.7110  val_AccPaper=0.5326  val_BalAccMaj=0.5393  win_BalAcc=0.5250  win_f1_macro=0.5248
fold2 ep 005  tr=1.6843  val_AccPaper=0.5293  val_BalAccMaj=0.5356  win_BalAcc=0.5251  win_f1_macro=0.5243
fold2 ep 006  tr=1.6706  val_AccPaper=0.5374  val_BalAccMaj=0.5437  win_BalAcc=0.5276  win_f1_macro=0.5262
fold2 ep 007  tr=1.6538  val_AccPaper=0.5319  val_BalAccMaj=0.5378  win_BalAcc=0.5299  win_f1_macro=0.5283
fold2 ep 008  tr=1.6452  val_AccPaper=0.5263  val_BalAccMaj=0.5326  win_BalAcc=0.5268  win_f1_macro=0.5255
fold2 ep 009  tr=1.6354  val_AccPaper=0.5441  val_BalAccMaj=0.5481  win_BalAcc=0.5344  win_f1_macro=0.5324
fold2 ep 010  tr=1.6334  val_AccPaper=0.5300  val_BalAccMaj=0.5359  win_BalAcc=0.5263  win_f1_macro=0.5244
fold2 ep 011  tr=1.6212  val_AccPaper=0.5300  val_BalAccMaj=0.5378  win_BalAcc=0.5305  win_f1_macro=0.5291
fold2 ep 012  tr=1.6154  val_AccPaper=0.5333  val_BalAccMaj=0.5396  win_BalAcc=0.5327  win_f1_macro=0.5325
fold2 ep 013  tr=1.6031  val_AccPaper=0.5307  val_BalAccMaj=0.5381  win_BalAcc=0.5275  win_f1_macro=0.5249
fold2 ep 014  tr=1.5952  val_AccPaper=0.5396  val_BalAccMaj=0.5478  win_BalAcc=0.5308  win_f1_macro=0.5280
fold2 ep 015  tr=1.5949  val_AccPaper=0.5315  val_BalAccMaj=0.5367  win_BalAcc=0.5244  win_f1_macro=0.5209
fold2 ep 016  tr=1.5864  val_AccPaper=0.5326  val_BalAccMaj=0.5381  win_BalAcc=0.5274  win_f1_macro=0.5246
fold2 ep 017  tr=1.5827  val_AccPaper=0.5304  val_BalAccMaj=0.5374  win_BalAcc=0.5274  win_f1_macro=0.5246
fold2 ep 018  tr=1.5790  val_AccPaper=0.5315  val_BalAccMaj=0.5359  win_BalAcc=0.5243  win_f1_macro=0.5193
fold2 ep 019  tr=1.5737  val_AccPaper=0.5426  val_BalAccMaj=0.5474  win_BalAcc=0.5363  win_f1_macro=0.5341
fold2 ep 020  tr=1.5689  val_AccPaper=0.5389  val_BalAccMaj=0.5463  win_BalAcc=0.5308  win_f1_macro=0.5277
fold2 ep 021  tr=1.5569  val_AccPaper=0.5270  val_BalAccMaj=0.5319  win_BalAcc=0.5266  win_f1_macro=0.5255
fold2 ep 022  tr=1.5573  val_AccPaper=0.5319  val_BalAccMaj=0.5381  win_BalAcc=0.5273  win_f1_macro=0.5249
fold2 ep 023  tr=1.5521  val_AccPaper=0.5333  val_BalAccMaj=0.5381  win_BalAcc=0.5296  win_f1_macro=0.5261
fold2 ep 024  tr=1.5493  val_AccPaper=0.5330  val_BalAccMaj=0.5404  win_BalAcc=0.5292  win_f1_macro=0.5254
fold2 ep 025  tr=1.5491  val_AccPaper=0.5326  val_BalAccMaj=0.5400  win_BalAcc=0.5316  win_f1_macro=0.5285
fold2 ep 026  tr=1.5389  val_AccPaper=0.5370  val_BalAccMaj=0.5437  win_BalAcc=0.5324  win_f1_macro=0.5287
fold2 ep 027  tr=1.5289  val_AccPaper=0.5263  val_BalAccMaj=0.5326  win_BalAcc=0.5277  win_f1_macro=0.5230
fold2 ep 028  tr=1.5376  val_AccPaper=0.5404  val_BalAccMaj=0.5489  win_BalAcc=0.5339  win_f1_macro=0.5317
fold2 ep 029  tr=1.5280  val_AccPaper=0.5304  val_BalAccMaj=0.5337  win_BalAcc=0.5241  win_f1_macro=0.5199
fold2 early stop @ ep 29
fold3 ep 001  tr=2.2418  val_AccPaper=0.5537  val_BalAccMaj=0.5578  win_BalAcc=0.5491  win_f1_macro=0.5378
fold3 ep 002  tr=1.9152  val_AccPaper=0.5689  val_BalAccMaj=0.5752  win_BalAcc=0.5669  win_f1_macro=0.5624
fold3 ep 003  tr=1.8304  val_AccPaper=0.5730  val_BalAccMaj=0.5811  win_BalAcc=0.5687  win_f1_macro=0.5657
fold3 ep 004  tr=1.7836  val_AccPaper=0.5948  val_BalAccMaj=0.5993  win_BalAcc=0.5869  win_f1_macro=0.5870
fold3 ep 005  tr=1.7631  val_AccPaper=0.5870  val_BalAccMaj=0.5926  win_BalAcc=0.5795  win_f1_macro=0.5779
fold3 ep 006  tr=1.7418  val_AccPaper=0.6078  val_BalAccMaj=0.6122  win_BalAcc=0.5963  win_f1_macro=0.5968
fold3 ep 007  tr=1.7290  val_AccPaper=0.6004  val_BalAccMaj=0.6067  win_BalAcc=0.5923  win_f1_macro=0.5929
fold3 ep 008  tr=1.7172  val_AccPaper=0.5974  val_BalAccMaj=0.6033  win_BalAcc=0.5921  win_f1_macro=0.5924
fold3 ep 009  tr=1.7069  val_AccPaper=0.5981  val_BalAccMaj=0.6041  win_BalAcc=0.5923  win_f1_macro=0.5930
fold3 ep 010  tr=1.7008  val_AccPaper=0.5948  val_BalAccMaj=0.6030  win_BalAcc=0.5872  win_f1_macro=0.5875
fold3 ep 011  tr=1.6899  val_AccPaper=0.5970  val_BalAccMaj=0.6030  win_BalAcc=0.5905  win_f1_macro=0.5909
fold3 ep 012  tr=1.6705  val_AccPaper=0.6000  val_BalAccMaj=0.6074  win_BalAcc=0.5893  win_f1_macro=0.5895
fold3 ep 013  tr=1.6754  val_AccPaper=0.5937  val_BalAccMaj=0.6033  win_BalAcc=0.5887  win_f1_macro=0.5890
fold3 ep 014  tr=1.6706  val_AccPaper=0.5978  val_BalAccMaj=0.6044  win_BalAcc=0.5843  win_f1_macro=0.5845
fold3 ep 015  tr=1.6612  val_AccPaper=0.5963  val_BalAccMaj=0.6030  win_BalAcc=0.5909  win_f1_macro=0.5906
fold3 ep 016  tr=1.6567  val_AccPaper=0.5989  val_BalAccMaj=0.6044  win_BalAcc=0.5861  win_f1_macro=0.5864
fold3 ep 017  tr=1.6458  val_AccPaper=0.5874  val_BalAccMaj=0.5959  win_BalAcc=0.5802  win_f1_macro=0.5801
fold3 ep 018  tr=1.6407  val_AccPaper=0.5852  val_BalAccMaj=0.5941  win_BalAcc=0.5846  win_f1_macro=0.5849
fold3 ep 019  tr=1.6335  val_AccPaper=0.6011  val_BalAccMaj=0.6093  win_BalAcc=0.5948  win_f1_macro=0.5950
fold3 ep 020  tr=1.6340  val_AccPaper=0.5974  val_BalAccMaj=0.6030  win_BalAcc=0.5876  win_f1_macro=0.5877
fold3 ep 021  tr=1.6329  val_AccPaper=0.5911  val_BalAccMaj=0.5978  win_BalAcc=0.5834  win_f1_macro=0.5834
fold3 ep 022  tr=1.6274  val_AccPaper=0.6022  val_BalAccMaj=0.6115  win_BalAcc=0.5899  win_f1_macro=0.5902
fold3 ep 023  tr=1.6263  val_AccPaper=0.5956  val_BalAccMaj=0.6007  win_BalAcc=0.5865  win_f1_macro=0.5867
fold3 ep 024  tr=1.6186  val_AccPaper=0.5963  val_BalAccMaj=0.6033  win_BalAcc=0.5862  win_f1_macro=0.5862
fold3 ep 025  tr=1.6142  val_AccPaper=0.5930  val_BalAccMaj=0.5996  win_BalAcc=0.5861  win_f1_macro=0.5863
fold3 ep 026  tr=1.6060  val_AccPaper=0.5885  val_BalAccMaj=0.5959  win_BalAcc=0.5793  win_f1_macro=0.5783
fold3 early stop @ ep 26
fold4 ep 001  tr=2.1575  val_AccPaper=0.4885  val_BalAccMaj=0.4933  win_BalAcc=0.4897  win_f1_macro=0.4854
fold4 ep 002  tr=1.8129  val_AccPaper=0.4874  val_BalAccMaj=0.4915  win_BalAcc=0.4906  win_f1_macro=0.4881
fold4 ep 003  tr=1.7313  val_AccPaper=0.5044  val_BalAccMaj=0.5096  win_BalAcc=0.5035  win_f1_macro=0.5004
fold4 ep 004  tr=1.7024  val_AccPaper=0.5093  val_BalAccMaj=0.5156  win_BalAcc=0.5041  win_f1_macro=0.5012
fold4 ep 005  tr=1.6746  val_AccPaper=0.4907  val_BalAccMaj=0.4967  win_BalAcc=0.4941  win_f1_macro=0.4914
fold4 ep 006  tr=1.6618  val_AccPaper=0.4993  val_BalAccMaj=0.5067  win_BalAcc=0.5026  win_f1_macro=0.4987
fold4 ep 007  tr=1.6470  val_AccPaper=0.4919  val_BalAccMaj=0.4996  win_BalAcc=0.4932  win_f1_macro=0.4883
fold4 ep 008  tr=1.6396  val_AccPaper=0.5011  val_BalAccMaj=0.5048  win_BalAcc=0.4983  win_f1_macro=0.4943
fold4 ep 009  tr=1.6252  val_AccPaper=0.4996  val_BalAccMaj=0.5056  win_BalAcc=0.5024  win_f1_macro=0.5005
fold4 ep 010  tr=1.6167  val_AccPaper=0.5022  val_BalAccMaj=0.5107  win_BalAcc=0.5062  win_f1_macro=0.5043
fold4 ep 011  tr=1.6138  val_AccPaper=0.4985  val_BalAccMaj=0.5048  win_BalAcc=0.5017  win_f1_macro=0.5006
fold4 ep 012  tr=1.6022  val_AccPaper=0.4970  val_BalAccMaj=0.5044  win_BalAcc=0.4976  win_f1_macro=0.4952
fold4 ep 013  tr=1.5926  val_AccPaper=0.4996  val_BalAccMaj=0.5044  win_BalAcc=0.5021  win_f1_macro=0.4997
fold4 ep 014  tr=1.5848  val_AccPaper=0.4811  val_BalAccMaj=0.4878  win_BalAcc=0.4880  win_f1_macro=0.4836
fold4 ep 015  tr=1.5844  val_AccPaper=0.4900  val_BalAccMaj=0.4970  win_BalAcc=0.4953  win_f1_macro=0.4943
fold4 ep 016  tr=1.5815  val_AccPaper=0.4993  val_BalAccMaj=0.5056  win_BalAcc=0.5023  win_f1_macro=0.5014
fold4 ep 017  tr=1.5702  val_AccPaper=0.4978  val_BalAccMaj=0.5041  win_BalAcc=0.4991  win_f1_macro=0.4980
fold4 ep 018  tr=1.5658  val_AccPaper=0.4974  val_BalAccMaj=0.5048  win_BalAcc=0.4986  win_f1_macro=0.4950
fold4 ep 019  tr=1.5653  val_AccPaper=0.4904  val_BalAccMaj=0.4996  win_BalAcc=0.4950  win_f1_macro=0.4925
fold4 ep 020  tr=1.5536  val_AccPaper=0.4893  val_BalAccMaj=0.4981  win_BalAcc=0.4963  win_f1_macro=0.4934
fold4 ep 021  tr=1.5516  val_AccPaper=0.4989  val_BalAccMaj=0.5070  win_BalAcc=0.4997  win_f1_macro=0.4969
fold4 ep 022  tr=1.5495  val_AccPaper=0.5074  val_BalAccMaj=0.5130  win_BalAcc=0.5041  win_f1_macro=0.5007
fold4 ep 023  tr=1.5432  val_AccPaper=0.4948  val_BalAccMaj=0.4996  win_BalAcc=0.4954  win_f1_macro=0.4949
fold4 ep 024  tr=1.5405  val_AccPaper=0.5059  val_BalAccMaj=0.5119  win_BalAcc=0.5080  win_f1_macro=0.5061
fold4 early stop @ ep 24
[U123] done val_AccPaper=0.5628 test_AccPaper=0.5677 test_BalAcc=0.5735 test_win_F1=0.5624
