start arm=C2a device=cuda n_classes=3 y_counts={0: 91800, 1: 91800, 2: 91800} pf_protocol_version=3 no_rest=False
[C2a] §3.2.1 future-perturb ratio=121.565
fold0 ep 001  tr=2.2768  val_AccPaper=0.5081  val_BalAccMaj=0.5122  win_BalAcc=0.5102  win_f1_macro=0.5066
fold0 ep 002  tr=1.9291  val_AccPaper=0.5363  val_BalAccMaj=0.5419  win_BalAcc=0.5320  win_f1_macro=0.5305
fold0 ep 003  tr=1.8497  val_AccPaper=0.5515  val_BalAccMaj=0.5548  win_BalAcc=0.5468  win_f1_macro=0.5472
fold0 ep 004  tr=1.8081  val_AccPaper=0.5530  val_BalAccMaj=0.5567  win_BalAcc=0.5509  win_f1_macro=0.5516
fold0 ep 005  tr=1.7801  val_AccPaper=0.5630  val_BalAccMaj=0.5678  win_BalAcc=0.5554  win_f1_macro=0.5559
fold0 ep 006  tr=1.7595  val_AccPaper=0.5574  val_BalAccMaj=0.5644  win_BalAcc=0.5531  win_f1_macro=0.5529
fold0 ep 007  tr=1.7457  val_AccPaper=0.5663  val_BalAccMaj=0.5711  win_BalAcc=0.5566  win_f1_macro=0.5573
fold0 ep 008  tr=1.7220  val_AccPaper=0.5696  val_BalAccMaj=0.5759  win_BalAcc=0.5623  win_f1_macro=0.5632
fold0 ep 009  tr=1.7080  val_AccPaper=0.5648  val_BalAccMaj=0.5681  win_BalAcc=0.5580  win_f1_macro=0.5590
fold0 ep 010  tr=1.6932  val_AccPaper=0.5685  val_BalAccMaj=0.5741  win_BalAcc=0.5611  win_f1_macro=0.5613
fold0 ep 011  tr=1.6824  val_AccPaper=0.5689  val_BalAccMaj=0.5744  win_BalAcc=0.5571  win_f1_macro=0.5572
fold0 ep 012  tr=1.6715  val_AccPaper=0.5741  val_BalAccMaj=0.5815  win_BalAcc=0.5667  win_f1_macro=0.5674
fold0 ep 013  tr=1.6607  val_AccPaper=0.5719  val_BalAccMaj=0.5774  win_BalAcc=0.5627  win_f1_macro=0.5635
fold0 ep 014  tr=1.6540  val_AccPaper=0.5663  val_BalAccMaj=0.5722  win_BalAcc=0.5606  win_f1_macro=0.5610
fold0 ep 015  tr=1.6505  val_AccPaper=0.5778  val_BalAccMaj=0.5841  win_BalAcc=0.5642  win_f1_macro=0.5649
fold0 ep 016  tr=1.6417  val_AccPaper=0.5759  val_BalAccMaj=0.5811  win_BalAcc=0.5646  win_f1_macro=0.5651
fold0 ep 017  tr=1.6385  val_AccPaper=0.5700  val_BalAccMaj=0.5748  win_BalAcc=0.5614  win_f1_macro=0.5619
fold0 ep 018  tr=1.6321  val_AccPaper=0.5726  val_BalAccMaj=0.5770  win_BalAcc=0.5616  win_f1_macro=0.5620
fold0 ep 019  tr=1.6290  val_AccPaper=0.5704  val_BalAccMaj=0.5752  win_BalAcc=0.5592  win_f1_macro=0.5596
fold0 ep 020  tr=1.6182  val_AccPaper=0.5674  val_BalAccMaj=0.5730  win_BalAcc=0.5563  win_f1_macro=0.5561
fold0 ep 021  tr=1.6133  val_AccPaper=0.5693  val_BalAccMaj=0.5770  win_BalAcc=0.5584  win_f1_macro=0.5582
fold0 ep 022  tr=1.6071  val_AccPaper=0.5656  val_BalAccMaj=0.5693  win_BalAcc=0.5579  win_f1_macro=0.5582
fold0 ep 023  tr=1.6059  val_AccPaper=0.5607  val_BalAccMaj=0.5656  win_BalAcc=0.5573  win_f1_macro=0.5579
fold0 ep 024  tr=1.6012  val_AccPaper=0.5633  val_BalAccMaj=0.5685  win_BalAcc=0.5602  win_f1_macro=0.5609
fold0 ep 025  tr=1.5936  val_AccPaper=0.5622  val_BalAccMaj=0.5704  win_BalAcc=0.5564  win_f1_macro=0.5564
fold0 ep 026  tr=1.5892  val_AccPaper=0.5648  val_BalAccMaj=0.5704  win_BalAcc=0.5580  win_f1_macro=0.5582
fold0 ep 027  tr=1.5930  val_AccPaper=0.5570  val_BalAccMaj=0.5619  win_BalAcc=0.5504  win_f1_macro=0.5511
fold0 ep 028  tr=1.5870  val_AccPaper=0.5648  val_BalAccMaj=0.5693  win_BalAcc=0.5566  win_f1_macro=0.5568
fold0 ep 029  tr=1.5775  val_AccPaper=0.5570  val_BalAccMaj=0.5637  win_BalAcc=0.5540  win_f1_macro=0.5536
fold0 ep 030  tr=1.5741  val_AccPaper=0.5581  val_BalAccMaj=0.5663  win_BalAcc=0.5525  win_f1_macro=0.5528
fold0 ep 031  tr=1.5728  val_AccPaper=0.5685  val_BalAccMaj=0.5748  win_BalAcc=0.5595  win_f1_macro=0.5599
fold0 ep 032  tr=1.5667  val_AccPaper=0.5652  val_BalAccMaj=0.5715  win_BalAcc=0.5595  win_f1_macro=0.5598
fold0 ep 033  tr=1.5586  val_AccPaper=0.5615  val_BalAccMaj=0.5689  win_BalAcc=0.5569  win_f1_macro=0.5571
fold0 ep 034  tr=1.5605  val_AccPaper=0.5663  val_BalAccMaj=0.5719  win_BalAcc=0.5600  win_f1_macro=0.5598
fold0 ep 035  tr=1.5535  val_AccPaper=0.5663  val_BalAccMaj=0.5744  win_BalAcc=0.5586  win_f1_macro=0.5590
fold0 early stop @ ep 35
fold1 ep 001  tr=2.3322  val_AccPaper=0.5300  val_BalAccMaj=0.5333  win_BalAcc=0.5320  win_f1_macro=0.5234
fold1 ep 002  tr=2.0070  val_AccPaper=0.5415  val_BalAccMaj=0.5478  win_BalAcc=0.5406  win_f1_macro=0.5356
fold1 ep 003  tr=1.9241  val_AccPaper=0.5548  val_BalAccMaj=0.5589  win_BalAcc=0.5563  win_f1_macro=0.5530
fold1 ep 004  tr=1.8849  val_AccPaper=0.5570  val_BalAccMaj=0.5630  win_BalAcc=0.5559  win_f1_macro=0.5506
fold1 ep 005  tr=1.8618  val_AccPaper=0.5533  val_BalAccMaj=0.5574  win_BalAcc=0.5475  win_f1_macro=0.5402
fold1 ep 006  tr=1.8377  val_AccPaper=0.5593  val_BalAccMaj=0.5656  win_BalAcc=0.5532  win_f1_macro=0.5490
fold1 ep 007  tr=1.8246  val_AccPaper=0.5678  val_BalAccMaj=0.5767  win_BalAcc=0.5616  win_f1_macro=0.5571
fold1 ep 008  tr=1.8112  val_AccPaper=0.5744  val_BalAccMaj=0.5804  win_BalAcc=0.5690  win_f1_macro=0.5663
fold1 ep 009  tr=1.8042  val_AccPaper=0.5848  val_BalAccMaj=0.5922  win_BalAcc=0.5797  win_f1_macro=0.5791
fold1 ep 010  tr=1.7861  val_AccPaper=0.5800  val_BalAccMaj=0.5874  win_BalAcc=0.5764  win_f1_macro=0.5733
fold1 ep 011  tr=1.7795  val_AccPaper=0.5726  val_BalAccMaj=0.5811  win_BalAcc=0.5692  win_f1_macro=0.5682
fold1 ep 012  tr=1.7664  val_AccPaper=0.5722  val_BalAccMaj=0.5841  win_BalAcc=0.5694  win_f1_macro=0.5692
fold1 ep 013  tr=1.7636  val_AccPaper=0.5704  val_BalAccMaj=0.5770  win_BalAcc=0.5685  win_f1_macro=0.5682
fold1 ep 014  tr=1.7545  val_AccPaper=0.5752  val_BalAccMaj=0.5815  win_BalAcc=0.5712  win_f1_macro=0.5697
fold1 ep 015  tr=1.7502  val_AccPaper=0.5737  val_BalAccMaj=0.5800  win_BalAcc=0.5667  win_f1_macro=0.5655
fold1 ep 016  tr=1.7423  val_AccPaper=0.5719  val_BalAccMaj=0.5774  win_BalAcc=0.5694  win_f1_macro=0.5687
fold1 ep 017  tr=1.7424  val_AccPaper=0.5833  val_BalAccMaj=0.5896  win_BalAcc=0.5809  win_f1_macro=0.5810
fold1 ep 018  tr=1.7334  val_AccPaper=0.5559  val_BalAccMaj=0.5607  win_BalAcc=0.5542  win_f1_macro=0.5519
fold1 ep 019  tr=1.7268  val_AccPaper=0.5722  val_BalAccMaj=0.5781  win_BalAcc=0.5656  win_f1_macro=0.5656
fold1 ep 020  tr=1.7207  val_AccPaper=0.5637  val_BalAccMaj=0.5711  win_BalAcc=0.5659  win_f1_macro=0.5645
fold1 ep 021  tr=1.7113  val_AccPaper=0.5707  val_BalAccMaj=0.5774  win_BalAcc=0.5663  win_f1_macro=0.5652
fold1 ep 022  tr=1.7090  val_AccPaper=0.5752  val_BalAccMaj=0.5815  win_BalAcc=0.5706  win_f1_macro=0.5692
fold1 ep 023  tr=1.7016  val_AccPaper=0.5741  val_BalAccMaj=0.5807  win_BalAcc=0.5711  win_f1_macro=0.5701
fold1 ep 024  tr=1.6956  val_AccPaper=0.5578  val_BalAccMaj=0.5648  win_BalAcc=0.5588  win_f1_macro=0.5560
fold1 ep 025  tr=1.6993  val_AccPaper=0.5741  val_BalAccMaj=0.5833  win_BalAcc=0.5689  win_f1_macro=0.5677
fold1 ep 026  tr=1.6903  val_AccPaper=0.5678  val_BalAccMaj=0.5741  win_BalAcc=0.5653  win_f1_macro=0.5643
fold1 ep 027  tr=1.6849  val_AccPaper=0.5726  val_BalAccMaj=0.5796  win_BalAcc=0.5680  win_f1_macro=0.5678
fold1 ep 028  tr=1.6873  val_AccPaper=0.5711  val_BalAccMaj=0.5770  win_BalAcc=0.5630  win_f1_macro=0.5616
fold1 ep 029  tr=1.6772  val_AccPaper=0.5744  val_BalAccMaj=0.5796  win_BalAcc=0.5655  win_f1_macro=0.5626
fold1 early stop @ ep 29
fold2 ep 001  tr=2.2682  val_AccPaper=0.5126  val_BalAccMaj=0.5167  win_BalAcc=0.5063  win_f1_macro=0.5002
fold2 ep 002  tr=1.9285  val_AccPaper=0.5204  val_BalAccMaj=0.5267  win_BalAcc=0.5166  win_f1_macro=0.5158
fold2 ep 003  tr=1.8402  val_AccPaper=0.5374  val_BalAccMaj=0.5448  win_BalAcc=0.5322  win_f1_macro=0.5335
fold2 ep 004  tr=1.7976  val_AccPaper=0.5307  val_BalAccMaj=0.5407  win_BalAcc=0.5293  win_f1_macro=0.5292
fold2 ep 005  tr=1.7651  val_AccPaper=0.5344  val_BalAccMaj=0.5430  win_BalAcc=0.5305  win_f1_macro=0.5293
fold2 ep 006  tr=1.7457  val_AccPaper=0.5341  val_BalAccMaj=0.5411  win_BalAcc=0.5305  win_f1_macro=0.5278
fold2 ep 007  tr=1.7316  val_AccPaper=0.5333  val_BalAccMaj=0.5407  win_BalAcc=0.5314  win_f1_macro=0.5297
fold2 ep 008  tr=1.7258  val_AccPaper=0.5407  val_BalAccMaj=0.5463  win_BalAcc=0.5335  win_f1_macro=0.5324
fold2 ep 009  tr=1.7078  val_AccPaper=0.5326  val_BalAccMaj=0.5381  win_BalAcc=0.5300  win_f1_macro=0.5276
fold2 ep 010  tr=1.6937  val_AccPaper=0.5378  val_BalAccMaj=0.5430  win_BalAcc=0.5325  win_f1_macro=0.5310
fold2 ep 011  tr=1.6876  val_AccPaper=0.5415  val_BalAccMaj=0.5489  win_BalAcc=0.5352  win_f1_macro=0.5331
fold2 ep 012  tr=1.6786  val_AccPaper=0.5307  val_BalAccMaj=0.5367  win_BalAcc=0.5257  win_f1_macro=0.5238
fold2 ep 013  tr=1.6701  val_AccPaper=0.5270  val_BalAccMaj=0.5341  win_BalAcc=0.5216  win_f1_macro=0.5171
fold2 ep 014  tr=1.6691  val_AccPaper=0.5274  val_BalAccMaj=0.5311  win_BalAcc=0.5206  win_f1_macro=0.5172
fold2 ep 015  tr=1.6524  val_AccPaper=0.5307  val_BalAccMaj=0.5352  win_BalAcc=0.5247  win_f1_macro=0.5199
fold2 ep 016  tr=1.6448  val_AccPaper=0.5326  val_BalAccMaj=0.5374  win_BalAcc=0.5258  win_f1_macro=0.5222
fold2 ep 017  tr=1.6327  val_AccPaper=0.5337  val_BalAccMaj=0.5396  win_BalAcc=0.5219  win_f1_macro=0.5186
fold2 ep 018  tr=1.6301  val_AccPaper=0.5174  val_BalAccMaj=0.5215  win_BalAcc=0.5157  win_f1_macro=0.5084
fold2 ep 019  tr=1.6226  val_AccPaper=0.5293  val_BalAccMaj=0.5337  win_BalAcc=0.5222  win_f1_macro=0.5177
fold2 ep 020  tr=1.6212  val_AccPaper=0.5222  val_BalAccMaj=0.5278  win_BalAcc=0.5183  win_f1_macro=0.5118
fold2 ep 021  tr=1.6148  val_AccPaper=0.5215  val_BalAccMaj=0.5259  win_BalAcc=0.5171  win_f1_macro=0.5121
fold2 ep 022  tr=1.6141  val_AccPaper=0.5211  val_BalAccMaj=0.5259  win_BalAcc=0.5180  win_f1_macro=0.5122
fold2 ep 023  tr=1.6060  val_AccPaper=0.5219  val_BalAccMaj=0.5278  win_BalAcc=0.5157  win_f1_macro=0.5113
fold2 ep 024  tr=1.6003  val_AccPaper=0.5215  val_BalAccMaj=0.5270  win_BalAcc=0.5188  win_f1_macro=0.5128
fold2 ep 025  tr=1.5949  val_AccPaper=0.5293  val_BalAccMaj=0.5359  win_BalAcc=0.5225  win_f1_macro=0.5175
fold2 ep 026  tr=1.5907  val_AccPaper=0.5244  val_BalAccMaj=0.5300  win_BalAcc=0.5231  win_f1_macro=0.5187
fold2 ep 027  tr=1.5810  val_AccPaper=0.5167  val_BalAccMaj=0.5211  win_BalAcc=0.5110  win_f1_macro=0.5054
fold2 ep 028  tr=1.5864  val_AccPaper=0.5178  val_BalAccMaj=0.5226  win_BalAcc=0.5165  win_f1_macro=0.5107
fold2 ep 029  tr=1.5860  val_AccPaper=0.5144  val_BalAccMaj=0.5193  win_BalAcc=0.5136  win_f1_macro=0.5080
fold2 ep 030  tr=1.5794  val_AccPaper=0.5130  val_BalAccMaj=0.5178  win_BalAcc=0.5125  win_f1_macro=0.5050
fold2 ep 031  tr=1.5721  val_AccPaper=0.5226  val_BalAccMaj=0.5278  win_BalAcc=0.5195  win_f1_macro=0.5140
fold2 early stop @ ep 31
fold3 ep 001  tr=2.3344  val_AccPaper=0.5496  val_BalAccMaj=0.5537  win_BalAcc=0.5474  win_f1_macro=0.5398
fold3 ep 002  tr=2.0121  val_AccPaper=0.5756  val_BalAccMaj=0.5793  win_BalAcc=0.5679  win_f1_macro=0.5646
fold3 ep 003  tr=1.9284  val_AccPaper=0.5878  val_BalAccMaj=0.5922  win_BalAcc=0.5816  win_f1_macro=0.5799
fold3 ep 004  tr=1.8847  val_AccPaper=0.5911  val_BalAccMaj=0.5981  win_BalAcc=0.5862  win_f1_macro=0.5862
fold3 ep 005  tr=1.8658  val_AccPaper=0.6052  val_BalAccMaj=0.6126  win_BalAcc=0.5929  win_f1_macro=0.5935
fold3 ep 006  tr=1.8401  val_AccPaper=0.6033  val_BalAccMaj=0.6085  win_BalAcc=0.5917  win_f1_macro=0.5919
fold3 ep 007  tr=1.8183  val_AccPaper=0.5978  val_BalAccMaj=0.6007  win_BalAcc=0.5885  win_f1_macro=0.5882
fold3 ep 008  tr=1.8034  val_AccPaper=0.5907  val_BalAccMaj=0.5970  win_BalAcc=0.5858  win_f1_macro=0.5860
fold3 ep 009  tr=1.7896  val_AccPaper=0.5900  val_BalAccMaj=0.5944  win_BalAcc=0.5815  win_f1_macro=0.5814
fold3 ep 010  tr=1.7783  val_AccPaper=0.5907  val_BalAccMaj=0.5981  win_BalAcc=0.5824  win_f1_macro=0.5827
fold3 ep 011  tr=1.7584  val_AccPaper=0.5937  val_BalAccMaj=0.6011  win_BalAcc=0.5876  win_f1_macro=0.5879
fold3 ep 012  tr=1.7566  val_AccPaper=0.5926  val_BalAccMaj=0.5970  win_BalAcc=0.5863  win_f1_macro=0.5864
fold3 ep 013  tr=1.7425  val_AccPaper=0.5922  val_BalAccMaj=0.5967  win_BalAcc=0.5869  win_f1_macro=0.5873
fold3 ep 014  tr=1.7297  val_AccPaper=0.5859  val_BalAccMaj=0.5919  win_BalAcc=0.5809  win_f1_macro=0.5810
fold3 ep 015  tr=1.7248  val_AccPaper=0.5926  val_BalAccMaj=0.5989  win_BalAcc=0.5851  win_f1_macro=0.5855
fold3 ep 016  tr=1.7185  val_AccPaper=0.5863  val_BalAccMaj=0.5907  win_BalAcc=0.5818  win_f1_macro=0.5813
fold3 ep 017  tr=1.7126  val_AccPaper=0.5907  val_BalAccMaj=0.5963  win_BalAcc=0.5812  win_f1_macro=0.5813
fold3 ep 018  tr=1.7099  val_AccPaper=0.5974  val_BalAccMaj=0.6048  win_BalAcc=0.5875  win_f1_macro=0.5878
fold3 ep 019  tr=1.7009  val_AccPaper=0.5963  val_BalAccMaj=0.6030  win_BalAcc=0.5839  win_f1_macro=0.5843
fold3 ep 020  tr=1.6941  val_AccPaper=0.5919  val_BalAccMaj=0.5948  win_BalAcc=0.5828  win_f1_macro=0.5829
fold3 ep 021  tr=1.6899  val_AccPaper=0.5911  val_BalAccMaj=0.5948  win_BalAcc=0.5821  win_f1_macro=0.5824
fold3 ep 022  tr=1.6856  val_AccPaper=0.5904  val_BalAccMaj=0.5952  win_BalAcc=0.5801  win_f1_macro=0.5803
fold3 ep 023  tr=1.6823  val_AccPaper=0.5837  val_BalAccMaj=0.5896  win_BalAcc=0.5765  win_f1_macro=0.5764
fold3 ep 024  tr=1.6803  val_AccPaper=0.5852  val_BalAccMaj=0.5904  win_BalAcc=0.5770  win_f1_macro=0.5772
fold3 ep 025  tr=1.6723  val_AccPaper=0.5989  val_BalAccMaj=0.6033  win_BalAcc=0.5886  win_f1_macro=0.5889
fold3 early stop @ ep 25
fold4 ep 001  tr=2.2616  val_AccPaper=0.4637  val_BalAccMaj=0.4674  win_BalAcc=0.4644  win_f1_macro=0.4467
fold4 ep 002  tr=1.9076  val_AccPaper=0.4881  val_BalAccMaj=0.4919  win_BalAcc=0.4840  win_f1_macro=0.4785
fold4 ep 003  tr=1.8286  val_AccPaper=0.4926  val_BalAccMaj=0.4978  win_BalAcc=0.4926  win_f1_macro=0.4876
fold4 ep 004  tr=1.8039  val_AccPaper=0.4944  val_BalAccMaj=0.4985  win_BalAcc=0.4964  win_f1_macro=0.4948
fold4 ep 005  tr=1.7794  val_AccPaper=0.4904  val_BalAccMaj=0.4970  win_BalAcc=0.4935  win_f1_macro=0.4917
fold4 ep 006  tr=1.7591  val_AccPaper=0.4978  val_BalAccMaj=0.5052  win_BalAcc=0.4990  win_f1_macro=0.4970
fold4 ep 007  tr=1.7417  val_AccPaper=0.4967  val_BalAccMaj=0.5033  win_BalAcc=0.4985  win_f1_macro=0.4953
fold4 ep 008  tr=1.7257  val_AccPaper=0.4989  val_BalAccMaj=0.5063  win_BalAcc=0.4986  win_f1_macro=0.4965
fold4 ep 009  tr=1.7161  val_AccPaper=0.5030  val_BalAccMaj=0.5104  win_BalAcc=0.4989  win_f1_macro=0.4977
fold4 ep 010  tr=1.6939  val_AccPaper=0.4970  val_BalAccMaj=0.5056  win_BalAcc=0.4975  win_f1_macro=0.4961
fold4 ep 011  tr=1.6914  val_AccPaper=0.4978  val_BalAccMaj=0.5037  win_BalAcc=0.4972  win_f1_macro=0.4951
fold4 ep 012  tr=1.6824  val_AccPaper=0.5000  val_BalAccMaj=0.5052  win_BalAcc=0.5029  win_f1_macro=0.4999
fold4 ep 013  tr=1.6726  val_AccPaper=0.4970  val_BalAccMaj=0.5044  win_BalAcc=0.4967  win_f1_macro=0.4919
fold4 ep 014  tr=1.6670  val_AccPaper=0.5026  val_BalAccMaj=0.5111  win_BalAcc=0.5009  win_f1_macro=0.4985
fold4 ep 015  tr=1.6580  val_AccPaper=0.4989  val_BalAccMaj=0.5070  win_BalAcc=0.4971  win_f1_macro=0.4941
fold4 ep 016  tr=1.6547  val_AccPaper=0.4996  val_BalAccMaj=0.5070  win_BalAcc=0.4980  win_f1_macro=0.4958
fold4 ep 017  tr=1.6411  val_AccPaper=0.5022  val_BalAccMaj=0.5119  win_BalAcc=0.5040  win_f1_macro=0.5009
fold4 ep 018  tr=1.6357  val_AccPaper=0.5096  val_BalAccMaj=0.5167  win_BalAcc=0.5007  win_f1_macro=0.4981
fold4 ep 019  tr=1.6353  val_AccPaper=0.5037  val_BalAccMaj=0.5081  win_BalAcc=0.4976  win_f1_macro=0.4929
fold4 ep 020  tr=1.6216  val_AccPaper=0.5067  val_BalAccMaj=0.5126  win_BalAcc=0.5026  win_f1_macro=0.4999
fold4 ep 021  tr=1.6199  val_AccPaper=0.4981  val_BalAccMaj=0.5044  win_BalAcc=0.4940  win_f1_macro=0.4891
fold4 ep 022  tr=1.6140  val_AccPaper=0.5019  val_BalAccMaj=0.5056  win_BalAcc=0.4993  win_f1_macro=0.4956
fold4 ep 023  tr=1.6131  val_AccPaper=0.5026  val_BalAccMaj=0.5096  win_BalAcc=0.5030  win_f1_macro=0.5014
fold4 ep 024  tr=1.6096  val_AccPaper=0.5007  val_BalAccMaj=0.5063  win_BalAcc=0.4971  win_f1_macro=0.4945
fold4 ep 025  tr=1.5931  val_AccPaper=0.4944  val_BalAccMaj=0.5011  win_BalAcc=0.4966  win_f1_macro=0.4947
fold4 ep 026  tr=1.5949  val_AccPaper=0.5044  val_BalAccMaj=0.5119  win_BalAcc=0.5027  win_f1_macro=0.5006
fold4 ep 027  tr=1.5950  val_AccPaper=0.5030  val_BalAccMaj=0.5085  win_BalAcc=0.4991  win_f1_macro=0.4945
fold4 ep 028  tr=1.5840  val_AccPaper=0.5007  val_BalAccMaj=0.5070  win_BalAcc=0.4965  win_f1_macro=0.4926
fold4 ep 029  tr=1.5862  val_AccPaper=0.4970  val_BalAccMaj=0.4993  win_BalAcc=0.4896  win_f1_macro=0.4835
fold4 ep 030  tr=1.5745  val_AccPaper=0.4933  val_BalAccMaj=0.5004  win_BalAcc=0.4936  win_f1_macro=0.4911
fold4 ep 031  tr=1.5780  val_AccPaper=0.5019  val_BalAccMaj=0.5070  win_BalAcc=0.5017  win_f1_macro=0.4982
fold4 ep 032  tr=1.5678  val_AccPaper=0.4948  val_BalAccMaj=0.4989  win_BalAcc=0.4944  win_f1_macro=0.4929
fold4 ep 033  tr=1.5645  val_AccPaper=0.4978  val_BalAccMaj=0.5011  win_BalAcc=0.4934  win_f1_macro=0.4905
fold4 ep 034  tr=1.5588  val_AccPaper=0.4904  val_BalAccMaj=0.4993  win_BalAcc=0.4906  win_f1_macro=0.4870
fold4 ep 035  tr=1.5556  val_AccPaper=0.4896  val_BalAccMaj=0.4941  win_BalAcc=0.4935  win_f1_macro=0.4900
fold4 ep 036  tr=1.5513  val_AccPaper=0.5000  val_BalAccMaj=0.5070  win_BalAcc=0.5017  win_f1_macro=0.4987
fold4 ep 037  tr=1.5432  val_AccPaper=0.5052  val_BalAccMaj=0.5107  win_BalAcc=0.5024  win_f1_macro=0.5008
fold4 ep 038  tr=1.5374  val_AccPaper=0.4841  val_BalAccMaj=0.4881  win_BalAcc=0.4863  win_f1_macro=0.4823
fold4 early stop @ ep 38
[C2a] done val_AccPaper=0.5638 test_AccPaper=0.5758 test_BalAcc=0.5818 test_win_F1=0.5700
