start arm=T1 device=cuda n_classes=3 y_counts={0: 91800, 1: 91800, 2: 91800} pf_protocol_version=3 no_rest=False
[T1] §3.2.1 future-perturb ratio=131.316
fold0 ep 001  tr=3.1792  val_AccPaper=0.7626  val_BalAccMaj=0.7626  win_BalAcc=0.7584  win_f1_macro=0.7568
fold0 ep 002  tr=2.5559  val_AccPaper=0.7700  val_BalAccMaj=0.7700  win_BalAcc=0.7663  win_f1_macro=0.7615
fold0 ep 003  tr=2.3467  val_AccPaper=0.7744  val_BalAccMaj=0.7744  win_BalAcc=0.7680  win_f1_macro=0.7679
fold0 ep 004  tr=2.2580  val_AccPaper=0.7830  val_BalAccMaj=0.7830  win_BalAcc=0.7763  win_f1_macro=0.7761
fold0 ep 005  tr=2.2189  val_AccPaper=0.7815  val_BalAccMaj=0.7815  win_BalAcc=0.7751  win_f1_macro=0.7740
fold0 ep 006  tr=2.1939  val_AccPaper=0.7796  val_BalAccMaj=0.7796  win_BalAcc=0.7733  win_f1_macro=0.7730
fold0 ep 007  tr=2.1858  val_AccPaper=0.7837  val_BalAccMaj=0.7837  win_BalAcc=0.7754  win_f1_macro=0.7750
fold0 ep 008  tr=2.1736  val_AccPaper=0.7859  val_BalAccMaj=0.7859  win_BalAcc=0.7773  win_f1_macro=0.7763
fold0 ep 009  tr=2.1611  val_AccPaper=0.7881  val_BalAccMaj=0.7881  win_BalAcc=0.7782  win_f1_macro=0.7771
fold0 ep 010  tr=2.1506  val_AccPaper=0.7907  val_BalAccMaj=0.7907  win_BalAcc=0.7807  win_f1_macro=0.7806
fold0 ep 011  tr=2.1400  val_AccPaper=0.7778  val_BalAccMaj=0.7778  win_BalAcc=0.7727  win_f1_macro=0.7715
fold0 ep 012  tr=2.1267  val_AccPaper=0.7878  val_BalAccMaj=0.7878  win_BalAcc=0.7783  win_f1_macro=0.7777
fold0 ep 013  tr=2.1263  val_AccPaper=0.7800  val_BalAccMaj=0.7800  win_BalAcc=0.7746  win_f1_macro=0.7746
fold0 ep 014  tr=2.1170  val_AccPaper=0.7848  val_BalAccMaj=0.7848  win_BalAcc=0.7792  win_f1_macro=0.7767
fold0 ep 015  tr=2.1032  val_AccPaper=0.7863  val_BalAccMaj=0.7863  win_BalAcc=0.7776  win_f1_macro=0.7776
fold0 ep 016  tr=2.0982  val_AccPaper=0.7819  val_BalAccMaj=0.7819  win_BalAcc=0.7730  win_f1_macro=0.7730
fold0 ep 017  tr=2.0932  val_AccPaper=0.7859  val_BalAccMaj=0.7859  win_BalAcc=0.7775  win_f1_macro=0.7762
fold0 ep 018  tr=2.0863  val_AccPaper=0.7893  val_BalAccMaj=0.7893  win_BalAcc=0.7807  win_f1_macro=0.7804
fold0 ep 019  tr=2.0889  val_AccPaper=0.7837  val_BalAccMaj=0.7837  win_BalAcc=0.7764  win_f1_macro=0.7764
fold0 ep 020  tr=2.0869  val_AccPaper=0.7889  val_BalAccMaj=0.7889  win_BalAcc=0.7788  win_f1_macro=0.7787
fold0 ep 021  tr=2.0782  val_AccPaper=0.7941  val_BalAccMaj=0.7941  win_BalAcc=0.7825  win_f1_macro=0.7821
fold0 ep 022  tr=2.0782  val_AccPaper=0.7796  val_BalAccMaj=0.7796  win_BalAcc=0.7775  win_f1_macro=0.7775
fold0 ep 023  tr=2.0740  val_AccPaper=0.7852  val_BalAccMaj=0.7852  win_BalAcc=0.7778  win_f1_macro=0.7775
fold0 ep 024  tr=2.0701  val_AccPaper=0.7881  val_BalAccMaj=0.7881  win_BalAcc=0.7790  win_f1_macro=0.7778
fold0 ep 025  tr=2.0738  val_AccPaper=0.7930  val_BalAccMaj=0.7930  win_BalAcc=0.7803  win_f1_macro=0.7802
fold0 ep 026  tr=2.0695  val_AccPaper=0.7907  val_BalAccMaj=0.7907  win_BalAcc=0.7790  win_f1_macro=0.7790
fold0 ep 027  tr=2.0682  val_AccPaper=0.7763  val_BalAccMaj=0.7763  win_BalAcc=0.7721  win_f1_macro=0.7720
fold0 ep 028  tr=2.0663  val_AccPaper=0.7848  val_BalAccMaj=0.7848  win_BalAcc=0.7784  win_f1_macro=0.7783
fold0 ep 029  tr=2.0645  val_AccPaper=0.7874  val_BalAccMaj=0.7874  win_BalAcc=0.7777  win_f1_macro=0.7774
fold0 ep 030  tr=2.0596  val_AccPaper=0.7863  val_BalAccMaj=0.7863  win_BalAcc=0.7783  win_f1_macro=0.7783
fold0 ep 031  tr=2.0649  val_AccPaper=0.7893  val_BalAccMaj=0.7893  win_BalAcc=0.7768  win_f1_macro=0.7767
fold0 ep 032  tr=2.0513  val_AccPaper=0.7841  val_BalAccMaj=0.7841  win_BalAcc=0.7792  win_f1_macro=0.7788
fold0 ep 033  tr=2.0530  val_AccPaper=0.7841  val_BalAccMaj=0.7841  win_BalAcc=0.7776  win_f1_macro=0.7775
fold0 ep 034  tr=2.0528  val_AccPaper=0.7819  val_BalAccMaj=0.7819  win_BalAcc=0.7742  win_f1_macro=0.7739
fold0 ep 035  tr=2.0563  val_AccPaper=0.7915  val_BalAccMaj=0.7915  win_BalAcc=0.7815  win_f1_macro=0.7813
fold0 ep 036  tr=2.0516  val_AccPaper=0.7885  val_BalAccMaj=0.7885  win_BalAcc=0.7786  win_f1_macro=0.7784
fold0 ep 037  tr=2.0500  val_AccPaper=0.7819  val_BalAccMaj=0.7819  win_BalAcc=0.7760  win_f1_macro=0.7760
fold0 ep 038  tr=2.0493  val_AccPaper=0.7848  val_BalAccMaj=0.7848  win_BalAcc=0.7797  win_f1_macro=0.7779
fold0 ep 039  tr=2.0481  val_AccPaper=0.7893  val_BalAccMaj=0.7893  win_BalAcc=0.7798  win_f1_macro=0.7795
fold0 ep 040  tr=2.0447  val_AccPaper=0.7796  val_BalAccMaj=0.7796  win_BalAcc=0.7746  win_f1_macro=0.7746
fold0 ep 041  tr=2.0441  val_AccPaper=0.7811  val_BalAccMaj=0.7811  win_BalAcc=0.7757  win_f1_macro=0.7754
fold0 early stop @ ep 41
fold1 ep 001  tr=3.1345  val_AccPaper=0.7178  val_BalAccMaj=0.7178  win_BalAcc=0.7155  win_f1_macro=0.6730
fold1 ep 002  tr=2.5086  val_AccPaper=0.7048  val_BalAccMaj=0.7048  win_BalAcc=0.7060  win_f1_macro=0.6485
fold1 ep 003  tr=2.3608  val_AccPaper=0.7419  val_BalAccMaj=0.7422  win_BalAcc=0.7420  win_f1_macro=0.7234
fold1 ep 004  tr=2.2667  val_AccPaper=0.7622  val_BalAccMaj=0.7622  win_BalAcc=0.7629  win_f1_macro=0.7567
fold1 ep 005  tr=2.2158  val_AccPaper=0.7700  val_BalAccMaj=0.7700  win_BalAcc=0.7685  win_f1_macro=0.7658
fold1 ep 006  tr=2.2041  val_AccPaper=0.7681  val_BalAccMaj=0.7681  win_BalAcc=0.7666  win_f1_macro=0.7607
fold1 ep 007  tr=2.1810  val_AccPaper=0.7681  val_BalAccMaj=0.7681  win_BalAcc=0.7662  win_f1_macro=0.7600
fold1 ep 008  tr=2.1669  val_AccPaper=0.7674  val_BalAccMaj=0.7674  win_BalAcc=0.7662  win_f1_macro=0.7611
fold1 ep 009  tr=2.1547  val_AccPaper=0.7778  val_BalAccMaj=0.7778  win_BalAcc=0.7759  win_f1_macro=0.7731
fold1 ep 010  tr=2.1484  val_AccPaper=0.7670  val_BalAccMaj=0.7670  win_BalAcc=0.7617  win_f1_macro=0.7530
fold1 ep 011  tr=2.1437  val_AccPaper=0.7870  val_BalAccMaj=0.7870  win_BalAcc=0.7824  win_f1_macro=0.7821
fold1 ep 012  tr=2.1485  val_AccPaper=0.7841  val_BalAccMaj=0.7841  win_BalAcc=0.7778  win_f1_macro=0.7764
fold1 ep 013  tr=2.1471  val_AccPaper=0.7693  val_BalAccMaj=0.7693  win_BalAcc=0.7681  win_f1_macro=0.7661
fold1 ep 014  tr=2.1410  val_AccPaper=0.7722  val_BalAccMaj=0.7722  win_BalAcc=0.7666  win_f1_macro=0.7629
fold1 ep 015  tr=2.1399  val_AccPaper=0.7837  val_BalAccMaj=0.7837  win_BalAcc=0.7794  win_f1_macro=0.7782
fold1 ep 016  tr=2.1362  val_AccPaper=0.7756  val_BalAccMaj=0.7756  win_BalAcc=0.7699  win_f1_macro=0.7649
fold1 ep 017  tr=2.1249  val_AccPaper=0.7878  val_BalAccMaj=0.7878  win_BalAcc=0.7788  win_f1_macro=0.7781
fold1 ep 018  tr=2.1203  val_AccPaper=0.7759  val_BalAccMaj=0.7759  win_BalAcc=0.7718  win_f1_macro=0.7687
fold1 ep 019  tr=2.1091  val_AccPaper=0.7826  val_BalAccMaj=0.7826  win_BalAcc=0.7750  win_f1_macro=0.7718
fold1 ep 020  tr=2.1056  val_AccPaper=0.7874  val_BalAccMaj=0.7874  win_BalAcc=0.7802  win_f1_macro=0.7792
fold1 ep 021  tr=2.1039  val_AccPaper=0.7874  val_BalAccMaj=0.7874  win_BalAcc=0.7783  win_f1_macro=0.7758
fold1 ep 022  tr=2.0990  val_AccPaper=0.7822  val_BalAccMaj=0.7822  win_BalAcc=0.7743  win_f1_macro=0.7728
fold1 ep 023  tr=2.0957  val_AccPaper=0.7733  val_BalAccMaj=0.7733  win_BalAcc=0.7703  win_f1_macro=0.7668
fold1 ep 024  tr=2.0940  val_AccPaper=0.7681  val_BalAccMaj=0.7681  win_BalAcc=0.7647  win_f1_macro=0.7589
fold1 ep 025  tr=2.0908  val_AccPaper=0.7859  val_BalAccMaj=0.7859  win_BalAcc=0.7790  win_f1_macro=0.7781
fold1 ep 026  tr=2.0948  val_AccPaper=0.7811  val_BalAccMaj=0.7811  win_BalAcc=0.7778  win_f1_macro=0.7756
fold1 ep 027  tr=2.0832  val_AccPaper=0.7859  val_BalAccMaj=0.7859  win_BalAcc=0.7778  win_f1_macro=0.7766
fold1 ep 028  tr=2.0904  val_AccPaper=0.7767  val_BalAccMaj=0.7767  win_BalAcc=0.7720  win_f1_macro=0.7688
fold1 ep 029  tr=2.0839  val_AccPaper=0.7867  val_BalAccMaj=0.7867  win_BalAcc=0.7785  win_f1_macro=0.7772
fold1 ep 030  tr=2.0749  val_AccPaper=0.7752  val_BalAccMaj=0.7752  win_BalAcc=0.7723  win_f1_macro=0.7697
fold1 ep 031  tr=2.0754  val_AccPaper=0.7670  val_BalAccMaj=0.7670  win_BalAcc=0.7665  win_f1_macro=0.7616
fold1 ep 032  tr=2.0760  val_AccPaper=0.7730  val_BalAccMaj=0.7730  win_BalAcc=0.7687  win_f1_macro=0.7630
fold1 ep 033  tr=2.0736  val_AccPaper=0.7726  val_BalAccMaj=0.7726  win_BalAcc=0.7699  win_f1_macro=0.7669
fold1 ep 034  tr=2.0783  val_AccPaper=0.7607  val_BalAccMaj=0.7607  win_BalAcc=0.7613  win_f1_macro=0.7537
fold1 ep 035  tr=2.0749  val_AccPaper=0.7741  val_BalAccMaj=0.7741  win_BalAcc=0.7692  win_f1_macro=0.7663
fold1 ep 036  tr=2.0659  val_AccPaper=0.7678  val_BalAccMaj=0.7678  win_BalAcc=0.7659  win_f1_macro=0.7592
fold1 ep 037  tr=2.0651  val_AccPaper=0.7659  val_BalAccMaj=0.7659  win_BalAcc=0.7664  win_f1_macro=0.7611
fold1 early stop @ ep 37
fold2 ep 001  tr=3.1270  val_AccPaper=0.7070  val_BalAccMaj=0.7070  win_BalAcc=0.7087  win_f1_macro=0.6811
fold2 ep 002  tr=2.4575  val_AccPaper=0.7396  val_BalAccMaj=0.7400  win_BalAcc=0.7397  win_f1_macro=0.7379
fold2 ep 003  tr=2.3060  val_AccPaper=0.7574  val_BalAccMaj=0.7574  win_BalAcc=0.7539  win_f1_macro=0.7537
fold2 ep 004  tr=2.2323  val_AccPaper=0.7596  val_BalAccMaj=0.7596  win_BalAcc=0.7548  win_f1_macro=0.7547
fold2 ep 005  tr=2.1875  val_AccPaper=0.7641  val_BalAccMaj=0.7641  win_BalAcc=0.7588  win_f1_macro=0.7587
fold2 ep 006  tr=2.1679  val_AccPaper=0.7696  val_BalAccMaj=0.7696  win_BalAcc=0.7610  win_f1_macro=0.7609
fold2 ep 007  tr=2.1586  val_AccPaper=0.7637  val_BalAccMaj=0.7637  win_BalAcc=0.7588  win_f1_macro=0.7586
fold2 ep 008  tr=2.1509  val_AccPaper=0.7659  val_BalAccMaj=0.7659  win_BalAcc=0.7595  win_f1_macro=0.7594
fold2 ep 009  tr=2.1413  val_AccPaper=0.7626  val_BalAccMaj=0.7626  win_BalAcc=0.7599  win_f1_macro=0.7598
fold2 ep 010  tr=2.1367  val_AccPaper=0.7707  val_BalAccMaj=0.7707  win_BalAcc=0.7642  win_f1_macro=0.7641
fold2 ep 011  tr=2.1452  val_AccPaper=0.7630  val_BalAccMaj=0.7630  win_BalAcc=0.7590  win_f1_macro=0.7585
fold2 ep 012  tr=2.1415  val_AccPaper=0.7700  val_BalAccMaj=0.7700  win_BalAcc=0.7648  win_f1_macro=0.7647
fold2 ep 013  tr=2.1313  val_AccPaper=0.7648  val_BalAccMaj=0.7648  win_BalAcc=0.7608  win_f1_macro=0.7607
fold2 ep 014  tr=2.1360  val_AccPaper=0.7693  val_BalAccMaj=0.7693  win_BalAcc=0.7642  win_f1_macro=0.7622
fold2 ep 015  tr=2.1221  val_AccPaper=0.7693  val_BalAccMaj=0.7693  win_BalAcc=0.7649  win_f1_macro=0.7643
fold2 ep 016  tr=2.1211  val_AccPaper=0.7704  val_BalAccMaj=0.7704  win_BalAcc=0.7651  win_f1_macro=0.7637
fold2 ep 017  tr=2.1164  val_AccPaper=0.7707  val_BalAccMaj=0.7707  win_BalAcc=0.7644  win_f1_macro=0.7633
fold2 ep 018  tr=2.1125  val_AccPaper=0.7652  val_BalAccMaj=0.7652  win_BalAcc=0.7612  win_f1_macro=0.7607
fold2 ep 019  tr=2.1037  val_AccPaper=0.7674  val_BalAccMaj=0.7674  win_BalAcc=0.7639  win_f1_macro=0.7633
fold2 ep 020  tr=2.0936  val_AccPaper=0.7674  val_BalAccMaj=0.7674  win_BalAcc=0.7643  win_f1_macro=0.7631
fold2 ep 021  tr=2.0879  val_AccPaper=0.7737  val_BalAccMaj=0.7737  win_BalAcc=0.7664  win_f1_macro=0.7659
fold2 ep 022  tr=2.0875  val_AccPaper=0.7733  val_BalAccMaj=0.7733  win_BalAcc=0.7637  win_f1_macro=0.7633
fold2 ep 023  tr=2.0859  val_AccPaper=0.7685  val_BalAccMaj=0.7685  win_BalAcc=0.7635  win_f1_macro=0.7627
fold2 ep 024  tr=2.0818  val_AccPaper=0.7674  val_BalAccMaj=0.7674  win_BalAcc=0.7654  win_f1_macro=0.7649
fold2 ep 025  tr=2.0700  val_AccPaper=0.7641  val_BalAccMaj=0.7641  win_BalAcc=0.7643  win_f1_macro=0.7630
fold2 ep 026  tr=2.0727  val_AccPaper=0.7711  val_BalAccMaj=0.7711  win_BalAcc=0.7640  win_f1_macro=0.7625
fold2 ep 027  tr=2.0724  val_AccPaper=0.7659  val_BalAccMaj=0.7659  win_BalAcc=0.7626  win_f1_macro=0.7622
fold2 ep 028  tr=2.0637  val_AccPaper=0.7652  val_BalAccMaj=0.7652  win_BalAcc=0.7616  win_f1_macro=0.7609
fold2 ep 029  tr=2.0623  val_AccPaper=0.7693  val_BalAccMaj=0.7693  win_BalAcc=0.7629  win_f1_macro=0.7621
fold2 ep 030  tr=2.0593  val_AccPaper=0.7707  val_BalAccMaj=0.7707  win_BalAcc=0.7652  win_f1_macro=0.7648
fold2 ep 031  tr=2.0588  val_AccPaper=0.7670  val_BalAccMaj=0.7670  win_BalAcc=0.7623  win_f1_macro=0.7599
fold2 ep 032  tr=2.0502  val_AccPaper=0.7689  val_BalAccMaj=0.7689  win_BalAcc=0.7631  win_f1_macro=0.7617
fold2 ep 033  tr=2.0478  val_AccPaper=0.7693  val_BalAccMaj=0.7693  win_BalAcc=0.7617  win_f1_macro=0.7610
fold2 ep 034  tr=2.0446  val_AccPaper=0.7667  val_BalAccMaj=0.7667  win_BalAcc=0.7622  win_f1_macro=0.7615
fold2 ep 035  tr=2.0439  val_AccPaper=0.7726  val_BalAccMaj=0.7726  win_BalAcc=0.7643  win_f1_macro=0.7638
fold2 ep 036  tr=2.0326  val_AccPaper=0.7700  val_BalAccMaj=0.7700  win_BalAcc=0.7634  win_f1_macro=0.7632
fold2 ep 037  tr=2.0350  val_AccPaper=0.7674  val_BalAccMaj=0.7674  win_BalAcc=0.7632  win_f1_macro=0.7622
fold2 ep 038  tr=2.0345  val_AccPaper=0.7681  val_BalAccMaj=0.7681  win_BalAcc=0.7623  win_f1_macro=0.7620
fold2 ep 039  tr=2.0291  val_AccPaper=0.7667  val_BalAccMaj=0.7667  win_BalAcc=0.7609  win_f1_macro=0.7584
fold2 ep 040  tr=2.0254  val_AccPaper=0.7674  val_BalAccMaj=0.7674  win_BalAcc=0.7619  win_f1_macro=0.7595
fold2 ep 041  tr=2.0174  val_AccPaper=0.7674  val_BalAccMaj=0.7674  win_BalAcc=0.7605  win_f1_macro=0.7602
fold2 early stop @ ep 41
fold3 ep 001  tr=3.0761  val_AccPaper=0.7811  val_BalAccMaj=0.7811  win_BalAcc=0.7610  win_f1_macro=0.7601
fold3 ep 002  tr=2.4677  val_AccPaper=0.7659  val_BalAccMaj=0.7659  win_BalAcc=0.7612  win_f1_macro=0.7446
fold3 ep 003  tr=2.3197  val_AccPaper=0.7870  val_BalAccMaj=0.7870  win_BalAcc=0.7840  win_f1_macro=0.7812
fold3 ep 004  tr=2.2501  val_AccPaper=0.7915  val_BalAccMaj=0.7915  win_BalAcc=0.7867  win_f1_macro=0.7858
fold3 ep 005  tr=2.2084  val_AccPaper=0.7837  val_BalAccMaj=0.7837  win_BalAcc=0.7845  win_f1_macro=0.7834
fold3 ep 006  tr=2.1930  val_AccPaper=0.7856  val_BalAccMaj=0.7856  win_BalAcc=0.7847  win_f1_macro=0.7829
fold3 ep 007  tr=2.1806  val_AccPaper=0.7922  val_BalAccMaj=0.7922  win_BalAcc=0.7873  win_f1_macro=0.7872
fold3 ep 008  tr=2.1717  val_AccPaper=0.7889  val_BalAccMaj=0.7889  win_BalAcc=0.7880  win_f1_macro=0.7877
fold3 ep 009  tr=2.1629  val_AccPaper=0.7937  val_BalAccMaj=0.7937  win_BalAcc=0.7903  win_f1_macro=0.7903
fold3 ep 010  tr=2.1643  val_AccPaper=0.7904  val_BalAccMaj=0.7904  win_BalAcc=0.7913  win_f1_macro=0.7913
fold3 ep 011  tr=2.1586  val_AccPaper=0.7870  val_BalAccMaj=0.7870  win_BalAcc=0.7866  win_f1_macro=0.7866
fold3 ep 012  tr=2.1562  val_AccPaper=0.7859  val_BalAccMaj=0.7859  win_BalAcc=0.7851  win_f1_macro=0.7848
fold3 ep 013  tr=2.1503  val_AccPaper=0.7904  val_BalAccMaj=0.7904  win_BalAcc=0.7866  win_f1_macro=0.7866
fold3 ep 014  tr=2.1513  val_AccPaper=0.7874  val_BalAccMaj=0.7874  win_BalAcc=0.7831  win_f1_macro=0.7820
fold3 ep 015  tr=2.1415  val_AccPaper=0.7922  val_BalAccMaj=0.7922  win_BalAcc=0.7880  win_f1_macro=0.7879
fold3 ep 016  tr=2.1430  val_AccPaper=0.7911  val_BalAccMaj=0.7911  win_BalAcc=0.7894  win_f1_macro=0.7893
fold3 ep 017  tr=2.1348  val_AccPaper=0.7922  val_BalAccMaj=0.7922  win_BalAcc=0.7900  win_f1_macro=0.7897
fold3 ep 018  tr=2.1273  val_AccPaper=0.7878  val_BalAccMaj=0.7878  win_BalAcc=0.7846  win_f1_macro=0.7845
fold3 ep 019  tr=2.1241  val_AccPaper=0.7933  val_BalAccMaj=0.7933  win_BalAcc=0.7880  win_f1_macro=0.7877
fold3 ep 020  tr=2.1127  val_AccPaper=0.7952  val_BalAccMaj=0.7952  win_BalAcc=0.7861  win_f1_macro=0.7860
fold3 ep 021  tr=2.1095  val_AccPaper=0.7922  val_BalAccMaj=0.7922  win_BalAcc=0.7864  win_f1_macro=0.7863
fold3 ep 022  tr=2.1096  val_AccPaper=0.7937  val_BalAccMaj=0.7937  win_BalAcc=0.7916  win_f1_macro=0.7912
fold3 ep 023  tr=2.1021  val_AccPaper=0.7922  val_BalAccMaj=0.7922  win_BalAcc=0.7869  win_f1_macro=0.7869
fold3 ep 024  tr=2.1031  val_AccPaper=0.7959  val_BalAccMaj=0.7959  win_BalAcc=0.7884  win_f1_macro=0.7883
fold3 ep 025  tr=2.1061  val_AccPaper=0.7874  val_BalAccMaj=0.7874  win_BalAcc=0.7857  win_f1_macro=0.7854
fold3 ep 026  tr=2.0965  val_AccPaper=0.7952  val_BalAccMaj=0.7952  win_BalAcc=0.7884  win_f1_macro=0.7878
fold3 ep 027  tr=2.0989  val_AccPaper=0.7985  val_BalAccMaj=0.7985  win_BalAcc=0.7919  win_f1_macro=0.7919
fold3 ep 028  tr=2.0930  val_AccPaper=0.8000  val_BalAccMaj=0.8000  win_BalAcc=0.7936  win_f1_macro=0.7935
fold3 ep 029  tr=2.0895  val_AccPaper=0.7967  val_BalAccMaj=0.7967  win_BalAcc=0.7907  win_f1_macro=0.7904
fold3 ep 030  tr=2.0898  val_AccPaper=0.7904  val_BalAccMaj=0.7904  win_BalAcc=0.7877  win_f1_macro=0.7876
fold3 ep 031  tr=2.0842  val_AccPaper=0.7959  val_BalAccMaj=0.7959  win_BalAcc=0.7890  win_f1_macro=0.7889
fold3 ep 032  tr=2.0853  val_AccPaper=0.7941  val_BalAccMaj=0.7941  win_BalAcc=0.7859  win_f1_macro=0.7859
fold3 ep 033  tr=2.0863  val_AccPaper=0.7952  val_BalAccMaj=0.7952  win_BalAcc=0.7888  win_f1_macro=0.7886
fold3 ep 034  tr=2.0877  val_AccPaper=0.7989  val_BalAccMaj=0.7989  win_BalAcc=0.7927  win_f1_macro=0.7925
fold3 ep 035  tr=2.0784  val_AccPaper=0.7933  val_BalAccMaj=0.7933  win_BalAcc=0.7897  win_f1_macro=0.7897
fold3 ep 036  tr=2.0762  val_AccPaper=0.7922  val_BalAccMaj=0.7922  win_BalAcc=0.7885  win_f1_macro=0.7884
fold3 ep 037  tr=2.0769  val_AccPaper=0.7959  val_BalAccMaj=0.7959  win_BalAcc=0.7917  win_f1_macro=0.7917
fold3 ep 038  tr=2.0779  val_AccPaper=0.7967  val_BalAccMaj=0.7967  win_BalAcc=0.7903  win_f1_macro=0.7903
fold3 ep 039  tr=2.0771  val_AccPaper=0.7978  val_BalAccMaj=0.7978  win_BalAcc=0.7894  win_f1_macro=0.7894
fold3 ep 040  tr=2.0780  val_AccPaper=0.8000  val_BalAccMaj=0.8000  win_BalAcc=0.7938  win_f1_macro=0.7935
fold3 ep 041  tr=2.0751  val_AccPaper=0.7996  val_BalAccMaj=0.7996  win_BalAcc=0.7912  win_f1_macro=0.7912
fold3 ep 042  tr=2.0765  val_AccPaper=0.7981  val_BalAccMaj=0.7981  win_BalAcc=0.7904  win_f1_macro=0.7904
fold3 ep 043  tr=2.0735  val_AccPaper=0.7996  val_BalAccMaj=0.7996  win_BalAcc=0.7912  win_f1_macro=0.7911
fold3 ep 044  tr=2.0734  val_AccPaper=0.7967  val_BalAccMaj=0.7967  win_BalAcc=0.7895  win_f1_macro=0.7889
fold3 ep 045  tr=2.0741  val_AccPaper=0.7978  val_BalAccMaj=0.7978  win_BalAcc=0.7922  win_f1_macro=0.7920
fold3 ep 046  tr=2.0748  val_AccPaper=0.7956  val_BalAccMaj=0.7956  win_BalAcc=0.7908  win_f1_macro=0.7908
fold3 ep 047  tr=2.0755  val_AccPaper=0.7941  val_BalAccMaj=0.7941  win_BalAcc=0.7894  win_f1_macro=0.7888
fold3 ep 048  tr=2.0702  val_AccPaper=0.7996  val_BalAccMaj=0.7996  win_BalAcc=0.7929  win_f1_macro=0.7928
fold3 early stop @ ep 48
fold4 ep 001  tr=3.0909  val_AccPaper=0.7270  val_BalAccMaj=0.7270  win_BalAcc=0.7278  win_f1_macro=0.7147
fold4 ep 002  tr=2.4521  val_AccPaper=0.7359  val_BalAccMaj=0.7359  win_BalAcc=0.7385  win_f1_macro=0.7320
fold4 ep 003  tr=2.2828  val_AccPaper=0.7389  val_BalAccMaj=0.7389  win_BalAcc=0.7391  win_f1_macro=0.7337
fold4 ep 004  tr=2.2101  val_AccPaper=0.7489  val_BalAccMaj=0.7489  win_BalAcc=0.7526  win_f1_macro=0.7507
fold4 ep 005  tr=2.1695  val_AccPaper=0.7533  val_BalAccMaj=0.7533  win_BalAcc=0.7509  win_f1_macro=0.7485
fold4 ep 006  tr=2.1429  val_AccPaper=0.7537  val_BalAccMaj=0.7537  win_BalAcc=0.7537  win_f1_macro=0.7523
fold4 ep 007  tr=2.1329  val_AccPaper=0.7474  val_BalAccMaj=0.7474  win_BalAcc=0.7468  win_f1_macro=0.7417
fold4 ep 008  tr=2.1171  val_AccPaper=0.7515  val_BalAccMaj=0.7515  win_BalAcc=0.7497  win_f1_macro=0.7446
fold4 ep 009  tr=2.1151  val_AccPaper=0.7600  val_BalAccMaj=0.7600  win_BalAcc=0.7547  win_f1_macro=0.7539
fold4 ep 010  tr=2.1043  val_AccPaper=0.7519  val_BalAccMaj=0.7519  win_BalAcc=0.7475  win_f1_macro=0.7436
fold4 ep 011  tr=2.1000  val_AccPaper=0.7570  val_BalAccMaj=0.7570  win_BalAcc=0.7519  win_f1_macro=0.7484
fold4 ep 012  tr=2.0984  val_AccPaper=0.7574  val_BalAccMaj=0.7574  win_BalAcc=0.7505  win_f1_macro=0.7469
fold4 ep 013  tr=2.0981  val_AccPaper=0.7581  val_BalAccMaj=0.7581  win_BalAcc=0.7496  win_f1_macro=0.7448
fold4 ep 014  tr=2.0918  val_AccPaper=0.7604  val_BalAccMaj=0.7604  win_BalAcc=0.7502  win_f1_macro=0.7466
fold4 ep 015  tr=2.0767  val_AccPaper=0.7470  val_BalAccMaj=0.7470  win_BalAcc=0.7443  win_f1_macro=0.7378
fold4 ep 016  tr=2.0725  val_AccPaper=0.7600  val_BalAccMaj=0.7600  win_BalAcc=0.7547  win_f1_macro=0.7537
fold4 ep 017  tr=2.0703  val_AccPaper=0.7593  val_BalAccMaj=0.7593  win_BalAcc=0.7537  win_f1_macro=0.7534
fold4 ep 018  tr=2.0610  val_AccPaper=0.7552  val_BalAccMaj=0.7552  win_BalAcc=0.7507  win_f1_macro=0.7495
fold4 ep 019  tr=2.0531  val_AccPaper=0.7600  val_BalAccMaj=0.7600  win_BalAcc=0.7531  win_f1_macro=0.7527
fold4 ep 020  tr=2.0538  val_AccPaper=0.7596  val_BalAccMaj=0.7596  win_BalAcc=0.7545  win_f1_macro=0.7538
fold4 ep 021  tr=2.0520  val_AccPaper=0.7541  val_BalAccMaj=0.7541  win_BalAcc=0.7512  win_f1_macro=0.7506
fold4 ep 022  tr=2.0437  val_AccPaper=0.7552  val_BalAccMaj=0.7552  win_BalAcc=0.7541  win_f1_macro=0.7534
fold4 ep 023  tr=2.0410  val_AccPaper=0.7593  val_BalAccMaj=0.7593  win_BalAcc=0.7528  win_f1_macro=0.7509
fold4 ep 024  tr=2.0376  val_AccPaper=0.7589  val_BalAccMaj=0.7589  win_BalAcc=0.7531  win_f1_macro=0.7521
fold4 ep 025  tr=2.0326  val_AccPaper=0.7526  val_BalAccMaj=0.7526  win_BalAcc=0.7483  win_f1_macro=0.7456
fold4 ep 026  tr=2.0258  val_AccPaper=0.7626  val_BalAccMaj=0.7626  win_BalAcc=0.7548  win_f1_macro=0.7538
fold4 ep 027  tr=2.0294  val_AccPaper=0.7641  val_BalAccMaj=0.7641  win_BalAcc=0.7574  win_f1_macro=0.7569
fold4 ep 028  tr=2.0253  val_AccPaper=0.7552  val_BalAccMaj=0.7552  win_BalAcc=0.7500  win_f1_macro=0.7490
fold4 ep 029  tr=2.0163  val_AccPaper=0.7530  val_BalAccMaj=0.7530  win_BalAcc=0.7465  win_f1_macro=0.7443
fold4 ep 030  tr=2.0217  val_AccPaper=0.7563  val_BalAccMaj=0.7563  win_BalAcc=0.7499  win_f1_macro=0.7472
fold4 ep 031  tr=2.0238  val_AccPaper=0.7541  val_BalAccMaj=0.7541  win_BalAcc=0.7487  win_f1_macro=0.7458
fold4 ep 032  tr=2.0110  val_AccPaper=0.7567  val_BalAccMaj=0.7567  win_BalAcc=0.7507  win_f1_macro=0.7501
fold4 ep 033  tr=2.0094  val_AccPaper=0.7589  val_BalAccMaj=0.7589  win_BalAcc=0.7517  win_f1_macro=0.7510
fold4 ep 034  tr=2.0105  val_AccPaper=0.7526  val_BalAccMaj=0.7526  win_BalAcc=0.7510  win_f1_macro=0.7510
fold4 ep 035  tr=2.0073  val_AccPaper=0.7633  val_BalAccMaj=0.7633  win_BalAcc=0.7546  win_f1_macro=0.7539
fold4 ep 036  tr=2.0092  val_AccPaper=0.7581  val_BalAccMaj=0.7581  win_BalAcc=0.7507  win_f1_macro=0.7492
fold4 ep 037  tr=2.0085  val_AccPaper=0.7593  val_BalAccMaj=0.7593  win_BalAcc=0.7517  win_f1_macro=0.7505
fold4 ep 038  tr=2.0048  val_AccPaper=0.7641  val_BalAccMaj=0.7641  win_BalAcc=0.7582  win_f1_macro=0.7582
fold4 ep 039  tr=2.0061  val_AccPaper=0.7570  val_BalAccMaj=0.7570  win_BalAcc=0.7492  win_f1_macro=0.7474
fold4 ep 040  tr=1.9992  val_AccPaper=0.7522  val_BalAccMaj=0.7522  win_BalAcc=0.7458  win_f1_macro=0.7407
fold4 ep 041  tr=1.9952  val_AccPaper=0.7559  val_BalAccMaj=0.7559  win_BalAcc=0.7479  win_f1_macro=0.7453
fold4 ep 042  tr=1.9970  val_AccPaper=0.7526  val_BalAccMaj=0.7526  win_BalAcc=0.7491  win_f1_macro=0.7447
fold4 ep 043  tr=1.9967  val_AccPaper=0.7526  val_BalAccMaj=0.7526  win_BalAcc=0.7465  win_f1_macro=0.7450
fold4 ep 044  tr=1.9950  val_AccPaper=0.7530  val_BalAccMaj=0.7530  win_BalAcc=0.7470  win_f1_macro=0.7465
fold4 ep 045  tr=1.9941  val_AccPaper=0.7619  val_BalAccMaj=0.7619  win_BalAcc=0.7500  win_f1_macro=0.7487
fold4 ep 046  tr=1.9938  val_AccPaper=0.7600  val_BalAccMaj=0.7600  win_BalAcc=0.7488  win_f1_macro=0.7473
fold4 ep 047  tr=1.9963  val_AccPaper=0.7593  val_BalAccMaj=0.7593  win_BalAcc=0.7466  win_f1_macro=0.7431
fold4 early stop @ ep 47
[T1] done val_AccPaper=0.7839 test_AccPaper=0.7946 test_BalAcc=0.7946 test_win_F1=0.7887
