[01:34:52] === stream sub02_ses01_20260723_180607 ===
[01:34:53] subject=sub02 trials=62 train=31 eval=31
[01:34:56] [sub02] shallow task fold0 ft_tr=1050 ft_va=252 eval=1281 full_model=True
[01:34:56] fold0 ep 001 tr=0.7409 va=0.7332 val_AccPaper=0.4167 val_BalAccMaj=0.4167
[01:34:57] fold0 ep 002 tr=0.5947 va=0.6720 val_AccPaper=0.5833 val_BalAccMaj=0.5833
[01:34:57] fold0 ep 003 tr=0.5292 va=0.6453 val_AccPaper=0.6667 val_BalAccMaj=0.6667
[01:34:57] fold0 ep 004 tr=0.4876 va=0.6666 val_AccPaper=0.7500 val_BalAccMaj=0.7500
[01:34:57] fold0 ep 005 tr=0.4504 va=0.6714 val_AccPaper=0.7500 val_BalAccMaj=0.7500
[01:34:57] fold0 ep 006 tr=0.3956 va=0.6261 val_AccPaper=0.8333 val_BalAccMaj=0.8333
[01:34:57] fold0 ep 007 tr=0.3961 va=0.6302 val_AccPaper=0.8333 val_BalAccMaj=0.8333
[01:34:57] fold0 ep 008 tr=0.3485 va=0.6277 val_AccPaper=0.8333 val_BalAccMaj=0.8333
[01:34:57] fold0 ep 009 tr=0.3026 va=0.6304 val_AccPaper=0.9167 val_BalAccMaj=0.9167
[01:34:58] fold0 ep 010 tr=0.3121 va=0.6243 val_AccPaper=0.8333 val_BalAccMaj=0.8333
[01:34:58] fold0 ep 011 tr=0.2839 va=0.6197 val_AccPaper=0.8333 val_BalAccMaj=0.8333
[01:34:58] fold0 ep 012 tr=0.2757 va=0.6211 val_AccPaper=0.8333 val_BalAccMaj=0.8333
[01:34:58] fold0 ep 013 tr=0.2803 va=0.5937 val_AccPaper=0.9167 val_BalAccMaj=0.9167
[01:34:58] fold0 ep 014 tr=0.2299 va=0.5889 val_AccPaper=0.9167 val_BalAccMaj=0.9167
[01:34:58] fold0 ep 015 tr=0.2262 va=0.5876 val_AccPaper=0.8333 val_BalAccMaj=0.8333
[01:34:58] fold0 ep 016 tr=0.2032 va=0.6019 val_AccPaper=0.9167 val_BalAccMaj=0.9167
[01:34:58] fold0 ep 017 tr=0.2146 va=0.5532 val_AccPaper=0.8333 val_BalAccMaj=0.8333
[01:34:59] fold0 ep 018 tr=0.2061 va=0.5262 val_AccPaper=0.8333 val_BalAccMaj=0.8333
[01:34:59] fold0 ep 019 tr=0.1665 va=0.5573 val_AccPaper=0.8333 val_BalAccMaj=0.8333
[01:34:59] fold0 ep 020 tr=0.1693 va=0.5547 val_AccPaper=0.8333 val_BalAccMaj=0.8333
[01:34:59] fold0 ep 021 tr=0.1684 va=0.5291 val_AccPaper=0.8333 val_BalAccMaj=0.8333
[01:34:59] fold0 ep 022 tr=0.1364 va=0.4989 val_AccPaper=0.8333 val_BalAccMaj=0.8333
[01:34:59] fold0 ep 023 tr=0.1339 va=0.4698 val_AccPaper=0.8333 val_BalAccMaj=0.8333
[01:34:59] fold0 ep 024 tr=0.1274 va=0.5058 val_AccPaper=0.8333 val_BalAccMaj=0.8333
[01:34:59] fold0 ep 025 tr=0.1335 va=0.5259 val_AccPaper=0.8333 val_BalAccMaj=0.8333
[01:34:59] fold0 ep 026 tr=0.1183 va=0.4938 val_AccPaper=0.8333 val_BalAccMaj=0.8333
[01:35:00] fold0 ep 027 tr=0.1116 va=0.4504 val_AccPaper=0.8333 val_BalAccMaj=0.8333
[01:35:00] fold0 ep 028 tr=0.1086 va=0.4339 val_AccPaper=0.8333 val_BalAccMaj=0.8333
[01:35:00] fold0 ep 029 tr=0.1102 va=0.4255 val_AccPaper=0.8333 val_BalAccMaj=0.8333
[01:35:00]   early stop @ ep 29
[01:35:00] [eval_half] Acc_paper=0.5738 BalAcc_maj=0.5763 win_BalAcc=0.5643
[01:35:00] [sub02] shallow task fold1 ft_tr=1050 ft_va=252 eval=1281 full_model=True
[01:35:00] fold1 ep 001 tr=0.9864 va=1.0547 val_AccPaper=0.5000 val_BalAccMaj=0.5000
[01:35:00] fold1 ep 002 tr=0.6290 va=0.7760 val_AccPaper=0.5833 val_BalAccMaj=0.5833
[01:35:01] fold1 ep 003 tr=0.4906 va=0.7165 val_AccPaper=0.6667 val_BalAccMaj=0.6667
[01:35:01] fold1 ep 004 tr=0.4314 va=0.7342 val_AccPaper=0.6667 val_BalAccMaj=0.6667
[01:35:01] fold1 ep 005 tr=0.4002 va=0.6139 val_AccPaper=0.8333 val_BalAccMaj=0.8333
[01:35:01] fold1 ep 006 tr=0.3531 va=0.6129 val_AccPaper=0.8333 val_BalAccMaj=0.8333
[01:35:01] fold1 ep 007 tr=0.3431 va=0.5958 val_AccPaper=0.7500 val_BalAccMaj=0.7500
[01:35:01] fold1 ep 008 tr=0.3090 va=0.5253 val_AccPaper=0.8333 val_BalAccMaj=0.8333
[01:35:01] fold1 ep 009 tr=0.2894 va=0.5460 val_AccPaper=0.9167 val_BalAccMaj=0.9167
[01:35:01] fold1 ep 010 tr=0.2554 va=0.5166 val_AccPaper=0.7500 val_BalAccMaj=0.7500
[01:35:01] fold1 ep 011 tr=0.2247 va=0.5053 val_AccPaper=0.8333 val_BalAccMaj=0.8333
[01:35:01] fold1 ep 012 tr=0.2066 va=0.5019 val_AccPaper=0.8333 val_BalAccMaj=0.8333
[01:35:02] fold1 ep 013 tr=0.2168 va=0.4953 val_AccPaper=0.9167 val_BalAccMaj=0.9167
[01:35:02] fold1 ep 014 tr=0.1847 va=0.5522 val_AccPaper=0.8333 val_BalAccMaj=0.8333
[01:35:02] fold1 ep 015 tr=0.1768 va=0.5002 val_AccPaper=0.8333 val_BalAccMaj=0.8333
[01:35:02] fold1 ep 016 tr=0.1692 va=0.4750 val_AccPaper=0.9167 val_BalAccMaj=0.9167
[01:35:02] fold1 ep 017 tr=0.1681 va=0.5024 val_AccPaper=0.8333 val_BalAccMaj=0.8333
[01:35:02] fold1 ep 018 tr=0.1755 va=0.4341 val_AccPaper=1.0000 val_BalAccMaj=1.0000
[01:35:02] fold1 ep 019 tr=0.1543 va=0.4676 val_AccPaper=0.8333 val_BalAccMaj=0.8333
[01:35:02] fold1 ep 020 tr=0.1567 va=0.4493 val_AccPaper=0.8333 val_BalAccMaj=0.8333
[01:35:02] fold1 ep 021 tr=0.1292 va=0.4144 val_AccPaper=0.9167 val_BalAccMaj=0.9167
[01:35:03] fold1 ep 022 tr=0.1369 va=0.4142 val_AccPaper=0.9167 val_BalAccMaj=0.9167
[01:35:03] fold1 ep 023 tr=0.1233 va=0.4036 val_AccPaper=0.9167 val_BalAccMaj=0.9167
[01:35:03] fold1 ep 024 tr=0.1347 va=0.4061 val_AccPaper=0.9167 val_BalAccMaj=0.9167
[01:35:03] fold1 ep 025 tr=0.1048 va=0.4108 val_AccPaper=0.9167 val_BalAccMaj=0.9167
[01:35:03] fold1 ep 026 tr=0.1011 va=0.3654 val_AccPaper=1.0000 val_BalAccMaj=1.0000
[01:35:03] fold1 ep 027 tr=0.0960 va=0.4002 val_AccPaper=0.9167 val_BalAccMaj=0.9167
[01:35:03] fold1 ep 028 tr=0.1020 va=0.3977 val_AccPaper=0.9167 val_BalAccMaj=0.9167
[01:35:03] fold1 ep 029 tr=0.0883 va=0.3944 val_AccPaper=0.9167 val_BalAccMaj=0.9167
[01:35:03] fold1 ep 030 tr=0.1049 va=0.3855 val_AccPaper=0.9167 val_BalAccMaj=0.9167
[01:35:04] fold1 ep 031 tr=0.0959 va=0.3878 val_AccPaper=0.9167 val_BalAccMaj=0.9167
[01:35:04] fold1 ep 032 tr=0.0788 va=0.4011 val_AccPaper=0.9167 val_BalAccMaj=0.9167
[01:35:04] fold1 ep 033 tr=0.0744 va=0.3925 val_AccPaper=0.9167 val_BalAccMaj=0.9167
[01:35:04] fold1 ep 034 tr=0.0765 va=0.3708 val_AccPaper=0.9167 val_BalAccMaj=0.9167
[01:35:04] fold1 ep 035 tr=0.0688 va=0.3480 val_AccPaper=1.0000 val_BalAccMaj=1.0000
[01:35:04] fold1 ep 036 tr=0.0732 va=0.3806 val_AccPaper=0.9167 val_BalAccMaj=0.9167
[01:35:04] fold1 ep 037 tr=0.0699 va=0.3829 val_AccPaper=1.0000 val_BalAccMaj=1.0000
[01:35:04] fold1 ep 038 tr=0.0575 va=0.3824 val_AccPaper=1.0000 val_BalAccMaj=1.0000
[01:35:04]   early stop @ ep 38
[01:35:04] [eval_half] Acc_paper=0.6230 BalAcc_maj=0.6242 win_BalAcc=0.5742
[01:35:04] [sub02] shallow task fold2 ft_tr=1050 ft_va=252 eval=1281 full_model=True
[01:35:05] fold2 ep 001 tr=1.0183 va=0.7818 val_AccPaper=0.5000 val_BalAccMaj=0.5000
[01:35:05] fold2 ep 002 tr=0.6072 va=0.6645 val_AccPaper=0.6667 val_BalAccMaj=0.6667
[01:35:05] fold2 ep 003 tr=0.5445 va=0.6476 val_AccPaper=0.6667 val_BalAccMaj=0.6667
[01:35:05] fold2 ep 004 tr=0.4471 va=0.6602 val_AccPaper=0.6667 val_BalAccMaj=0.6667
[01:35:05] fold2 ep 005 tr=0.3336 va=0.6598 val_AccPaper=0.6667 val_BalAccMaj=0.6667
[01:35:05] fold2 ep 006 tr=0.3460 va=0.6120 val_AccPaper=0.6667 val_BalAccMaj=0.6667
[01:35:05] fold2 ep 007 tr=0.3045 va=0.6128 val_AccPaper=0.7500 val_BalAccMaj=0.7500
[01:35:05] fold2 ep 008 tr=0.2846 va=0.6015 val_AccPaper=0.6667 val_BalAccMaj=0.6667
[01:35:05] fold2 ep 009 tr=0.2247 va=0.5748 val_AccPaper=0.7500 val_BalAccMaj=0.7500
[01:35:06] fold2 ep 010 tr=0.2102 va=0.5632 val_AccPaper=0.6667 val_BalAccMaj=0.6667
[01:35:06] fold2 ep 011 tr=0.2108 va=0.5875 val_AccPaper=0.6667 val_BalAccMaj=0.6667
[01:35:06] fold2 ep 012 tr=0.1974 va=0.5844 val_AccPaper=0.6667 val_BalAccMaj=0.6667
[01:35:06] fold2 ep 013 tr=0.1793 va=0.5688 val_AccPaper=0.7500 val_BalAccMaj=0.7500
[01:35:06] fold2 ep 014 tr=0.1681 va=0.5735 val_AccPaper=0.7500 val_BalAccMaj=0.7500
[01:35:06] fold2 ep 015 tr=0.1557 va=0.5736 val_AccPaper=0.7500 val_BalAccMaj=0.7500
[01:35:06] fold2 ep 016 tr=0.1337 va=0.5423 val_AccPaper=0.9167 val_BalAccMaj=0.9167
[01:35:06] fold2 ep 017 tr=0.1341 va=0.5405 val_AccPaper=0.7500 val_BalAccMaj=0.7500
[01:35:07] fold2 ep 018 tr=0.1355 va=0.5456 val_AccPaper=0.7500 val_BalAccMaj=0.7500
[01:35:07] fold2 ep 019 tr=0.1348 va=0.5449 val_AccPaper=0.7500 val_BalAccMaj=0.7500
[01:35:07] fold2 ep 020 tr=0.1294 va=0.5295 val_AccPaper=0.6667 val_BalAccMaj=0.6667
[01:35:07] fold2 ep 021 tr=0.1102 va=0.5239 val_AccPaper=0.6667 val_BalAccMaj=0.6667
[01:35:07] fold2 ep 022 tr=0.1194 va=0.5505 val_AccPaper=0.6667 val_BalAccMaj=0.6667
[01:35:07] fold2 ep 023 tr=0.1087 va=0.5591 val_AccPaper=0.6667 val_BalAccMaj=0.6667
[01:35:07] fold2 ep 024 tr=0.1020 va=0.5611 val_AccPaper=0.7500 val_BalAccMaj=0.7500
[01:35:07] fold2 ep 025 tr=0.0906 va=0.5337 val_AccPaper=0.7500 val_BalAccMaj=0.7500
[01:35:08] fold2 ep 026 tr=0.0836 va=0.5114 val_AccPaper=0.8333 val_BalAccMaj=0.8333
[01:35:08] fold2 ep 027 tr=0.0884 va=0.5498 val_AccPaper=0.7500 val_BalAccMaj=0.7500
[01:35:08] fold2 ep 028 tr=0.0838 va=0.5376 val_AccPaper=0.7500 val_BalAccMaj=0.7500
[01:35:08] fold2 ep 029 tr=0.0831 va=0.5236 val_AccPaper=0.7500 val_BalAccMaj=0.7500
[01:35:08] fold2 ep 030 tr=0.0751 va=0.5582 val_AccPaper=0.7500 val_BalAccMaj=0.7500
[01:35:08] fold2 ep 031 tr=0.0785 va=0.5437 val_AccPaper=0.7500 val_BalAccMaj=0.7500
[01:35:08] fold2 ep 032 tr=0.0724 va=0.5148 val_AccPaper=0.8333 val_BalAccMaj=0.8333
[01:35:08] fold2 ep 033 tr=0.0632 va=0.5494 val_AccPaper=0.7500 val_BalAccMaj=0.7500
[01:35:09] fold2 ep 034 tr=0.0606 va=0.5484 val_AccPaper=0.7500 val_BalAccMaj=0.7500
[01:35:09] fold2 ep 035 tr=0.0559 va=0.5007 val_AccPaper=0.7500 val_BalAccMaj=0.7500
[01:35:09] fold2 ep 036 tr=0.0642 va=0.5593 val_AccPaper=0.7500 val_BalAccMaj=0.7500
[01:35:09]   early stop @ ep 36
[01:35:09] [eval_half] Acc_paper=0.6230 BalAcc_maj=0.6231 win_BalAcc=0.5809
[01:35:09] [sub02] shallow task fold3 ft_tr=1050 ft_va=252 eval=1281 full_model=True
[01:35:09] fold3 ep 001 tr=0.8328 va=1.0629 val_AccPaper=0.5000 val_BalAccMaj=0.5000
[01:35:09] fold3 ep 002 tr=0.6381 va=0.9241 val_AccPaper=0.5833 val_BalAccMaj=0.5833
[01:35:09] fold3 ep 003 tr=0.5057 va=0.8447 val_AccPaper=0.5000 val_BalAccMaj=0.5000
[01:35:09] fold3 ep 004 tr=0.4211 va=0.7849 val_AccPaper=0.5833 val_BalAccMaj=0.5833
[01:35:10] fold3 ep 005 tr=0.3660 va=0.7201 val_AccPaper=0.6667 val_BalAccMaj=0.6667
[01:35:10] fold3 ep 006 tr=0.3466 va=0.6861 val_AccPaper=0.6667 val_BalAccMaj=0.6667
[01:35:10] fold3 ep 007 tr=0.3121 va=0.6976 val_AccPaper=0.6667 val_BalAccMaj=0.6667
[01:35:10] fold3 ep 008 tr=0.2995 va=0.6543 val_AccPaper=0.6667 val_BalAccMaj=0.6667
[01:35:10] fold3 ep 009 tr=0.3011 va=0.6060 val_AccPaper=0.7500 val_BalAccMaj=0.7500
[01:35:10] fold3 ep 010 tr=0.2450 va=0.6048 val_AccPaper=0.7500 val_BalAccMaj=0.7500
[01:35:10] fold3 ep 011 tr=0.2289 va=0.5583 val_AccPaper=0.8333 val_BalAccMaj=0.8333
[01:35:10] fold3 ep 012 tr=0.1855 va=0.5690 val_AccPaper=0.8333 val_BalAccMaj=0.8333
[01:35:11] fold3 ep 013 tr=0.1820 va=0.5859 val_AccPaper=0.8333 val_BalAccMaj=0.8333
[01:35:11] fold3 ep 014 tr=0.1868 va=0.5450 val_AccPaper=0.7500 val_BalAccMaj=0.7500
[01:35:11] fold3 ep 015 tr=0.1810 va=0.5257 val_AccPaper=0.7500 val_BalAccMaj=0.7500
[01:35:11] fold3 ep 016 tr=0.1548 va=0.4963 val_AccPaper=0.7500 val_BalAccMaj=0.7500
[01:35:11] fold3 ep 017 tr=0.1571 va=0.4714 val_AccPaper=0.8333 val_BalAccMaj=0.8333
[01:35:11] fold3 ep 018 tr=0.1528 va=0.4334 val_AccPaper=0.9167 val_BalAccMaj=0.9167
[01:35:11] fold3 ep 019 tr=0.1402 va=0.4241 val_AccPaper=0.9167 val_BalAccMaj=0.9167
[01:35:11] fold3 ep 020 tr=0.1322 va=0.4241 val_AccPaper=0.9167 val_BalAccMaj=0.9167
[01:35:11] fold3 ep 021 tr=0.1255 va=0.4628 val_AccPaper=0.7500 val_BalAccMaj=0.7500
[01:35:12] fold3 ep 022 tr=0.1202 va=0.4085 val_AccPaper=0.9167 val_BalAccMaj=0.9167
[01:35:12] fold3 ep 023 tr=0.1310 va=0.4269 val_AccPaper=0.9167 val_BalAccMaj=0.9167
[01:35:12] fold3 ep 024 tr=0.1226 va=0.4241 val_AccPaper=0.9167 val_BalAccMaj=0.9167
[01:35:12] fold3 ep 025 tr=0.0951 va=0.4089 val_AccPaper=0.9167 val_BalAccMaj=0.9167
[01:35:12] fold3 ep 026 tr=0.1000 va=0.3911 val_AccPaper=0.9167 val_BalAccMaj=0.9167
[01:35:12] fold3 ep 027 tr=0.0828 va=0.3514 val_AccPaper=0.9167 val_BalAccMaj=0.9167
[01:35:12] fold3 ep 028 tr=0.0824 va=0.3493 val_AccPaper=0.9167 val_BalAccMaj=0.9167
[01:35:12] fold3 ep 029 tr=0.0903 va=0.3434 val_AccPaper=0.9167 val_BalAccMaj=0.9167
[01:35:13] fold3 ep 030 tr=0.0913 va=0.3977 val_AccPaper=0.8333 val_BalAccMaj=0.8333
[01:35:13] fold3 ep 031 tr=0.0817 va=0.3091 val_AccPaper=0.9167 val_BalAccMaj=0.9167
[01:35:13] fold3 ep 032 tr=0.0659 va=0.3060 val_AccPaper=0.9167 val_BalAccMaj=0.9167
[01:35:13] fold3 ep 033 tr=0.0842 va=0.3270 val_AccPaper=0.9167 val_BalAccMaj=0.9167
[01:35:13] fold3 ep 034 tr=0.0703 va=0.3541 val_AccPaper=0.9167 val_BalAccMaj=0.9167
[01:35:13] fold3 ep 035 tr=0.0670 va=0.3152 val_AccPaper=0.9167 val_BalAccMaj=0.9167
[01:35:13] fold3 ep 036 tr=0.0598 va=0.3541 val_AccPaper=0.9167 val_BalAccMaj=0.9167
[01:35:13] fold3 ep 037 tr=0.0695 va=0.3371 val_AccPaper=0.9167 val_BalAccMaj=0.9167
[01:35:14] fold3 ep 038 tr=0.0662 va=0.3381 val_AccPaper=0.9167 val_BalAccMaj=0.9167
[01:35:14]   early stop @ ep 38
[01:35:14] [eval_half] Acc_paper=0.5738 BalAcc_maj=0.5747 win_BalAcc=0.5724
[01:35:14] [sub02] shallow task fold4 ft_tr=1050 ft_va=252 eval=1281 full_model=True
[01:35:14] fold4 ep 001 tr=0.9070 va=0.8606 val_AccPaper=0.5000 val_BalAccMaj=0.5000
[01:35:14] fold4 ep 002 tr=0.5783 va=0.7427 val_AccPaper=0.7500 val_BalAccMaj=0.7500
[01:35:14] fold4 ep 003 tr=0.4453 va=0.7267 val_AccPaper=0.8333 val_BalAccMaj=0.8333
[01:35:14] fold4 ep 004 tr=0.4253 va=0.7383 val_AccPaper=0.8333 val_BalAccMaj=0.8333
[01:35:14] fold4 ep 005 tr=0.3865 va=0.6968 val_AccPaper=0.7500 val_BalAccMaj=0.7500
[01:35:14] fold4 ep 006 tr=0.3201 va=0.6053 val_AccPaper=0.8333 val_BalAccMaj=0.8333
[01:35:14] fold4 ep 007 tr=0.3147 va=0.6107 val_AccPaper=0.8333 val_BalAccMaj=0.8333
[01:35:15] fold4 ep 008 tr=0.2960 va=0.5551 val_AccPaper=0.9167 val_BalAccMaj=0.9167
[01:35:15] fold4 ep 009 tr=0.2600 va=0.5263 val_AccPaper=0.9167 val_BalAccMaj=0.9167
[01:35:15] fold4 ep 010 tr=0.2457 va=0.5588 val_AccPaper=0.8333 val_BalAccMaj=0.8333
[01:35:15] fold4 ep 011 tr=0.2118 va=0.5303 val_AccPaper=0.9167 val_BalAccMaj=0.9167
[01:35:15] fold4 ep 012 tr=0.2016 va=0.4977 val_AccPaper=0.9167 val_BalAccMaj=0.9167
[01:35:15] fold4 ep 013 tr=0.1931 va=0.4837 val_AccPaper=0.9167 val_BalAccMaj=0.9167
[01:35:15] fold4 ep 014 tr=0.1905 va=0.4979 val_AccPaper=0.9167 val_BalAccMaj=0.9167
[01:35:15] fold4 ep 015 tr=0.1637 va=0.4942 val_AccPaper=0.9167 val_BalAccMaj=0.9167
[01:35:15] fold4 ep 016 tr=0.1728 va=0.4698 val_AccPaper=0.9167 val_BalAccMaj=0.9167
[01:35:16] fold4 ep 017 tr=0.1442 va=0.4636 val_AccPaper=0.9167 val_BalAccMaj=0.9167
[01:35:16] fold4 ep 018 tr=0.1525 va=0.4544 val_AccPaper=0.9167 val_BalAccMaj=0.9167
[01:35:16] fold4 ep 019 tr=0.1556 va=0.4381 val_AccPaper=0.9167 val_BalAccMaj=0.9167
[01:35:16] fold4 ep 020 tr=0.1324 va=0.3884 val_AccPaper=0.9167 val_BalAccMaj=0.9167
[01:35:16] fold4 ep 021 tr=0.1119 va=0.4070 val_AccPaper=0.9167 val_BalAccMaj=0.9167
[01:35:16] fold4 ep 022 tr=0.1140 va=0.4115 val_AccPaper=0.9167 val_BalAccMaj=0.9167
[01:35:16] fold4 ep 023 tr=0.1070 va=0.4053 val_AccPaper=0.9167 val_BalAccMaj=0.9167
[01:35:16] fold4 ep 024 tr=0.1108 va=0.3519 val_AccPaper=0.9167 val_BalAccMaj=0.9167
[01:35:16] fold4 ep 025 tr=0.0898 va=0.3763 val_AccPaper=0.9167 val_BalAccMaj=0.9167
[01:35:17] fold4 ep 026 tr=0.0977 va=0.3738 val_AccPaper=0.9167 val_BalAccMaj=0.9167
[01:35:17] fold4 ep 027 tr=0.1060 va=0.4334 val_AccPaper=0.9167 val_BalAccMaj=0.9167
[01:35:17] fold4 ep 028 tr=0.0748 va=0.3711 val_AccPaper=0.9167 val_BalAccMaj=0.9167
[01:35:17]   early stop @ ep 28
[01:35:17] [eval_half] Acc_paper=0.6066 BalAcc_maj=0.6086 win_BalAcc=0.5527
[01:35:17] [sub02] shallow three fold0 ft_tr=1050 ft_va=252 eval=1281 full_model=True
[01:35:17] fold0 ep 001 tr=1.2255 va=1.0720 val_AccPaper=0.5000 val_BalAccMaj=0.5000
[01:35:17] fold0 ep 002 tr=1.0338 va=1.0072 val_AccPaper=0.5000 val_BalAccMaj=0.6111
[01:35:17] fold0 ep 003 tr=0.9019 va=0.9844 val_AccPaper=0.3333 val_BalAccMaj=0.5556
[01:35:18] fold0 ep 004 tr=0.8320 va=0.9528 val_AccPaper=0.2500 val_BalAccMaj=0.5000
[01:35:18] fold0 ep 005 tr=0.7765 va=0.8921 val_AccPaper=0.5833 val_BalAccMaj=0.5000
[01:35:18] fold0 ep 006 tr=0.6953 va=0.8798 val_AccPaper=0.5833 val_BalAccMaj=0.5000
[01:35:18] fold0 ep 007 tr=0.6616 va=0.8589 val_AccPaper=0.5833 val_BalAccMaj=0.5000
[01:35:18] fold0 ep 008 tr=0.6335 va=0.8525 val_AccPaper=0.5000 val_BalAccMaj=0.3889
[01:35:18] fold0 ep 009 tr=0.5668 va=0.8606 val_AccPaper=0.5000 val_BalAccMaj=0.4444
[01:35:18] fold0 ep 010 tr=0.5243 va=0.7946 val_AccPaper=0.7500 val_BalAccMaj=0.7222
[01:35:18] fold0 ep 011 tr=0.4956 va=0.8138 val_AccPaper=0.5833 val_BalAccMaj=0.5556
[01:35:19] fold0 ep 012 tr=0.4572 va=0.8103 val_AccPaper=0.6667 val_BalAccMaj=0.6667
[01:35:19] fold0 ep 013 tr=0.4067 va=0.7975 val_AccPaper=0.6667 val_BalAccMaj=0.6111
[01:35:19] fold0 ep 014 tr=0.3879 va=0.7911 val_AccPaper=0.7500 val_BalAccMaj=0.6667
[01:35:19] fold0 ep 015 tr=0.3775 va=0.7687 val_AccPaper=0.6667 val_BalAccMaj=0.6111
[01:35:19] fold0 ep 016 tr=0.3430 va=0.7834 val_AccPaper=0.6667 val_BalAccMaj=0.6111
[01:35:19] fold0 ep 017 tr=0.3498 va=0.7720 val_AccPaper=0.6667 val_BalAccMaj=0.6111
[01:35:19] fold0 ep 018 tr=0.3340 va=0.7898 val_AccPaper=0.6667 val_BalAccMaj=0.6111
[01:35:19] fold0 ep 019 tr=0.2990 va=0.7894 val_AccPaper=0.6667 val_BalAccMaj=0.6667
[01:35:19] fold0 ep 020 tr=0.2974 va=0.7829 val_AccPaper=0.7500 val_BalAccMaj=0.6667
[01:35:20] fold0 ep 021 tr=0.2818 va=0.7524 val_AccPaper=0.7500 val_BalAccMaj=0.6667
[01:35:20] fold0 ep 022 tr=0.2590 va=0.7545 val_AccPaper=0.6667 val_BalAccMaj=0.6111
[01:35:20] fold0 ep 023 tr=0.2499 va=0.7356 val_AccPaper=0.8333 val_BalAccMaj=0.7778
[01:35:20] fold0 ep 024 tr=0.2326 va=0.7340 val_AccPaper=0.8333 val_BalAccMaj=0.7778
[01:35:20] fold0 ep 025 tr=0.2253 va=0.7448 val_AccPaper=0.6667 val_BalAccMaj=0.6111
[01:35:20] fold0 ep 026 tr=0.2036 va=0.7398 val_AccPaper=0.6667 val_BalAccMaj=0.6111
[01:35:20] fold0 ep 027 tr=0.1956 va=0.7561 val_AccPaper=0.6667 val_BalAccMaj=0.6111
[01:35:20] fold0 ep 028 tr=0.1976 va=0.7307 val_AccPaper=0.7500 val_BalAccMaj=0.7778
[01:35:21] fold0 ep 029 tr=0.1697 va=0.7604 val_AccPaper=0.7500 val_BalAccMaj=0.6667
[01:35:21] fold0 ep 030 tr=0.1640 va=0.7509 val_AccPaper=0.6667 val_BalAccMaj=0.6111
[01:35:21] fold0 ep 031 tr=0.1775 va=0.7422 val_AccPaper=0.6667 val_BalAccMaj=0.6111
[01:35:21] fold0 ep 032 tr=0.1556 va=0.7223 val_AccPaper=0.7500 val_BalAccMaj=0.7222
[01:35:21] fold0 ep 033 tr=0.1410 va=0.6946 val_AccPaper=0.8333 val_BalAccMaj=0.7778
[01:35:21] fold0 ep 034 tr=0.1437 va=0.7248 val_AccPaper=0.6667 val_BalAccMaj=0.7222
[01:35:21] fold0 ep 035 tr=0.1397 va=0.6985 val_AccPaper=0.7500 val_BalAccMaj=0.7222
[01:35:21] fold0 ep 036 tr=0.1331 va=0.7020 val_AccPaper=0.7500 val_BalAccMaj=0.7778
[01:35:22] fold0 ep 037 tr=0.1383 va=0.6913 val_AccPaper=0.7500 val_BalAccMaj=0.6667
[01:35:22] fold0 ep 038 tr=0.1139 va=0.7148 val_AccPaper=0.6667 val_BalAccMaj=0.7222
[01:35:22] fold0 ep 039 tr=0.1061 va=0.6882 val_AccPaper=0.7500 val_BalAccMaj=0.7222
[01:35:22] fold0 ep 040 tr=0.0965 va=0.6989 val_AccPaper=0.7500 val_BalAccMaj=0.7222
[01:35:22] fold0 ep 041 tr=0.1032 va=0.7075 val_AccPaper=0.7500 val_BalAccMaj=0.6667
[01:35:22] fold0 ep 042 tr=0.0934 va=0.7088 val_AccPaper=0.8333 val_BalAccMaj=0.7778
[01:35:22] fold0 ep 043 tr=0.0978 va=0.7254 val_AccPaper=0.7500 val_BalAccMaj=0.7222
[01:35:22]   early stop @ ep 43
[01:35:22] [eval_half] Acc_paper=0.5246 BalAcc_maj=0.4639 win_BalAcc=0.4392
[01:35:22] [sub02] shallow three fold1 ft_tr=1050 ft_va=252 eval=1281 full_model=True
[01:35:23] fold1 ep 001 tr=1.3733 va=1.3206 val_AccPaper=0.3333 val_BalAccMaj=0.3333
[01:35:23] fold1 ep 002 tr=1.0215 va=1.1339 val_AccPaper=0.5000 val_BalAccMaj=0.4444
[01:35:23] fold1 ep 003 tr=0.8608 va=1.0370 val_AccPaper=0.5833 val_BalAccMaj=0.6111
[01:35:23] fold1 ep 004 tr=0.7516 va=1.0069 val_AccPaper=0.5000 val_BalAccMaj=0.5000
[01:35:23] fold1 ep 005 tr=0.6813 va=1.0451 val_AccPaper=0.5000 val_BalAccMaj=0.5000
[01:35:23] fold1 ep 006 tr=0.6316 va=0.9611 val_AccPaper=0.5000 val_BalAccMaj=0.5000
[01:35:23] fold1 ep 007 tr=0.5687 va=0.9253 val_AccPaper=0.5833 val_BalAccMaj=0.5556
[01:35:23] fold1 ep 008 tr=0.5142 va=0.8592 val_AccPaper=0.6667 val_BalAccMaj=0.6667
[01:35:23] fold1 ep 009 tr=0.4558 va=0.9043 val_AccPaper=0.4167 val_BalAccMaj=0.5556
[01:35:24] fold1 ep 010 tr=0.4306 va=0.8698 val_AccPaper=0.6667 val_BalAccMaj=0.5556
[01:35:24] fold1 ep 011 tr=0.4159 va=0.8457 val_AccPaper=0.7500 val_BalAccMaj=0.6667
[01:35:24] fold1 ep 012 tr=0.3845 va=0.8588 val_AccPaper=0.7500 val_BalAccMaj=0.6667
[01:35:24] fold1 ep 013 tr=0.3653 va=0.8363 val_AccPaper=0.6667 val_BalAccMaj=0.6111
[01:35:24] fold1 ep 014 tr=0.3182 va=0.8674 val_AccPaper=0.7500 val_BalAccMaj=0.6667
[01:35:24] fold1 ep 015 tr=0.3108 va=0.8316 val_AccPaper=0.7500 val_BalAccMaj=0.6667
[01:35:24] fold1 ep 016 tr=0.3060 va=0.8197 val_AccPaper=0.7500 val_BalAccMaj=0.6667
[01:35:24] fold1 ep 017 tr=0.2701 va=0.8351 val_AccPaper=0.7500 val_BalAccMaj=0.6667
[01:35:25] fold1 ep 018 tr=0.2706 va=0.8421 val_AccPaper=0.7500 val_BalAccMaj=0.6667
[01:35:25] fold1 ep 019 tr=0.2530 va=0.8016 val_AccPaper=0.6667 val_BalAccMaj=0.5556
[01:35:25] fold1 ep 020 tr=0.2376 va=0.7829 val_AccPaper=0.6667 val_BalAccMaj=0.5556
[01:35:25] fold1 ep 021 tr=0.2186 va=0.7945 val_AccPaper=0.6667 val_BalAccMaj=0.6111
[01:35:25] fold1 ep 022 tr=0.2101 va=0.7712 val_AccPaper=0.6667 val_BalAccMaj=0.5556
[01:35:25] fold1 ep 023 tr=0.2136 va=0.7616 val_AccPaper=0.6667 val_BalAccMaj=0.5556
[01:35:25] fold1 ep 024 tr=0.1912 va=0.8013 val_AccPaper=0.6667 val_BalAccMaj=0.5556
[01:35:25] fold1 ep 025 tr=0.1838 va=0.8198 val_AccPaper=0.5000 val_BalAccMaj=0.4444
[01:35:26] fold1 ep 026 tr=0.1782 va=0.8079 val_AccPaper=0.5833 val_BalAccMaj=0.5000
[01:35:26] fold1 ep 027 tr=0.1891 va=0.8094 val_AccPaper=0.5833 val_BalAccMaj=0.5000
[01:35:26] fold1 ep 028 tr=0.1767 va=0.7878 val_AccPaper=0.6667 val_BalAccMaj=0.6667
[01:35:26] fold1 ep 029 tr=0.1584 va=0.7796 val_AccPaper=0.6667 val_BalAccMaj=0.5556
[01:35:26] fold1 ep 030 tr=0.1669 va=0.7768 val_AccPaper=0.6667 val_BalAccMaj=0.5556
[01:35:26] fold1 ep 031 tr=0.1439 va=0.7736 val_AccPaper=0.8333 val_BalAccMaj=0.7778
[01:35:26] fold1 ep 032 tr=0.1396 va=0.8083 val_AccPaper=0.6667 val_BalAccMaj=0.5556
[01:35:27] fold1 ep 033 tr=0.1389 va=0.8095 val_AccPaper=0.6667 val_BalAccMaj=0.5556
[01:35:27] fold1 ep 034 tr=0.1154 va=0.7909 val_AccPaper=0.6667 val_BalAccMaj=0.5556
[01:35:27] fold1 ep 035 tr=0.1213 va=0.7740 val_AccPaper=0.7500 val_BalAccMaj=0.6667
[01:35:27] fold1 ep 036 tr=0.1119 va=0.8106 val_AccPaper=0.5833 val_BalAccMaj=0.6111
[01:35:27] fold1 ep 037 tr=0.1127 va=0.7982 val_AccPaper=0.6667 val_BalAccMaj=0.6667
[01:35:27] fold1 ep 038 tr=0.1106 va=0.8241 val_AccPaper=0.7500 val_BalAccMaj=0.6667
[01:35:27] fold1 ep 039 tr=0.1082 va=0.8467 val_AccPaper=0.6667 val_BalAccMaj=0.6667
[01:35:27] fold1 ep 040 tr=0.1010 va=0.8037 val_AccPaper=0.7500 val_BalAccMaj=0.6667
[01:35:28] fold1 ep 041 tr=0.0906 va=0.8608 val_AccPaper=0.5833 val_BalAccMaj=0.6667
[01:35:28] fold1 ep 042 tr=0.0913 va=0.8241 val_AccPaper=0.6667 val_BalAccMaj=0.6667
[01:35:28] fold1 ep 043 tr=0.0993 va=0.8671 val_AccPaper=0.6667 val_BalAccMaj=0.7222
[01:35:28] fold1 ep 044 tr=0.0841 va=0.7893 val_AccPaper=0.7500 val_BalAccMaj=0.6667
[01:35:28] fold1 ep 045 tr=0.0773 va=0.8023 val_AccPaper=0.7500 val_BalAccMaj=0.6667
[01:35:28] fold1 ep 046 tr=0.0736 va=0.8468 val_AccPaper=0.6667 val_BalAccMaj=0.7222
[01:35:28] fold1 ep 047 tr=0.0976 va=0.8654 val_AccPaper=0.5833 val_BalAccMaj=0.6111
[01:35:29] fold1 ep 048 tr=0.0891 va=0.8379 val_AccPaper=0.7500 val_BalAccMaj=0.6667
[01:35:29] fold1 ep 049 tr=0.0692 va=0.8404 val_AccPaper=0.7500 val_BalAccMaj=0.6667
[01:35:29] fold1 ep 050 tr=0.0782 va=0.8462 val_AccPaper=0.8333 val_BalAccMaj=0.7778
[01:35:29] fold1 ep 051 tr=0.0741 va=0.8946 val_AccPaper=0.6667 val_BalAccMaj=0.6667
[01:35:29]   early stop @ ep 51
[01:35:29] [eval_half] Acc_paper=0.5246 BalAcc_maj=0.4333 win_BalAcc=0.4022
[01:35:29] [sub02] shallow three fold2 ft_tr=1050 ft_va=252 eval=1281 full_model=True
[01:35:29] fold2 ep 001 tr=1.2919 va=1.4230 val_AccPaper=0.2500 val_BalAccMaj=0.3333
[01:35:30] fold2 ep 002 tr=0.9822 va=1.1405 val_AccPaper=0.4167 val_BalAccMaj=0.5000
[01:35:30] fold2 ep 003 tr=0.8450 va=1.0432 val_AccPaper=0.4167 val_BalAccMaj=0.6111
[01:35:30] fold2 ep 004 tr=0.7917 va=0.9637 val_AccPaper=0.5833 val_BalAccMaj=0.6111
[01:35:30] fold2 ep 005 tr=0.6735 va=0.9377 val_AccPaper=0.5833 val_BalAccMaj=0.6111
[01:35:30] fold2 ep 006 tr=0.6408 va=0.8997 val_AccPaper=0.5833 val_BalAccMaj=0.6111
[01:35:30] fold2 ep 007 tr=0.6095 va=0.8755 val_AccPaper=0.6667 val_BalAccMaj=0.6111
[01:35:30] fold2 ep 008 tr=0.5742 va=0.8278 val_AccPaper=0.7500 val_BalAccMaj=0.6667
[01:35:30] fold2 ep 009 tr=0.4936 va=0.8650 val_AccPaper=0.6667 val_BalAccMaj=0.6667
[01:35:31] fold2 ep 010 tr=0.4827 va=0.8716 val_AccPaper=0.6667 val_BalAccMaj=0.5556
[01:35:31] fold2 ep 011 tr=0.4815 va=0.8512 val_AccPaper=0.6667 val_BalAccMaj=0.5556
[01:35:31] fold2 ep 012 tr=0.4184 va=0.8620 val_AccPaper=0.5833 val_BalAccMaj=0.4444
[01:35:31] fold2 ep 013 tr=0.4270 va=0.8738 val_AccPaper=0.5833 val_BalAccMaj=0.5000
[01:35:31] fold2 ep 014 tr=0.4173 va=0.8846 val_AccPaper=0.6667 val_BalAccMaj=0.5556
[01:35:31] fold2 ep 015 tr=0.3728 va=0.8498 val_AccPaper=0.5833 val_BalAccMaj=0.5556
[01:35:31] fold2 ep 016 tr=0.3438 va=0.8210 val_AccPaper=0.5833 val_BalAccMaj=0.4444
[01:35:31] fold2 ep 017 tr=0.3428 va=0.8716 val_AccPaper=0.6667 val_BalAccMaj=0.5556
[01:35:31] fold2 ep 018 tr=0.3314 va=0.8718 val_AccPaper=0.6667 val_BalAccMaj=0.5556
[01:35:32] fold2 ep 019 tr=0.2929 va=0.9180 val_AccPaper=0.5833 val_BalAccMaj=0.4444
[01:35:32] fold2 ep 020 tr=0.2661 va=0.8772 val_AccPaper=0.5833 val_BalAccMaj=0.4444
[01:35:32] fold2 ep 021 tr=0.2858 va=0.8951 val_AccPaper=0.5833 val_BalAccMaj=0.4444
[01:35:32] fold2 ep 022 tr=0.2459 va=0.8938 val_AccPaper=0.6667 val_BalAccMaj=0.5556
[01:35:32] fold2 ep 023 tr=0.2424 va=0.9312 val_AccPaper=0.6667 val_BalAccMaj=0.5556
[01:35:32] fold2 ep 024 tr=0.2259 va=0.9237 val_AccPaper=0.5833 val_BalAccMaj=0.4444
[01:35:32] fold2 ep 025 tr=0.2196 va=0.9592 val_AccPaper=0.5833 val_BalAccMaj=0.4444
[01:35:32] fold2 ep 026 tr=0.2231 va=0.9397 val_AccPaper=0.5833 val_BalAccMaj=0.4444
[01:35:33] fold2 ep 027 tr=0.2007 va=0.9341 val_AccPaper=0.5833 val_BalAccMaj=0.4444
[01:35:33] fold2 ep 028 tr=0.1902 va=0.9427 val_AccPaper=0.5833 val_BalAccMaj=0.4444
[01:35:33]   early stop @ ep 28
[01:35:33] [eval_half] Acc_paper=0.4262 BalAcc_maj=0.3514 win_BalAcc=0.3922
[01:35:33] [sub02] shallow three fold3 ft_tr=1050 ft_va=252 eval=1281 full_model=True
[01:35:33] fold3 ep 001 tr=1.2918 va=1.3600 val_AccPaper=0.2500 val_BalAccMaj=0.3333
[01:35:33] fold3 ep 002 tr=0.9968 va=1.1755 val_AccPaper=0.2500 val_BalAccMaj=0.2778
[01:35:33] fold3 ep 003 tr=0.8824 va=1.1076 val_AccPaper=0.4167 val_BalAccMaj=0.3889
[01:35:33] fold3 ep 004 tr=0.7728 va=1.0395 val_AccPaper=0.4167 val_BalAccMaj=0.4444
[01:35:34] fold3 ep 005 tr=0.6728 va=0.9890 val_AccPaper=0.5000 val_BalAccMaj=0.5556
[01:35:34] fold3 ep 006 tr=0.5983 va=0.9389 val_AccPaper=0.7500 val_BalAccMaj=0.6667
[01:35:34] fold3 ep 007 tr=0.6020 va=0.9352 val_AccPaper=0.7500 val_BalAccMaj=0.6667
[01:35:34] fold3 ep 008 tr=0.5343 va=0.8719 val_AccPaper=0.6667 val_BalAccMaj=0.6667
[01:35:34] fold3 ep 009 tr=0.4990 va=0.8496 val_AccPaper=0.6667 val_BalAccMaj=0.5556
[01:35:34] fold3 ep 010 tr=0.4612 va=0.8502 val_AccPaper=0.6667 val_BalAccMaj=0.5556
[01:35:34] fold3 ep 011 tr=0.4065 va=0.7785 val_AccPaper=0.6667 val_BalAccMaj=0.6667
[01:35:35] fold3 ep 012 tr=0.3883 va=0.7960 val_AccPaper=0.6667 val_BalAccMaj=0.5556
[01:35:35] fold3 ep 013 tr=0.3476 va=0.8133 val_AccPaper=0.6667 val_BalAccMaj=0.6667
[01:35:35] fold3 ep 014 tr=0.3338 va=0.7605 val_AccPaper=0.6667 val_BalAccMaj=0.5556
[01:35:35] fold3 ep 015 tr=0.2973 va=0.7821 val_AccPaper=0.5833 val_BalAccMaj=0.5556
[01:35:35] fold3 ep 016 tr=0.2803 va=0.7514 val_AccPaper=0.5833 val_BalAccMaj=0.5556
[01:35:35] fold3 ep 017 tr=0.3016 va=0.7389 val_AccPaper=0.7500 val_BalAccMaj=0.6667
[01:35:35] fold3 ep 018 tr=0.2712 va=0.7461 val_AccPaper=0.6667 val_BalAccMaj=0.6667
[01:35:36] fold3 ep 019 tr=0.2294 va=0.7297 val_AccPaper=0.6667 val_BalAccMaj=0.6667
[01:35:36] fold3 ep 020 tr=0.2307 va=0.7481 val_AccPaper=0.6667 val_BalAccMaj=0.7222
[01:35:36] fold3 ep 021 tr=0.2062 va=0.7427 val_AccPaper=0.6667 val_BalAccMaj=0.5556
[01:35:36] fold3 ep 022 tr=0.2103 va=0.7475 val_AccPaper=0.7500 val_BalAccMaj=0.6667
[01:35:36] fold3 ep 023 tr=0.1895 va=0.6859 val_AccPaper=0.8333 val_BalAccMaj=0.7778
[01:35:36] fold3 ep 024 tr=0.1762 va=0.7305 val_AccPaper=0.6667 val_BalAccMaj=0.5556
[01:35:36] fold3 ep 025 tr=0.1678 va=0.7293 val_AccPaper=0.6667 val_BalAccMaj=0.6667
[01:35:36] fold3 ep 026 tr=0.1549 va=0.7140 val_AccPaper=0.5833 val_BalAccMaj=0.5556
[01:35:37] fold3 ep 027 tr=0.1576 va=0.7368 val_AccPaper=0.5833 val_BalAccMaj=0.5556
[01:35:37] fold3 ep 028 tr=0.1480 va=0.6985 val_AccPaper=0.6667 val_BalAccMaj=0.5556
[01:35:37] fold3 ep 029 tr=0.1338 va=0.6970 val_AccPaper=0.7500 val_BalAccMaj=0.6667
[01:35:37] fold3 ep 030 tr=0.1332 va=0.6774 val_AccPaper=0.8333 val_BalAccMaj=0.7778
[01:35:37] fold3 ep 031 tr=0.1263 va=0.7095 val_AccPaper=0.6667 val_BalAccMaj=0.5556
[01:35:37] fold3 ep 032 tr=0.1147 va=0.7142 val_AccPaper=0.6667 val_BalAccMaj=0.5556
[01:35:37] fold3 ep 033 tr=0.1188 va=0.7176 val_AccPaper=0.6667 val_BalAccMaj=0.6667
[01:35:38] fold3 ep 034 tr=0.1204 va=0.7713 val_AccPaper=0.6667 val_BalAccMaj=0.5556
[01:35:38] fold3 ep 035 tr=0.1063 va=0.6978 val_AccPaper=0.7500 val_BalAccMaj=0.7778
[01:35:38] fold3 ep 036 tr=0.0967 va=0.7410 val_AccPaper=0.6667 val_BalAccMaj=0.6667
[01:35:38] fold3 ep 037 tr=0.0955 va=0.7205 val_AccPaper=0.6667 val_BalAccMaj=0.6667
[01:35:38] fold3 ep 038 tr=0.0927 va=0.7522 val_AccPaper=0.6667 val_BalAccMaj=0.6111
[01:35:38] fold3 ep 039 tr=0.0945 va=0.6810 val_AccPaper=0.6667 val_BalAccMaj=0.6667
[01:35:38] fold3 ep 040 tr=0.0807 va=0.7365 val_AccPaper=0.6667 val_BalAccMaj=0.6667
[01:35:39] fold3 ep 041 tr=0.0857 va=0.7526 val_AccPaper=0.5833 val_BalAccMaj=0.6111
[01:35:39] fold3 ep 042 tr=0.0821 va=0.6905 val_AccPaper=0.7500 val_BalAccMaj=0.6667
[01:35:39] fold3 ep 043 tr=0.0826 va=0.7120 val_AccPaper=0.6667 val_BalAccMaj=0.5556
[01:35:39]   early stop @ ep 43
[01:35:39] [eval_half] Acc_paper=0.3934 BalAcc_maj=0.3417 win_BalAcc=0.3632
[01:35:39] [sub02] shallow three fold4 ft_tr=1050 ft_va=252 eval=1281 full_model=True
[01:35:39] fold4 ep 001 tr=1.2705 va=1.2145 val_AccPaper=0.2500 val_BalAccMaj=0.3889
[01:35:39] fold4 ep 002 tr=1.0118 va=1.0566 val_AccPaper=0.4167 val_BalAccMaj=0.5556
[01:35:39] fold4 ep 003 tr=0.8938 va=0.9888 val_AccPaper=0.5000 val_BalAccMaj=0.5556
[01:35:40] fold4 ep 004 tr=0.8192 va=0.9766 val_AccPaper=0.4167 val_BalAccMaj=0.4444
[01:35:40] fold4 ep 005 tr=0.7508 va=0.9402 val_AccPaper=0.4167 val_BalAccMaj=0.4444
[01:35:40] fold4 ep 006 tr=0.6782 va=0.9316 val_AccPaper=0.5000 val_BalAccMaj=0.4444
[01:35:40] fold4 ep 007 tr=0.5986 va=0.8920 val_AccPaper=0.5000 val_BalAccMaj=0.5000
[01:35:40] fold4 ep 008 tr=0.5574 va=0.8634 val_AccPaper=0.5833 val_BalAccMaj=0.6111
[01:35:40] fold4 ep 009 tr=0.5481 va=0.8497 val_AccPaper=0.5000 val_BalAccMaj=0.5556
[01:35:40] fold4 ep 010 tr=0.5350 va=0.8244 val_AccPaper=0.6667 val_BalAccMaj=0.6667
[01:35:40] fold4 ep 011 tr=0.4802 va=0.8400 val_AccPaper=0.5833 val_BalAccMaj=0.6667
[01:35:41] fold4 ep 012 tr=0.4549 va=0.8309 val_AccPaper=0.6667 val_BalAccMaj=0.6667
[01:35:41] fold4 ep 013 tr=0.4190 va=0.8142 val_AccPaper=0.6667 val_BalAccMaj=0.5556
[01:35:41] fold4 ep 014 tr=0.3874 va=0.8087 val_AccPaper=0.6667 val_BalAccMaj=0.5556
[01:35:41] fold4 ep 015 tr=0.3557 va=0.8426 val_AccPaper=0.6667 val_BalAccMaj=0.5556
[01:35:41] fold4 ep 016 tr=0.3479 va=0.8345 val_AccPaper=0.6667 val_BalAccMaj=0.5556
[01:35:41] fold4 ep 017 tr=0.3166 va=0.8086 val_AccPaper=0.5833 val_BalAccMaj=0.4444
[01:35:41] fold4 ep 018 tr=0.3157 va=0.8291 val_AccPaper=0.6667 val_BalAccMaj=0.5556
[01:35:42] fold4 ep 019 tr=0.3104 va=0.8350 val_AccPaper=0.5833 val_BalAccMaj=0.4444
[01:35:42] fold4 ep 020 tr=0.2735 va=0.8232 val_AccPaper=0.6667 val_BalAccMaj=0.5556
[01:35:42] fold4 ep 021 tr=0.2691 va=0.8008 val_AccPaper=0.5833 val_BalAccMaj=0.4444
[01:35:42] fold4 ep 022 tr=0.2533 va=0.8355 val_AccPaper=0.6667 val_BalAccMaj=0.5556
[01:35:42] fold4 ep 023 tr=0.2458 va=0.8104 val_AccPaper=0.5833 val_BalAccMaj=0.4444
[01:35:42] fold4 ep 024 tr=0.2244 va=0.8810 val_AccPaper=0.5833 val_BalAccMaj=0.4444
[01:35:43] fold4 ep 025 tr=0.2081 va=0.8563 val_AccPaper=0.5833 val_BalAccMaj=0.4444
[01:35:43] fold4 ep 026 tr=0.2056 va=0.8597 val_AccPaper=0.5833 val_BalAccMaj=0.4444
[01:35:43] fold4 ep 027 tr=0.2044 va=0.8136 val_AccPaper=0.5833 val_BalAccMaj=0.4444
[01:35:43] fold4 ep 028 tr=0.1885 va=0.8542 val_AccPaper=0.5833 val_BalAccMaj=0.4444
[01:35:43] fold4 ep 029 tr=0.1749 va=0.8703 val_AccPaper=0.5833 val_BalAccMaj=0.4444
[01:35:43] fold4 ep 030 tr=0.1589 va=0.8648 val_AccPaper=0.5833 val_BalAccMaj=0.4444
[01:35:43]   early stop @ ep 30
[01:35:43] [eval_half] Acc_paper=0.4590 BalAcc_maj=0.3861 win_BalAcc=0.4023
[01:35:43] === stream sub03_ses01_20260723_185153 ===
[01:35:45] subject=sub03 trials=62 train=31 eval=31
[01:35:45] [sub03] shallow task fold0 ft_tr=1050 ft_va=252 eval=1302 full_model=True
[01:35:45] fold0 ep 001 tr=0.8246 va=0.6607 val_AccPaper=0.6667 val_BalAccMaj=0.6667
[01:35:45] fold0 ep 002 tr=0.6093 va=0.6050 val_AccPaper=0.7500 val_BalAccMaj=0.7500
[01:35:45] fold0 ep 003 tr=0.5640 va=0.6153 val_AccPaper=0.7500 val_BalAccMaj=0.7500
[01:35:46] fold0 ep 004 tr=0.4749 va=0.6109 val_AccPaper=0.8333 val_BalAccMaj=0.8333
[01:35:46] fold0 ep 005 tr=0.4264 va=0.5983 val_AccPaper=0.7500 val_BalAccMaj=0.7500
[01:35:46] fold0 ep 006 tr=0.3940 va=0.5900 val_AccPaper=0.7500 val_BalAccMaj=0.7500
[01:35:46] fold0 ep 007 tr=0.3473 va=0.6165 val_AccPaper=0.8333 val_BalAccMaj=0.8333
[01:35:46] fold0 ep 008 tr=0.3223 va=0.5896 val_AccPaper=0.8333 val_BalAccMaj=0.8333
[01:35:46] fold0 ep 009 tr=0.2741 va=0.5456 val_AccPaper=0.9167 val_BalAccMaj=0.9167
[01:35:46] fold0 ep 010 tr=0.2644 va=0.5680 val_AccPaper=0.9167 val_BalAccMaj=0.9167
[01:35:47] fold0 ep 011 tr=0.2437 va=0.6367 val_AccPaper=0.9167 val_BalAccMaj=0.9167
[01:35:47] fold0 ep 012 tr=0.2148 va=0.6104 val_AccPaper=0.9167 val_BalAccMaj=0.9167
[01:35:47] fold0 ep 013 tr=0.2243 va=0.5858 val_AccPaper=0.9167 val_BalAccMaj=0.9167
[01:35:47] fold0 ep 014 tr=0.1934 va=0.6299 val_AccPaper=0.9167 val_BalAccMaj=0.9167
[01:35:47] fold0 ep 015 tr=0.1730 va=0.6485 val_AccPaper=0.9167 val_BalAccMaj=0.9167
[01:35:47] fold0 ep 016 tr=0.1643 va=0.6093 val_AccPaper=0.8333 val_BalAccMaj=0.8333
[01:35:47] fold0 ep 017 tr=0.1572 va=0.6157 val_AccPaper=0.8333 val_BalAccMaj=0.8333
[01:35:48] fold0 ep 018 tr=0.1488 va=0.6434 val_AccPaper=0.9167 val_BalAccMaj=0.9167
[01:35:48] fold0 ep 019 tr=0.1276 va=0.7141 val_AccPaper=0.8333 val_BalAccMaj=0.8333
[01:35:48] fold0 ep 020 tr=0.1259 va=0.6503 val_AccPaper=0.8333 val_BalAccMaj=0.8333
[01:35:48] fold0 ep 021 tr=0.1250 va=0.7433 val_AccPaper=0.8333 val_BalAccMaj=0.8333
[01:35:48] fold0 ep 022 tr=0.1152 va=0.6936 val_AccPaper=0.9167 val_BalAccMaj=0.9167
[01:35:48] fold0 ep 023 tr=0.1079 va=0.7477 val_AccPaper=0.8333 val_BalAccMaj=0.8333
[01:35:48] fold0 ep 024 tr=0.0935 va=0.6915 val_AccPaper=0.8333 val_BalAccMaj=0.8333
[01:35:48] fold0 ep 025 tr=0.0943 va=0.7408 val_AccPaper=0.8333 val_BalAccMaj=0.8333
[01:35:49] fold0 ep 026 tr=0.0787 va=0.7387 val_AccPaper=0.8333 val_BalAccMaj=0.8333
[01:35:49] fold0 ep 027 tr=0.0735 va=0.8426 val_AccPaper=0.8333 val_BalAccMaj=0.8333
[01:35:49] fold0 ep 028 tr=0.0717 va=0.8006 val_AccPaper=0.8333 val_BalAccMaj=0.8333
[01:35:49] fold0 ep 029 tr=0.0847 va=0.7747 val_AccPaper=0.8333 val_BalAccMaj=0.8333
[01:35:49]   early stop @ ep 29
[01:35:49] [eval_half] Acc_paper=0.7581 BalAcc_maj=0.7581 win_BalAcc=0.7435
[01:35:49] [sub03] shallow task fold1 ft_tr=1050 ft_va=252 eval=1302 full_model=True
[01:35:49] fold1 ep 001 tr=1.3456 va=0.9633 val_AccPaper=0.5833 val_BalAccMaj=0.5833
[01:35:49] fold1 ep 002 tr=0.7141 va=0.7294 val_AccPaper=0.7500 val_BalAccMaj=0.7500
[01:35:49] fold1 ep 003 tr=0.5656 va=0.6924 val_AccPaper=0.7500 val_BalAccMaj=0.7500
[01:35:49] fold1 ep 004 tr=0.3869 va=0.7029 val_AccPaper=0.8333 val_BalAccMaj=0.8333
[01:35:50] fold1 ep 005 tr=0.3149 va=0.6971 val_AccPaper=0.8333 val_BalAccMaj=0.8333
[01:35:50] fold1 ep 006 tr=0.3008 va=0.6834 val_AccPaper=0.8333 val_BalAccMaj=0.8333
[01:35:50] fold1 ep 007 tr=0.2423 va=0.6907 val_AccPaper=0.8333 val_BalAccMaj=0.8333
[01:35:50] fold1 ep 008 tr=0.1947 va=0.7738 val_AccPaper=0.8333 val_BalAccMaj=0.8333
[01:35:50] fold1 ep 009 tr=0.1991 va=0.7139 val_AccPaper=0.8333 val_BalAccMaj=0.8333
[01:35:50] fold1 ep 010 tr=0.1604 va=0.7053 val_AccPaper=0.8333 val_BalAccMaj=0.8333
[01:35:50] fold1 ep 011 tr=0.1582 va=0.7349 val_AccPaper=0.8333 val_BalAccMaj=0.8333
[01:35:50] fold1 ep 012 tr=0.1334 va=0.7761 val_AccPaper=0.8333 val_BalAccMaj=0.8333
[01:35:50] fold1 ep 013 tr=0.1294 va=0.7197 val_AccPaper=0.7500 val_BalAccMaj=0.7500
[01:35:51] fold1 ep 014 tr=0.1258 va=0.7910 val_AccPaper=0.8333 val_BalAccMaj=0.8333
[01:35:51] fold1 ep 015 tr=0.1246 va=0.7556 val_AccPaper=0.8333 val_BalAccMaj=0.8333
[01:35:51] fold1 ep 016 tr=0.1035 va=0.7819 val_AccPaper=0.8333 val_BalAccMaj=0.8333
[01:35:51] fold1 ep 017 tr=0.1143 va=0.8790 val_AccPaper=0.8333 val_BalAccMaj=0.8333
[01:35:51] fold1 ep 018 tr=0.0923 va=0.8224 val_AccPaper=0.8333 val_BalAccMaj=0.8333
[01:35:51] fold1 ep 019 tr=0.1029 va=0.8269 val_AccPaper=0.9167 val_BalAccMaj=0.9167
[01:35:51] fold1 ep 020 tr=0.0931 va=0.7744 val_AccPaper=0.9167 val_BalAccMaj=0.9167
[01:35:51] fold1 ep 021 tr=0.0709 va=0.8737 val_AccPaper=0.9167 val_BalAccMaj=0.9167
[01:35:51] fold1 ep 022 tr=0.0762 va=0.8674 val_AccPaper=0.8333 val_BalAccMaj=0.8333
[01:35:52] fold1 ep 023 tr=0.0868 va=0.8898 val_AccPaper=0.8333 val_BalAccMaj=0.8333
[01:35:52] fold1 ep 024 tr=0.0615 va=0.8720 val_AccPaper=0.9167 val_BalAccMaj=0.9167
[01:35:52] fold1 ep 025 tr=0.0544 va=0.8151 val_AccPaper=0.9167 val_BalAccMaj=0.9167
[01:35:52] fold1 ep 026 tr=0.0491 va=0.8930 val_AccPaper=0.9167 val_BalAccMaj=0.9167
[01:35:52] fold1 ep 027 tr=0.0476 va=0.8705 val_AccPaper=0.9167 val_BalAccMaj=0.9167
[01:35:52] fold1 ep 028 tr=0.0465 va=0.8487 val_AccPaper=0.8333 val_BalAccMaj=0.8333
[01:35:52] fold1 ep 029 tr=0.0474 va=0.9038 val_AccPaper=0.9167 val_BalAccMaj=0.9167
[01:35:52] fold1 ep 030 tr=0.0511 va=0.9694 val_AccPaper=0.9167 val_BalAccMaj=0.9167
[01:35:52] fold1 ep 031 tr=0.0488 va=0.8661 val_AccPaper=0.8333 val_BalAccMaj=0.8333
[01:35:53] fold1 ep 032 tr=0.0395 va=0.8460 val_AccPaper=0.9167 val_BalAccMaj=0.9167
[01:35:53] fold1 ep 033 tr=0.0341 va=0.9448 val_AccPaper=0.8333 val_BalAccMaj=0.8333
[01:35:53] fold1 ep 034 tr=0.0510 va=0.9410 val_AccPaper=0.9167 val_BalAccMaj=0.9167
[01:35:53] fold1 ep 035 tr=0.0371 va=0.9193 val_AccPaper=0.9167 val_BalAccMaj=0.9167
[01:35:53] fold1 ep 036 tr=0.0370 va=0.9479 val_AccPaper=0.9167 val_BalAccMaj=0.9167
[01:35:53] fold1 ep 037 tr=0.0396 va=0.9537 val_AccPaper=0.8333 val_BalAccMaj=0.8333
[01:35:53] fold1 ep 038 tr=0.0381 va=0.8724 val_AccPaper=0.8333 val_BalAccMaj=0.8333
[01:35:53] fold1 ep 039 tr=0.0267 va=0.9732 val_AccPaper=0.8333 val_BalAccMaj=0.8333
[01:35:53]   early stop @ ep 39
[01:35:53] [eval_half] Acc_paper=0.7742 BalAcc_maj=0.7742 win_BalAcc=0.7281
[01:35:54] [sub03] shallow task fold2 ft_tr=1050 ft_va=252 eval=1302 full_model=True
[01:35:54] fold2 ep 001 tr=0.8921 va=0.8444 val_AccPaper=0.5000 val_BalAccMaj=0.5000
[01:35:54] fold2 ep 002 tr=0.4855 va=0.8706 val_AccPaper=0.5833 val_BalAccMaj=0.5833
[01:35:54] fold2 ep 003 tr=0.3527 va=0.7916 val_AccPaper=0.6667 val_BalAccMaj=0.6667
[01:35:54] fold2 ep 004 tr=0.3006 va=0.8660 val_AccPaper=0.7500 val_BalAccMaj=0.7500
[01:35:54] fold2 ep 005 tr=0.2502 va=0.8317 val_AccPaper=0.7500 val_BalAccMaj=0.7500
[01:35:54] fold2 ep 006 tr=0.2249 va=0.9156 val_AccPaper=0.7500 val_BalAccMaj=0.7500
[01:35:54] fold2 ep 007 tr=0.2086 va=0.9081 val_AccPaper=0.7500 val_BalAccMaj=0.7500
[01:35:54] fold2 ep 008 tr=0.1905 va=0.8351 val_AccPaper=0.6667 val_BalAccMaj=0.6667
[01:35:55] fold2 ep 009 tr=0.1436 va=0.9078 val_AccPaper=0.7500 val_BalAccMaj=0.7500
[01:35:55] fold2 ep 010 tr=0.1386 va=0.8492 val_AccPaper=0.7500 val_BalAccMaj=0.7500
[01:35:55] fold2 ep 011 tr=0.1370 va=0.8560 val_AccPaper=0.7500 val_BalAccMaj=0.7500
[01:35:55] fold2 ep 012 tr=0.1168 va=0.8711 val_AccPaper=0.7500 val_BalAccMaj=0.7500
[01:35:55] fold2 ep 013 tr=0.1091 va=0.8750 val_AccPaper=0.7500 val_BalAccMaj=0.7500
[01:35:55] fold2 ep 014 tr=0.0957 va=0.9072 val_AccPaper=0.7500 val_BalAccMaj=0.7500
[01:35:55] fold2 ep 015 tr=0.0846 va=0.8803 val_AccPaper=0.7500 val_BalAccMaj=0.7500
[01:35:55] fold2 ep 016 tr=0.0884 va=0.9316 val_AccPaper=0.7500 val_BalAccMaj=0.7500
[01:35:56] fold2 ep 017 tr=0.0601 va=0.9297 val_AccPaper=0.7500 val_BalAccMaj=0.7500
[01:35:56] fold2 ep 018 tr=0.0685 va=0.8151 val_AccPaper=0.6667 val_BalAccMaj=0.6667
[01:35:56] fold2 ep 019 tr=0.0616 va=0.9488 val_AccPaper=0.7500 val_BalAccMaj=0.7500
[01:35:56] fold2 ep 020 tr=0.0634 va=0.8788 val_AccPaper=0.7500 val_BalAccMaj=0.7500
[01:35:56] fold2 ep 021 tr=0.0521 va=0.8754 val_AccPaper=0.9167 val_BalAccMaj=0.9167
[01:35:56] fold2 ep 022 tr=0.0582 va=0.9610 val_AccPaper=0.9167 val_BalAccMaj=0.9167
[01:35:56] fold2 ep 023 tr=0.0539 va=0.9078 val_AccPaper=0.7500 val_BalAccMaj=0.7500
[01:35:56] fold2 ep 024 tr=0.0650 va=0.9619 val_AccPaper=0.7500 val_BalAccMaj=0.7500
[01:35:56] fold2 ep 025 tr=0.0519 va=1.0682 val_AccPaper=0.6667 val_BalAccMaj=0.6667
[01:35:57] fold2 ep 026 tr=0.0393 va=0.9790 val_AccPaper=0.6667 val_BalAccMaj=0.6667
[01:35:57] fold2 ep 027 tr=0.0383 va=0.9940 val_AccPaper=0.7500 val_BalAccMaj=0.7500
[01:35:57] fold2 ep 028 tr=0.0374 va=0.9293 val_AccPaper=0.7500 val_BalAccMaj=0.7500
[01:35:57] fold2 ep 029 tr=0.0473 va=0.9851 val_AccPaper=0.7500 val_BalAccMaj=0.7500
[01:35:57] fold2 ep 030 tr=0.0292 va=1.0612 val_AccPaper=0.7500 val_BalAccMaj=0.7500
[01:35:57] fold2 ep 031 tr=0.0327 va=1.1023 val_AccPaper=0.7500 val_BalAccMaj=0.7500
[01:35:57] fold2 ep 032 tr=0.0295 va=1.1303 val_AccPaper=0.7500 val_BalAccMaj=0.7500
[01:35:57] fold2 ep 033 tr=0.0302 va=1.0233 val_AccPaper=0.7500 val_BalAccMaj=0.7500
[01:35:57] fold2 ep 034 tr=0.0242 va=1.1287 val_AccPaper=0.7500 val_BalAccMaj=0.7500
[01:35:58] fold2 ep 035 tr=0.0261 va=1.0618 val_AccPaper=0.7500 val_BalAccMaj=0.7500
[01:35:58] fold2 ep 036 tr=0.0298 va=1.0066 val_AccPaper=0.7500 val_BalAccMaj=0.7500
[01:35:58] fold2 ep 037 tr=0.0259 va=1.0258 val_AccPaper=0.7500 val_BalAccMaj=0.7500
[01:35:58] fold2 ep 038 tr=0.0220 va=1.0501 val_AccPaper=0.7500 val_BalAccMaj=0.7500
[01:35:58] fold2 ep 039 tr=0.0259 va=1.1307 val_AccPaper=0.8333 val_BalAccMaj=0.8333
[01:35:58] fold2 ep 040 tr=0.0247 va=1.0467 val_AccPaper=0.7500 val_BalAccMaj=0.7500
[01:35:58] fold2 ep 041 tr=0.0271 va=1.0778 val_AccPaper=0.7500 val_BalAccMaj=0.7500
[01:35:58]   early stop @ ep 41
[01:35:58] [eval_half] Acc_paper=0.8065 BalAcc_maj=0.8065 win_BalAcc=0.7542
[01:35:58] [sub03] shallow task fold3 ft_tr=1050 ft_va=252 eval=1302 full_model=True
[01:35:59] fold3 ep 001 tr=0.9980 va=0.8411 val_AccPaper=0.6667 val_BalAccMaj=0.6667
[01:35:59] fold3 ep 002 tr=0.5574 va=0.7871 val_AccPaper=0.7500 val_BalAccMaj=0.7500
[01:35:59] fold3 ep 003 tr=0.4173 va=0.8084 val_AccPaper=0.8333 val_BalAccMaj=0.8333
[01:35:59] fold3 ep 004 tr=0.3371 va=0.8666 val_AccPaper=0.7500 val_BalAccMaj=0.7500
[01:35:59] fold3 ep 005 tr=0.2787 va=0.8267 val_AccPaper=0.7500 val_BalAccMaj=0.7500
[01:35:59] fold3 ep 006 tr=0.2140 va=0.8710 val_AccPaper=0.8333 val_BalAccMaj=0.8333
[01:35:59] fold3 ep 007 tr=0.2233 va=0.8018 val_AccPaper=0.7500 val_BalAccMaj=0.7500
[01:35:59] fold3 ep 008 tr=0.1929 va=0.8046 val_AccPaper=0.7500 val_BalAccMaj=0.7500
[01:35:59] fold3 ep 009 tr=0.1512 va=0.8344 val_AccPaper=0.7500 val_BalAccMaj=0.7500
[01:36:00] fold3 ep 010 tr=0.1502 va=0.8520 val_AccPaper=0.8333 val_BalAccMaj=0.8333
[01:36:00] fold3 ep 011 tr=0.1407 va=0.8573 val_AccPaper=0.7500 val_BalAccMaj=0.7500
[01:36:00] fold3 ep 012 tr=0.1050 va=0.8582 val_AccPaper=0.7500 val_BalAccMaj=0.7500
[01:36:00] fold3 ep 013 tr=0.0957 va=0.9148 val_AccPaper=0.8333 val_BalAccMaj=0.8333
[01:36:00] fold3 ep 014 tr=0.1057 va=0.8296 val_AccPaper=0.8333 val_BalAccMaj=0.8333
[01:36:00] fold3 ep 015 tr=0.0958 va=0.8016 val_AccPaper=0.7500 val_BalAccMaj=0.7500
[01:36:00] fold3 ep 016 tr=0.0750 va=0.8544 val_AccPaper=0.8333 val_BalAccMaj=0.8333
[01:36:00] fold3 ep 017 tr=0.0825 va=0.9803 val_AccPaper=0.8333 val_BalAccMaj=0.8333
[01:36:00] fold3 ep 018 tr=0.0795 va=0.8576 val_AccPaper=0.7500 val_BalAccMaj=0.7500
[01:36:01] fold3 ep 019 tr=0.0723 va=0.9225 val_AccPaper=0.8333 val_BalAccMaj=0.8333
[01:36:01] fold3 ep 020 tr=0.0649 va=0.9247 val_AccPaper=0.7500 val_BalAccMaj=0.7500
[01:36:01] fold3 ep 021 tr=0.0728 va=0.8540 val_AccPaper=0.8333 val_BalAccMaj=0.8333
[01:36:01] fold3 ep 022 tr=0.0508 va=1.0171 val_AccPaper=0.8333 val_BalAccMaj=0.8333
[01:36:01] fold3 ep 023 tr=0.0591 va=0.9203 val_AccPaper=0.8333 val_BalAccMaj=0.8333
[01:36:01]   early stop @ ep 23
[01:36:01] [eval_half] Acc_paper=0.8065 BalAcc_maj=0.8065 win_BalAcc=0.7373
[01:36:01] [sub03] shallow task fold4 ft_tr=1050 ft_va=252 eval=1302 full_model=True
[01:36:01] fold4 ep 001 tr=0.8548 va=0.7058 val_AccPaper=0.7500 val_BalAccMaj=0.7500
[01:36:01] fold4 ep 002 tr=0.5420 va=0.6491 val_AccPaper=0.8333 val_BalAccMaj=0.8333
[01:36:02] fold4 ep 003 tr=0.4113 va=0.6447 val_AccPaper=0.8333 val_BalAccMaj=0.8333
[01:36:02] fold4 ep 004 tr=0.3467 va=0.6589 val_AccPaper=0.9167 val_BalAccMaj=0.9167
[01:36:02] fold4 ep 005 tr=0.2804 va=0.6287 val_AccPaper=0.8333 val_BalAccMaj=0.8333
[01:36:02] fold4 ep 006 tr=0.2386 va=0.6695 val_AccPaper=0.9167 val_BalAccMaj=0.9167
[01:36:02] fold4 ep 007 tr=0.2314 va=0.6770 val_AccPaper=0.8333 val_BalAccMaj=0.8333
[01:36:02] fold4 ep 008 tr=0.1875 va=0.6712 val_AccPaper=0.9167 val_BalAccMaj=0.9167
[01:36:02] fold4 ep 009 tr=0.1543 va=0.6452 val_AccPaper=0.9167 val_BalAccMaj=0.9167
[01:36:02] fold4 ep 010 tr=0.1462 va=0.7563 val_AccPaper=0.9167 val_BalAccMaj=0.9167
[01:36:02] fold4 ep 011 tr=0.1244 va=0.6991 val_AccPaper=0.9167 val_BalAccMaj=0.9167
[01:36:02] fold4 ep 012 tr=0.1218 va=0.7088 val_AccPaper=0.9167 val_BalAccMaj=0.9167
[01:36:03] fold4 ep 013 tr=0.1142 va=0.7126 val_AccPaper=0.9167 val_BalAccMaj=0.9167
[01:36:03] fold4 ep 014 tr=0.1039 va=0.7292 val_AccPaper=0.9167 val_BalAccMaj=0.9167
[01:36:03] fold4 ep 015 tr=0.0894 va=0.7022 val_AccPaper=0.9167 val_BalAccMaj=0.9167
[01:36:03] fold4 ep 016 tr=0.0923 va=0.6588 val_AccPaper=0.9167 val_BalAccMaj=0.9167
[01:36:03] fold4 ep 017 tr=0.0796 va=0.7331 val_AccPaper=0.9167 val_BalAccMaj=0.9167
[01:36:03] fold4 ep 018 tr=0.0777 va=0.7729 val_AccPaper=0.9167 val_BalAccMaj=0.9167
[01:36:03] fold4 ep 019 tr=0.0797 va=0.7301 val_AccPaper=0.9167 val_BalAccMaj=0.9167
[01:36:03] fold4 ep 020 tr=0.0737 va=0.8037 val_AccPaper=0.9167 val_BalAccMaj=0.9167
[01:36:04] fold4 ep 021 tr=0.0676 va=0.7095 val_AccPaper=0.9167 val_BalAccMaj=0.9167
[01:36:04] fold4 ep 022 tr=0.0636 va=0.7978 val_AccPaper=0.9167 val_BalAccMaj=0.9167
[01:36:04] fold4 ep 023 tr=0.0676 va=0.7763 val_AccPaper=0.9167 val_BalAccMaj=0.9167
[01:36:04] fold4 ep 024 tr=0.0591 va=0.8535 val_AccPaper=0.9167 val_BalAccMaj=0.9167
[01:36:04]   early stop @ ep 24
[01:36:04] [eval_half] Acc_paper=0.7742 BalAcc_maj=0.7742 win_BalAcc=0.7442
[01:36:04] [sub03] shallow three fold0 ft_tr=1050 ft_va=252 eval=1302 full_model=True
[01:36:04] fold0 ep 001 tr=1.4155 va=1.2093 val_AccPaper=0.3333 val_BalAccMaj=0.2778
[01:36:04] fold0 ep 002 tr=1.0717 va=1.0836 val_AccPaper=0.5000 val_BalAccMaj=0.5000
[01:36:04] fold0 ep 003 tr=0.8622 va=1.0530 val_AccPaper=0.4167 val_BalAccMaj=0.4444
[01:36:05] fold0 ep 004 tr=0.7609 va=1.0305 val_AccPaper=0.5000 val_BalAccMaj=0.5278
[01:36:05] fold0 ep 005 tr=0.6840 va=1.0325 val_AccPaper=0.4167 val_BalAccMaj=0.5278
[01:36:05] fold0 ep 006 tr=0.6098 va=0.9434 val_AccPaper=0.5833 val_BalAccMaj=0.6111
[01:36:05] fold0 ep 007 tr=0.5341 va=1.0042 val_AccPaper=0.5833 val_BalAccMaj=0.7222
[01:36:05] fold0 ep 008 tr=0.4943 va=0.9718 val_AccPaper=0.5000 val_BalAccMaj=0.7222
[01:36:05] fold0 ep 009 tr=0.4558 va=0.9493 val_AccPaper=0.5833 val_BalAccMaj=0.6667
[01:36:05] fold0 ep 010 tr=0.3854 va=0.9694 val_AccPaper=0.6667 val_BalAccMaj=0.7222
[01:36:05] fold0 ep 011 tr=0.3828 va=0.9673 val_AccPaper=0.6667 val_BalAccMaj=0.7222
[01:36:06] fold0 ep 012 tr=0.3271 va=0.9630 val_AccPaper=0.5833 val_BalAccMaj=0.6389
[01:36:06] fold0 ep 013 tr=0.3054 va=0.9950 val_AccPaper=0.6667 val_BalAccMaj=0.6667
[01:36:06] fold0 ep 014 tr=0.2604 va=0.9718 val_AccPaper=0.6667 val_BalAccMaj=0.6667
[01:36:06] fold0 ep 015 tr=0.2482 va=0.9762 val_AccPaper=0.6667 val_BalAccMaj=0.7222
[01:36:06] fold0 ep 016 tr=0.2329 va=0.9427 val_AccPaper=0.8333 val_BalAccMaj=0.7778
[01:36:06] fold0 ep 017 tr=0.2024 va=0.9869 val_AccPaper=0.7500 val_BalAccMaj=0.7778
[01:36:06] fold0 ep 018 tr=0.1885 va=1.0101 val_AccPaper=0.6667 val_BalAccMaj=0.7222
[01:36:06] fold0 ep 019 tr=0.1740 va=0.9594 val_AccPaper=0.8333 val_BalAccMaj=0.7778
[01:36:07] fold0 ep 020 tr=0.1590 va=1.0053 val_AccPaper=0.7500 val_BalAccMaj=0.7222
[01:36:07] fold0 ep 021 tr=0.1622 va=1.0237 val_AccPaper=0.5833 val_BalAccMaj=0.6389
[01:36:07] fold0 ep 022 tr=0.1530 va=1.0881 val_AccPaper=0.5000 val_BalAccMaj=0.5833
[01:36:07] fold0 ep 023 tr=0.1348 va=1.1380 val_AccPaper=0.6667 val_BalAccMaj=0.6389
[01:36:07] fold0 ep 024 tr=0.1273 va=1.1192 val_AccPaper=0.6667 val_BalAccMaj=0.6389
[01:36:07] fold0 ep 025 tr=0.1302 va=1.0488 val_AccPaper=0.5833 val_BalAccMaj=0.6389
[01:36:07] fold0 ep 026 tr=0.1072 va=1.0831 val_AccPaper=0.6667 val_BalAccMaj=0.6389
[01:36:07] fold0 ep 027 tr=0.1008 va=1.1218 val_AccPaper=0.6667 val_BalAccMaj=0.6389
[01:36:08] fold0 ep 028 tr=0.0910 va=1.0982 val_AccPaper=0.6667 val_BalAccMaj=0.6389
[01:36:08] fold0 ep 029 tr=0.1009 va=1.0745 val_AccPaper=0.6667 val_BalAccMaj=0.6389
[01:36:08] fold0 ep 030 tr=0.0888 va=1.1424 val_AccPaper=0.6667 val_BalAccMaj=0.6389
[01:36:08] fold0 ep 031 tr=0.0933 va=1.1427 val_AccPaper=0.6667 val_BalAccMaj=0.6389
[01:36:08] fold0 ep 032 tr=0.0739 va=1.1749 val_AccPaper=0.6667 val_BalAccMaj=0.6389
[01:36:08] fold0 ep 033 tr=0.0720 va=1.1479 val_AccPaper=0.6667 val_BalAccMaj=0.6389
[01:36:08] fold0 ep 034 tr=0.0818 va=1.1900 val_AccPaper=0.6667 val_BalAccMaj=0.6389
[01:36:08] fold0 ep 035 tr=0.0625 va=1.1566 val_AccPaper=0.6667 val_BalAccMaj=0.6389
[01:36:08] fold0 ep 036 tr=0.0649 va=1.2619 val_AccPaper=0.6667 val_BalAccMaj=0.6389
[01:36:08]   early stop @ ep 36
[01:36:09] [eval_half] Acc_paper=0.5645 BalAcc_maj=0.5414 win_BalAcc=0.5310
[01:36:09] [sub03] shallow three fold1 ft_tr=1050 ft_va=252 eval=1302 full_model=True
[01:36:09] fold1 ep 001 tr=1.5033 va=1.4092 val_AccPaper=0.5000 val_BalAccMaj=0.5278
[01:36:09] fold1 ep 002 tr=0.9471 va=1.3050 val_AccPaper=0.5000 val_BalAccMaj=0.5556
[01:36:09] fold1 ep 003 tr=0.7343 va=1.2581 val_AccPaper=0.5833 val_BalAccMaj=0.6389
[01:36:09] fold1 ep 004 tr=0.5418 va=1.2278 val_AccPaper=0.6667 val_BalAccMaj=0.6389
[01:36:09] fold1 ep 005 tr=0.4661 va=1.1838 val_AccPaper=0.6667 val_BalAccMaj=0.7222
[01:36:09] fold1 ep 006 tr=0.4026 va=1.0979 val_AccPaper=0.7500 val_BalAccMaj=0.7222
[01:36:10] fold1 ep 007 tr=0.3243 va=1.0862 val_AccPaper=0.7500 val_BalAccMaj=0.7222
[01:36:10] fold1 ep 008 tr=0.2989 va=1.0716 val_AccPaper=0.7500 val_BalAccMaj=0.7222
[01:36:10] fold1 ep 009 tr=0.2492 va=1.0977 val_AccPaper=0.7500 val_BalAccMaj=0.7222
[01:36:10] fold1 ep 010 tr=0.2461 va=1.0155 val_AccPaper=0.7500 val_BalAccMaj=0.7222
[01:36:10] fold1 ep 011 tr=0.2032 va=1.0314 val_AccPaper=0.7500 val_BalAccMaj=0.7222
[01:36:10] fold1 ep 012 tr=0.1852 va=1.0276 val_AccPaper=0.7500 val_BalAccMaj=0.7222
[01:36:10] fold1 ep 013 tr=0.1599 va=0.9785 val_AccPaper=0.7500 val_BalAccMaj=0.7222
[01:36:10] fold1 ep 014 tr=0.1503 va=0.9842 val_AccPaper=0.7500 val_BalAccMaj=0.7222
[01:36:10] fold1 ep 015 tr=0.1392 va=0.9157 val_AccPaper=0.7500 val_BalAccMaj=0.7222
[01:36:11] fold1 ep 016 tr=0.1247 va=0.9529 val_AccPaper=0.7500 val_BalAccMaj=0.7222
[01:36:11] fold1 ep 017 tr=0.1240 va=0.9631 val_AccPaper=0.7500 val_BalAccMaj=0.7222
[01:36:11] fold1 ep 018 tr=0.1160 va=0.9199 val_AccPaper=0.8333 val_BalAccMaj=0.7778
[01:36:11] fold1 ep 019 tr=0.1191 va=0.9745 val_AccPaper=0.8333 val_BalAccMaj=0.7778
[01:36:11] fold1 ep 020 tr=0.1187 va=1.0337 val_AccPaper=0.8333 val_BalAccMaj=0.7778
[01:36:11] fold1 ep 021 tr=0.0891 va=1.0357 val_AccPaper=0.8333 val_BalAccMaj=0.7778
[01:36:11] fold1 ep 022 tr=0.0914 va=0.9748 val_AccPaper=0.8333 val_BalAccMaj=0.7778
[01:36:11] fold1 ep 023 tr=0.0997 va=0.9654 val_AccPaper=0.8333 val_BalAccMaj=0.7778
[01:36:12] fold1 ep 024 tr=0.0829 va=0.9983 val_AccPaper=0.8333 val_BalAccMaj=0.7778
[01:36:12] fold1 ep 025 tr=0.0840 va=0.9748 val_AccPaper=0.8333 val_BalAccMaj=0.7778
[01:36:12] fold1 ep 026 tr=0.0641 va=1.0019 val_AccPaper=0.8333 val_BalAccMaj=0.7778
[01:36:12] fold1 ep 027 tr=0.0805 va=0.9523 val_AccPaper=0.8333 val_BalAccMaj=0.7778
[01:36:12] fold1 ep 028 tr=0.0633 va=0.9406 val_AccPaper=0.8333 val_BalAccMaj=0.7778
[01:36:12] fold1 ep 029 tr=0.0546 va=1.0149 val_AccPaper=0.8333 val_BalAccMaj=0.7778
[01:36:12] fold1 ep 030 tr=0.0618 va=1.0071 val_AccPaper=0.8333 val_BalAccMaj=0.7778
[01:36:12] fold1 ep 031 tr=0.0508 va=1.0175 val_AccPaper=0.8333 val_BalAccMaj=0.7778
[01:36:13] fold1 ep 032 tr=0.0518 va=0.9550 val_AccPaper=0.8333 val_BalAccMaj=0.7778
[01:36:13] fold1 ep 033 tr=0.0482 va=0.9845 val_AccPaper=0.8333 val_BalAccMaj=0.7778
[01:36:13] fold1 ep 034 tr=0.0583 va=1.1376 val_AccPaper=0.8333 val_BalAccMaj=0.7778
[01:36:13] fold1 ep 035 tr=0.0450 va=1.0724 val_AccPaper=0.8333 val_BalAccMaj=0.7778
[01:36:13] fold1 ep 036 tr=0.0477 va=1.0570 val_AccPaper=0.8333 val_BalAccMaj=0.7778
[01:36:13] fold1 ep 037 tr=0.0451 va=1.0583 val_AccPaper=0.8333 val_BalAccMaj=0.7778
[01:36:13] fold1 ep 038 tr=0.0405 va=1.1032 val_AccPaper=0.8333 val_BalAccMaj=0.7778
[01:36:13]   early stop @ ep 38
[01:36:13] [eval_half] Acc_paper=0.5806 BalAcc_maj=0.5407 win_BalAcc=0.5206
[01:36:13] [sub03] shallow three fold2 ft_tr=1050 ft_va=252 eval=1302 full_model=True
[01:36:14] fold2 ep 001 tr=1.2015 va=1.2215 val_AccPaper=0.5000 val_BalAccMaj=0.5278
[01:36:14] fold2 ep 002 tr=0.8958 va=1.1732 val_AccPaper=0.5833 val_BalAccMaj=0.5833
[01:36:14] fold2 ep 003 tr=0.6467 va=1.1284 val_AccPaper=0.5833 val_BalAccMaj=0.5833
[01:36:14] fold2 ep 004 tr=0.5730 va=1.1186 val_AccPaper=0.5000 val_BalAccMaj=0.5000
[01:36:14] fold2 ep 005 tr=0.4868 va=1.0878 val_AccPaper=0.5000 val_BalAccMaj=0.6389
[01:36:14] fold2 ep 006 tr=0.4336 va=1.1192 val_AccPaper=0.5833 val_BalAccMaj=0.6389
[01:36:14] fold2 ep 007 tr=0.3825 va=1.1216 val_AccPaper=0.5833 val_BalAccMaj=0.6389
[01:36:14] fold2 ep 008 tr=0.3536 va=1.0870 val_AccPaper=0.6667 val_BalAccMaj=0.6389
[01:36:15] fold2 ep 009 tr=0.2782 va=1.0673 val_AccPaper=0.6667 val_BalAccMaj=0.6389
[01:36:15] fold2 ep 010 tr=0.2641 va=1.0014 val_AccPaper=0.6667 val_BalAccMaj=0.6389
[01:36:15] fold2 ep 011 tr=0.2313 va=0.9767 val_AccPaper=0.6667 val_BalAccMaj=0.6389
[01:36:15] fold2 ep 012 tr=0.2195 va=1.0047 val_AccPaper=0.7500 val_BalAccMaj=0.7222
[01:36:15] fold2 ep 013 tr=0.1968 va=1.0075 val_AccPaper=0.6667 val_BalAccMaj=0.6389
[01:36:15] fold2 ep 014 tr=0.1784 va=1.0320 val_AccPaper=0.7500 val_BalAccMaj=0.6944
[01:36:15] fold2 ep 015 tr=0.1618 va=1.0543 val_AccPaper=0.7500 val_BalAccMaj=0.6944
[01:36:15] fold2 ep 016 tr=0.1463 va=1.0352 val_AccPaper=0.7500 val_BalAccMaj=0.7222
[01:36:16] fold2 ep 017 tr=0.1286 va=0.9893 val_AccPaper=0.8333 val_BalAccMaj=0.7778
[01:36:16] fold2 ep 018 tr=0.1214 va=0.9836 val_AccPaper=0.8333 val_BalAccMaj=0.7778
[01:36:16] fold2 ep 019 tr=0.1357 va=1.0284 val_AccPaper=0.7500 val_BalAccMaj=0.7222
[01:36:16] fold2 ep 020 tr=0.1163 va=1.0411 val_AccPaper=0.6667 val_BalAccMaj=0.6389
[01:36:16] fold2 ep 021 tr=0.1042 va=1.0586 val_AccPaper=0.7500 val_BalAccMaj=0.7222
[01:36:16] fold2 ep 022 tr=0.0955 va=1.0768 val_AccPaper=0.6667 val_BalAccMaj=0.6389
[01:36:16] fold2 ep 023 tr=0.0895 va=1.0876 val_AccPaper=0.7500 val_BalAccMaj=0.6944
[01:36:16] fold2 ep 024 tr=0.1035 va=1.0473 val_AccPaper=0.6667 val_BalAccMaj=0.6389
[01:36:16] fold2 ep 025 tr=0.0813 va=1.0421 val_AccPaper=0.6667 val_BalAccMaj=0.6389
[01:36:17] fold2 ep 026 tr=0.0858 va=1.0605 val_AccPaper=0.6667 val_BalAccMaj=0.6389
[01:36:17] fold2 ep 027 tr=0.0678 va=1.1350 val_AccPaper=0.6667 val_BalAccMaj=0.6389
[01:36:17] fold2 ep 028 tr=0.0627 va=1.1083 val_AccPaper=0.6667 val_BalAccMaj=0.6389
[01:36:17] fold2 ep 029 tr=0.0759 va=1.0916 val_AccPaper=0.6667 val_BalAccMaj=0.6389
[01:36:17] fold2 ep 030 tr=0.0660 va=1.1091 val_AccPaper=0.6667 val_BalAccMaj=0.6389
[01:36:17] fold2 ep 031 tr=0.0652 va=1.1350 val_AccPaper=0.7500 val_BalAccMaj=0.6944
[01:36:17] fold2 ep 032 tr=0.0566 va=1.1253 val_AccPaper=0.6667 val_BalAccMaj=0.6389
[01:36:17] fold2 ep 033 tr=0.0503 va=1.2505 val_AccPaper=0.6667 val_BalAccMaj=0.6389
[01:36:17] fold2 ep 034 tr=0.0555 va=1.1747 val_AccPaper=0.6667 val_BalAccMaj=0.6389
[01:36:18] fold2 ep 035 tr=0.0486 va=1.2570 val_AccPaper=0.6667 val_BalAccMaj=0.6389
[01:36:18] fold2 ep 036 tr=0.0618 va=1.2101 val_AccPaper=0.6667 val_BalAccMaj=0.6389
[01:36:18] fold2 ep 037 tr=0.0448 va=1.2506 val_AccPaper=0.7500 val_BalAccMaj=0.6944
[01:36:18]   early stop @ ep 37
[01:36:18] [eval_half] Acc_paper=0.5484 BalAcc_maj=0.5084 win_BalAcc=0.5208
[01:36:18] [sub03] shallow three fold3 ft_tr=1050 ft_va=252 eval=1302 full_model=True
[01:36:18] fold3 ep 001 tr=1.3278 va=1.1601 val_AccPaper=0.4167 val_BalAccMaj=0.4444
[01:36:18] fold3 ep 002 tr=0.8971 va=1.0735 val_AccPaper=0.5833 val_BalAccMaj=0.6667
[01:36:18] fold3 ep 003 tr=0.7365 va=1.0080 val_AccPaper=0.5833 val_BalAccMaj=0.7222
[01:36:18] fold3 ep 004 tr=0.6084 va=1.0835 val_AccPaper=0.6667 val_BalAccMaj=0.8056
[01:36:19] fold3 ep 005 tr=0.5218 va=1.0176 val_AccPaper=0.8333 val_BalAccMaj=0.8611
[01:36:19] fold3 ep 006 tr=0.4392 va=1.0109 val_AccPaper=0.8333 val_BalAccMaj=0.8611
[01:36:19] fold3 ep 007 tr=0.3630 va=0.9884 val_AccPaper=0.8333 val_BalAccMaj=0.8611
[01:36:19] fold3 ep 008 tr=0.3543 va=1.0295 val_AccPaper=0.7500 val_BalAccMaj=0.8056
[01:36:19] fold3 ep 009 tr=0.2824 va=1.0302 val_AccPaper=0.7500 val_BalAccMaj=0.8056
[01:36:19] fold3 ep 010 tr=0.2577 va=0.9339 val_AccPaper=0.7500 val_BalAccMaj=0.6944
[01:36:19] fold3 ep 011 tr=0.2287 va=0.9560 val_AccPaper=0.7500 val_BalAccMaj=0.6944
[01:36:19] fold3 ep 012 tr=0.2286 va=0.9765 val_AccPaper=0.7500 val_BalAccMaj=0.6944
[01:36:20] fold3 ep 013 tr=0.2000 va=0.9697 val_AccPaper=0.6667 val_BalAccMaj=0.6389
[01:36:20] fold3 ep 014 tr=0.1876 va=0.9300 val_AccPaper=0.7500 val_BalAccMaj=0.6944
[01:36:20] fold3 ep 015 tr=0.1645 va=0.8799 val_AccPaper=0.7500 val_BalAccMaj=0.6944
[01:36:20] fold3 ep 016 tr=0.1744 va=0.8628 val_AccPaper=0.7500 val_BalAccMaj=0.6944
[01:36:20] fold3 ep 017 tr=0.1593 va=0.9204 val_AccPaper=0.6667 val_BalAccMaj=0.6389
[01:36:20] fold3 ep 018 tr=0.1341 va=0.9396 val_AccPaper=0.6667 val_BalAccMaj=0.6389
[01:36:20] fold3 ep 019 tr=0.1371 va=0.9117 val_AccPaper=0.7500 val_BalAccMaj=0.6944
[01:36:21] fold3 ep 020 tr=0.1213 va=0.9641 val_AccPaper=0.6667 val_BalAccMaj=0.6389
[01:36:21] fold3 ep 021 tr=0.1084 va=0.8910 val_AccPaper=0.6667 val_BalAccMaj=0.6389
[01:36:21] fold3 ep 022 tr=0.0904 va=1.0089 val_AccPaper=0.6667 val_BalAccMaj=0.6389
[01:36:21] fold3 ep 023 tr=0.1015 va=0.9604 val_AccPaper=0.7500 val_BalAccMaj=0.6944
[01:36:21] fold3 ep 024 tr=0.0954 va=0.8917 val_AccPaper=0.7500 val_BalAccMaj=0.6944
[01:36:21] fold3 ep 025 tr=0.0836 va=0.8946 val_AccPaper=0.7500 val_BalAccMaj=0.6944
[01:36:21]   early stop @ ep 25
[01:36:21] [eval_half] Acc_paper=0.5161 BalAcc_maj=0.4998 win_BalAcc=0.4801
[01:36:21] [sub03] shallow three fold4 ft_tr=1050 ft_va=252 eval=1302 full_model=True
[01:36:21] fold4 ep 001 tr=1.2912 va=1.1118 val_AccPaper=0.3333 val_BalAccMaj=0.5278
[01:36:22] fold4 ep 002 tr=0.9446 va=1.0214 val_AccPaper=0.5833 val_BalAccMaj=0.6389
[01:36:22] fold4 ep 003 tr=0.7536 va=0.9895 val_AccPaper=0.5833 val_BalAccMaj=0.8056
[01:36:22] fold4 ep 004 tr=0.6784 va=0.8784 val_AccPaper=0.7500 val_BalAccMaj=0.8056
[01:36:22] fold4 ep 005 tr=0.5878 va=0.8720 val_AccPaper=0.8333 val_BalAccMaj=0.9444
[01:36:22] fold4 ep 006 tr=0.5284 va=0.8911 val_AccPaper=0.7500 val_BalAccMaj=0.7778
[01:36:22] fold4 ep 007 tr=0.4617 va=0.8315 val_AccPaper=0.8333 val_BalAccMaj=0.7778
[01:36:22] fold4 ep 008 tr=0.4658 va=0.8160 val_AccPaper=0.8333 val_BalAccMaj=0.7778
[01:36:22] fold4 ep 009 tr=0.3506 va=0.8103 val_AccPaper=0.8333 val_BalAccMaj=0.7778
[01:36:23] fold4 ep 010 tr=0.3561 va=0.8138 val_AccPaper=0.8333 val_BalAccMaj=0.7778
[01:36:23] fold4 ep 011 tr=0.3080 va=0.8588 val_AccPaper=0.8333 val_BalAccMaj=0.7778
[01:36:23] fold4 ep 012 tr=0.2876 va=0.8032 val_AccPaper=0.7500 val_BalAccMaj=0.6944
[01:36:23] fold4 ep 013 tr=0.2499 va=0.8067 val_AccPaper=0.7500 val_BalAccMaj=0.7222
[01:36:23] fold4 ep 014 tr=0.2202 va=0.7739 val_AccPaper=0.8333 val_BalAccMaj=0.7778
[01:36:23] fold4 ep 015 tr=0.2046 va=0.7349 val_AccPaper=0.7500 val_BalAccMaj=0.6944
[01:36:23] fold4 ep 016 tr=0.1940 va=0.7998 val_AccPaper=0.6667 val_BalAccMaj=0.6389
[01:36:23] fold4 ep 017 tr=0.1676 va=0.7720 val_AccPaper=0.6667 val_BalAccMaj=0.6389
[01:36:24] fold4 ep 018 tr=0.1639 va=0.8274 val_AccPaper=0.6667 val_BalAccMaj=0.6389
[01:36:24] fold4 ep 019 tr=0.1631 va=0.8427 val_AccPaper=0.6667 val_BalAccMaj=0.6389
[01:36:24] fold4 ep 020 tr=0.1575 va=0.8273 val_AccPaper=0.6667 val_BalAccMaj=0.6389
[01:36:24] fold4 ep 021 tr=0.1337 va=0.8155 val_AccPaper=0.6667 val_BalAccMaj=0.6389
[01:36:24] fold4 ep 022 tr=0.1138 va=0.8546 val_AccPaper=0.6667 val_BalAccMaj=0.6389
[01:36:24] fold4 ep 023 tr=0.1234 va=0.8367 val_AccPaper=0.6667 val_BalAccMaj=0.6389
[01:36:24] fold4 ep 024 tr=0.1145 va=0.8409 val_AccPaper=0.7500 val_BalAccMaj=0.6944
[01:36:24] fold4 ep 025 tr=0.1088 va=0.7940 val_AccPaper=0.7500 val_BalAccMaj=0.6944
[01:36:24]   early stop @ ep 25
[01:36:24] [eval_half] Acc_paper=0.5645 BalAcc_maj=0.5178 win_BalAcc=0.5148
[01:36:24] done -> D:\cyy\MI\资料\伪在线实验\02_微调_前半训后半评\results\20260805_013452_shallow_game_ft_half
