start arm=T1 device=cuda n_classes=3 y_counts={0: 91800, 1: 91800, 2: 91800} pf_protocol_version=3 no_rest=False
[T1] §3.2.1 future-perturb ratio=112.016
fold0 ep 001  tr=3.4427  val_AccPaper=0.5237  val_BalAccMaj=0.5274  win_BalAcc=0.5195  win_f1_macro=0.5169
fold0 ep 002  tr=2.9200  val_AccPaper=0.5478  val_BalAccMaj=0.5515  win_BalAcc=0.5393  win_f1_macro=0.5368
fold0 ep 003  tr=2.7419  val_AccPaper=0.5444  val_BalAccMaj=0.5500  win_BalAcc=0.5394  win_f1_macro=0.5366
fold0 ep 004  tr=2.6702  val_AccPaper=0.5530  val_BalAccMaj=0.5578  win_BalAcc=0.5458  win_f1_macro=0.5435
fold0 ep 005  tr=2.6246  val_AccPaper=0.5511  val_BalAccMaj=0.5563  win_BalAcc=0.5527  win_f1_macro=0.5538
fold0 ep 006  tr=2.6013  val_AccPaper=0.5522  val_BalAccMaj=0.5593  win_BalAcc=0.5505  win_f1_macro=0.5500
fold0 ep 007  tr=2.5882  val_AccPaper=0.5589  val_BalAccMaj=0.5637  win_BalAcc=0.5529  win_f1_macro=0.5532
fold0 ep 008  tr=2.5729  val_AccPaper=0.5581  val_BalAccMaj=0.5637  win_BalAcc=0.5553  win_f1_macro=0.5558
fold0 ep 009  tr=2.5640  val_AccPaper=0.5589  val_BalAccMaj=0.5637  win_BalAcc=0.5546  win_f1_macro=0.5554
fold0 ep 010  tr=2.5508  val_AccPaper=0.5552  val_BalAccMaj=0.5600  win_BalAcc=0.5559  win_f1_macro=0.5571
fold0 ep 011  tr=2.5491  val_AccPaper=0.5581  val_BalAccMaj=0.5633  win_BalAcc=0.5530  win_f1_macro=0.5532
fold0 ep 012  tr=2.5360  val_AccPaper=0.5563  val_BalAccMaj=0.5619  win_BalAcc=0.5546  win_f1_macro=0.5550
fold0 ep 013  tr=2.5300  val_AccPaper=0.5615  val_BalAccMaj=0.5670  win_BalAcc=0.5540  win_f1_macro=0.5540
fold0 ep 014  tr=2.5208  val_AccPaper=0.5637  val_BalAccMaj=0.5674  win_BalAcc=0.5588  win_f1_macro=0.5596
fold0 ep 015  tr=2.5142  val_AccPaper=0.5615  val_BalAccMaj=0.5652  win_BalAcc=0.5576  win_f1_macro=0.5587
fold0 ep 016  tr=2.5096  val_AccPaper=0.5578  val_BalAccMaj=0.5619  win_BalAcc=0.5555  win_f1_macro=0.5567
fold0 ep 017  tr=2.5116  val_AccPaper=0.5626  val_BalAccMaj=0.5678  win_BalAcc=0.5567  win_f1_macro=0.5576
fold0 ep 018  tr=2.5027  val_AccPaper=0.5630  val_BalAccMaj=0.5663  win_BalAcc=0.5567  win_f1_macro=0.5578
fold0 ep 019  tr=2.4944  val_AccPaper=0.5467  val_BalAccMaj=0.5541  win_BalAcc=0.5531  win_f1_macro=0.5541
fold0 ep 020  tr=2.4899  val_AccPaper=0.5585  val_BalAccMaj=0.5630  win_BalAcc=0.5574  win_f1_macro=0.5587
fold0 ep 021  tr=2.4889  val_AccPaper=0.5589  val_BalAccMaj=0.5633  win_BalAcc=0.5539  win_f1_macro=0.5538
fold0 ep 022  tr=2.4718  val_AccPaper=0.5626  val_BalAccMaj=0.5700  win_BalAcc=0.5580  win_f1_macro=0.5589
fold0 ep 023  tr=2.4718  val_AccPaper=0.5626  val_BalAccMaj=0.5700  win_BalAcc=0.5600  win_f1_macro=0.5610
fold0 ep 024  tr=2.4707  val_AccPaper=0.5607  val_BalAccMaj=0.5667  win_BalAcc=0.5549  win_f1_macro=0.5558
fold0 ep 025  tr=2.4620  val_AccPaper=0.5585  val_BalAccMaj=0.5637  win_BalAcc=0.5578  win_f1_macro=0.5590
fold0 ep 026  tr=2.4621  val_AccPaper=0.5578  val_BalAccMaj=0.5607  win_BalAcc=0.5521  win_f1_macro=0.5532
fold0 ep 027  tr=2.4572  val_AccPaper=0.5604  val_BalAccMaj=0.5652  win_BalAcc=0.5566  win_f1_macro=0.5576
fold0 ep 028  tr=2.4551  val_AccPaper=0.5615  val_BalAccMaj=0.5663  win_BalAcc=0.5600  win_f1_macro=0.5610
fold0 ep 029  tr=2.4382  val_AccPaper=0.5652  val_BalAccMaj=0.5693  win_BalAcc=0.5571  win_f1_macro=0.5582
fold0 ep 030  tr=2.4393  val_AccPaper=0.5548  val_BalAccMaj=0.5607  win_BalAcc=0.5539  win_f1_macro=0.5551
fold0 ep 031  tr=2.4320  val_AccPaper=0.5611  val_BalAccMaj=0.5667  win_BalAcc=0.5540  win_f1_macro=0.5550
fold0 ep 032  tr=2.4315  val_AccPaper=0.5567  val_BalAccMaj=0.5622  win_BalAcc=0.5536  win_f1_macro=0.5545
fold0 ep 033  tr=2.4296  val_AccPaper=0.5544  val_BalAccMaj=0.5615  win_BalAcc=0.5529  win_f1_macro=0.5529
fold0 ep 034  tr=2.4239  val_AccPaper=0.5563  val_BalAccMaj=0.5607  win_BalAcc=0.5566  win_f1_macro=0.5576
fold0 ep 035  tr=2.4197  val_AccPaper=0.5467  val_BalAccMaj=0.5530  win_BalAcc=0.5489  win_f1_macro=0.5494
fold0 ep 036  tr=2.4133  val_AccPaper=0.5544  val_BalAccMaj=0.5596  win_BalAcc=0.5502  win_f1_macro=0.5506
fold0 ep 037  tr=2.4136  val_AccPaper=0.5448  val_BalAccMaj=0.5493  win_BalAcc=0.5464  win_f1_macro=0.5471
fold0 ep 038  tr=2.4102  val_AccPaper=0.5607  val_BalAccMaj=0.5670  win_BalAcc=0.5530  win_f1_macro=0.5530
fold0 ep 039  tr=2.4057  val_AccPaper=0.5533  val_BalAccMaj=0.5585  win_BalAcc=0.5544  win_f1_macro=0.5555
fold0 ep 040  tr=2.4040  val_AccPaper=0.5478  val_BalAccMaj=0.5530  win_BalAcc=0.5460  win_f1_macro=0.5467
fold0 ep 041  tr=2.4020  val_AccPaper=0.5570  val_BalAccMaj=0.5637  win_BalAcc=0.5526  win_f1_macro=0.5530
fold0 ep 042  tr=2.3959  val_AccPaper=0.5533  val_BalAccMaj=0.5604  win_BalAcc=0.5496  win_f1_macro=0.5502
fold0 ep 043  tr=2.3981  val_AccPaper=0.5596  val_BalAccMaj=0.5641  win_BalAcc=0.5507  win_f1_macro=0.5515
fold0 ep 044  tr=2.3938  val_AccPaper=0.5537  val_BalAccMaj=0.5589  win_BalAcc=0.5518  win_f1_macro=0.5523
fold0 ep 045  tr=2.3866  val_AccPaper=0.5541  val_BalAccMaj=0.5600  win_BalAcc=0.5521  win_f1_macro=0.5529
fold0 ep 046  tr=2.3895  val_AccPaper=0.5604  val_BalAccMaj=0.5670  win_BalAcc=0.5551  win_f1_macro=0.5561
fold0 ep 047  tr=2.3783  val_AccPaper=0.5530  val_BalAccMaj=0.5604  win_BalAcc=0.5480  win_f1_macro=0.5483
fold0 ep 048  tr=2.3781  val_AccPaper=0.5519  val_BalAccMaj=0.5600  win_BalAcc=0.5490  win_f1_macro=0.5498
fold0 ep 049  tr=2.3751  val_AccPaper=0.5552  val_BalAccMaj=0.5596  win_BalAcc=0.5513  win_f1_macro=0.5518
fold0 early stop @ ep 49
fold1 ep 001  tr=3.4381  val_AccPaper=0.5359  val_BalAccMaj=0.5411  win_BalAcc=0.5327  win_f1_macro=0.5208
fold1 ep 002  tr=2.9721  val_AccPaper=0.5452  val_BalAccMaj=0.5507  win_BalAcc=0.5443  win_f1_macro=0.5390
fold1 ep 003  tr=2.8155  val_AccPaper=0.5300  val_BalAccMaj=0.5356  win_BalAcc=0.5287  win_f1_macro=0.5168
fold1 ep 004  tr=2.7473  val_AccPaper=0.5589  val_BalAccMaj=0.5644  win_BalAcc=0.5512  win_f1_macro=0.5478
fold1 ep 005  tr=2.6927  val_AccPaper=0.5611  val_BalAccMaj=0.5656  win_BalAcc=0.5533  win_f1_macro=0.5495
fold1 ep 006  tr=2.6748  val_AccPaper=0.5596  val_BalAccMaj=0.5644  win_BalAcc=0.5546  win_f1_macro=0.5510
fold1 ep 007  tr=2.6557  val_AccPaper=0.5559  val_BalAccMaj=0.5626  win_BalAcc=0.5516  win_f1_macro=0.5459
fold1 ep 008  tr=2.6350  val_AccPaper=0.5496  val_BalAccMaj=0.5548  win_BalAcc=0.5477  win_f1_macro=0.5415
fold1 ep 009  tr=2.6232  val_AccPaper=0.5548  val_BalAccMaj=0.5615  win_BalAcc=0.5530  win_f1_macro=0.5483
fold1 ep 010  tr=2.6089  val_AccPaper=0.5611  val_BalAccMaj=0.5678  win_BalAcc=0.5615  win_f1_macro=0.5588
fold1 ep 011  tr=2.6126  val_AccPaper=0.5589  val_BalAccMaj=0.5670  win_BalAcc=0.5565  win_f1_macro=0.5528
fold1 ep 012  tr=2.6125  val_AccPaper=0.5681  val_BalAccMaj=0.5759  win_BalAcc=0.5624  win_f1_macro=0.5598
fold1 ep 013  tr=2.5987  val_AccPaper=0.5604  val_BalAccMaj=0.5663  win_BalAcc=0.5606  win_f1_macro=0.5576
fold1 ep 014  tr=2.5868  val_AccPaper=0.5493  val_BalAccMaj=0.5567  win_BalAcc=0.5537  win_f1_macro=0.5509
fold1 ep 015  tr=2.5821  val_AccPaper=0.5689  val_BalAccMaj=0.5763  win_BalAcc=0.5666  win_f1_macro=0.5647
fold1 ep 016  tr=2.5796  val_AccPaper=0.5656  val_BalAccMaj=0.5733  win_BalAcc=0.5643  win_f1_macro=0.5631
fold1 ep 017  tr=2.5632  val_AccPaper=0.5600  val_BalAccMaj=0.5648  win_BalAcc=0.5575  win_f1_macro=0.5549
fold1 ep 018  tr=2.5630  val_AccPaper=0.5741  val_BalAccMaj=0.5800  win_BalAcc=0.5689  win_f1_macro=0.5678
fold1 ep 019  tr=2.5579  val_AccPaper=0.5756  val_BalAccMaj=0.5822  win_BalAcc=0.5700  win_f1_macro=0.5694
fold1 ep 020  tr=2.5517  val_AccPaper=0.5522  val_BalAccMaj=0.5615  win_BalAcc=0.5545  win_f1_macro=0.5524
fold1 ep 021  tr=2.5487  val_AccPaper=0.5567  val_BalAccMaj=0.5652  win_BalAcc=0.5602  win_f1_macro=0.5587
fold1 ep 022  tr=2.5400  val_AccPaper=0.5619  val_BalAccMaj=0.5711  win_BalAcc=0.5596  win_f1_macro=0.5571
fold1 ep 023  tr=2.5475  val_AccPaper=0.5578  val_BalAccMaj=0.5648  win_BalAcc=0.5606  win_f1_macro=0.5568
fold1 ep 024  tr=2.5375  val_AccPaper=0.5670  val_BalAccMaj=0.5744  win_BalAcc=0.5681  win_f1_macro=0.5673
fold1 ep 025  tr=2.5302  val_AccPaper=0.5552  val_BalAccMaj=0.5637  win_BalAcc=0.5585  win_f1_macro=0.5554
fold1 ep 026  tr=2.5271  val_AccPaper=0.5589  val_BalAccMaj=0.5659  win_BalAcc=0.5595  win_f1_macro=0.5574
fold1 ep 027  tr=2.5181  val_AccPaper=0.5574  val_BalAccMaj=0.5667  win_BalAcc=0.5582  win_f1_macro=0.5553
fold1 ep 028  tr=2.5254  val_AccPaper=0.5707  val_BalAccMaj=0.5793  win_BalAcc=0.5686  win_f1_macro=0.5678
fold1 ep 029  tr=2.5152  val_AccPaper=0.5522  val_BalAccMaj=0.5604  win_BalAcc=0.5553  win_f1_macro=0.5526
fold1 ep 030  tr=2.5100  val_AccPaper=0.5422  val_BalAccMaj=0.5519  win_BalAcc=0.5495  win_f1_macro=0.5448
fold1 ep 031  tr=2.5100  val_AccPaper=0.5589  val_BalAccMaj=0.5670  win_BalAcc=0.5579  win_f1_macro=0.5557
fold1 ep 032  tr=2.5050  val_AccPaper=0.5711  val_BalAccMaj=0.5774  win_BalAcc=0.5704  win_f1_macro=0.5699
fold1 ep 033  tr=2.5006  val_AccPaper=0.5633  val_BalAccMaj=0.5700  win_BalAcc=0.5617  win_f1_macro=0.5601
fold1 ep 034  tr=2.5041  val_AccPaper=0.5507  val_BalAccMaj=0.5563  win_BalAcc=0.5515  win_f1_macro=0.5490
fold1 ep 035  tr=2.5012  val_AccPaper=0.5556  val_BalAccMaj=0.5659  win_BalAcc=0.5553  win_f1_macro=0.5545
fold1 ep 036  tr=2.4908  val_AccPaper=0.5652  val_BalAccMaj=0.5741  win_BalAcc=0.5611  win_f1_macro=0.5598
fold1 ep 037  tr=2.4907  val_AccPaper=0.5448  val_BalAccMaj=0.5519  win_BalAcc=0.5488  win_f1_macro=0.5464
fold1 ep 038  tr=2.4893  val_AccPaper=0.5578  val_BalAccMaj=0.5633  win_BalAcc=0.5574  win_f1_macro=0.5566
fold1 ep 039  tr=2.4866  val_AccPaper=0.5596  val_BalAccMaj=0.5637  win_BalAcc=0.5542  win_f1_macro=0.5535
fold1 early stop @ ep 39
fold2 ep 001  tr=3.3722  val_AccPaper=0.5085  val_BalAccMaj=0.5133  win_BalAcc=0.5091  win_f1_macro=0.5091
fold2 ep 002  tr=2.8844  val_AccPaper=0.5230  val_BalAccMaj=0.5296  win_BalAcc=0.5193  win_f1_macro=0.5187
fold2 ep 003  tr=2.7423  val_AccPaper=0.5396  val_BalAccMaj=0.5459  win_BalAcc=0.5334  win_f1_macro=0.5341
fold2 ep 004  tr=2.6580  val_AccPaper=0.5467  val_BalAccMaj=0.5515  win_BalAcc=0.5392  win_f1_macro=0.5400
fold2 ep 005  tr=2.6124  val_AccPaper=0.5359  val_BalAccMaj=0.5407  win_BalAcc=0.5326  win_f1_macro=0.5333
fold2 ep 006  tr=2.5897  val_AccPaper=0.5415  val_BalAccMaj=0.5463  win_BalAcc=0.5315  win_f1_macro=0.5318
fold2 ep 007  tr=2.5678  val_AccPaper=0.5415  val_BalAccMaj=0.5452  win_BalAcc=0.5376  win_f1_macro=0.5361
fold2 ep 008  tr=2.5644  val_AccPaper=0.5341  val_BalAccMaj=0.5389  win_BalAcc=0.5322  win_f1_macro=0.5328
fold2 ep 009  tr=2.5520  val_AccPaper=0.5370  val_BalAccMaj=0.5411  win_BalAcc=0.5307  win_f1_macro=0.5308
fold2 ep 010  tr=2.5423  val_AccPaper=0.5367  val_BalAccMaj=0.5407  win_BalAcc=0.5318  win_f1_macro=0.5321
fold2 ep 011  tr=2.5316  val_AccPaper=0.5367  val_BalAccMaj=0.5426  win_BalAcc=0.5320  win_f1_macro=0.5322
fold2 ep 012  tr=2.5225  val_AccPaper=0.5359  val_BalAccMaj=0.5400  win_BalAcc=0.5302  win_f1_macro=0.5305
fold2 ep 013  tr=2.5148  val_AccPaper=0.5337  val_BalAccMaj=0.5381  win_BalAcc=0.5293  win_f1_macro=0.5291
fold2 ep 014  tr=2.5087  val_AccPaper=0.5400  val_BalAccMaj=0.5452  win_BalAcc=0.5324  win_f1_macro=0.5324
fold2 ep 015  tr=2.5011  val_AccPaper=0.5389  val_BalAccMaj=0.5433  win_BalAcc=0.5298  win_f1_macro=0.5298
fold2 ep 016  tr=2.4920  val_AccPaper=0.5326  val_BalAccMaj=0.5396  win_BalAcc=0.5316  win_f1_macro=0.5317
fold2 ep 017  tr=2.4826  val_AccPaper=0.5378  val_BalAccMaj=0.5444  win_BalAcc=0.5351  win_f1_macro=0.5356
fold2 ep 018  tr=2.4728  val_AccPaper=0.5415  val_BalAccMaj=0.5481  win_BalAcc=0.5342  win_f1_macro=0.5327
fold2 ep 019  tr=2.4745  val_AccPaper=0.5422  val_BalAccMaj=0.5470  win_BalAcc=0.5349  win_f1_macro=0.5346
fold2 ep 020  tr=2.4589  val_AccPaper=0.5367  val_BalAccMaj=0.5430  win_BalAcc=0.5328  win_f1_macro=0.5320
fold2 ep 021  tr=2.4570  val_AccPaper=0.5367  val_BalAccMaj=0.5411  win_BalAcc=0.5274  win_f1_macro=0.5274
fold2 ep 022  tr=2.4483  val_AccPaper=0.5507  val_BalAccMaj=0.5570  win_BalAcc=0.5405  win_f1_macro=0.5403
fold2 ep 023  tr=2.4491  val_AccPaper=0.5437  val_BalAccMaj=0.5507  win_BalAcc=0.5369  win_f1_macro=0.5364
fold2 ep 024  tr=2.4454  val_AccPaper=0.5430  val_BalAccMaj=0.5493  win_BalAcc=0.5365  win_f1_macro=0.5359
fold2 ep 025  tr=2.4336  val_AccPaper=0.5441  val_BalAccMaj=0.5507  win_BalAcc=0.5350  win_f1_macro=0.5351
fold2 ep 026  tr=2.4344  val_AccPaper=0.5393  val_BalAccMaj=0.5478  win_BalAcc=0.5362  win_f1_macro=0.5359
fold2 ep 027  tr=2.4242  val_AccPaper=0.5389  val_BalAccMaj=0.5452  win_BalAcc=0.5347  win_f1_macro=0.5345
fold2 ep 028  tr=2.4171  val_AccPaper=0.5393  val_BalAccMaj=0.5444  win_BalAcc=0.5334  win_f1_macro=0.5331
fold2 ep 029  tr=2.4114  val_AccPaper=0.5433  val_BalAccMaj=0.5493  win_BalAcc=0.5386  win_f1_macro=0.5378
fold2 ep 030  tr=2.4148  val_AccPaper=0.5474  val_BalAccMaj=0.5515  win_BalAcc=0.5397  win_f1_macro=0.5391
fold2 ep 031  tr=2.4074  val_AccPaper=0.5333  val_BalAccMaj=0.5378  win_BalAcc=0.5309  win_f1_macro=0.5296
fold2 ep 032  tr=2.4074  val_AccPaper=0.5459  val_BalAccMaj=0.5526  win_BalAcc=0.5420  win_f1_macro=0.5420
fold2 ep 033  tr=2.4038  val_AccPaper=0.5422  val_BalAccMaj=0.5478  win_BalAcc=0.5360  win_f1_macro=0.5361
fold2 ep 034  tr=2.3950  val_AccPaper=0.5341  val_BalAccMaj=0.5385  win_BalAcc=0.5336  win_f1_macro=0.5333
fold2 ep 035  tr=2.3962  val_AccPaper=0.5393  val_BalAccMaj=0.5444  win_BalAcc=0.5331  win_f1_macro=0.5323
fold2 ep 036  tr=2.3950  val_AccPaper=0.5433  val_BalAccMaj=0.5481  win_BalAcc=0.5363  win_f1_macro=0.5358
fold2 ep 037  tr=2.3894  val_AccPaper=0.5463  val_BalAccMaj=0.5522  win_BalAcc=0.5369  win_f1_macro=0.5360
fold2 ep 038  tr=2.3953  val_AccPaper=0.5422  val_BalAccMaj=0.5478  win_BalAcc=0.5343  win_f1_macro=0.5338
fold2 ep 039  tr=2.3905  val_AccPaper=0.5381  val_BalAccMaj=0.5415  win_BalAcc=0.5295  win_f1_macro=0.5276
fold2 ep 040  tr=2.3848  val_AccPaper=0.5304  val_BalAccMaj=0.5341  win_BalAcc=0.5289  win_f1_macro=0.5288
fold2 ep 041  tr=2.3820  val_AccPaper=0.5326  val_BalAccMaj=0.5374  win_BalAcc=0.5284  win_f1_macro=0.5262
fold2 ep 042  tr=2.3791  val_AccPaper=0.5315  val_BalAccMaj=0.5389  win_BalAcc=0.5289  win_f1_macro=0.5283
fold2 early stop @ ep 42
fold3 ep 001  tr=3.3693  val_AccPaper=0.5689  val_BalAccMaj=0.5737  win_BalAcc=0.5625  win_f1_macro=0.5566
fold3 ep 002  tr=2.9130  val_AccPaper=0.5715  val_BalAccMaj=0.5737  win_BalAcc=0.5676  win_f1_macro=0.5627
fold3 ep 003  tr=2.7818  val_AccPaper=0.5774  val_BalAccMaj=0.5822  win_BalAcc=0.5722  win_f1_macro=0.5696
fold3 ep 004  tr=2.7246  val_AccPaper=0.5748  val_BalAccMaj=0.5778  win_BalAcc=0.5701  win_f1_macro=0.5662
fold3 ep 005  tr=2.7010  val_AccPaper=0.5844  val_BalAccMaj=0.5881  win_BalAcc=0.5801  win_f1_macro=0.5791
fold3 ep 006  tr=2.6878  val_AccPaper=0.5933  val_BalAccMaj=0.5970  win_BalAcc=0.5838  win_f1_macro=0.5820
fold3 ep 007  tr=2.6629  val_AccPaper=0.5974  val_BalAccMaj=0.6037  win_BalAcc=0.5899  win_f1_macro=0.5902
fold3 ep 008  tr=2.6524  val_AccPaper=0.6033  val_BalAccMaj=0.6100  win_BalAcc=0.5933  win_f1_macro=0.5935
fold3 ep 009  tr=2.6457  val_AccPaper=0.5978  val_BalAccMaj=0.6030  win_BalAcc=0.5935  win_f1_macro=0.5936
fold3 ep 010  tr=2.6248  val_AccPaper=0.5944  val_BalAccMaj=0.6004  win_BalAcc=0.5889  win_f1_macro=0.5886
fold3 ep 011  tr=2.6166  val_AccPaper=0.5978  val_BalAccMaj=0.6022  win_BalAcc=0.5934  win_f1_macro=0.5934
fold3 ep 012  tr=2.6060  val_AccPaper=0.5919  val_BalAccMaj=0.5978  win_BalAcc=0.5875  win_f1_macro=0.5874
fold3 ep 013  tr=2.5942  val_AccPaper=0.6000  val_BalAccMaj=0.6052  win_BalAcc=0.5946  win_f1_macro=0.5947
fold3 ep 014  tr=2.5855  val_AccPaper=0.5874  val_BalAccMaj=0.5915  win_BalAcc=0.5824  win_f1_macro=0.5817
fold3 ep 015  tr=2.5758  val_AccPaper=0.5937  val_BalAccMaj=0.5981  win_BalAcc=0.5895  win_f1_macro=0.5892
fold3 ep 016  tr=2.5726  val_AccPaper=0.5930  val_BalAccMaj=0.5981  win_BalAcc=0.5841  win_f1_macro=0.5839
fold3 ep 017  tr=2.5619  val_AccPaper=0.5944  val_BalAccMaj=0.5985  win_BalAcc=0.5865  win_f1_macro=0.5862
fold3 ep 018  tr=2.5565  val_AccPaper=0.5911  val_BalAccMaj=0.5970  win_BalAcc=0.5893  win_f1_macro=0.5892
fold3 ep 019  tr=2.5491  val_AccPaper=0.5833  val_BalAccMaj=0.5867  win_BalAcc=0.5780  win_f1_macro=0.5771
fold3 ep 020  tr=2.5431  val_AccPaper=0.5919  val_BalAccMaj=0.5963  win_BalAcc=0.5899  win_f1_macro=0.5902
fold3 ep 021  tr=2.5345  val_AccPaper=0.5993  val_BalAccMaj=0.6041  win_BalAcc=0.5903  win_f1_macro=0.5902
fold3 ep 022  tr=2.5362  val_AccPaper=0.5959  val_BalAccMaj=0.5996  win_BalAcc=0.5897  win_f1_macro=0.5898
fold3 ep 023  tr=2.5233  val_AccPaper=0.5919  val_BalAccMaj=0.5963  win_BalAcc=0.5835  win_f1_macro=0.5834
fold3 ep 024  tr=2.5164  val_AccPaper=0.5896  val_BalAccMaj=0.5944  win_BalAcc=0.5861  win_f1_macro=0.5858
fold3 ep 025  tr=2.5272  val_AccPaper=0.5896  val_BalAccMaj=0.5948  win_BalAcc=0.5838  win_f1_macro=0.5835
fold3 ep 026  tr=2.5130  val_AccPaper=0.5841  val_BalAccMaj=0.5874  win_BalAcc=0.5822  win_f1_macro=0.5820
fold3 ep 027  tr=2.5102  val_AccPaper=0.5944  val_BalAccMaj=0.6015  win_BalAcc=0.5886  win_f1_macro=0.5886
fold3 ep 028  tr=2.5057  val_AccPaper=0.5930  val_BalAccMaj=0.5978  win_BalAcc=0.5855  win_f1_macro=0.5856
fold3 early stop @ ep 28
fold4 ep 001  tr=3.3276  val_AccPaper=0.4874  val_BalAccMaj=0.4915  win_BalAcc=0.4896  win_f1_macro=0.4801
fold4 ep 002  tr=2.8102  val_AccPaper=0.4867  val_BalAccMaj=0.4907  win_BalAcc=0.4834  win_f1_macro=0.4782
fold4 ep 003  tr=2.6781  val_AccPaper=0.4863  val_BalAccMaj=0.4896  win_BalAcc=0.4861  win_f1_macro=0.4805
fold4 ep 004  tr=2.6113  val_AccPaper=0.4848  val_BalAccMaj=0.4896  win_BalAcc=0.4868  win_f1_macro=0.4843
fold4 ep 005  tr=2.5769  val_AccPaper=0.4978  val_BalAccMaj=0.5022  win_BalAcc=0.4982  win_f1_macro=0.4975
fold4 ep 006  tr=2.5411  val_AccPaper=0.5004  val_BalAccMaj=0.5052  win_BalAcc=0.5032  win_f1_macro=0.5005
fold4 ep 007  tr=2.5244  val_AccPaper=0.4900  val_BalAccMaj=0.4944  win_BalAcc=0.4897  win_f1_macro=0.4864
fold4 ep 008  tr=2.5148  val_AccPaper=0.4930  val_BalAccMaj=0.5000  win_BalAcc=0.4973  win_f1_macro=0.4940
fold4 ep 009  tr=2.4993  val_AccPaper=0.4967  val_BalAccMaj=0.5041  win_BalAcc=0.4990  win_f1_macro=0.4969
fold4 ep 010  tr=2.4924  val_AccPaper=0.5044  val_BalAccMaj=0.5115  win_BalAcc=0.5036  win_f1_macro=0.5019
fold4 ep 011  tr=2.4783  val_AccPaper=0.5026  val_BalAccMaj=0.5104  win_BalAcc=0.4993  win_f1_macro=0.4978
fold4 ep 012  tr=2.4718  val_AccPaper=0.4933  val_BalAccMaj=0.5004  win_BalAcc=0.4890  win_f1_macro=0.4789
fold4 ep 013  tr=2.4681  val_AccPaper=0.4993  val_BalAccMaj=0.5037  win_BalAcc=0.4971  win_f1_macro=0.4948
fold4 ep 014  tr=2.4538  val_AccPaper=0.5022  val_BalAccMaj=0.5081  win_BalAcc=0.5000  win_f1_macro=0.4981
fold4 ep 015  tr=2.4569  val_AccPaper=0.5011  val_BalAccMaj=0.5085  win_BalAcc=0.5029  win_f1_macro=0.5015
fold4 ep 016  tr=2.4503  val_AccPaper=0.4930  val_BalAccMaj=0.4996  win_BalAcc=0.4964  win_f1_macro=0.4932
fold4 ep 017  tr=2.4462  val_AccPaper=0.4956  val_BalAccMaj=0.5052  win_BalAcc=0.4946  win_f1_macro=0.4895
fold4 ep 018  tr=2.4367  val_AccPaper=0.5085  val_BalAccMaj=0.5185  win_BalAcc=0.5052  win_f1_macro=0.5030
fold4 ep 019  tr=2.4290  val_AccPaper=0.5037  val_BalAccMaj=0.5119  win_BalAcc=0.5028  win_f1_macro=0.5018
fold4 ep 020  tr=2.4324  val_AccPaper=0.4922  val_BalAccMaj=0.4967  win_BalAcc=0.4918  win_f1_macro=0.4858
fold4 ep 021  tr=2.4220  val_AccPaper=0.4885  val_BalAccMaj=0.4963  win_BalAcc=0.4925  win_f1_macro=0.4874
fold4 ep 022  tr=2.4253  val_AccPaper=0.4915  val_BalAccMaj=0.4959  win_BalAcc=0.4931  win_f1_macro=0.4901
fold4 ep 023  tr=2.4219  val_AccPaper=0.4852  val_BalAccMaj=0.4904  win_BalAcc=0.4915  win_f1_macro=0.4867
fold4 ep 024  tr=2.4198  val_AccPaper=0.4985  val_BalAccMaj=0.5030  win_BalAcc=0.4998  win_f1_macro=0.4990
fold4 ep 025  tr=2.4220  val_AccPaper=0.4911  val_BalAccMaj=0.4981  win_BalAcc=0.4937  win_f1_macro=0.4909
fold4 ep 026  tr=2.4225  val_AccPaper=0.4970  val_BalAccMaj=0.5030  win_BalAcc=0.5019  win_f1_macro=0.5010
fold4 ep 027  tr=2.4194  val_AccPaper=0.5081  val_BalAccMaj=0.5133  win_BalAcc=0.5046  win_f1_macro=0.5030
fold4 ep 028  tr=2.4134  val_AccPaper=0.4907  val_BalAccMaj=0.4967  win_BalAcc=0.5000  win_f1_macro=0.4984
fold4 ep 029  tr=2.4152  val_AccPaper=0.4944  val_BalAccMaj=0.5004  win_BalAcc=0.4988  win_f1_macro=0.4973
fold4 ep 030  tr=2.4042  val_AccPaper=0.5007  val_BalAccMaj=0.5074  win_BalAcc=0.5052  win_f1_macro=0.5042
fold4 ep 031  tr=2.4067  val_AccPaper=0.4911  val_BalAccMaj=0.4985  win_BalAcc=0.5010  win_f1_macro=0.4976
fold4 ep 032  tr=2.4000  val_AccPaper=0.5067  val_BalAccMaj=0.5137  win_BalAcc=0.5090  win_f1_macro=0.5087
fold4 ep 033  tr=2.4064  val_AccPaper=0.4937  val_BalAccMaj=0.5004  win_BalAcc=0.4972  win_f1_macro=0.4946
fold4 ep 034  tr=2.3944  val_AccPaper=0.4967  val_BalAccMaj=0.5048  win_BalAcc=0.5008  win_f1_macro=0.5002
fold4 ep 035  tr=2.4002  val_AccPaper=0.5000  val_BalAccMaj=0.5056  win_BalAcc=0.4994  win_f1_macro=0.4995
fold4 ep 036  tr=2.3919  val_AccPaper=0.4933  val_BalAccMaj=0.4993  win_BalAcc=0.4982  win_f1_macro=0.4966
fold4 ep 037  tr=2.3978  val_AccPaper=0.5041  val_BalAccMaj=0.5119  win_BalAcc=0.5073  win_f1_macro=0.5068
fold4 ep 038  tr=2.3879  val_AccPaper=0.4985  val_BalAccMaj=0.5037  win_BalAcc=0.4986  win_f1_macro=0.4966
fold4 early stop @ ep 38
[T1] done val_AccPaper=0.5607 test_AccPaper=0.5679 test_BalAcc=0.5733 test_win_F1=0.5640
