start arm=P1 device=cuda n_classes=3 y_counts={0: 91800, 1: 91800, 2: 91800} pf_protocol_version=3 no_rest=False
[P1] §3.2.1 future-perturb ratio=119.478
fold0 ep 001  tr=2.0825  val_AccPaper=0.5222  val_BalAccMaj=0.5256  win_BalAcc=0.5192  win_f1_macro=0.5115
fold0 ep 002  tr=1.8083  val_AccPaper=0.5381  val_BalAccMaj=0.5437  win_BalAcc=0.5371  win_f1_macro=0.5343
fold0 ep 003  tr=1.7395  val_AccPaper=0.5441  val_BalAccMaj=0.5496  win_BalAcc=0.5450  win_f1_macro=0.5442
fold0 ep 004  tr=1.7086  val_AccPaper=0.5515  val_BalAccMaj=0.5556  win_BalAcc=0.5469  win_f1_macro=0.5476
fold0 ep 005  tr=1.6851  val_AccPaper=0.5526  val_BalAccMaj=0.5615  win_BalAcc=0.5502  win_f1_macro=0.5498
fold0 ep 006  tr=1.6729  val_AccPaper=0.5537  val_BalAccMaj=0.5607  win_BalAcc=0.5519  win_f1_macro=0.5517
fold0 ep 007  tr=1.6570  val_AccPaper=0.5533  val_BalAccMaj=0.5589  win_BalAcc=0.5516  win_f1_macro=0.5520
fold0 ep 008  tr=1.6430  val_AccPaper=0.5581  val_BalAccMaj=0.5648  win_BalAcc=0.5555  win_f1_macro=0.5559
fold0 ep 009  tr=1.6403  val_AccPaper=0.5593  val_BalAccMaj=0.5637  win_BalAcc=0.5552  win_f1_macro=0.5557
fold0 ep 010  tr=1.6249  val_AccPaper=0.5648  val_BalAccMaj=0.5715  win_BalAcc=0.5601  win_f1_macro=0.5610
fold0 ep 011  tr=1.6204  val_AccPaper=0.5611  val_BalAccMaj=0.5689  win_BalAcc=0.5585  win_f1_macro=0.5592
fold0 ep 012  tr=1.6114  val_AccPaper=0.5622  val_BalAccMaj=0.5685  win_BalAcc=0.5576  win_f1_macro=0.5583
fold0 ep 013  tr=1.6057  val_AccPaper=0.5670  val_BalAccMaj=0.5730  win_BalAcc=0.5635  win_f1_macro=0.5641
fold0 ep 014  tr=1.6007  val_AccPaper=0.5641  val_BalAccMaj=0.5700  win_BalAcc=0.5621  win_f1_macro=0.5626
fold0 ep 015  tr=1.5971  val_AccPaper=0.5589  val_BalAccMaj=0.5667  win_BalAcc=0.5607  win_f1_macro=0.5607
fold0 ep 016  tr=1.5932  val_AccPaper=0.5696  val_BalAccMaj=0.5767  win_BalAcc=0.5625  win_f1_macro=0.5619
fold0 ep 017  tr=1.5819  val_AccPaper=0.5600  val_BalAccMaj=0.5670  win_BalAcc=0.5561  win_f1_macro=0.5567
fold0 ep 018  tr=1.5790  val_AccPaper=0.5637  val_BalAccMaj=0.5719  win_BalAcc=0.5588  win_f1_macro=0.5586
fold0 ep 019  tr=1.5767  val_AccPaper=0.5567  val_BalAccMaj=0.5641  win_BalAcc=0.5567  win_f1_macro=0.5561
fold0 ep 020  tr=1.5731  val_AccPaper=0.5670  val_BalAccMaj=0.5759  win_BalAcc=0.5576  win_f1_macro=0.5575
fold0 ep 021  tr=1.5683  val_AccPaper=0.5615  val_BalAccMaj=0.5681  win_BalAcc=0.5559  win_f1_macro=0.5550
fold0 ep 022  tr=1.5632  val_AccPaper=0.5604  val_BalAccMaj=0.5693  win_BalAcc=0.5576  win_f1_macro=0.5582
fold0 ep 023  tr=1.5592  val_AccPaper=0.5648  val_BalAccMaj=0.5700  win_BalAcc=0.5577  win_f1_macro=0.5570
fold0 ep 024  tr=1.5541  val_AccPaper=0.5637  val_BalAccMaj=0.5689  win_BalAcc=0.5577  win_f1_macro=0.5581
fold0 ep 025  tr=1.5539  val_AccPaper=0.5600  val_BalAccMaj=0.5637  win_BalAcc=0.5532  win_f1_macro=0.5536
fold0 ep 026  tr=1.5392  val_AccPaper=0.5633  val_BalAccMaj=0.5693  win_BalAcc=0.5585  win_f1_macro=0.5586
fold0 ep 027  tr=1.5368  val_AccPaper=0.5630  val_BalAccMaj=0.5667  win_BalAcc=0.5564  win_f1_macro=0.5570
fold0 ep 028  tr=1.5340  val_AccPaper=0.5674  val_BalAccMaj=0.5726  win_BalAcc=0.5600  win_f1_macro=0.5600
fold0 ep 029  tr=1.5337  val_AccPaper=0.5656  val_BalAccMaj=0.5715  win_BalAcc=0.5581  win_f1_macro=0.5590
fold0 ep 030  tr=1.5265  val_AccPaper=0.5652  val_BalAccMaj=0.5704  win_BalAcc=0.5557  win_f1_macro=0.5557
fold0 ep 031  tr=1.5217  val_AccPaper=0.5559  val_BalAccMaj=0.5607  win_BalAcc=0.5504  win_f1_macro=0.5504
fold0 ep 032  tr=1.5151  val_AccPaper=0.5585  val_BalAccMaj=0.5656  win_BalAcc=0.5524  win_f1_macro=0.5523
fold0 ep 033  tr=1.5127  val_AccPaper=0.5530  val_BalAccMaj=0.5581  win_BalAcc=0.5463  win_f1_macro=0.5466
fold0 ep 034  tr=1.5057  val_AccPaper=0.5574  val_BalAccMaj=0.5641  win_BalAcc=0.5532  win_f1_macro=0.5530
fold0 ep 035  tr=1.5089  val_AccPaper=0.5493  val_BalAccMaj=0.5559  win_BalAcc=0.5464  win_f1_macro=0.5448
fold0 ep 036  tr=1.5056  val_AccPaper=0.5611  val_BalAccMaj=0.5678  win_BalAcc=0.5539  win_f1_macro=0.5546
fold0 early stop @ ep 36
fold1 ep 001  tr=2.1263  val_AccPaper=0.5330  val_BalAccMaj=0.5363  win_BalAcc=0.5336  win_f1_macro=0.5211
fold1 ep 002  tr=1.8849  val_AccPaper=0.5437  val_BalAccMaj=0.5485  win_BalAcc=0.5378  win_f1_macro=0.5297
fold1 ep 003  tr=1.8200  val_AccPaper=0.5541  val_BalAccMaj=0.5619  win_BalAcc=0.5497  win_f1_macro=0.5433
fold1 ep 004  tr=1.7792  val_AccPaper=0.5481  val_BalAccMaj=0.5552  win_BalAcc=0.5520  win_f1_macro=0.5465
fold1 ep 005  tr=1.7564  val_AccPaper=0.5667  val_BalAccMaj=0.5759  win_BalAcc=0.5683  win_f1_macro=0.5666
fold1 ep 006  tr=1.7397  val_AccPaper=0.5785  val_BalAccMaj=0.5863  win_BalAcc=0.5754  win_f1_macro=0.5742
fold1 ep 007  tr=1.7236  val_AccPaper=0.5544  val_BalAccMaj=0.5593  win_BalAcc=0.5551  win_f1_macro=0.5521
fold1 ep 008  tr=1.7142  val_AccPaper=0.5589  val_BalAccMaj=0.5667  win_BalAcc=0.5583  win_f1_macro=0.5538
fold1 ep 009  tr=1.7087  val_AccPaper=0.5644  val_BalAccMaj=0.5737  win_BalAcc=0.5644  win_f1_macro=0.5616
fold1 ep 010  tr=1.6966  val_AccPaper=0.5574  val_BalAccMaj=0.5656  win_BalAcc=0.5572  win_f1_macro=0.5549
fold1 ep 011  tr=1.6924  val_AccPaper=0.5674  val_BalAccMaj=0.5748  win_BalAcc=0.5669  win_f1_macro=0.5658
fold1 ep 012  tr=1.6888  val_AccPaper=0.5633  val_BalAccMaj=0.5704  win_BalAcc=0.5588  win_f1_macro=0.5564
fold1 ep 013  tr=1.6763  val_AccPaper=0.5663  val_BalAccMaj=0.5719  win_BalAcc=0.5623  win_f1_macro=0.5597
fold1 ep 014  tr=1.6711  val_AccPaper=0.5478  val_BalAccMaj=0.5556  win_BalAcc=0.5493  win_f1_macro=0.5463
fold1 ep 015  tr=1.6689  val_AccPaper=0.5607  val_BalAccMaj=0.5667  win_BalAcc=0.5566  win_f1_macro=0.5535
fold1 ep 016  tr=1.6538  val_AccPaper=0.5626  val_BalAccMaj=0.5719  win_BalAcc=0.5631  win_f1_macro=0.5617
fold1 ep 017  tr=1.6564  val_AccPaper=0.5604  val_BalAccMaj=0.5656  win_BalAcc=0.5572  win_f1_macro=0.5552
fold1 ep 018  tr=1.6472  val_AccPaper=0.5678  val_BalAccMaj=0.5715  win_BalAcc=0.5624  win_f1_macro=0.5611
fold1 ep 019  tr=1.6438  val_AccPaper=0.5670  val_BalAccMaj=0.5752  win_BalAcc=0.5647  win_f1_macro=0.5625
fold1 ep 020  tr=1.6386  val_AccPaper=0.5522  val_BalAccMaj=0.5589  win_BalAcc=0.5533  win_f1_macro=0.5495
fold1 ep 021  tr=1.6268  val_AccPaper=0.5607  val_BalAccMaj=0.5652  win_BalAcc=0.5555  win_f1_macro=0.5534
fold1 ep 022  tr=1.6320  val_AccPaper=0.5619  val_BalAccMaj=0.5696  win_BalAcc=0.5592  win_f1_macro=0.5564
fold1 ep 023  tr=1.6254  val_AccPaper=0.5467  val_BalAccMaj=0.5541  win_BalAcc=0.5425  win_f1_macro=0.5410
fold1 ep 024  tr=1.6289  val_AccPaper=0.5548  val_BalAccMaj=0.5622  win_BalAcc=0.5578  win_f1_macro=0.5556
fold1 ep 025  tr=1.6250  val_AccPaper=0.5511  val_BalAccMaj=0.5593  win_BalAcc=0.5546  win_f1_macro=0.5484
fold1 ep 026  tr=1.6148  val_AccPaper=0.5696  val_BalAccMaj=0.5763  win_BalAcc=0.5701  win_f1_macro=0.5683
fold1 early stop @ ep 26
fold2 ep 001  tr=2.0715  val_AccPaper=0.5137  val_BalAccMaj=0.5178  win_BalAcc=0.5115  win_f1_macro=0.5098
fold2 ep 002  tr=1.8038  val_AccPaper=0.5256  val_BalAccMaj=0.5293  win_BalAcc=0.5195  win_f1_macro=0.5190
fold2 ep 003  tr=1.7291  val_AccPaper=0.5385  val_BalAccMaj=0.5448  win_BalAcc=0.5296  win_f1_macro=0.5302
fold2 ep 004  tr=1.6882  val_AccPaper=0.5359  val_BalAccMaj=0.5411  win_BalAcc=0.5298  win_f1_macro=0.5290
fold2 ep 005  tr=1.6658  val_AccPaper=0.5322  val_BalAccMaj=0.5381  win_BalAcc=0.5281  win_f1_macro=0.5263
fold2 ep 006  tr=1.6488  val_AccPaper=0.5370  val_BalAccMaj=0.5437  win_BalAcc=0.5294  win_f1_macro=0.5283
fold2 ep 007  tr=1.6397  val_AccPaper=0.5393  val_BalAccMaj=0.5444  win_BalAcc=0.5315  win_f1_macro=0.5303
fold2 ep 008  tr=1.6353  val_AccPaper=0.5400  val_BalAccMaj=0.5467  win_BalAcc=0.5307  win_f1_macro=0.5272
fold2 ep 009  tr=1.6157  val_AccPaper=0.5330  val_BalAccMaj=0.5381  win_BalAcc=0.5231  win_f1_macro=0.5183
fold2 ep 010  tr=1.6088  val_AccPaper=0.5396  val_BalAccMaj=0.5456  win_BalAcc=0.5319  win_f1_macro=0.5295
fold2 ep 011  tr=1.6123  val_AccPaper=0.5322  val_BalAccMaj=0.5396  win_BalAcc=0.5257  win_f1_macro=0.5219
fold2 ep 012  tr=1.6026  val_AccPaper=0.5348  val_BalAccMaj=0.5419  win_BalAcc=0.5296  win_f1_macro=0.5271
fold2 ep 013  tr=1.5960  val_AccPaper=0.5311  val_BalAccMaj=0.5385  win_BalAcc=0.5257  win_f1_macro=0.5215
fold2 ep 014  tr=1.5887  val_AccPaper=0.5333  val_BalAccMaj=0.5415  win_BalAcc=0.5266  win_f1_macro=0.5233
fold2 ep 015  tr=1.5883  val_AccPaper=0.5311  val_BalAccMaj=0.5367  win_BalAcc=0.5245  win_f1_macro=0.5198
fold2 ep 016  tr=1.5798  val_AccPaper=0.5381  val_BalAccMaj=0.5463  win_BalAcc=0.5319  win_f1_macro=0.5300
fold2 ep 017  tr=1.5745  val_AccPaper=0.5326  val_BalAccMaj=0.5411  win_BalAcc=0.5291  win_f1_macro=0.5248
fold2 ep 018  tr=1.5664  val_AccPaper=0.5341  val_BalAccMaj=0.5393  win_BalAcc=0.5308  win_f1_macro=0.5271
fold2 ep 019  tr=1.5655  val_AccPaper=0.5322  val_BalAccMaj=0.5374  win_BalAcc=0.5259  win_f1_macro=0.5224
fold2 ep 020  tr=1.5544  val_AccPaper=0.5274  val_BalAccMaj=0.5330  win_BalAcc=0.5259  win_f1_macro=0.5223
fold2 ep 021  tr=1.5541  val_AccPaper=0.5333  val_BalAccMaj=0.5404  win_BalAcc=0.5278  win_f1_macro=0.5250
fold2 ep 022  tr=1.5515  val_AccPaper=0.5363  val_BalAccMaj=0.5433  win_BalAcc=0.5276  win_f1_macro=0.5243
fold2 ep 023  tr=1.5437  val_AccPaper=0.5274  val_BalAccMaj=0.5356  win_BalAcc=0.5239  win_f1_macro=0.5209
fold2 ep 024  tr=1.5399  val_AccPaper=0.5237  val_BalAccMaj=0.5319  win_BalAcc=0.5241  win_f1_macro=0.5192
fold2 ep 025  tr=1.5396  val_AccPaper=0.5215  val_BalAccMaj=0.5293  win_BalAcc=0.5200  win_f1_macro=0.5134
fold2 ep 026  tr=1.5363  val_AccPaper=0.5393  val_BalAccMaj=0.5448  win_BalAcc=0.5305  win_f1_macro=0.5280
fold2 ep 027  tr=1.5329  val_AccPaper=0.5278  val_BalAccMaj=0.5337  win_BalAcc=0.5254  win_f1_macro=0.5202
fold2 ep 028  tr=1.5266  val_AccPaper=0.5281  val_BalAccMaj=0.5348  win_BalAcc=0.5236  win_f1_macro=0.5210
fold2 early stop @ ep 28
fold3 ep 001  tr=2.1343  val_AccPaper=0.5563  val_BalAccMaj=0.5596  win_BalAcc=0.5523  win_f1_macro=0.5440
fold3 ep 002  tr=1.8921  val_AccPaper=0.5744  val_BalAccMaj=0.5800  win_BalAcc=0.5688  win_f1_macro=0.5661
fold3 ep 003  tr=1.8196  val_AccPaper=0.5748  val_BalAccMaj=0.5804  win_BalAcc=0.5735  win_f1_macro=0.5717
fold3 ep 004  tr=1.7741  val_AccPaper=0.5919  val_BalAccMaj=0.5967  win_BalAcc=0.5838  win_f1_macro=0.5830
fold3 ep 005  tr=1.7552  val_AccPaper=0.6033  val_BalAccMaj=0.6067  win_BalAcc=0.5953  win_f1_macro=0.5960
fold3 ep 006  tr=1.7370  val_AccPaper=0.5926  val_BalAccMaj=0.5985  win_BalAcc=0.5843  win_f1_macro=0.5843
fold3 ep 007  tr=1.7239  val_AccPaper=0.5915  val_BalAccMaj=0.5967  win_BalAcc=0.5890  win_f1_macro=0.5894
fold3 ep 008  tr=1.7093  val_AccPaper=0.5919  val_BalAccMaj=0.5967  win_BalAcc=0.5822  win_f1_macro=0.5821
fold3 ep 009  tr=1.7000  val_AccPaper=0.5826  val_BalAccMaj=0.5870  win_BalAcc=0.5787  win_f1_macro=0.5787
fold3 ep 010  tr=1.6925  val_AccPaper=0.5867  val_BalAccMaj=0.5911  win_BalAcc=0.5815  win_f1_macro=0.5816
fold3 ep 011  tr=1.6804  val_AccPaper=0.5937  val_BalAccMaj=0.5985  win_BalAcc=0.5830  win_f1_macro=0.5832
fold3 ep 012  tr=1.6767  val_AccPaper=0.5941  val_BalAccMaj=0.6011  win_BalAcc=0.5887  win_f1_macro=0.5887
fold3 ep 013  tr=1.6651  val_AccPaper=0.5978  val_BalAccMaj=0.6030  win_BalAcc=0.5921  win_f1_macro=0.5923
fold3 ep 014  tr=1.6699  val_AccPaper=0.5970  val_BalAccMaj=0.6015  win_BalAcc=0.5880  win_f1_macro=0.5883
fold3 ep 015  tr=1.6563  val_AccPaper=0.5974  val_BalAccMaj=0.6022  win_BalAcc=0.5874  win_f1_macro=0.5876
fold3 ep 016  tr=1.6533  val_AccPaper=0.5893  val_BalAccMaj=0.5948  win_BalAcc=0.5812  win_f1_macro=0.5811
fold3 ep 017  tr=1.6445  val_AccPaper=0.5985  val_BalAccMaj=0.6033  win_BalAcc=0.5878  win_f1_macro=0.5880
fold3 ep 018  tr=1.6409  val_AccPaper=0.6033  val_BalAccMaj=0.6093  win_BalAcc=0.5906  win_f1_macro=0.5906
fold3 ep 019  tr=1.6352  val_AccPaper=0.5978  val_BalAccMaj=0.6037  win_BalAcc=0.5916  win_f1_macro=0.5917
fold3 ep 020  tr=1.6338  val_AccPaper=0.5993  val_BalAccMaj=0.6030  win_BalAcc=0.5891  win_f1_macro=0.5890
fold3 ep 021  tr=1.6263  val_AccPaper=0.5941  val_BalAccMaj=0.5993  win_BalAcc=0.5847  win_f1_macro=0.5848
fold3 ep 022  tr=1.6198  val_AccPaper=0.6022  val_BalAccMaj=0.6048  win_BalAcc=0.5893  win_f1_macro=0.5890
fold3 ep 023  tr=1.6148  val_AccPaper=0.6007  val_BalAccMaj=0.6037  win_BalAcc=0.5903  win_f1_macro=0.5901
fold3 ep 024  tr=1.6113  val_AccPaper=0.6022  val_BalAccMaj=0.6078  win_BalAcc=0.5953  win_f1_macro=0.5946
fold3 ep 025  tr=1.6104  val_AccPaper=0.5952  val_BalAccMaj=0.6015  win_BalAcc=0.5911  win_f1_macro=0.5914
fold3 early stop @ ep 25
fold4 ep 001  tr=2.0651  val_AccPaper=0.4681  val_BalAccMaj=0.4730  win_BalAcc=0.4710  win_f1_macro=0.4546
fold4 ep 002  tr=1.8114  val_AccPaper=0.4878  val_BalAccMaj=0.4922  win_BalAcc=0.4882  win_f1_macro=0.4844
fold4 ep 003  tr=1.7378  val_AccPaper=0.4796  val_BalAccMaj=0.4859  win_BalAcc=0.4822  win_f1_macro=0.4751
fold4 ep 004  tr=1.6994  val_AccPaper=0.4885  val_BalAccMaj=0.4956  win_BalAcc=0.4924  win_f1_macro=0.4839
fold4 ep 005  tr=1.6772  val_AccPaper=0.4970  val_BalAccMaj=0.5041  win_BalAcc=0.4993  win_f1_macro=0.4977
fold4 ep 006  tr=1.6557  val_AccPaper=0.5019  val_BalAccMaj=0.5089  win_BalAcc=0.5002  win_f1_macro=0.4987
fold4 ep 007  tr=1.6519  val_AccPaper=0.5048  val_BalAccMaj=0.5122  win_BalAcc=0.5036  win_f1_macro=0.5006
fold4 ep 008  tr=1.6385  val_AccPaper=0.5074  val_BalAccMaj=0.5144  win_BalAcc=0.5028  win_f1_macro=0.5022
fold4 ep 009  tr=1.6256  val_AccPaper=0.4956  val_BalAccMaj=0.5030  win_BalAcc=0.4944  win_f1_macro=0.4898
fold4 ep 010  tr=1.6134  val_AccPaper=0.5030  val_BalAccMaj=0.5089  win_BalAcc=0.5012  win_f1_macro=0.4999
fold4 ep 011  tr=1.6087  val_AccPaper=0.4952  val_BalAccMaj=0.5030  win_BalAcc=0.4964  win_f1_macro=0.4944
fold4 ep 012  tr=1.6060  val_AccPaper=0.5033  val_BalAccMaj=0.5111  win_BalAcc=0.5023  win_f1_macro=0.5004
fold4 ep 013  tr=1.5962  val_AccPaper=0.4989  val_BalAccMaj=0.5059  win_BalAcc=0.5005  win_f1_macro=0.4984
fold4 ep 014  tr=1.5894  val_AccPaper=0.4911  val_BalAccMaj=0.4970  win_BalAcc=0.4903  win_f1_macro=0.4891
fold4 ep 015  tr=1.5829  val_AccPaper=0.4993  val_BalAccMaj=0.5067  win_BalAcc=0.4990  win_f1_macro=0.4960
fold4 ep 016  tr=1.5799  val_AccPaper=0.4985  val_BalAccMaj=0.5096  win_BalAcc=0.5012  win_f1_macro=0.4966
fold4 ep 017  tr=1.5731  val_AccPaper=0.4870  val_BalAccMaj=0.4952  win_BalAcc=0.4915  win_f1_macro=0.4875
fold4 ep 018  tr=1.5654  val_AccPaper=0.4937  val_BalAccMaj=0.5015  win_BalAcc=0.4880  win_f1_macro=0.4867
fold4 ep 019  tr=1.5649  val_AccPaper=0.5096  val_BalAccMaj=0.5156  win_BalAcc=0.5062  win_f1_macro=0.5049
fold4 ep 020  tr=1.5632  val_AccPaper=0.4974  val_BalAccMaj=0.5033  win_BalAcc=0.4932  win_f1_macro=0.4912
fold4 ep 021  tr=1.5528  val_AccPaper=0.5019  val_BalAccMaj=0.5104  win_BalAcc=0.5028  win_f1_macro=0.4985
fold4 ep 022  tr=1.5464  val_AccPaper=0.4978  val_BalAccMaj=0.5096  win_BalAcc=0.4950  win_f1_macro=0.4948
fold4 ep 023  tr=1.5483  val_AccPaper=0.4915  val_BalAccMaj=0.4993  win_BalAcc=0.4909  win_f1_macro=0.4863
fold4 ep 024  tr=1.5407  val_AccPaper=0.4989  val_BalAccMaj=0.5074  win_BalAcc=0.4975  win_f1_macro=0.4958
fold4 ep 025  tr=1.5384  val_AccPaper=0.4985  val_BalAccMaj=0.5067  win_BalAcc=0.4970  win_f1_macro=0.4935
fold4 ep 026  tr=1.5272  val_AccPaper=0.4867  val_BalAccMaj=0.4944  win_BalAcc=0.4858  win_f1_macro=0.4833
fold4 ep 027  tr=1.5257  val_AccPaper=0.5070  val_BalAccMaj=0.5144  win_BalAcc=0.5008  win_f1_macro=0.4998
fold4 ep 028  tr=1.5226  val_AccPaper=0.4978  val_BalAccMaj=0.5037  win_BalAcc=0.4993  win_f1_macro=0.4963
fold4 ep 029  tr=1.5210  val_AccPaper=0.5004  val_BalAccMaj=0.5074  win_BalAcc=0.4966  win_f1_macro=0.4934
fold4 ep 030  tr=1.5177  val_AccPaper=0.4996  val_BalAccMaj=0.5070  win_BalAcc=0.4974  win_f1_macro=0.4963
fold4 ep 031  tr=1.5143  val_AccPaper=0.4911  val_BalAccMaj=0.5019  win_BalAcc=0.4971  win_f1_macro=0.4951
fold4 ep 032  tr=1.5079  val_AccPaper=0.4870  val_BalAccMaj=0.4944  win_BalAcc=0.4873  win_f1_macro=0.4853
fold4 ep 033  tr=1.5027  val_AccPaper=0.4907  val_BalAccMaj=0.4993  win_BalAcc=0.4922  win_f1_macro=0.4904
fold4 ep 034  tr=1.5050  val_AccPaper=0.5026  val_BalAccMaj=0.5122  win_BalAcc=0.5043  win_f1_macro=0.5019
fold4 ep 035  tr=1.5046  val_AccPaper=0.4941  val_BalAccMaj=0.5004  win_BalAcc=0.4950  win_f1_macro=0.4923
fold4 ep 036  tr=1.4995  val_AccPaper=0.5022  val_BalAccMaj=0.5078  win_BalAcc=0.4991  win_f1_macro=0.4948
fold4 ep 037  tr=1.4863  val_AccPaper=0.4952  val_BalAccMaj=0.5059  win_BalAcc=0.4922  win_f1_macro=0.4907
fold4 ep 038  tr=1.4923  val_AccPaper=0.5019  val_BalAccMaj=0.5059  win_BalAcc=0.4962  win_f1_macro=0.4928
fold4 ep 039  tr=1.4852  val_AccPaper=0.5004  val_BalAccMaj=0.5081  win_BalAcc=0.4977  win_f1_macro=0.4961
fold4 early stop @ ep 39
[P1] done val_AccPaper=0.5602 test_AccPaper=0.5735 test_BalAcc=0.5803 test_win_F1=0.5654
