start arm=A1 device=cuda n_classes=3 y_counts={0: 91800, 1: 91800, 2: 91800} pf_protocol_version=3 no_rest=False
[A1] §3.2.1 future-perturb ratio=135.274
fold0 ep 001  tr=0.9404  val_AccPaper=0.5289  val_BalAccMaj=0.5337  win_BalAcc=0.5249  win_f1_macro=0.5235
fold0 ep 002  tr=0.8254  val_AccPaper=0.5485  val_BalAccMaj=0.5548  win_BalAcc=0.5416  win_f1_macro=0.5407
fold0 ep 003  tr=0.7959  val_AccPaper=0.5493  val_BalAccMaj=0.5559  win_BalAcc=0.5430  win_f1_macro=0.5419
fold0 ep 004  tr=0.7823  val_AccPaper=0.5581  val_BalAccMaj=0.5622  win_BalAcc=0.5491  win_f1_macro=0.5488
fold0 ep 005  tr=0.7712  val_AccPaper=0.5663  val_BalAccMaj=0.5700  win_BalAcc=0.5546  win_f1_macro=0.5541
fold0 ep 006  tr=0.7653  val_AccPaper=0.5707  val_BalAccMaj=0.5770  win_BalAcc=0.5578  win_f1_macro=0.5567
fold0 ep 007  tr=0.7579  val_AccPaper=0.5689  val_BalAccMaj=0.5737  win_BalAcc=0.5569  win_f1_macro=0.5552
fold0 ep 008  tr=0.7533  val_AccPaper=0.5637  val_BalAccMaj=0.5711  win_BalAcc=0.5516  win_f1_macro=0.5504
fold0 ep 009  tr=0.7499  val_AccPaper=0.5715  val_BalAccMaj=0.5767  win_BalAcc=0.5621  win_f1_macro=0.5617
fold0 ep 010  tr=0.7465  val_AccPaper=0.5711  val_BalAccMaj=0.5763  win_BalAcc=0.5651  win_f1_macro=0.5637
fold0 ep 011  tr=0.7411  val_AccPaper=0.5730  val_BalAccMaj=0.5804  win_BalAcc=0.5619  win_f1_macro=0.5608
fold0 ep 012  tr=0.7378  val_AccPaper=0.5741  val_BalAccMaj=0.5815  win_BalAcc=0.5658  win_f1_macro=0.5648
fold0 ep 013  tr=0.7361  val_AccPaper=0.5681  val_BalAccMaj=0.5722  win_BalAcc=0.5571  win_f1_macro=0.5539
fold0 ep 014  tr=0.7330  val_AccPaper=0.5756  val_BalAccMaj=0.5837  win_BalAcc=0.5656  win_f1_macro=0.5647
fold0 ep 015  tr=0.7296  val_AccPaper=0.5796  val_BalAccMaj=0.5878  win_BalAcc=0.5669  win_f1_macro=0.5651
fold0 ep 016  tr=0.7260  val_AccPaper=0.5759  val_BalAccMaj=0.5796  win_BalAcc=0.5641  win_f1_macro=0.5628
fold0 ep 017  tr=0.7241  val_AccPaper=0.5793  val_BalAccMaj=0.5863  win_BalAcc=0.5724  win_f1_macro=0.5724
fold0 ep 018  tr=0.7237  val_AccPaper=0.5700  val_BalAccMaj=0.5774  win_BalAcc=0.5618  win_f1_macro=0.5596
fold0 ep 019  tr=0.7217  val_AccPaper=0.5733  val_BalAccMaj=0.5815  win_BalAcc=0.5645  win_f1_macro=0.5630
fold0 ep 020  tr=0.7206  val_AccPaper=0.5767  val_BalAccMaj=0.5833  win_BalAcc=0.5685  win_f1_macro=0.5673
fold0 ep 021  tr=0.7132  val_AccPaper=0.5793  val_BalAccMaj=0.5848  win_BalAcc=0.5667  win_f1_macro=0.5637
fold0 ep 022  tr=0.7128  val_AccPaper=0.5704  val_BalAccMaj=0.5763  win_BalAcc=0.5651  win_f1_macro=0.5639
fold0 ep 023  tr=0.7143  val_AccPaper=0.5774  val_BalAccMaj=0.5859  win_BalAcc=0.5744  win_f1_macro=0.5738
fold0 ep 024  tr=0.7116  val_AccPaper=0.5804  val_BalAccMaj=0.5874  win_BalAcc=0.5705  win_f1_macro=0.5710
fold0 ep 025  tr=0.7093  val_AccPaper=0.5778  val_BalAccMaj=0.5848  win_BalAcc=0.5698  win_f1_macro=0.5692
fold0 ep 026  tr=0.7092  val_AccPaper=0.5778  val_BalAccMaj=0.5863  win_BalAcc=0.5701  win_f1_macro=0.5688
fold0 ep 027  tr=0.7069  val_AccPaper=0.5756  val_BalAccMaj=0.5819  win_BalAcc=0.5691  win_f1_macro=0.5692
fold0 ep 028  tr=0.7022  val_AccPaper=0.5752  val_BalAccMaj=0.5822  win_BalAcc=0.5684  win_f1_macro=0.5659
fold0 ep 029  tr=0.6994  val_AccPaper=0.5774  val_BalAccMaj=0.5848  win_BalAcc=0.5678  win_f1_macro=0.5663
fold0 ep 030  tr=0.6981  val_AccPaper=0.5696  val_BalAccMaj=0.5785  win_BalAcc=0.5650  win_f1_macro=0.5632
fold0 ep 031  tr=0.6959  val_AccPaper=0.5726  val_BalAccMaj=0.5781  win_BalAcc=0.5670  win_f1_macro=0.5664
fold0 ep 032  tr=0.6969  val_AccPaper=0.5681  val_BalAccMaj=0.5741  win_BalAcc=0.5667  win_f1_macro=0.5659
fold0 ep 033  tr=0.6932  val_AccPaper=0.5852  val_BalAccMaj=0.5889  win_BalAcc=0.5711  win_f1_macro=0.5705
fold0 ep 034  tr=0.6929  val_AccPaper=0.5678  val_BalAccMaj=0.5737  win_BalAcc=0.5625  win_f1_macro=0.5602
fold0 ep 035  tr=0.6893  val_AccPaper=0.5637  val_BalAccMaj=0.5689  win_BalAcc=0.5583  win_f1_macro=0.5554
fold0 ep 036  tr=0.6877  val_AccPaper=0.5722  val_BalAccMaj=0.5770  win_BalAcc=0.5679  win_f1_macro=0.5668
fold0 ep 037  tr=0.6850  val_AccPaper=0.5574  val_BalAccMaj=0.5637  win_BalAcc=0.5543  win_f1_macro=0.5521
fold0 ep 038  tr=0.6844  val_AccPaper=0.5641  val_BalAccMaj=0.5704  win_BalAcc=0.5595  win_f1_macro=0.5593
fold0 ep 039  tr=0.6828  val_AccPaper=0.5770  val_BalAccMaj=0.5844  win_BalAcc=0.5699  win_f1_macro=0.5695
fold0 ep 040  tr=0.6794  val_AccPaper=0.5533  val_BalAccMaj=0.5607  win_BalAcc=0.5549  win_f1_macro=0.5530
fold0 ep 041  tr=0.6795  val_AccPaper=0.5504  val_BalAccMaj=0.5574  win_BalAcc=0.5515  win_f1_macro=0.5479
fold0 ep 042  tr=0.6767  val_AccPaper=0.5596  val_BalAccMaj=0.5663  win_BalAcc=0.5578  win_f1_macro=0.5556
fold0 ep 043  tr=0.6736  val_AccPaper=0.5637  val_BalAccMaj=0.5681  win_BalAcc=0.5610  win_f1_macro=0.5593
fold0 ep 044  tr=0.6744  val_AccPaper=0.5578  val_BalAccMaj=0.5630  win_BalAcc=0.5535  win_f1_macro=0.5513
fold0 ep 045  tr=0.6724  val_AccPaper=0.5700  val_BalAccMaj=0.5759  win_BalAcc=0.5642  win_f1_macro=0.5637
fold0 ep 046  tr=0.6678  val_AccPaper=0.5570  val_BalAccMaj=0.5626  win_BalAcc=0.5569  win_f1_macro=0.5548
fold0 ep 047  tr=0.6660  val_AccPaper=0.5637  val_BalAccMaj=0.5719  win_BalAcc=0.5623  win_f1_macro=0.5609
fold0 ep 048  tr=0.6666  val_AccPaper=0.5726  val_BalAccMaj=0.5785  win_BalAcc=0.5683  win_f1_macro=0.5681
fold0 ep 049  tr=0.6622  val_AccPaper=0.5604  val_BalAccMaj=0.5659  win_BalAcc=0.5562  win_f1_macro=0.5546
fold0 ep 050  tr=0.6637  val_AccPaper=0.5652  val_BalAccMaj=0.5711  win_BalAcc=0.5624  win_f1_macro=0.5612
fold0 ep 051  tr=0.6655  val_AccPaper=0.5656  val_BalAccMaj=0.5726  win_BalAcc=0.5627  win_f1_macro=0.5600
fold0 ep 052  tr=0.6614  val_AccPaper=0.5711  val_BalAccMaj=0.5759  win_BalAcc=0.5638  win_f1_macro=0.5626
fold0 ep 053  tr=0.6558  val_AccPaper=0.5593  val_BalAccMaj=0.5630  win_BalAcc=0.5572  win_f1_macro=0.5553
fold0 early stop @ ep 53
fold1 ep 001  tr=0.9745  val_AccPaper=0.5578  val_BalAccMaj=0.5626  win_BalAcc=0.5585  win_f1_macro=0.5548
fold1 ep 002  tr=0.8723  val_AccPaper=0.5526  val_BalAccMaj=0.5611  win_BalAcc=0.5572  win_f1_macro=0.5526
fold1 ep 003  tr=0.8417  val_AccPaper=0.5763  val_BalAccMaj=0.5826  win_BalAcc=0.5732  win_f1_macro=0.5728
fold1 ep 004  tr=0.8239  val_AccPaper=0.5678  val_BalAccMaj=0.5744  win_BalAcc=0.5681  win_f1_macro=0.5619
fold1 ep 005  tr=0.8136  val_AccPaper=0.5670  val_BalAccMaj=0.5744  win_BalAcc=0.5656  win_f1_macro=0.5589
fold1 ep 006  tr=0.8087  val_AccPaper=0.5759  val_BalAccMaj=0.5856  win_BalAcc=0.5724  win_f1_macro=0.5688
fold1 ep 007  tr=0.7998  val_AccPaper=0.5822  val_BalAccMaj=0.5885  win_BalAcc=0.5755  win_f1_macro=0.5735
fold1 ep 008  tr=0.7997  val_AccPaper=0.5763  val_BalAccMaj=0.5833  win_BalAcc=0.5709  win_f1_macro=0.5672
fold1 ep 009  tr=0.7931  val_AccPaper=0.5763  val_BalAccMaj=0.5833  win_BalAcc=0.5727  win_f1_macro=0.5709
fold1 ep 010  tr=0.7874  val_AccPaper=0.5748  val_BalAccMaj=0.5811  win_BalAcc=0.5692  win_f1_macro=0.5657
fold1 ep 011  tr=0.7852  val_AccPaper=0.5881  val_BalAccMaj=0.5952  win_BalAcc=0.5761  win_f1_macro=0.5745
fold1 ep 012  tr=0.7796  val_AccPaper=0.5796  val_BalAccMaj=0.5852  win_BalAcc=0.5745  win_f1_macro=0.5722
fold1 ep 013  tr=0.7807  val_AccPaper=0.5781  val_BalAccMaj=0.5833  win_BalAcc=0.5690  win_f1_macro=0.5665
fold1 ep 014  tr=0.7754  val_AccPaper=0.5763  val_BalAccMaj=0.5844  win_BalAcc=0.5689  win_f1_macro=0.5631
fold1 ep 015  tr=0.7747  val_AccPaper=0.5744  val_BalAccMaj=0.5793  win_BalAcc=0.5688  win_f1_macro=0.5643
fold1 ep 016  tr=0.7704  val_AccPaper=0.5770  val_BalAccMaj=0.5856  win_BalAcc=0.5718  win_f1_macro=0.5690
fold1 ep 017  tr=0.7707  val_AccPaper=0.5859  val_BalAccMaj=0.5952  win_BalAcc=0.5787  win_f1_macro=0.5759
fold1 ep 018  tr=0.7657  val_AccPaper=0.5726  val_BalAccMaj=0.5800  win_BalAcc=0.5696  win_f1_macro=0.5612
fold1 ep 019  tr=0.7622  val_AccPaper=0.5744  val_BalAccMaj=0.5807  win_BalAcc=0.5718  win_f1_macro=0.5684
fold1 ep 020  tr=0.7622  val_AccPaper=0.5689  val_BalAccMaj=0.5793  win_BalAcc=0.5682  win_f1_macro=0.5630
fold1 ep 021  tr=0.7602  val_AccPaper=0.5819  val_BalAccMaj=0.5900  win_BalAcc=0.5747  win_f1_macro=0.5722
fold1 ep 022  tr=0.7576  val_AccPaper=0.5726  val_BalAccMaj=0.5800  win_BalAcc=0.5697  win_f1_macro=0.5663
fold1 ep 023  tr=0.7548  val_AccPaper=0.5815  val_BalAccMaj=0.5919  win_BalAcc=0.5758  win_f1_macro=0.5723
fold1 ep 024  tr=0.7525  val_AccPaper=0.5881  val_BalAccMaj=0.5967  win_BalAcc=0.5846  win_f1_macro=0.5823
fold1 ep 025  tr=0.7526  val_AccPaper=0.5856  val_BalAccMaj=0.5922  win_BalAcc=0.5813  win_f1_macro=0.5798
fold1 ep 026  tr=0.7510  val_AccPaper=0.5811  val_BalAccMaj=0.5893  win_BalAcc=0.5745  win_f1_macro=0.5701
fold1 ep 027  tr=0.7487  val_AccPaper=0.5763  val_BalAccMaj=0.5844  win_BalAcc=0.5717  win_f1_macro=0.5691
fold1 ep 028  tr=0.7479  val_AccPaper=0.5752  val_BalAccMaj=0.5841  win_BalAcc=0.5681  win_f1_macro=0.5642
fold1 ep 029  tr=0.7447  val_AccPaper=0.5826  val_BalAccMaj=0.5933  win_BalAcc=0.5781  win_f1_macro=0.5747
fold1 ep 030  tr=0.7425  val_AccPaper=0.5756  val_BalAccMaj=0.5833  win_BalAcc=0.5697  win_f1_macro=0.5664
fold1 ep 031  tr=0.7443  val_AccPaper=0.5767  val_BalAccMaj=0.5844  win_BalAcc=0.5734  win_f1_macro=0.5688
fold1 early stop @ ep 31
fold2 ep 001  tr=0.9446  val_AccPaper=0.5222  val_BalAccMaj=0.5296  win_BalAcc=0.5223  win_f1_macro=0.5187
fold2 ep 002  tr=0.8273  val_AccPaper=0.5337  val_BalAccMaj=0.5374  win_BalAcc=0.5313  win_f1_macro=0.5274
fold2 ep 003  tr=0.8008  val_AccPaper=0.5456  val_BalAccMaj=0.5515  win_BalAcc=0.5393  win_f1_macro=0.5353
fold2 ep 004  tr=0.7825  val_AccPaper=0.5415  val_BalAccMaj=0.5485  win_BalAcc=0.5398  win_f1_macro=0.5377
fold2 ep 005  tr=0.7745  val_AccPaper=0.5315  val_BalAccMaj=0.5381  win_BalAcc=0.5296  win_f1_macro=0.5251
fold2 ep 006  tr=0.7660  val_AccPaper=0.5426  val_BalAccMaj=0.5481  win_BalAcc=0.5373  win_f1_macro=0.5348
fold2 ep 007  tr=0.7588  val_AccPaper=0.5356  val_BalAccMaj=0.5404  win_BalAcc=0.5309  win_f1_macro=0.5257
fold2 ep 008  tr=0.7526  val_AccPaper=0.5159  val_BalAccMaj=0.5211  win_BalAcc=0.5181  win_f1_macro=0.5068
fold2 ep 009  tr=0.7512  val_AccPaper=0.5404  val_BalAccMaj=0.5481  win_BalAcc=0.5378  win_f1_macro=0.5359
fold2 ep 010  tr=0.7468  val_AccPaper=0.5256  val_BalAccMaj=0.5330  win_BalAcc=0.5268  win_f1_macro=0.5228
fold2 ep 011  tr=0.7435  val_AccPaper=0.5459  val_BalAccMaj=0.5496  win_BalAcc=0.5394  win_f1_macro=0.5372
fold2 ep 012  tr=0.7426  val_AccPaper=0.5411  val_BalAccMaj=0.5470  win_BalAcc=0.5371  win_f1_macro=0.5341
fold2 ep 013  tr=0.7378  val_AccPaper=0.5385  val_BalAccMaj=0.5444  win_BalAcc=0.5390  win_f1_macro=0.5362
fold2 ep 014  tr=0.7334  val_AccPaper=0.5359  val_BalAccMaj=0.5411  win_BalAcc=0.5353  win_f1_macro=0.5315
fold2 ep 015  tr=0.7310  val_AccPaper=0.5400  val_BalAccMaj=0.5489  win_BalAcc=0.5351  win_f1_macro=0.5305
fold2 ep 016  tr=0.7289  val_AccPaper=0.5207  val_BalAccMaj=0.5259  win_BalAcc=0.5239  win_f1_macro=0.5159
fold2 ep 017  tr=0.7305  val_AccPaper=0.5485  val_BalAccMaj=0.5548  win_BalAcc=0.5422  win_f1_macro=0.5385
fold2 ep 018  tr=0.7266  val_AccPaper=0.5333  val_BalAccMaj=0.5367  win_BalAcc=0.5321  win_f1_macro=0.5292
fold2 ep 019  tr=0.7251  val_AccPaper=0.5315  val_BalAccMaj=0.5370  win_BalAcc=0.5321  win_f1_macro=0.5256
fold2 ep 020  tr=0.7205  val_AccPaper=0.5333  val_BalAccMaj=0.5370  win_BalAcc=0.5309  win_f1_macro=0.5252
fold2 ep 021  tr=0.7168  val_AccPaper=0.5244  val_BalAccMaj=0.5278  win_BalAcc=0.5254  win_f1_macro=0.5178
fold2 ep 022  tr=0.7161  val_AccPaper=0.5344  val_BalAccMaj=0.5396  win_BalAcc=0.5319  win_f1_macro=0.5246
fold2 ep 023  tr=0.7145  val_AccPaper=0.5348  val_BalAccMaj=0.5400  win_BalAcc=0.5373  win_f1_macro=0.5329
fold2 ep 024  tr=0.7147  val_AccPaper=0.5356  val_BalAccMaj=0.5415  win_BalAcc=0.5365  win_f1_macro=0.5324
fold2 ep 025  tr=0.7119  val_AccPaper=0.5463  val_BalAccMaj=0.5515  win_BalAcc=0.5365  win_f1_macro=0.5337
fold2 ep 026  tr=0.7098  val_AccPaper=0.5444  val_BalAccMaj=0.5493  win_BalAcc=0.5380  win_f1_macro=0.5342
fold2 ep 027  tr=0.7069  val_AccPaper=0.5348  val_BalAccMaj=0.5411  win_BalAcc=0.5294  win_f1_macro=0.5238
fold2 ep 028  tr=0.7089  val_AccPaper=0.5422  val_BalAccMaj=0.5478  win_BalAcc=0.5352  win_f1_macro=0.5308
fold2 ep 029  tr=0.7034  val_AccPaper=0.5363  val_BalAccMaj=0.5433  win_BalAcc=0.5323  win_f1_macro=0.5261
fold2 ep 030  tr=0.7046  val_AccPaper=0.5396  val_BalAccMaj=0.5489  win_BalAcc=0.5405  win_f1_macro=0.5366
fold2 ep 031  tr=0.6995  val_AccPaper=0.5263  val_BalAccMaj=0.5337  win_BalAcc=0.5269  win_f1_macro=0.5206
fold2 ep 032  tr=0.6987  val_AccPaper=0.5363  val_BalAccMaj=0.5404  win_BalAcc=0.5306  win_f1_macro=0.5255
fold2 ep 033  tr=0.6976  val_AccPaper=0.5348  val_BalAccMaj=0.5396  win_BalAcc=0.5307  win_f1_macro=0.5240
fold2 ep 034  tr=0.6952  val_AccPaper=0.5341  val_BalAccMaj=0.5415  win_BalAcc=0.5302  win_f1_macro=0.5243
fold2 ep 035  tr=0.6947  val_AccPaper=0.5293  val_BalAccMaj=0.5344  win_BalAcc=0.5283  win_f1_macro=0.5208
fold2 ep 036  tr=0.6970  val_AccPaper=0.5385  val_BalAccMaj=0.5433  win_BalAcc=0.5343  win_f1_macro=0.5287
fold2 ep 037  tr=0.6949  val_AccPaper=0.5270  val_BalAccMaj=0.5341  win_BalAcc=0.5282  win_f1_macro=0.5219
fold2 early stop @ ep 37
fold3 ep 001  tr=0.9733  val_AccPaper=0.5796  val_BalAccMaj=0.5848  win_BalAcc=0.5725  win_f1_macro=0.5726
fold3 ep 002  tr=0.8665  val_AccPaper=0.5774  val_BalAccMaj=0.5848  win_BalAcc=0.5739  win_f1_macro=0.5706
fold3 ep 003  tr=0.8361  val_AccPaper=0.5930  val_BalAccMaj=0.5967  win_BalAcc=0.5911  win_f1_macro=0.5902
fold3 ep 004  tr=0.8209  val_AccPaper=0.5978  val_BalAccMaj=0.6052  win_BalAcc=0.5953  win_f1_macro=0.5951
fold3 ep 005  tr=0.8099  val_AccPaper=0.5993  val_BalAccMaj=0.6059  win_BalAcc=0.5951  win_f1_macro=0.5931
fold3 ep 006  tr=0.8032  val_AccPaper=0.6007  val_BalAccMaj=0.6067  win_BalAcc=0.5952  win_f1_macro=0.5952
fold3 ep 007  tr=0.7976  val_AccPaper=0.6004  val_BalAccMaj=0.6056  win_BalAcc=0.5948  win_f1_macro=0.5937
fold3 ep 008  tr=0.7899  val_AccPaper=0.6152  val_BalAccMaj=0.6222  win_BalAcc=0.6039  win_f1_macro=0.6028
fold3 ep 009  tr=0.7863  val_AccPaper=0.6052  val_BalAccMaj=0.6111  win_BalAcc=0.6005  win_f1_macro=0.6000
fold3 ep 010  tr=0.7816  val_AccPaper=0.6000  val_BalAccMaj=0.6067  win_BalAcc=0.5909  win_f1_macro=0.5888
fold3 ep 011  tr=0.7775  val_AccPaper=0.6033  val_BalAccMaj=0.6085  win_BalAcc=0.5971  win_f1_macro=0.5962
fold3 ep 012  tr=0.7727  val_AccPaper=0.6011  val_BalAccMaj=0.6070  win_BalAcc=0.5946  win_f1_macro=0.5914
fold3 ep 013  tr=0.7705  val_AccPaper=0.6052  val_BalAccMaj=0.6085  win_BalAcc=0.5992  win_f1_macro=0.5986
fold3 ep 014  tr=0.7683  val_AccPaper=0.6033  val_BalAccMaj=0.6089  win_BalAcc=0.5948  win_f1_macro=0.5934
fold3 ep 015  tr=0.7671  val_AccPaper=0.6015  val_BalAccMaj=0.6078  win_BalAcc=0.5941  win_f1_macro=0.5917
fold3 ep 016  tr=0.7643  val_AccPaper=0.6052  val_BalAccMaj=0.6115  win_BalAcc=0.5948  win_f1_macro=0.5940
fold3 ep 017  tr=0.7605  val_AccPaper=0.6096  val_BalAccMaj=0.6141  win_BalAcc=0.5994  win_f1_macro=0.5986
fold3 ep 018  tr=0.7587  val_AccPaper=0.6089  val_BalAccMaj=0.6148  win_BalAcc=0.5982  win_f1_macro=0.5967
fold3 ep 019  tr=0.7536  val_AccPaper=0.6026  val_BalAccMaj=0.6063  win_BalAcc=0.5939  win_f1_macro=0.5909
fold3 ep 020  tr=0.7526  val_AccPaper=0.6107  val_BalAccMaj=0.6144  win_BalAcc=0.5976  win_f1_macro=0.5958
fold3 ep 021  tr=0.7520  val_AccPaper=0.6085  val_BalAccMaj=0.6130  win_BalAcc=0.5990  win_f1_macro=0.5970
fold3 ep 022  tr=0.7462  val_AccPaper=0.5941  val_BalAccMaj=0.6011  win_BalAcc=0.5890  win_f1_macro=0.5860
fold3 ep 023  tr=0.7462  val_AccPaper=0.6004  val_BalAccMaj=0.6041  win_BalAcc=0.5873  win_f1_macro=0.5840
fold3 ep 024  tr=0.7456  val_AccPaper=0.6041  val_BalAccMaj=0.6093  win_BalAcc=0.5983  win_f1_macro=0.5972
fold3 ep 025  tr=0.7444  val_AccPaper=0.6048  val_BalAccMaj=0.6126  win_BalAcc=0.5986  win_f1_macro=0.5973
fold3 ep 026  tr=0.7416  val_AccPaper=0.6041  val_BalAccMaj=0.6078  win_BalAcc=0.5950  win_f1_macro=0.5933
fold3 ep 027  tr=0.7386  val_AccPaper=0.6044  val_BalAccMaj=0.6089  win_BalAcc=0.5960  win_f1_macro=0.5942
fold3 ep 028  tr=0.7384  val_AccPaper=0.6141  val_BalAccMaj=0.6193  win_BalAcc=0.6017  win_f1_macro=0.6011
fold3 early stop @ ep 28
fold4 ep 001  tr=0.9472  val_AccPaper=0.5107  val_BalAccMaj=0.5163  win_BalAcc=0.5038  win_f1_macro=0.5005
fold4 ep 002  tr=0.8293  val_AccPaper=0.5074  val_BalAccMaj=0.5133  win_BalAcc=0.5092  win_f1_macro=0.5093
fold4 ep 003  tr=0.7987  val_AccPaper=0.5015  val_BalAccMaj=0.5093  win_BalAcc=0.5031  win_f1_macro=0.5009
fold4 ep 004  tr=0.7818  val_AccPaper=0.5019  val_BalAccMaj=0.5104  win_BalAcc=0.5071  win_f1_macro=0.5059
fold4 ep 005  tr=0.7755  val_AccPaper=0.5111  val_BalAccMaj=0.5196  win_BalAcc=0.5135  win_f1_macro=0.5117
fold4 ep 006  tr=0.7674  val_AccPaper=0.5033  val_BalAccMaj=0.5115  win_BalAcc=0.5027  win_f1_macro=0.4995
fold4 ep 007  tr=0.7615  val_AccPaper=0.5170  val_BalAccMaj=0.5237  win_BalAcc=0.5136  win_f1_macro=0.5114
fold4 ep 008  tr=0.7583  val_AccPaper=0.5104  val_BalAccMaj=0.5185  win_BalAcc=0.5097  win_f1_macro=0.5088
fold4 ep 009  tr=0.7521  val_AccPaper=0.5141  val_BalAccMaj=0.5193  win_BalAcc=0.5107  win_f1_macro=0.5086
fold4 ep 010  tr=0.7512  val_AccPaper=0.5148  val_BalAccMaj=0.5237  win_BalAcc=0.5119  win_f1_macro=0.5055
fold4 ep 011  tr=0.7422  val_AccPaper=0.5030  val_BalAccMaj=0.5104  win_BalAcc=0.5101  win_f1_macro=0.5081
fold4 ep 012  tr=0.7434  val_AccPaper=0.5074  val_BalAccMaj=0.5133  win_BalAcc=0.5116  win_f1_macro=0.5120
fold4 ep 013  tr=0.7413  val_AccPaper=0.5189  val_BalAccMaj=0.5263  win_BalAcc=0.5190  win_f1_macro=0.5164
fold4 ep 014  tr=0.7369  val_AccPaper=0.5141  val_BalAccMaj=0.5200  win_BalAcc=0.5115  win_f1_macro=0.5111
fold4 ep 015  tr=0.7353  val_AccPaper=0.5259  val_BalAccMaj=0.5319  win_BalAcc=0.5249  win_f1_macro=0.5245
fold4 ep 016  tr=0.7330  val_AccPaper=0.5222  val_BalAccMaj=0.5278  win_BalAcc=0.5178  win_f1_macro=0.5168
fold4 ep 017  tr=0.7320  val_AccPaper=0.5081  val_BalAccMaj=0.5122  win_BalAcc=0.5119  win_f1_macro=0.5118
fold4 ep 018  tr=0.7260  val_AccPaper=0.5219  val_BalAccMaj=0.5281  win_BalAcc=0.5205  win_f1_macro=0.5199
fold4 ep 019  tr=0.7239  val_AccPaper=0.5030  val_BalAccMaj=0.5089  win_BalAcc=0.5044  win_f1_macro=0.5039
fold4 ep 020  tr=0.7257  val_AccPaper=0.5174  val_BalAccMaj=0.5244  win_BalAcc=0.5153  win_f1_macro=0.5135
fold4 ep 021  tr=0.7222  val_AccPaper=0.5263  val_BalAccMaj=0.5315  win_BalAcc=0.5189  win_f1_macro=0.5173
fold4 ep 022  tr=0.7190  val_AccPaper=0.5163  val_BalAccMaj=0.5237  win_BalAcc=0.5154  win_f1_macro=0.5128
fold4 ep 023  tr=0.7169  val_AccPaper=0.5219  val_BalAccMaj=0.5296  win_BalAcc=0.5217  win_f1_macro=0.5206
fold4 ep 024  tr=0.7169  val_AccPaper=0.5270  val_BalAccMaj=0.5363  win_BalAcc=0.5224  win_f1_macro=0.5205
fold4 ep 025  tr=0.7148  val_AccPaper=0.5244  val_BalAccMaj=0.5330  win_BalAcc=0.5161  win_f1_macro=0.5087
fold4 ep 026  tr=0.7126  val_AccPaper=0.5211  val_BalAccMaj=0.5274  win_BalAcc=0.5212  win_f1_macro=0.5181
fold4 ep 027  tr=0.7100  val_AccPaper=0.5152  val_BalAccMaj=0.5237  win_BalAcc=0.5189  win_f1_macro=0.5160
fold4 ep 028  tr=0.7081  val_AccPaper=0.5148  val_BalAccMaj=0.5215  win_BalAcc=0.5185  win_f1_macro=0.5157
fold4 ep 029  tr=0.7057  val_AccPaper=0.5196  val_BalAccMaj=0.5259  win_BalAcc=0.5144  win_f1_macro=0.5087
fold4 ep 030  tr=0.7034  val_AccPaper=0.5122  val_BalAccMaj=0.5193  win_BalAcc=0.5101  win_f1_macro=0.5087
fold4 ep 031  tr=0.6996  val_AccPaper=0.5178  val_BalAccMaj=0.5248  win_BalAcc=0.5183  win_f1_macro=0.5170
fold4 ep 032  tr=0.6987  val_AccPaper=0.5178  val_BalAccMaj=0.5241  win_BalAcc=0.5170  win_f1_macro=0.5155
fold4 ep 033  tr=0.7009  val_AccPaper=0.5270  val_BalAccMaj=0.5352  win_BalAcc=0.5196  win_f1_macro=0.5158
fold4 ep 034  tr=0.6935  val_AccPaper=0.5148  val_BalAccMaj=0.5244  win_BalAcc=0.5164  win_f1_macro=0.5114
fold4 ep 035  tr=0.6947  val_AccPaper=0.5196  val_BalAccMaj=0.5274  win_BalAcc=0.5158  win_f1_macro=0.5139
fold4 ep 036  tr=0.6914  val_AccPaper=0.5200  val_BalAccMaj=0.5296  win_BalAcc=0.5246  win_f1_macro=0.5229
fold4 ep 037  tr=0.6889  val_AccPaper=0.5167  val_BalAccMaj=0.5215  win_BalAcc=0.5143  win_f1_macro=0.5122
fold4 ep 038  tr=0.6904  val_AccPaper=0.5044  val_BalAccMaj=0.5126  win_BalAcc=0.5099  win_f1_macro=0.5095
fold4 ep 039  tr=0.6842  val_AccPaper=0.5174  val_BalAccMaj=0.5259  win_BalAcc=0.5213  win_f1_macro=0.5190
fold4 ep 040  tr=0.6847  val_AccPaper=0.5193  val_BalAccMaj=0.5293  win_BalAcc=0.5193  win_f1_macro=0.5167
fold4 ep 041  tr=0.6850  val_AccPaper=0.5200  val_BalAccMaj=0.5285  win_BalAcc=0.5215  win_f1_macro=0.5204
fold4 ep 042  tr=0.6814  val_AccPaper=0.5126  val_BalAccMaj=0.5219  win_BalAcc=0.5119  win_f1_macro=0.5109
fold4 ep 043  tr=0.6811  val_AccPaper=0.5174  val_BalAccMaj=0.5285  win_BalAcc=0.5181  win_f1_macro=0.5174
fold4 ep 044  tr=0.6759  val_AccPaper=0.5115  val_BalAccMaj=0.5200  win_BalAcc=0.5125  win_f1_macro=0.5119
fold4 early stop @ ep 44
[A1] done val_AccPaper=0.5728 test_AccPaper=0.5754 test_BalAcc=0.5825 test_win_F1=0.5694
