start arm=C2b device=cuda n_classes=3 y_counts={0: 91800, 1: 91800, 2: 91800} pf_protocol_version=3 no_rest=False
[C2b] §3.2.1 future-perturb ratio=133.037
fold0 ep 001  tr=2.1840  val_AccPaper=0.5119  val_BalAccMaj=0.5144  win_BalAcc=0.5093  win_f1_macro=0.5025
fold0 ep 002  tr=1.8866  val_AccPaper=0.5411  val_BalAccMaj=0.5456  win_BalAcc=0.5360  win_f1_macro=0.5337
fold0 ep 003  tr=1.8082  val_AccPaper=0.5474  val_BalAccMaj=0.5526  win_BalAcc=0.5458  win_f1_macro=0.5445
fold0 ep 004  tr=1.7684  val_AccPaper=0.5574  val_BalAccMaj=0.5615  win_BalAcc=0.5494  win_f1_macro=0.5497
fold0 ep 005  tr=1.7490  val_AccPaper=0.5633  val_BalAccMaj=0.5689  win_BalAcc=0.5595  win_f1_macro=0.5594
fold0 ep 006  tr=1.7288  val_AccPaper=0.5622  val_BalAccMaj=0.5674  win_BalAcc=0.5551  win_f1_macro=0.5546
fold0 ep 007  tr=1.7144  val_AccPaper=0.5696  val_BalAccMaj=0.5744  win_BalAcc=0.5605  win_f1_macro=0.5613
fold0 ep 008  tr=1.7044  val_AccPaper=0.5670  val_BalAccMaj=0.5726  win_BalAcc=0.5615  win_f1_macro=0.5612
fold0 ep 009  tr=1.6941  val_AccPaper=0.5622  val_BalAccMaj=0.5696  win_BalAcc=0.5578  win_f1_macro=0.5582
fold0 ep 010  tr=1.6820  val_AccPaper=0.5633  val_BalAccMaj=0.5678  win_BalAcc=0.5529  win_f1_macro=0.5520
fold0 ep 011  tr=1.6750  val_AccPaper=0.5596  val_BalAccMaj=0.5648  win_BalAcc=0.5559  win_f1_macro=0.5564
fold0 ep 012  tr=1.6659  val_AccPaper=0.5633  val_BalAccMaj=0.5685  win_BalAcc=0.5563  win_f1_macro=0.5563
fold0 ep 013  tr=1.6562  val_AccPaper=0.5567  val_BalAccMaj=0.5619  win_BalAcc=0.5511  win_f1_macro=0.5517
fold0 ep 014  tr=1.6610  val_AccPaper=0.5648  val_BalAccMaj=0.5693  win_BalAcc=0.5559  win_f1_macro=0.5558
fold0 ep 015  tr=1.6471  val_AccPaper=0.5593  val_BalAccMaj=0.5652  win_BalAcc=0.5535  win_f1_macro=0.5535
fold0 ep 016  tr=1.6434  val_AccPaper=0.5670  val_BalAccMaj=0.5741  win_BalAcc=0.5568  win_f1_macro=0.5571
fold0 ep 017  tr=1.6346  val_AccPaper=0.5667  val_BalAccMaj=0.5726  win_BalAcc=0.5581  win_f1_macro=0.5580
fold0 ep 018  tr=1.6327  val_AccPaper=0.5600  val_BalAccMaj=0.5670  win_BalAcc=0.5543  win_f1_macro=0.5546
fold0 ep 019  tr=1.6323  val_AccPaper=0.5552  val_BalAccMaj=0.5611  win_BalAcc=0.5506  win_f1_macro=0.5505
fold0 ep 020  tr=1.6254  val_AccPaper=0.5652  val_BalAccMaj=0.5693  win_BalAcc=0.5542  win_f1_macro=0.5533
fold0 ep 021  tr=1.6237  val_AccPaper=0.5637  val_BalAccMaj=0.5693  win_BalAcc=0.5553  win_f1_macro=0.5549
fold0 ep 022  tr=1.6130  val_AccPaper=0.5641  val_BalAccMaj=0.5704  win_BalAcc=0.5578  win_f1_macro=0.5574
fold0 ep 023  tr=1.6135  val_AccPaper=0.5570  val_BalAccMaj=0.5619  win_BalAcc=0.5523  win_f1_macro=0.5525
fold0 ep 024  tr=1.6074  val_AccPaper=0.5593  val_BalAccMaj=0.5656  win_BalAcc=0.5526  win_f1_macro=0.5522
fold0 ep 025  tr=1.6079  val_AccPaper=0.5630  val_BalAccMaj=0.5663  win_BalAcc=0.5558  win_f1_macro=0.5561
fold0 ep 026  tr=1.5959  val_AccPaper=0.5563  val_BalAccMaj=0.5626  win_BalAcc=0.5503  win_f1_macro=0.5495
fold0 ep 027  tr=1.6007  val_AccPaper=0.5541  val_BalAccMaj=0.5585  win_BalAcc=0.5450  win_f1_macro=0.5445
fold0 early stop @ ep 27
fold1 ep 001  tr=2.2326  val_AccPaper=0.5026  val_BalAccMaj=0.5056  win_BalAcc=0.5042  win_f1_macro=0.4850
fold1 ep 002  tr=1.9763  val_AccPaper=0.5422  val_BalAccMaj=0.5459  win_BalAcc=0.5385  win_f1_macro=0.5281
fold1 ep 003  tr=1.8998  val_AccPaper=0.5519  val_BalAccMaj=0.5604  win_BalAcc=0.5507  win_f1_macro=0.5442
fold1 ep 004  tr=1.8632  val_AccPaper=0.5463  val_BalAccMaj=0.5504  win_BalAcc=0.5483  win_f1_macro=0.5387
fold1 ep 005  tr=1.8402  val_AccPaper=0.5652  val_BalAccMaj=0.5733  win_BalAcc=0.5610  win_f1_macro=0.5578
fold1 ep 006  tr=1.8276  val_AccPaper=0.5644  val_BalAccMaj=0.5726  win_BalAcc=0.5628  win_f1_macro=0.5600
fold1 ep 007  tr=1.8095  val_AccPaper=0.5556  val_BalAccMaj=0.5637  win_BalAcc=0.5543  win_f1_macro=0.5496
fold1 ep 008  tr=1.7951  val_AccPaper=0.5522  val_BalAccMaj=0.5589  win_BalAcc=0.5478  win_f1_macro=0.5416
fold1 ep 009  tr=1.7935  val_AccPaper=0.5548  val_BalAccMaj=0.5630  win_BalAcc=0.5535  win_f1_macro=0.5509
fold1 ep 010  tr=1.7772  val_AccPaper=0.5644  val_BalAccMaj=0.5689  win_BalAcc=0.5630  win_f1_macro=0.5607
fold1 ep 011  tr=1.7680  val_AccPaper=0.5626  val_BalAccMaj=0.5704  win_BalAcc=0.5600  win_f1_macro=0.5599
fold1 ep 012  tr=1.7696  val_AccPaper=0.5726  val_BalAccMaj=0.5807  win_BalAcc=0.5692  win_f1_macro=0.5691
fold1 ep 013  tr=1.7594  val_AccPaper=0.5689  val_BalAccMaj=0.5752  win_BalAcc=0.5653  win_f1_macro=0.5651
fold1 ep 014  tr=1.7623  val_AccPaper=0.5663  val_BalAccMaj=0.5737  win_BalAcc=0.5637  win_f1_macro=0.5615
fold1 ep 015  tr=1.7511  val_AccPaper=0.5585  val_BalAccMaj=0.5637  win_BalAcc=0.5563  win_f1_macro=0.5537
fold1 ep 016  tr=1.7444  val_AccPaper=0.5707  val_BalAccMaj=0.5759  win_BalAcc=0.5663  win_f1_macro=0.5648
fold1 ep 017  tr=1.7419  val_AccPaper=0.5707  val_BalAccMaj=0.5781  win_BalAcc=0.5660  win_f1_macro=0.5657
fold1 ep 018  tr=1.7306  val_AccPaper=0.5607  val_BalAccMaj=0.5674  win_BalAcc=0.5578  win_f1_macro=0.5549
fold1 ep 019  tr=1.7296  val_AccPaper=0.5556  val_BalAccMaj=0.5648  win_BalAcc=0.5575  win_f1_macro=0.5569
fold1 ep 020  tr=1.7246  val_AccPaper=0.5541  val_BalAccMaj=0.5596  win_BalAcc=0.5543  win_f1_macro=0.5538
fold1 ep 021  tr=1.7221  val_AccPaper=0.5700  val_BalAccMaj=0.5778  win_BalAcc=0.5682  win_f1_macro=0.5668
fold1 ep 022  tr=1.7147  val_AccPaper=0.5611  val_BalAccMaj=0.5685  win_BalAcc=0.5625  win_f1_macro=0.5589
fold1 ep 023  tr=1.7155  val_AccPaper=0.5674  val_BalAccMaj=0.5737  win_BalAcc=0.5669  win_f1_macro=0.5648
fold1 ep 024  tr=1.7102  val_AccPaper=0.5633  val_BalAccMaj=0.5689  win_BalAcc=0.5649  win_f1_macro=0.5621
fold1 ep 025  tr=1.7072  val_AccPaper=0.5644  val_BalAccMaj=0.5693  win_BalAcc=0.5586  win_f1_macro=0.5578
fold1 ep 026  tr=1.6966  val_AccPaper=0.5570  val_BalAccMaj=0.5630  win_BalAcc=0.5585  win_f1_macro=0.5577
fold1 ep 027  tr=1.6994  val_AccPaper=0.5411  val_BalAccMaj=0.5504  win_BalAcc=0.5500  win_f1_macro=0.5449
fold1 ep 028  tr=1.6892  val_AccPaper=0.5641  val_BalAccMaj=0.5707  win_BalAcc=0.5560  win_f1_macro=0.5534
fold1 ep 029  tr=1.6886  val_AccPaper=0.5541  val_BalAccMaj=0.5630  win_BalAcc=0.5564  win_f1_macro=0.5547
fold1 ep 030  tr=1.6891  val_AccPaper=0.5604  val_BalAccMaj=0.5659  win_BalAcc=0.5580  win_f1_macro=0.5551
fold1 ep 031  tr=1.6814  val_AccPaper=0.5607  val_BalAccMaj=0.5667  win_BalAcc=0.5558  win_f1_macro=0.5545
fold1 ep 032  tr=1.6785  val_AccPaper=0.5619  val_BalAccMaj=0.5681  win_BalAcc=0.5576  win_f1_macro=0.5561
fold1 early stop @ ep 32
fold2 ep 001  tr=2.1660  val_AccPaper=0.5193  val_BalAccMaj=0.5259  win_BalAcc=0.5159  win_f1_macro=0.5149
fold2 ep 002  tr=1.8627  val_AccPaper=0.5381  val_BalAccMaj=0.5411  win_BalAcc=0.5297  win_f1_macro=0.5302
fold2 ep 003  tr=1.7922  val_AccPaper=0.5381  val_BalAccMaj=0.5448  win_BalAcc=0.5327  win_f1_macro=0.5315
fold2 ep 004  tr=1.7578  val_AccPaper=0.5396  val_BalAccMaj=0.5459  win_BalAcc=0.5343  win_f1_macro=0.5323
fold2 ep 005  tr=1.7342  val_AccPaper=0.5441  val_BalAccMaj=0.5485  win_BalAcc=0.5373  win_f1_macro=0.5372
fold2 ep 006  tr=1.7155  val_AccPaper=0.5333  val_BalAccMaj=0.5389  win_BalAcc=0.5273  win_f1_macro=0.5256
fold2 ep 007  tr=1.7055  val_AccPaper=0.5467  val_BalAccMaj=0.5548  win_BalAcc=0.5355  win_f1_macro=0.5345
fold2 ep 008  tr=1.6895  val_AccPaper=0.5333  val_BalAccMaj=0.5359  win_BalAcc=0.5290  win_f1_macro=0.5277
fold2 ep 009  tr=1.6805  val_AccPaper=0.5348  val_BalAccMaj=0.5396  win_BalAcc=0.5323  win_f1_macro=0.5309
fold2 ep 010  tr=1.6764  val_AccPaper=0.5319  val_BalAccMaj=0.5396  win_BalAcc=0.5307  win_f1_macro=0.5297
fold2 ep 011  tr=1.6661  val_AccPaper=0.5319  val_BalAccMaj=0.5370  win_BalAcc=0.5289  win_f1_macro=0.5267
fold2 ep 012  tr=1.6587  val_AccPaper=0.5278  val_BalAccMaj=0.5337  win_BalAcc=0.5263  win_f1_macro=0.5233
fold2 ep 013  tr=1.6563  val_AccPaper=0.5356  val_BalAccMaj=0.5396  win_BalAcc=0.5310  win_f1_macro=0.5293
fold2 ep 014  tr=1.6534  val_AccPaper=0.5385  val_BalAccMaj=0.5437  win_BalAcc=0.5357  win_f1_macro=0.5338
fold2 ep 015  tr=1.6442  val_AccPaper=0.5374  val_BalAccMaj=0.5430  win_BalAcc=0.5301  win_f1_macro=0.5260
fold2 ep 016  tr=1.6343  val_AccPaper=0.5378  val_BalAccMaj=0.5452  win_BalAcc=0.5342  win_f1_macro=0.5319
fold2 ep 017  tr=1.6354  val_AccPaper=0.5385  val_BalAccMaj=0.5456  win_BalAcc=0.5344  win_f1_macro=0.5322
fold2 ep 018  tr=1.6283  val_AccPaper=0.5307  val_BalAccMaj=0.5359  win_BalAcc=0.5285  win_f1_macro=0.5262
fold2 ep 019  tr=1.6266  val_AccPaper=0.5404  val_BalAccMaj=0.5456  win_BalAcc=0.5363  win_f1_macro=0.5335
fold2 ep 020  tr=1.6170  val_AccPaper=0.5300  val_BalAccMaj=0.5363  win_BalAcc=0.5253  win_f1_macro=0.5217
fold2 ep 021  tr=1.6210  val_AccPaper=0.5289  val_BalAccMaj=0.5378  win_BalAcc=0.5284  win_f1_macro=0.5225
fold2 ep 022  tr=1.6117  val_AccPaper=0.5400  val_BalAccMaj=0.5441  win_BalAcc=0.5328  win_f1_macro=0.5293
fold2 ep 023  tr=1.6031  val_AccPaper=0.5337  val_BalAccMaj=0.5396  win_BalAcc=0.5312  win_f1_macro=0.5276
fold2 ep 024  tr=1.6037  val_AccPaper=0.5385  val_BalAccMaj=0.5426  win_BalAcc=0.5324  win_f1_macro=0.5302
fold2 ep 025  tr=1.5970  val_AccPaper=0.5189  val_BalAccMaj=0.5241  win_BalAcc=0.5187  win_f1_macro=0.5122
fold2 ep 026  tr=1.5963  val_AccPaper=0.5289  val_BalAccMaj=0.5330  win_BalAcc=0.5244  win_f1_macro=0.5190
fold2 ep 027  tr=1.5962  val_AccPaper=0.5248  val_BalAccMaj=0.5296  win_BalAcc=0.5241  win_f1_macro=0.5197
fold2 early stop @ ep 27
fold3 ep 001  tr=2.2374  val_AccPaper=0.5607  val_BalAccMaj=0.5630  win_BalAcc=0.5559  win_f1_macro=0.5471
fold3 ep 002  tr=1.9700  val_AccPaper=0.5667  val_BalAccMaj=0.5696  win_BalAcc=0.5651  win_f1_macro=0.5601
fold3 ep 003  tr=1.8909  val_AccPaper=0.5800  val_BalAccMaj=0.5878  win_BalAcc=0.5804  win_f1_macro=0.5802
fold3 ep 004  tr=1.8512  val_AccPaper=0.5970  val_BalAccMaj=0.6019  win_BalAcc=0.5872  win_f1_macro=0.5861
fold3 ep 005  tr=1.8308  val_AccPaper=0.5911  val_BalAccMaj=0.5985  win_BalAcc=0.5885  win_f1_macro=0.5886
fold3 ep 006  tr=1.8040  val_AccPaper=0.6011  val_BalAccMaj=0.6078  win_BalAcc=0.5948  win_f1_macro=0.5955
fold3 ep 007  tr=1.7925  val_AccPaper=0.6004  val_BalAccMaj=0.6067  win_BalAcc=0.5925  win_f1_macro=0.5928
fold3 ep 008  tr=1.7750  val_AccPaper=0.6037  val_BalAccMaj=0.6096  win_BalAcc=0.5966  win_f1_macro=0.5967
fold3 ep 009  tr=1.7685  val_AccPaper=0.6122  val_BalAccMaj=0.6170  win_BalAcc=0.5990  win_f1_macro=0.5996
fold3 ep 010  tr=1.7623  val_AccPaper=0.6059  val_BalAccMaj=0.6130  win_BalAcc=0.5971  win_f1_macro=0.5971
fold3 ep 011  tr=1.7569  val_AccPaper=0.6059  val_BalAccMaj=0.6096  win_BalAcc=0.5955  win_f1_macro=0.5959
fold3 ep 012  tr=1.7424  val_AccPaper=0.6056  val_BalAccMaj=0.6100  win_BalAcc=0.5949  win_f1_macro=0.5948
fold3 ep 013  tr=1.7397  val_AccPaper=0.6011  val_BalAccMaj=0.6074  win_BalAcc=0.5927  win_f1_macro=0.5926
fold3 ep 014  tr=1.7330  val_AccPaper=0.6011  val_BalAccMaj=0.6070  win_BalAcc=0.5925  win_f1_macro=0.5928
fold3 ep 015  tr=1.7279  val_AccPaper=0.6096  val_BalAccMaj=0.6130  win_BalAcc=0.5981  win_f1_macro=0.5978
fold3 ep 016  tr=1.7208  val_AccPaper=0.5993  val_BalAccMaj=0.6030  win_BalAcc=0.5912  win_f1_macro=0.5913
fold3 ep 017  tr=1.7253  val_AccPaper=0.6037  val_BalAccMaj=0.6089  win_BalAcc=0.5968  win_f1_macro=0.5969
fold3 ep 018  tr=1.7132  val_AccPaper=0.6026  val_BalAccMaj=0.6085  win_BalAcc=0.5944  win_f1_macro=0.5947
fold3 ep 019  tr=1.7128  val_AccPaper=0.6081  val_BalAccMaj=0.6141  win_BalAcc=0.5990  win_f1_macro=0.5987
fold3 ep 020  tr=1.7064  val_AccPaper=0.6041  val_BalAccMaj=0.6089  win_BalAcc=0.5956  win_f1_macro=0.5952
fold3 ep 021  tr=1.7013  val_AccPaper=0.6030  val_BalAccMaj=0.6078  win_BalAcc=0.5939  win_f1_macro=0.5939
fold3 ep 022  tr=1.6949  val_AccPaper=0.5996  val_BalAccMaj=0.6078  win_BalAcc=0.5919  win_f1_macro=0.5920
fold3 ep 023  tr=1.6942  val_AccPaper=0.6048  val_BalAccMaj=0.6122  win_BalAcc=0.5912  win_f1_macro=0.5917
fold3 ep 024  tr=1.6842  val_AccPaper=0.6041  val_BalAccMaj=0.6111  win_BalAcc=0.5966  win_f1_macro=0.5966
fold3 ep 025  tr=1.6857  val_AccPaper=0.5996  val_BalAccMaj=0.6056  win_BalAcc=0.5933  win_f1_macro=0.5933
fold3 ep 026  tr=1.6756  val_AccPaper=0.5952  val_BalAccMaj=0.6000  win_BalAcc=0.5887  win_f1_macro=0.5892
fold3 ep 027  tr=1.6745  val_AccPaper=0.5996  val_BalAccMaj=0.6048  win_BalAcc=0.5893  win_f1_macro=0.5897
fold3 ep 028  tr=1.6784  val_AccPaper=0.6007  val_BalAccMaj=0.6081  win_BalAcc=0.5941  win_f1_macro=0.5941
fold3 ep 029  tr=1.6728  val_AccPaper=0.5952  val_BalAccMaj=0.6030  win_BalAcc=0.5821  win_f1_macro=0.5823
fold3 early stop @ ep 29
fold4 ep 001  tr=2.1631  val_AccPaper=0.4830  val_BalAccMaj=0.4874  win_BalAcc=0.4817  win_f1_macro=0.4689
fold4 ep 002  tr=1.8678  val_AccPaper=0.4904  val_BalAccMaj=0.4944  win_BalAcc=0.4940  win_f1_macro=0.4891
fold4 ep 003  tr=1.7937  val_AccPaper=0.4944  val_BalAccMaj=0.4985  win_BalAcc=0.4972  win_f1_macro=0.4953
fold4 ep 004  tr=1.7541  val_AccPaper=0.4933  val_BalAccMaj=0.5000  win_BalAcc=0.4973  win_f1_macro=0.4968
fold4 ep 005  tr=1.7377  val_AccPaper=0.4859  val_BalAccMaj=0.4930  win_BalAcc=0.4906  win_f1_macro=0.4875
fold4 ep 006  tr=1.7217  val_AccPaper=0.4985  val_BalAccMaj=0.5052  win_BalAcc=0.5023  win_f1_macro=0.5006
fold4 ep 007  tr=1.7066  val_AccPaper=0.4970  val_BalAccMaj=0.5030  win_BalAcc=0.5019  win_f1_macro=0.4985
fold4 ep 008  tr=1.6949  val_AccPaper=0.5004  val_BalAccMaj=0.5085  win_BalAcc=0.5021  win_f1_macro=0.5011
fold4 ep 009  tr=1.6902  val_AccPaper=0.5030  val_BalAccMaj=0.5126  win_BalAcc=0.5048  win_f1_macro=0.5029
fold4 ep 010  tr=1.6826  val_AccPaper=0.5011  val_BalAccMaj=0.5107  win_BalAcc=0.5023  win_f1_macro=0.5020
fold4 ep 011  tr=1.6726  val_AccPaper=0.5033  val_BalAccMaj=0.5111  win_BalAcc=0.5043  win_f1_macro=0.5040
fold4 ep 012  tr=1.6674  val_AccPaper=0.4993  val_BalAccMaj=0.5104  win_BalAcc=0.4994  win_f1_macro=0.4971
fold4 ep 013  tr=1.6607  val_AccPaper=0.5044  val_BalAccMaj=0.5156  win_BalAcc=0.5033  win_f1_macro=0.5005
fold4 ep 014  tr=1.6509  val_AccPaper=0.5041  val_BalAccMaj=0.5130  win_BalAcc=0.5028  win_f1_macro=0.4981
fold4 ep 015  tr=1.6527  val_AccPaper=0.4970  val_BalAccMaj=0.5067  win_BalAcc=0.5016  win_f1_macro=0.4976
fold4 ep 016  tr=1.6412  val_AccPaper=0.4941  val_BalAccMaj=0.5004  win_BalAcc=0.4921  win_f1_macro=0.4877
fold4 ep 017  tr=1.6421  val_AccPaper=0.5067  val_BalAccMaj=0.5144  win_BalAcc=0.5054  win_f1_macro=0.5040
fold4 ep 018  tr=1.6378  val_AccPaper=0.5126  val_BalAccMaj=0.5233  win_BalAcc=0.5107  win_f1_macro=0.5101
fold4 ep 019  tr=1.6387  val_AccPaper=0.5074  val_BalAccMaj=0.5148  win_BalAcc=0.5072  win_f1_macro=0.5052
fold4 ep 020  tr=1.6333  val_AccPaper=0.5067  val_BalAccMaj=0.5156  win_BalAcc=0.5034  win_f1_macro=0.5026
fold4 ep 021  tr=1.6230  val_AccPaper=0.5041  val_BalAccMaj=0.5081  win_BalAcc=0.5006  win_f1_macro=0.4976
fold4 ep 022  tr=1.6188  val_AccPaper=0.5041  val_BalAccMaj=0.5115  win_BalAcc=0.5049  win_f1_macro=0.5014
fold4 ep 023  tr=1.6167  val_AccPaper=0.4996  val_BalAccMaj=0.5063  win_BalAcc=0.5012  win_f1_macro=0.4965
fold4 ep 024  tr=1.6110  val_AccPaper=0.5059  val_BalAccMaj=0.5115  win_BalAcc=0.5039  win_f1_macro=0.5011
fold4 ep 025  tr=1.6101  val_AccPaper=0.4904  val_BalAccMaj=0.5011  win_BalAcc=0.4938  win_f1_macro=0.4916
fold4 ep 026  tr=1.6008  val_AccPaper=0.5011  val_BalAccMaj=0.5085  win_BalAcc=0.5044  win_f1_macro=0.5005
fold4 ep 027  tr=1.6040  val_AccPaper=0.5022  val_BalAccMaj=0.5081  win_BalAcc=0.5029  win_f1_macro=0.4974
fold4 ep 028  tr=1.5986  val_AccPaper=0.5063  val_BalAccMaj=0.5130  win_BalAcc=0.5065  win_f1_macro=0.5027
fold4 ep 029  tr=1.5963  val_AccPaper=0.5126  val_BalAccMaj=0.5226  win_BalAcc=0.5116  win_f1_macro=0.5088
fold4 ep 030  tr=1.5896  val_AccPaper=0.5056  val_BalAccMaj=0.5111  win_BalAcc=0.5001  win_f1_macro=0.4976
fold4 ep 031  tr=1.5944  val_AccPaper=0.4967  val_BalAccMaj=0.5048  win_BalAcc=0.4963  win_f1_macro=0.4930
fold4 ep 032  tr=1.5860  val_AccPaper=0.5052  val_BalAccMaj=0.5141  win_BalAcc=0.5066  win_f1_macro=0.5049
fold4 ep 033  tr=1.5777  val_AccPaper=0.4996  val_BalAccMaj=0.5096  win_BalAcc=0.5002  win_f1_macro=0.4977
fold4 ep 034  tr=1.5793  val_AccPaper=0.4896  val_BalAccMaj=0.4970  win_BalAcc=0.4923  win_f1_macro=0.4916
fold4 ep 035  tr=1.5729  val_AccPaper=0.5000  val_BalAccMaj=0.5093  win_BalAcc=0.5003  win_f1_macro=0.4989
fold4 ep 036  tr=1.5668  val_AccPaper=0.4915  val_BalAccMaj=0.4993  win_BalAcc=0.4943  win_f1_macro=0.4873
fold4 ep 037  tr=1.5724  val_AccPaper=0.5178  val_BalAccMaj=0.5252  win_BalAcc=0.5108  win_f1_macro=0.5077
fold4 ep 038  tr=1.5565  val_AccPaper=0.5004  val_BalAccMaj=0.5093  win_BalAcc=0.5021  win_f1_macro=0.4998
fold4 ep 039  tr=1.5552  val_AccPaper=0.5085  val_BalAccMaj=0.5159  win_BalAcc=0.5031  win_f1_macro=0.4999
fold4 ep 040  tr=1.5606  val_AccPaper=0.5044  val_BalAccMaj=0.5111  win_BalAcc=0.5024  win_f1_macro=0.5013
fold4 ep 041  tr=1.5542  val_AccPaper=0.5070  val_BalAccMaj=0.5159  win_BalAcc=0.5074  win_f1_macro=0.5056
fold4 ep 042  tr=1.5467  val_AccPaper=0.5048  val_BalAccMaj=0.5126  win_BalAcc=0.5044  win_f1_macro=0.5015
fold4 ep 043  tr=1.5461  val_AccPaper=0.5026  val_BalAccMaj=0.5107  win_BalAcc=0.5007  win_f1_macro=0.4999
fold4 ep 044  tr=1.5421  val_AccPaper=0.4937  val_BalAccMaj=0.5019  win_BalAcc=0.4972  win_f1_macro=0.4940
fold4 ep 045  tr=1.5429  val_AccPaper=0.5026  val_BalAccMaj=0.5104  win_BalAcc=0.5044  win_f1_macro=0.5042
fold4 ep 046  tr=1.5397  val_AccPaper=0.4993  val_BalAccMaj=0.5081  win_BalAcc=0.4981  win_f1_macro=0.4956
fold4 ep 047  tr=1.5344  val_AccPaper=0.5059  val_BalAccMaj=0.5152  win_BalAcc=0.5068  win_f1_macro=0.5052
fold4 ep 048  tr=1.5269  val_AccPaper=0.5015  val_BalAccMaj=0.5089  win_BalAcc=0.5019  win_f1_macro=0.5005
fold4 ep 049  tr=1.5327  val_AccPaper=0.5019  val_BalAccMaj=0.5078  win_BalAcc=0.5014  win_f1_macro=0.4989
fold4 ep 050  tr=1.5277  val_AccPaper=0.4967  val_BalAccMaj=0.5044  win_BalAcc=0.4998  win_f1_macro=0.4966
fold4 ep 051  tr=1.5240  val_AccPaper=0.4989  val_BalAccMaj=0.5085  win_BalAcc=0.4951  win_f1_macro=0.4929
fold4 ep 052  tr=1.5227  val_AccPaper=0.4993  val_BalAccMaj=0.5074  win_BalAcc=0.5023  win_f1_macro=0.5000
fold4 ep 053  tr=1.5139  val_AccPaper=0.5067  val_BalAccMaj=0.5156  win_BalAcc=0.5048  win_f1_macro=0.5016
fold4 ep 054  tr=1.5170  val_AccPaper=0.5022  val_BalAccMaj=0.5122  win_BalAcc=0.5042  win_f1_macro=0.5007
fold4 ep 055  tr=1.5073  val_AccPaper=0.4881  val_BalAccMaj=0.4967  win_BalAcc=0.4932  win_f1_macro=0.4917
fold4 ep 056  tr=1.5112  val_AccPaper=0.4959  val_BalAccMaj=0.5078  win_BalAcc=0.5007  win_f1_macro=0.5005
fold4 ep 057  tr=1.5085  val_AccPaper=0.4974  val_BalAccMaj=0.5063  win_BalAcc=0.4976  win_f1_macro=0.4951
fold4 early stop @ ep 57
[C2b] done val_AccPaper=0.5638 test_AccPaper=0.5695 test_BalAcc=0.5748 test_win_F1=0.5620
