start arm=B5a device=cuda n_classes=3 y_counts={0: 91800, 1: 91800, 2: 91800} pf_protocol_version=3 no_rest=False
[B5a] §3.2.1 future-perturb ratio=125.573
fold0 ep 001  tr=1.1323  val_AccPaper=0.5196  val_BalAccMaj=0.5230  win_BalAcc=0.5155  win_f1_macro=0.5135
fold0 ep 002  tr=0.9849  val_AccPaper=0.5393  val_BalAccMaj=0.5430  win_BalAcc=0.5383  win_f1_macro=0.5377
fold0 ep 003  tr=0.9374  val_AccPaper=0.5493  val_BalAccMaj=0.5544  win_BalAcc=0.5455  win_f1_macro=0.5455
fold0 ep 004  tr=0.9135  val_AccPaper=0.5526  val_BalAccMaj=0.5585  win_BalAcc=0.5486  win_f1_macro=0.5490
fold0 ep 005  tr=0.9000  val_AccPaper=0.5522  val_BalAccMaj=0.5570  win_BalAcc=0.5492  win_f1_macro=0.5497
fold0 ep 006  tr=0.8866  val_AccPaper=0.5581  val_BalAccMaj=0.5626  win_BalAcc=0.5553  win_f1_macro=0.5559
fold0 ep 007  tr=0.8833  val_AccPaper=0.5559  val_BalAccMaj=0.5615  win_BalAcc=0.5570  win_f1_macro=0.5580
fold0 ep 008  tr=0.8731  val_AccPaper=0.5559  val_BalAccMaj=0.5619  win_BalAcc=0.5547  win_f1_macro=0.5554
fold0 ep 009  tr=0.8729  val_AccPaper=0.5678  val_BalAccMaj=0.5730  win_BalAcc=0.5611  win_f1_macro=0.5611
fold0 ep 010  tr=0.8707  val_AccPaper=0.5630  val_BalAccMaj=0.5696  win_BalAcc=0.5634  win_f1_macro=0.5643
fold0 ep 011  tr=0.8618  val_AccPaper=0.5633  val_BalAccMaj=0.5707  win_BalAcc=0.5614  win_f1_macro=0.5623
fold0 ep 012  tr=0.8624  val_AccPaper=0.5678  val_BalAccMaj=0.5715  win_BalAcc=0.5599  win_f1_macro=0.5608
fold0 ep 013  tr=0.8594  val_AccPaper=0.5678  val_BalAccMaj=0.5767  win_BalAcc=0.5586  win_f1_macro=0.5592
fold0 ep 014  tr=0.8546  val_AccPaper=0.5674  val_BalAccMaj=0.5756  win_BalAcc=0.5600  win_f1_macro=0.5607
fold0 ep 015  tr=0.8509  val_AccPaper=0.5659  val_BalAccMaj=0.5722  win_BalAcc=0.5633  win_f1_macro=0.5639
fold0 ep 016  tr=0.8483  val_AccPaper=0.5733  val_BalAccMaj=0.5796  win_BalAcc=0.5648  win_f1_macro=0.5655
fold0 ep 017  tr=0.8473  val_AccPaper=0.5626  val_BalAccMaj=0.5711  win_BalAcc=0.5585  win_f1_macro=0.5587
fold0 ep 018  tr=0.8441  val_AccPaper=0.5663  val_BalAccMaj=0.5722  win_BalAcc=0.5581  win_f1_macro=0.5583
fold0 ep 019  tr=0.8413  val_AccPaper=0.5696  val_BalAccMaj=0.5781  win_BalAcc=0.5626  win_f1_macro=0.5627
fold0 ep 020  tr=0.8418  val_AccPaper=0.5733  val_BalAccMaj=0.5804  win_BalAcc=0.5650  win_f1_macro=0.5648
fold0 ep 021  tr=0.8402  val_AccPaper=0.5719  val_BalAccMaj=0.5781  win_BalAcc=0.5610  win_f1_macro=0.5614
fold0 ep 022  tr=0.8364  val_AccPaper=0.5696  val_BalAccMaj=0.5770  win_BalAcc=0.5622  win_f1_macro=0.5619
fold0 ep 023  tr=0.8379  val_AccPaper=0.5796  val_BalAccMaj=0.5867  win_BalAcc=0.5658  win_f1_macro=0.5667
fold0 ep 024  tr=0.8325  val_AccPaper=0.5726  val_BalAccMaj=0.5807  win_BalAcc=0.5638  win_f1_macro=0.5641
fold0 ep 025  tr=0.8340  val_AccPaper=0.5748  val_BalAccMaj=0.5793  win_BalAcc=0.5643  win_f1_macro=0.5648
fold0 ep 026  tr=0.8291  val_AccPaper=0.5667  val_BalAccMaj=0.5730  win_BalAcc=0.5573  win_f1_macro=0.5576
fold0 ep 027  tr=0.8282  val_AccPaper=0.5770  val_BalAccMaj=0.5841  win_BalAcc=0.5654  win_f1_macro=0.5658
fold0 ep 028  tr=0.8220  val_AccPaper=0.5763  val_BalAccMaj=0.5826  win_BalAcc=0.5621  win_f1_macro=0.5624
fold0 ep 029  tr=0.8249  val_AccPaper=0.5685  val_BalAccMaj=0.5756  win_BalAcc=0.5650  win_f1_macro=0.5654
fold0 ep 030  tr=0.8240  val_AccPaper=0.5726  val_BalAccMaj=0.5770  win_BalAcc=0.5658  win_f1_macro=0.5659
fold0 ep 031  tr=0.8215  val_AccPaper=0.5667  val_BalAccMaj=0.5730  win_BalAcc=0.5584  win_f1_macro=0.5581
fold0 ep 032  tr=0.8211  val_AccPaper=0.5681  val_BalAccMaj=0.5726  win_BalAcc=0.5636  win_f1_macro=0.5636
fold0 ep 033  tr=0.8167  val_AccPaper=0.5622  val_BalAccMaj=0.5678  win_BalAcc=0.5615  win_f1_macro=0.5618
fold0 ep 034  tr=0.8195  val_AccPaper=0.5759  val_BalAccMaj=0.5800  win_BalAcc=0.5662  win_f1_macro=0.5665
fold0 ep 035  tr=0.8137  val_AccPaper=0.5722  val_BalAccMaj=0.5785  win_BalAcc=0.5643  win_f1_macro=0.5647
fold0 ep 036  tr=0.8093  val_AccPaper=0.5719  val_BalAccMaj=0.5778  win_BalAcc=0.5619  win_f1_macro=0.5620
fold0 ep 037  tr=0.8090  val_AccPaper=0.5593  val_BalAccMaj=0.5681  win_BalAcc=0.5526  win_f1_macro=0.5522
fold0 ep 038  tr=0.8093  val_AccPaper=0.5633  val_BalAccMaj=0.5670  win_BalAcc=0.5627  win_f1_macro=0.5630
fold0 ep 039  tr=0.8066  val_AccPaper=0.5681  val_BalAccMaj=0.5744  win_BalAcc=0.5668  win_f1_macro=0.5668
fold0 ep 040  tr=0.8043  val_AccPaper=0.5674  val_BalAccMaj=0.5711  win_BalAcc=0.5589  win_f1_macro=0.5583
fold0 ep 041  tr=0.8052  val_AccPaper=0.5607  val_BalAccMaj=0.5659  win_BalAcc=0.5578  win_f1_macro=0.5575
fold0 ep 042  tr=0.8025  val_AccPaper=0.5548  val_BalAccMaj=0.5619  win_BalAcc=0.5545  win_f1_macro=0.5531
fold0 ep 043  tr=0.7965  val_AccPaper=0.5604  val_BalAccMaj=0.5656  win_BalAcc=0.5581  win_f1_macro=0.5583
fold0 early stop @ ep 43
fold1 ep 001  tr=1.1467  val_AccPaper=0.5304  val_BalAccMaj=0.5348  win_BalAcc=0.5315  win_f1_macro=0.5208
fold1 ep 002  tr=1.0323  val_AccPaper=0.5378  val_BalAccMaj=0.5407  win_BalAcc=0.5362  win_f1_macro=0.5277
fold1 ep 003  tr=0.9857  val_AccPaper=0.5615  val_BalAccMaj=0.5674  win_BalAcc=0.5586  win_f1_macro=0.5560
fold1 ep 004  tr=0.9676  val_AccPaper=0.5585  val_BalAccMaj=0.5637  win_BalAcc=0.5567  win_f1_macro=0.5535
fold1 ep 005  tr=0.9524  val_AccPaper=0.5630  val_BalAccMaj=0.5689  win_BalAcc=0.5608  win_f1_macro=0.5582
fold1 ep 006  tr=0.9459  val_AccPaper=0.5589  val_BalAccMaj=0.5622  win_BalAcc=0.5535  win_f1_macro=0.5503
fold1 ep 007  tr=0.9360  val_AccPaper=0.5615  val_BalAccMaj=0.5637  win_BalAcc=0.5587  win_f1_macro=0.5556
fold1 ep 008  tr=0.9277  val_AccPaper=0.5641  val_BalAccMaj=0.5704  win_BalAcc=0.5632  win_f1_macro=0.5603
fold1 ep 009  tr=0.9233  val_AccPaper=0.5707  val_BalAccMaj=0.5759  win_BalAcc=0.5648  win_f1_macro=0.5640
fold1 ep 010  tr=0.9205  val_AccPaper=0.5756  val_BalAccMaj=0.5848  win_BalAcc=0.5736  win_f1_macro=0.5732
fold1 ep 011  tr=0.9141  val_AccPaper=0.5626  val_BalAccMaj=0.5715  win_BalAcc=0.5652  win_f1_macro=0.5640
fold1 ep 012  tr=0.9127  val_AccPaper=0.5707  val_BalAccMaj=0.5752  win_BalAcc=0.5607  win_f1_macro=0.5594
fold1 ep 013  tr=0.9102  val_AccPaper=0.5604  val_BalAccMaj=0.5648  win_BalAcc=0.5599  win_f1_macro=0.5583
fold1 ep 014  tr=0.9058  val_AccPaper=0.5556  val_BalAccMaj=0.5630  win_BalAcc=0.5546  win_f1_macro=0.5509
fold1 ep 015  tr=0.9032  val_AccPaper=0.5496  val_BalAccMaj=0.5581  win_BalAcc=0.5521  win_f1_macro=0.5491
fold1 ep 016  tr=0.8997  val_AccPaper=0.5611  val_BalAccMaj=0.5667  win_BalAcc=0.5623  win_f1_macro=0.5590
fold1 ep 017  tr=0.8975  val_AccPaper=0.5785  val_BalAccMaj=0.5819  win_BalAcc=0.5716  win_f1_macro=0.5713
fold1 ep 018  tr=0.8933  val_AccPaper=0.5670  val_BalAccMaj=0.5715  win_BalAcc=0.5632  win_f1_macro=0.5599
fold1 ep 019  tr=0.8924  val_AccPaper=0.5719  val_BalAccMaj=0.5796  win_BalAcc=0.5685  win_f1_macro=0.5677
fold1 ep 020  tr=0.8881  val_AccPaper=0.5600  val_BalAccMaj=0.5678  win_BalAcc=0.5596  win_f1_macro=0.5576
fold1 ep 021  tr=0.8884  val_AccPaper=0.5715  val_BalAccMaj=0.5770  win_BalAcc=0.5675  win_f1_macro=0.5667
fold1 ep 022  tr=0.8827  val_AccPaper=0.5659  val_BalAccMaj=0.5719  win_BalAcc=0.5674  win_f1_macro=0.5664
fold1 ep 023  tr=0.8815  val_AccPaper=0.5604  val_BalAccMaj=0.5659  win_BalAcc=0.5650  win_f1_macro=0.5643
fold1 ep 024  tr=0.8778  val_AccPaper=0.5600  val_BalAccMaj=0.5670  win_BalAcc=0.5642  win_f1_macro=0.5627
fold1 ep 025  tr=0.8791  val_AccPaper=0.5563  val_BalAccMaj=0.5600  win_BalAcc=0.5578  win_f1_macro=0.5556
fold1 ep 026  tr=0.8761  val_AccPaper=0.5641  val_BalAccMaj=0.5711  win_BalAcc=0.5634  win_f1_macro=0.5630
fold1 ep 027  tr=0.8717  val_AccPaper=0.5678  val_BalAccMaj=0.5744  win_BalAcc=0.5659  win_f1_macro=0.5648
fold1 ep 028  tr=0.8713  val_AccPaper=0.5548  val_BalAccMaj=0.5626  win_BalAcc=0.5574  win_f1_macro=0.5544
fold1 ep 029  tr=0.8662  val_AccPaper=0.5578  val_BalAccMaj=0.5622  win_BalAcc=0.5564  win_f1_macro=0.5524
fold1 ep 030  tr=0.8683  val_AccPaper=0.5663  val_BalAccMaj=0.5744  win_BalAcc=0.5616  win_f1_macro=0.5605
fold1 ep 031  tr=0.8649  val_AccPaper=0.5670  val_BalAccMaj=0.5756  win_BalAcc=0.5668  win_f1_macro=0.5648
fold1 ep 032  tr=0.8637  val_AccPaper=0.5567  val_BalAccMaj=0.5630  win_BalAcc=0.5576  win_f1_macro=0.5549
fold1 ep 033  tr=0.8598  val_AccPaper=0.5726  val_BalAccMaj=0.5796  win_BalAcc=0.5664  win_f1_macro=0.5630
fold1 ep 034  tr=0.8598  val_AccPaper=0.5559  val_BalAccMaj=0.5607  win_BalAcc=0.5545  win_f1_macro=0.5503
fold1 ep 035  tr=0.8584  val_AccPaper=0.5759  val_BalAccMaj=0.5837  win_BalAcc=0.5723  win_f1_macro=0.5706
fold1 ep 036  tr=0.8562  val_AccPaper=0.5607  val_BalAccMaj=0.5689  win_BalAcc=0.5608  win_f1_macro=0.5563
fold1 ep 037  tr=0.8503  val_AccPaper=0.5719  val_BalAccMaj=0.5789  win_BalAcc=0.5649  win_f1_macro=0.5641
fold1 early stop @ ep 37
fold2 ep 001  tr=1.1297  val_AccPaper=0.5052  val_BalAccMaj=0.5096  win_BalAcc=0.5044  win_f1_macro=0.5028
fold2 ep 002  tr=0.9754  val_AccPaper=0.5244  val_BalAccMaj=0.5307  win_BalAcc=0.5243  win_f1_macro=0.5246
fold2 ep 003  tr=0.9308  val_AccPaper=0.5419  val_BalAccMaj=0.5474  win_BalAcc=0.5380  win_f1_macro=0.5384
fold2 ep 004  tr=0.9097  val_AccPaper=0.5389  val_BalAccMaj=0.5481  win_BalAcc=0.5381  win_f1_macro=0.5376
fold2 ep 005  tr=0.8956  val_AccPaper=0.5370  val_BalAccMaj=0.5452  win_BalAcc=0.5361  win_f1_macro=0.5359
fold2 ep 006  tr=0.8864  val_AccPaper=0.5367  val_BalAccMaj=0.5433  win_BalAcc=0.5334  win_f1_macro=0.5319
fold2 ep 007  tr=0.8794  val_AccPaper=0.5367  val_BalAccMaj=0.5419  win_BalAcc=0.5310  win_f1_macro=0.5287
fold2 ep 008  tr=0.8728  val_AccPaper=0.5270  val_BalAccMaj=0.5352  win_BalAcc=0.5244  win_f1_macro=0.5197
fold2 ep 009  tr=0.8683  val_AccPaper=0.5281  val_BalAccMaj=0.5344  win_BalAcc=0.5244  win_f1_macro=0.5213
fold2 ep 010  tr=0.8636  val_AccPaper=0.5352  val_BalAccMaj=0.5419  win_BalAcc=0.5290  win_f1_macro=0.5260
fold2 ep 011  tr=0.8636  val_AccPaper=0.5296  val_BalAccMaj=0.5356  win_BalAcc=0.5286  win_f1_macro=0.5271
fold2 ep 012  tr=0.8585  val_AccPaper=0.5311  val_BalAccMaj=0.5385  win_BalAcc=0.5266  win_f1_macro=0.5217
fold2 ep 013  tr=0.8564  val_AccPaper=0.5333  val_BalAccMaj=0.5381  win_BalAcc=0.5258  win_f1_macro=0.5238
fold2 ep 014  tr=0.8505  val_AccPaper=0.5337  val_BalAccMaj=0.5393  win_BalAcc=0.5252  win_f1_macro=0.5202
fold2 ep 015  tr=0.8450  val_AccPaper=0.5289  val_BalAccMaj=0.5356  win_BalAcc=0.5199  win_f1_macro=0.5148
fold2 ep 016  tr=0.8475  val_AccPaper=0.5304  val_BalAccMaj=0.5356  win_BalAcc=0.5226  win_f1_macro=0.5189
fold2 ep 017  tr=0.8409  val_AccPaper=0.5278  val_BalAccMaj=0.5356  win_BalAcc=0.5208  win_f1_macro=0.5169
fold2 ep 018  tr=0.8391  val_AccPaper=0.5330  val_BalAccMaj=0.5419  win_BalAcc=0.5260  win_f1_macro=0.5220
fold2 ep 019  tr=0.8368  val_AccPaper=0.5270  val_BalAccMaj=0.5352  win_BalAcc=0.5213  win_f1_macro=0.5172
fold2 ep 020  tr=0.8337  val_AccPaper=0.5244  val_BalAccMaj=0.5315  win_BalAcc=0.5177  win_f1_macro=0.5108
fold2 ep 021  tr=0.8312  val_AccPaper=0.5219  val_BalAccMaj=0.5274  win_BalAcc=0.5201  win_f1_macro=0.5138
fold2 ep 022  tr=0.8329  val_AccPaper=0.5222  val_BalAccMaj=0.5300  win_BalAcc=0.5188  win_f1_macro=0.5138
fold2 ep 023  tr=0.8321  val_AccPaper=0.5252  val_BalAccMaj=0.5285  win_BalAcc=0.5169  win_f1_macro=0.5130
fold2 early stop @ ep 23
fold3 ep 001  tr=1.1669  val_AccPaper=0.5493  val_BalAccMaj=0.5537  win_BalAcc=0.5435  win_f1_macro=0.5292
fold3 ep 002  tr=1.0306  val_AccPaper=0.5633  val_BalAccMaj=0.5689  win_BalAcc=0.5579  win_f1_macro=0.5504
fold3 ep 003  tr=0.9881  val_AccPaper=0.5759  val_BalAccMaj=0.5796  win_BalAcc=0.5723  win_f1_macro=0.5700
fold3 ep 004  tr=0.9637  val_AccPaper=0.5807  val_BalAccMaj=0.5848  win_BalAcc=0.5781  win_f1_macro=0.5777
fold3 ep 005  tr=0.9516  val_AccPaper=0.5770  val_BalAccMaj=0.5826  win_BalAcc=0.5728  win_f1_macro=0.5722
fold3 ep 006  tr=0.9376  val_AccPaper=0.5956  val_BalAccMaj=0.6026  win_BalAcc=0.5889  win_f1_macro=0.5895
fold3 ep 007  tr=0.9279  val_AccPaper=0.5911  val_BalAccMaj=0.5974  win_BalAcc=0.5856  win_f1_macro=0.5859
fold3 ep 008  tr=0.9208  val_AccPaper=0.6026  val_BalAccMaj=0.6074  win_BalAcc=0.5909  win_f1_macro=0.5916
fold3 ep 009  tr=0.9139  val_AccPaper=0.5893  val_BalAccMaj=0.5956  win_BalAcc=0.5828  win_f1_macro=0.5832
fold3 ep 010  tr=0.9117  val_AccPaper=0.5863  val_BalAccMaj=0.5919  win_BalAcc=0.5847  win_f1_macro=0.5852
fold3 ep 011  tr=0.9055  val_AccPaper=0.5896  val_BalAccMaj=0.5948  win_BalAcc=0.5856  win_f1_macro=0.5861
fold3 ep 012  tr=0.9035  val_AccPaper=0.5878  val_BalAccMaj=0.5937  win_BalAcc=0.5825  win_f1_macro=0.5830
fold3 ep 013  tr=0.9027  val_AccPaper=0.6007  val_BalAccMaj=0.6063  win_BalAcc=0.5930  win_f1_macro=0.5935
fold3 ep 014  tr=0.8934  val_AccPaper=0.5904  val_BalAccMaj=0.5948  win_BalAcc=0.5863  win_f1_macro=0.5866
fold3 ep 015  tr=0.8944  val_AccPaper=0.5948  val_BalAccMaj=0.6000  win_BalAcc=0.5864  win_f1_macro=0.5865
fold3 ep 016  tr=0.8918  val_AccPaper=0.5930  val_BalAccMaj=0.5978  win_BalAcc=0.5878  win_f1_macro=0.5878
fold3 ep 017  tr=0.8868  val_AccPaper=0.5926  val_BalAccMaj=0.5978  win_BalAcc=0.5867  win_f1_macro=0.5872
fold3 ep 018  tr=0.8863  val_AccPaper=0.5926  val_BalAccMaj=0.5963  win_BalAcc=0.5886  win_f1_macro=0.5891
fold3 ep 019  tr=0.8841  val_AccPaper=0.5915  val_BalAccMaj=0.5959  win_BalAcc=0.5831  win_f1_macro=0.5832
fold3 ep 020  tr=0.8777  val_AccPaper=0.5922  val_BalAccMaj=0.5956  win_BalAcc=0.5856  win_f1_macro=0.5859
fold3 ep 021  tr=0.8729  val_AccPaper=0.5900  val_BalAccMaj=0.5959  win_BalAcc=0.5838  win_f1_macro=0.5843
fold3 ep 022  tr=0.8722  val_AccPaper=0.6011  val_BalAccMaj=0.6074  win_BalAcc=0.5905  win_f1_macro=0.5905
fold3 ep 023  tr=0.8723  val_AccPaper=0.5941  val_BalAccMaj=0.5985  win_BalAcc=0.5892  win_f1_macro=0.5891
fold3 ep 024  tr=0.8699  val_AccPaper=0.5885  val_BalAccMaj=0.5963  win_BalAcc=0.5827  win_f1_macro=0.5831
fold3 ep 025  tr=0.8723  val_AccPaper=0.6004  val_BalAccMaj=0.6063  win_BalAcc=0.5895  win_f1_macro=0.5901
fold3 ep 026  tr=0.8660  val_AccPaper=0.6033  val_BalAccMaj=0.6070  win_BalAcc=0.5873  win_f1_macro=0.5869
fold3 ep 027  tr=0.8637  val_AccPaper=0.5956  val_BalAccMaj=0.5993  win_BalAcc=0.5894  win_f1_macro=0.5892
fold3 ep 028  tr=0.8621  val_AccPaper=0.5878  val_BalAccMaj=0.5933  win_BalAcc=0.5853  win_f1_macro=0.5856
fold3 ep 029  tr=0.8583  val_AccPaper=0.5926  val_BalAccMaj=0.5967  win_BalAcc=0.5818  win_f1_macro=0.5815
fold3 ep 030  tr=0.8606  val_AccPaper=0.5952  val_BalAccMaj=0.5996  win_BalAcc=0.5875  win_f1_macro=0.5876
fold3 ep 031  tr=0.8553  val_AccPaper=0.5937  val_BalAccMaj=0.5996  win_BalAcc=0.5881  win_f1_macro=0.5877
fold3 ep 032  tr=0.8534  val_AccPaper=0.5937  val_BalAccMaj=0.5974  win_BalAcc=0.5843  win_f1_macro=0.5842
fold3 ep 033  tr=0.8536  val_AccPaper=0.5904  val_BalAccMaj=0.5933  win_BalAcc=0.5804  win_f1_macro=0.5801
fold3 ep 034  tr=0.8527  val_AccPaper=0.5941  val_BalAccMaj=0.5993  win_BalAcc=0.5856  win_f1_macro=0.5851
fold3 ep 035  tr=0.8522  val_AccPaper=0.5889  val_BalAccMaj=0.5967  win_BalAcc=0.5863  win_f1_macro=0.5852
fold3 ep 036  tr=0.8489  val_AccPaper=0.6000  val_BalAccMaj=0.6089  win_BalAcc=0.5926  win_f1_macro=0.5924
fold3 ep 037  tr=0.8423  val_AccPaper=0.5937  val_BalAccMaj=0.5993  win_BalAcc=0.5861  win_f1_macro=0.5865
fold3 ep 038  tr=0.8402  val_AccPaper=0.6011  val_BalAccMaj=0.6059  win_BalAcc=0.5904  win_f1_macro=0.5898
fold3 ep 039  tr=0.8415  val_AccPaper=0.5985  val_BalAccMaj=0.6019  win_BalAcc=0.5858  win_f1_macro=0.5853
fold3 ep 040  tr=0.8422  val_AccPaper=0.5989  val_BalAccMaj=0.6033  win_BalAcc=0.5851  win_f1_macro=0.5846
fold3 ep 041  tr=0.8367  val_AccPaper=0.6007  val_BalAccMaj=0.6074  win_BalAcc=0.5905  win_f1_macro=0.5908
fold3 ep 042  tr=0.8346  val_AccPaper=0.5967  val_BalAccMaj=0.6015  win_BalAcc=0.5876  win_f1_macro=0.5876
fold3 ep 043  tr=0.8348  val_AccPaper=0.6030  val_BalAccMaj=0.6059  win_BalAcc=0.5904  win_f1_macro=0.5905
fold3 ep 044  tr=0.8294  val_AccPaper=0.6004  val_BalAccMaj=0.6056  win_BalAcc=0.5899  win_f1_macro=0.5902
fold3 ep 045  tr=0.8335  val_AccPaper=0.5952  val_BalAccMaj=0.5989  win_BalAcc=0.5863  win_f1_macro=0.5862
fold3 ep 046  tr=0.8301  val_AccPaper=0.6056  val_BalAccMaj=0.6107  win_BalAcc=0.5967  win_f1_macro=0.5970
fold3 ep 047  tr=0.8281  val_AccPaper=0.5970  val_BalAccMaj=0.6070  win_BalAcc=0.5871  win_f1_macro=0.5873
fold3 ep 048  tr=0.8269  val_AccPaper=0.5985  val_BalAccMaj=0.6033  win_BalAcc=0.5869  win_f1_macro=0.5872
fold3 ep 049  tr=0.8221  val_AccPaper=0.5989  val_BalAccMaj=0.6041  win_BalAcc=0.5892  win_f1_macro=0.5887
fold3 ep 050  tr=0.8257  val_AccPaper=0.5978  val_BalAccMaj=0.6044  win_BalAcc=0.5905  win_f1_macro=0.5903
fold3 ep 051  tr=0.8253  val_AccPaper=0.5867  val_BalAccMaj=0.5933  win_BalAcc=0.5832  win_f1_macro=0.5835
fold3 ep 052  tr=0.8261  val_AccPaper=0.6067  val_BalAccMaj=0.6115  win_BalAcc=0.5941  win_f1_macro=0.5943
fold3 ep 053  tr=0.8203  val_AccPaper=0.5922  val_BalAccMaj=0.5974  win_BalAcc=0.5891  win_f1_macro=0.5890
fold3 ep 054  tr=0.8199  val_AccPaper=0.6037  val_BalAccMaj=0.6089  win_BalAcc=0.5925  win_f1_macro=0.5926
fold3 ep 055  tr=0.8189  val_AccPaper=0.5933  val_BalAccMaj=0.5993  win_BalAcc=0.5837  win_f1_macro=0.5838
fold3 ep 056  tr=0.8162  val_AccPaper=0.6041  val_BalAccMaj=0.6104  win_BalAcc=0.5919  win_f1_macro=0.5921
fold3 ep 057  tr=0.8157  val_AccPaper=0.5933  val_BalAccMaj=0.6000  win_BalAcc=0.5828  win_f1_macro=0.5817
fold3 ep 058  tr=0.8141  val_AccPaper=0.5911  val_BalAccMaj=0.5970  win_BalAcc=0.5839  win_f1_macro=0.5836
fold3 ep 059  tr=0.8146  val_AccPaper=0.5989  val_BalAccMaj=0.6052  win_BalAcc=0.5882  win_f1_macro=0.5879
fold3 ep 060  tr=0.8133  val_AccPaper=0.5930  val_BalAccMaj=0.6019  win_BalAcc=0.5859  win_f1_macro=0.5854
fold3 ep 061  tr=0.8110  val_AccPaper=0.5907  val_BalAccMaj=0.5970  win_BalAcc=0.5780  win_f1_macro=0.5783
fold3 ep 062  tr=0.8117  val_AccPaper=0.5952  val_BalAccMaj=0.6015  win_BalAcc=0.5875  win_f1_macro=0.5866
fold3 ep 063  tr=0.8079  val_AccPaper=0.5985  val_BalAccMaj=0.6044  win_BalAcc=0.5861  win_f1_macro=0.5861
fold3 ep 064  tr=0.8058  val_AccPaper=0.5970  val_BalAccMaj=0.6030  win_BalAcc=0.5860  win_f1_macro=0.5858
fold3 ep 065  tr=0.8044  val_AccPaper=0.6026  val_BalAccMaj=0.6074  win_BalAcc=0.5871  win_f1_macro=0.5864
fold3 ep 066  tr=0.8058  val_AccPaper=0.6026  val_BalAccMaj=0.6089  win_BalAcc=0.5895  win_f1_macro=0.5897
fold3 ep 067  tr=0.8042  val_AccPaper=0.5941  val_BalAccMaj=0.6007  win_BalAcc=0.5851  win_f1_macro=0.5851
fold3 ep 068  tr=0.8033  val_AccPaper=0.5926  val_BalAccMaj=0.6004  win_BalAcc=0.5826  win_f1_macro=0.5820
fold3 ep 069  tr=0.8038  val_AccPaper=0.6067  val_BalAccMaj=0.6133  win_BalAcc=0.5937  win_f1_macro=0.5940
fold3 ep 070  tr=0.8003  val_AccPaper=0.6111  val_BalAccMaj=0.6167  win_BalAcc=0.5946  win_f1_macro=0.5947
fold3 ep 071  tr=0.7965  val_AccPaper=0.5963  val_BalAccMaj=0.6022  win_BalAcc=0.5875  win_f1_macro=0.5872
fold3 ep 072  tr=0.7991  val_AccPaper=0.5907  val_BalAccMaj=0.5952  win_BalAcc=0.5810  win_f1_macro=0.5795
fold3 ep 073  tr=0.7999  val_AccPaper=0.5985  val_BalAccMaj=0.6059  win_BalAcc=0.5856  win_f1_macro=0.5853
fold3 ep 074  tr=0.7965  val_AccPaper=0.6007  val_BalAccMaj=0.6074  win_BalAcc=0.5882  win_f1_macro=0.5881
fold3 ep 075  tr=0.7946  val_AccPaper=0.5989  val_BalAccMaj=0.6041  win_BalAcc=0.5846  win_f1_macro=0.5839
fold3 ep 076  tr=0.7961  val_AccPaper=0.6052  val_BalAccMaj=0.6111  win_BalAcc=0.5901  win_f1_macro=0.5903
fold3 ep 077  tr=0.7943  val_AccPaper=0.6007  val_BalAccMaj=0.6067  win_BalAcc=0.5896  win_f1_macro=0.5895
fold3 ep 078  tr=0.7923  val_AccPaper=0.5956  val_BalAccMaj=0.6007  win_BalAcc=0.5843  win_f1_macro=0.5840
fold3 ep 079  tr=0.7918  val_AccPaper=0.5989  val_BalAccMaj=0.6048  win_BalAcc=0.5875  win_f1_macro=0.5871
fold3 ep 080  tr=0.7904  val_AccPaper=0.5996  val_BalAccMaj=0.6070  win_BalAcc=0.5885  win_f1_macro=0.5883
fold3 ep 081  tr=0.7863  val_AccPaper=0.5956  val_BalAccMaj=0.6015  win_BalAcc=0.5841  win_f1_macro=0.5837
fold3 ep 082  tr=0.7900  val_AccPaper=0.6004  val_BalAccMaj=0.6067  win_BalAcc=0.5892  win_f1_macro=0.5893
fold3 ep 083  tr=0.7868  val_AccPaper=0.5959  val_BalAccMaj=0.6030  win_BalAcc=0.5859  win_f1_macro=0.5857
fold3 ep 084  tr=0.7849  val_AccPaper=0.5922  val_BalAccMaj=0.5996  win_BalAcc=0.5814  win_f1_macro=0.5814
fold3 ep 085  tr=0.7866  val_AccPaper=0.5959  val_BalAccMaj=0.6015  win_BalAcc=0.5824  win_f1_macro=0.5816
fold3 ep 086  tr=0.7851  val_AccPaper=0.5915  val_BalAccMaj=0.5981  win_BalAcc=0.5803  win_f1_macro=0.5797
fold3 ep 087  tr=0.7813  val_AccPaper=0.6007  val_BalAccMaj=0.6085  win_BalAcc=0.5882  win_f1_macro=0.5883
fold3 ep 088  tr=0.7836  val_AccPaper=0.5959  val_BalAccMaj=0.6037  win_BalAcc=0.5849  win_f1_macro=0.5851
fold3 ep 089  tr=0.7811  val_AccPaper=0.5967  val_BalAccMaj=0.6044  win_BalAcc=0.5847  win_f1_macro=0.5846
fold3 ep 090  tr=0.7793  val_AccPaper=0.5989  val_BalAccMaj=0.6056  win_BalAcc=0.5883  win_f1_macro=0.5885
fold3 early stop @ ep 90
fold4 ep 001  tr=1.1183  val_AccPaper=0.4867  val_BalAccMaj=0.4900  win_BalAcc=0.4848  win_f1_macro=0.4770
fold4 ep 002  tr=0.9729  val_AccPaper=0.4893  val_BalAccMaj=0.4941  win_BalAcc=0.4919  win_f1_macro=0.4900
fold4 ep 003  tr=0.9261  val_AccPaper=0.4944  val_BalAccMaj=0.5004  win_BalAcc=0.4936  win_f1_macro=0.4922
fold4 ep 004  tr=0.9058  val_AccPaper=0.4963  val_BalAccMaj=0.5044  win_BalAcc=0.4956  win_f1_macro=0.4927
fold4 ep 005  tr=0.8937  val_AccPaper=0.4881  val_BalAccMaj=0.4952  win_BalAcc=0.4867  win_f1_macro=0.4815
fold4 ep 006  tr=0.8889  val_AccPaper=0.4959  val_BalAccMaj=0.5056  win_BalAcc=0.5008  win_f1_macro=0.4953
fold4 ep 007  tr=0.8825  val_AccPaper=0.5096  val_BalAccMaj=0.5170  win_BalAcc=0.5084  win_f1_macro=0.5055
fold4 ep 008  tr=0.8748  val_AccPaper=0.4970  val_BalAccMaj=0.5030  win_BalAcc=0.4963  win_f1_macro=0.4918
fold4 ep 009  tr=0.8691  val_AccPaper=0.5081  val_BalAccMaj=0.5156  win_BalAcc=0.5017  win_f1_macro=0.4982
fold4 ep 010  tr=0.8659  val_AccPaper=0.4989  val_BalAccMaj=0.5081  win_BalAcc=0.4957  win_f1_macro=0.4921
fold4 ep 011  tr=0.8649  val_AccPaper=0.4907  val_BalAccMaj=0.4996  win_BalAcc=0.4900  win_f1_macro=0.4869
fold4 ep 012  tr=0.8633  val_AccPaper=0.4963  val_BalAccMaj=0.5048  win_BalAcc=0.4931  win_f1_macro=0.4917
fold4 ep 013  tr=0.8570  val_AccPaper=0.4856  val_BalAccMaj=0.4937  win_BalAcc=0.4877  win_f1_macro=0.4829
fold4 ep 014  tr=0.8550  val_AccPaper=0.4956  val_BalAccMaj=0.5011  win_BalAcc=0.4952  win_f1_macro=0.4912
fold4 ep 015  tr=0.8509  val_AccPaper=0.5096  val_BalAccMaj=0.5189  win_BalAcc=0.5113  win_f1_macro=0.5092
fold4 ep 016  tr=0.8468  val_AccPaper=0.4993  val_BalAccMaj=0.5059  win_BalAcc=0.4995  win_f1_macro=0.4974
fold4 ep 017  tr=0.8468  val_AccPaper=0.4904  val_BalAccMaj=0.4963  win_BalAcc=0.4887  win_f1_macro=0.4859
fold4 ep 018  tr=0.8451  val_AccPaper=0.4922  val_BalAccMaj=0.4993  win_BalAcc=0.4953  win_f1_macro=0.4904
fold4 ep 019  tr=0.8422  val_AccPaper=0.4978  val_BalAccMaj=0.5052  win_BalAcc=0.5008  win_f1_macro=0.4971
fold4 ep 020  tr=0.8369  val_AccPaper=0.4978  val_BalAccMaj=0.5037  win_BalAcc=0.4979  win_f1_macro=0.4946
fold4 ep 021  tr=0.8378  val_AccPaper=0.4937  val_BalAccMaj=0.5026  win_BalAcc=0.4950  win_f1_macro=0.4934
fold4 ep 022  tr=0.8404  val_AccPaper=0.5007  val_BalAccMaj=0.5056  win_BalAcc=0.5012  win_f1_macro=0.4984
fold4 ep 023  tr=0.8364  val_AccPaper=0.4926  val_BalAccMaj=0.5011  win_BalAcc=0.4921  win_f1_macro=0.4896
fold4 ep 024  tr=0.8301  val_AccPaper=0.4900  val_BalAccMaj=0.4956  win_BalAcc=0.4922  win_f1_macro=0.4872
fold4 ep 025  tr=0.8273  val_AccPaper=0.4974  val_BalAccMaj=0.5033  win_BalAcc=0.4989  win_f1_macro=0.4971
fold4 ep 026  tr=0.8260  val_AccPaper=0.4826  val_BalAccMaj=0.4896  win_BalAcc=0.4880  win_f1_macro=0.4798
fold4 ep 027  tr=0.8305  val_AccPaper=0.4889  val_BalAccMaj=0.4952  win_BalAcc=0.4920  win_f1_macro=0.4851
fold4 early stop @ ep 27
[B5a] done val_AccPaper=0.5641 test_AccPaper=0.5648 test_BalAcc=0.5709 test_win_F1=0.5609
