start arm=B5b device=cuda n_classes=3 y_counts={0: 91800, 1: 91800, 2: 91800} pf_protocol_version=3 no_rest=False
[B5b] §3.2.1 future-perturb ratio=134.064
fold0 ep 001  tr=2.1064  val_AccPaper=0.5200  val_BalAccMaj=0.5230  win_BalAcc=0.5147  win_f1_macro=0.5068
fold0 ep 002  tr=1.8292  val_AccPaper=0.5348  val_BalAccMaj=0.5411  win_BalAcc=0.5310  win_f1_macro=0.5268
fold0 ep 003  tr=1.7542  val_AccPaper=0.5526  val_BalAccMaj=0.5585  win_BalAcc=0.5457  win_f1_macro=0.5452
fold0 ep 004  tr=1.7122  val_AccPaper=0.5596  val_BalAccMaj=0.5667  win_BalAcc=0.5516  win_f1_macro=0.5521
fold0 ep 005  tr=1.6880  val_AccPaper=0.5630  val_BalAccMaj=0.5681  win_BalAcc=0.5571  win_f1_macro=0.5578
fold0 ep 006  tr=1.6773  val_AccPaper=0.5644  val_BalAccMaj=0.5689  win_BalAcc=0.5584  win_f1_macro=0.5590
fold0 ep 007  tr=1.6583  val_AccPaper=0.5659  val_BalAccMaj=0.5715  win_BalAcc=0.5591  win_f1_macro=0.5598
fold0 ep 008  tr=1.6427  val_AccPaper=0.5630  val_BalAccMaj=0.5674  win_BalAcc=0.5546  win_f1_macro=0.5550
fold0 ep 009  tr=1.6425  val_AccPaper=0.5659  val_BalAccMaj=0.5715  win_BalAcc=0.5624  win_f1_macro=0.5633
fold0 ep 010  tr=1.6336  val_AccPaper=0.5659  val_BalAccMaj=0.5700  win_BalAcc=0.5611  win_f1_macro=0.5615
fold0 ep 011  tr=1.6235  val_AccPaper=0.5719  val_BalAccMaj=0.5796  win_BalAcc=0.5641  win_f1_macro=0.5646
fold0 ep 012  tr=1.6230  val_AccPaper=0.5730  val_BalAccMaj=0.5785  win_BalAcc=0.5627  win_f1_macro=0.5632
fold0 ep 013  tr=1.6209  val_AccPaper=0.5659  val_BalAccMaj=0.5715  win_BalAcc=0.5617  win_f1_macro=0.5627
fold0 ep 014  tr=1.6025  val_AccPaper=0.5656  val_BalAccMaj=0.5741  win_BalAcc=0.5601  win_f1_macro=0.5605
fold0 ep 015  tr=1.6040  val_AccPaper=0.5611  val_BalAccMaj=0.5693  win_BalAcc=0.5605  win_f1_macro=0.5610
fold0 ep 016  tr=1.5989  val_AccPaper=0.5689  val_BalAccMaj=0.5748  win_BalAcc=0.5614  win_f1_macro=0.5613
fold0 ep 017  tr=1.5906  val_AccPaper=0.5626  val_BalAccMaj=0.5693  win_BalAcc=0.5576  win_f1_macro=0.5586
fold0 ep 018  tr=1.5909  val_AccPaper=0.5689  val_BalAccMaj=0.5748  win_BalAcc=0.5604  win_f1_macro=0.5611
fold0 ep 019  tr=1.5781  val_AccPaper=0.5733  val_BalAccMaj=0.5785  win_BalAcc=0.5646  win_f1_macro=0.5656
fold0 ep 020  tr=1.5795  val_AccPaper=0.5715  val_BalAccMaj=0.5774  win_BalAcc=0.5604  win_f1_macro=0.5613
fold0 ep 021  tr=1.5782  val_AccPaper=0.5681  val_BalAccMaj=0.5737  win_BalAcc=0.5621  win_f1_macro=0.5630
fold0 ep 022  tr=1.5721  val_AccPaper=0.5615  val_BalAccMaj=0.5663  win_BalAcc=0.5573  win_f1_macro=0.5574
fold0 ep 023  tr=1.5725  val_AccPaper=0.5644  val_BalAccMaj=0.5711  win_BalAcc=0.5568  win_f1_macro=0.5573
fold0 ep 024  tr=1.5618  val_AccPaper=0.5667  val_BalAccMaj=0.5715  win_BalAcc=0.5587  win_f1_macro=0.5592
fold0 ep 025  tr=1.5602  val_AccPaper=0.5674  val_BalAccMaj=0.5715  win_BalAcc=0.5604  win_f1_macro=0.5603
fold0 ep 026  tr=1.5607  val_AccPaper=0.5641  val_BalAccMaj=0.5696  win_BalAcc=0.5589  win_f1_macro=0.5592
fold0 ep 027  tr=1.5533  val_AccPaper=0.5663  val_BalAccMaj=0.5704  win_BalAcc=0.5572  win_f1_macro=0.5574
fold0 ep 028  tr=1.5405  val_AccPaper=0.5678  val_BalAccMaj=0.5744  win_BalAcc=0.5585  win_f1_macro=0.5585
fold0 ep 029  tr=1.5488  val_AccPaper=0.5574  val_BalAccMaj=0.5644  win_BalAcc=0.5520  win_f1_macro=0.5508
fold0 ep 030  tr=1.5411  val_AccPaper=0.5648  val_BalAccMaj=0.5730  win_BalAcc=0.5579  win_f1_macro=0.5584
fold0 ep 031  tr=1.5368  val_AccPaper=0.5707  val_BalAccMaj=0.5752  win_BalAcc=0.5583  win_f1_macro=0.5583
fold0 ep 032  tr=1.5350  val_AccPaper=0.5637  val_BalAccMaj=0.5704  win_BalAcc=0.5546  win_f1_macro=0.5544
fold0 ep 033  tr=1.5310  val_AccPaper=0.5693  val_BalAccMaj=0.5781  win_BalAcc=0.5611  win_f1_macro=0.5611
fold0 ep 034  tr=1.5267  val_AccPaper=0.5674  val_BalAccMaj=0.5730  win_BalAcc=0.5582  win_f1_macro=0.5588
fold0 ep 035  tr=1.5269  val_AccPaper=0.5578  val_BalAccMaj=0.5630  win_BalAcc=0.5574  win_f1_macro=0.5570
fold0 ep 036  tr=1.5198  val_AccPaper=0.5537  val_BalAccMaj=0.5611  win_BalAcc=0.5500  win_f1_macro=0.5485
fold0 ep 037  tr=1.5147  val_AccPaper=0.5611  val_BalAccMaj=0.5685  win_BalAcc=0.5561  win_f1_macro=0.5561
fold0 ep 038  tr=1.5172  val_AccPaper=0.5670  val_BalAccMaj=0.5715  win_BalAcc=0.5586  win_f1_macro=0.5587
fold0 ep 039  tr=1.5099  val_AccPaper=0.5607  val_BalAccMaj=0.5674  win_BalAcc=0.5587  win_f1_macro=0.5585
fold0 early stop @ ep 39
fold1 ep 001  tr=2.1536  val_AccPaper=0.5344  val_BalAccMaj=0.5389  win_BalAcc=0.5285  win_f1_macro=0.5138
fold1 ep 002  tr=1.9151  val_AccPaper=0.5619  val_BalAccMaj=0.5670  win_BalAcc=0.5571  win_f1_macro=0.5525
fold1 ep 003  tr=1.8305  val_AccPaper=0.5663  val_BalAccMaj=0.5737  win_BalAcc=0.5636  win_f1_macro=0.5607
fold1 ep 004  tr=1.7996  val_AccPaper=0.5689  val_BalAccMaj=0.5763  win_BalAcc=0.5682  win_f1_macro=0.5676
fold1 ep 005  tr=1.7723  val_AccPaper=0.5656  val_BalAccMaj=0.5711  win_BalAcc=0.5654  win_f1_macro=0.5646
fold1 ep 006  tr=1.7536  val_AccPaper=0.5767  val_BalAccMaj=0.5822  win_BalAcc=0.5692  win_f1_macro=0.5687
fold1 ep 007  tr=1.7444  val_AccPaper=0.5707  val_BalAccMaj=0.5744  win_BalAcc=0.5647  win_f1_macro=0.5637
fold1 ep 008  tr=1.7310  val_AccPaper=0.5737  val_BalAccMaj=0.5796  win_BalAcc=0.5664  win_f1_macro=0.5654
fold1 ep 009  tr=1.7271  val_AccPaper=0.5685  val_BalAccMaj=0.5737  win_BalAcc=0.5654  win_f1_macro=0.5639
fold1 ep 010  tr=1.7161  val_AccPaper=0.5767  val_BalAccMaj=0.5826  win_BalAcc=0.5710  win_f1_macro=0.5700
fold1 ep 011  tr=1.7127  val_AccPaper=0.5685  val_BalAccMaj=0.5744  win_BalAcc=0.5665  win_f1_macro=0.5653
fold1 ep 012  tr=1.7066  val_AccPaper=0.5667  val_BalAccMaj=0.5719  win_BalAcc=0.5655  win_f1_macro=0.5650
fold1 ep 013  tr=1.7005  val_AccPaper=0.5678  val_BalAccMaj=0.5730  win_BalAcc=0.5651  win_f1_macro=0.5630
fold1 ep 014  tr=1.7020  val_AccPaper=0.5604  val_BalAccMaj=0.5674  win_BalAcc=0.5598  win_f1_macro=0.5574
fold1 ep 015  tr=1.6838  val_AccPaper=0.5693  val_BalAccMaj=0.5763  win_BalAcc=0.5647  win_f1_macro=0.5629
fold1 ep 016  tr=1.6830  val_AccPaper=0.5756  val_BalAccMaj=0.5811  win_BalAcc=0.5680  win_f1_macro=0.5663
fold1 ep 017  tr=1.6716  val_AccPaper=0.5685  val_BalAccMaj=0.5741  win_BalAcc=0.5619  win_f1_macro=0.5585
fold1 ep 018  tr=1.6709  val_AccPaper=0.5756  val_BalAccMaj=0.5815  win_BalAcc=0.5692  win_f1_macro=0.5669
fold1 ep 019  tr=1.6651  val_AccPaper=0.5626  val_BalAccMaj=0.5689  win_BalAcc=0.5576  win_f1_macro=0.5549
fold1 ep 020  tr=1.6678  val_AccPaper=0.5689  val_BalAccMaj=0.5789  win_BalAcc=0.5676  win_f1_macro=0.5657
fold1 ep 021  tr=1.6585  val_AccPaper=0.5707  val_BalAccMaj=0.5763  win_BalAcc=0.5663  win_f1_macro=0.5651
fold1 ep 022  tr=1.6579  val_AccPaper=0.5630  val_BalAccMaj=0.5689  win_BalAcc=0.5638  win_f1_macro=0.5602
fold1 ep 023  tr=1.6497  val_AccPaper=0.5656  val_BalAccMaj=0.5722  win_BalAcc=0.5635  win_f1_macro=0.5620
fold1 ep 024  tr=1.6548  val_AccPaper=0.5626  val_BalAccMaj=0.5696  win_BalAcc=0.5635  win_f1_macro=0.5602
fold1 ep 025  tr=1.6497  val_AccPaper=0.5707  val_BalAccMaj=0.5785  win_BalAcc=0.5687  win_f1_macro=0.5671
fold1 ep 026  tr=1.6394  val_AccPaper=0.5719  val_BalAccMaj=0.5796  win_BalAcc=0.5676  win_f1_macro=0.5656
fold1 early stop @ ep 26
fold2 ep 001  tr=2.0979  val_AccPaper=0.5219  val_BalAccMaj=0.5274  win_BalAcc=0.5208  win_f1_macro=0.5192
fold2 ep 002  tr=1.8150  val_AccPaper=0.5322  val_BalAccMaj=0.5385  win_BalAcc=0.5295  win_f1_macro=0.5301
fold2 ep 003  tr=1.7377  val_AccPaper=0.5393  val_BalAccMaj=0.5456  win_BalAcc=0.5321  win_f1_macro=0.5309
fold2 ep 004  tr=1.6982  val_AccPaper=0.5359  val_BalAccMaj=0.5400  win_BalAcc=0.5285  win_f1_macro=0.5280
fold2 ep 005  tr=1.6817  val_AccPaper=0.5322  val_BalAccMaj=0.5378  win_BalAcc=0.5273  win_f1_macro=0.5263
fold2 ep 006  tr=1.6612  val_AccPaper=0.5289  val_BalAccMaj=0.5367  win_BalAcc=0.5257  win_f1_macro=0.5227
fold2 ep 007  tr=1.6491  val_AccPaper=0.5319  val_BalAccMaj=0.5359  win_BalAcc=0.5306  win_f1_macro=0.5275
fold2 ep 008  tr=1.6424  val_AccPaper=0.5330  val_BalAccMaj=0.5370  win_BalAcc=0.5281  win_f1_macro=0.5254
fold2 ep 009  tr=1.6298  val_AccPaper=0.5400  val_BalAccMaj=0.5444  win_BalAcc=0.5316  win_f1_macro=0.5296
fold2 ep 010  tr=1.6190  val_AccPaper=0.5370  val_BalAccMaj=0.5437  win_BalAcc=0.5324  win_f1_macro=0.5311
fold2 ep 011  tr=1.6102  val_AccPaper=0.5430  val_BalAccMaj=0.5496  win_BalAcc=0.5338  win_f1_macro=0.5324
fold2 ep 012  tr=1.6046  val_AccPaper=0.5359  val_BalAccMaj=0.5404  win_BalAcc=0.5286  win_f1_macro=0.5249
fold2 ep 013  tr=1.5975  val_AccPaper=0.5459  val_BalAccMaj=0.5515  win_BalAcc=0.5369  win_f1_macro=0.5356
fold2 ep 014  tr=1.5874  val_AccPaper=0.5367  val_BalAccMaj=0.5400  win_BalAcc=0.5300  win_f1_macro=0.5271
fold2 ep 015  tr=1.5864  val_AccPaper=0.5333  val_BalAccMaj=0.5389  win_BalAcc=0.5251  win_f1_macro=0.5211
fold2 ep 016  tr=1.5820  val_AccPaper=0.5370  val_BalAccMaj=0.5430  win_BalAcc=0.5317  win_f1_macro=0.5298
fold2 ep 017  tr=1.5707  val_AccPaper=0.5378  val_BalAccMaj=0.5437  win_BalAcc=0.5281  win_f1_macro=0.5249
fold2 ep 018  tr=1.5683  val_AccPaper=0.5344  val_BalAccMaj=0.5415  win_BalAcc=0.5238  win_f1_macro=0.5198
fold2 ep 019  tr=1.5635  val_AccPaper=0.5337  val_BalAccMaj=0.5407  win_BalAcc=0.5268  win_f1_macro=0.5237
fold2 ep 020  tr=1.5596  val_AccPaper=0.5385  val_BalAccMaj=0.5444  win_BalAcc=0.5301  win_f1_macro=0.5284
fold2 ep 021  tr=1.5505  val_AccPaper=0.5337  val_BalAccMaj=0.5393  win_BalAcc=0.5281  win_f1_macro=0.5254
fold2 ep 022  tr=1.5521  val_AccPaper=0.5337  val_BalAccMaj=0.5407  win_BalAcc=0.5269  win_f1_macro=0.5235
fold2 ep 023  tr=1.5510  val_AccPaper=0.5356  val_BalAccMaj=0.5444  win_BalAcc=0.5270  win_f1_macro=0.5251
fold2 ep 024  tr=1.5447  val_AccPaper=0.5307  val_BalAccMaj=0.5370  win_BalAcc=0.5217  win_f1_macro=0.5164
fold2 ep 025  tr=1.5387  val_AccPaper=0.5326  val_BalAccMaj=0.5389  win_BalAcc=0.5269  win_f1_macro=0.5245
fold2 ep 026  tr=1.5403  val_AccPaper=0.5304  val_BalAccMaj=0.5393  win_BalAcc=0.5235  win_f1_macro=0.5209
fold2 ep 027  tr=1.5368  val_AccPaper=0.5311  val_BalAccMaj=0.5378  win_BalAcc=0.5253  win_f1_macro=0.5234
fold2 ep 028  tr=1.5313  val_AccPaper=0.5278  val_BalAccMaj=0.5374  win_BalAcc=0.5237  win_f1_macro=0.5196
fold2 ep 029  tr=1.5263  val_AccPaper=0.5267  val_BalAccMaj=0.5333  win_BalAcc=0.5193  win_f1_macro=0.5154
fold2 ep 030  tr=1.5223  val_AccPaper=0.5259  val_BalAccMaj=0.5326  win_BalAcc=0.5195  win_f1_macro=0.5130
fold2 ep 031  tr=1.5198  val_AccPaper=0.5141  val_BalAccMaj=0.5196  win_BalAcc=0.5128  win_f1_macro=0.5073
fold2 ep 032  tr=1.5151  val_AccPaper=0.5222  val_BalAccMaj=0.5293  win_BalAcc=0.5159  win_f1_macro=0.5110
fold2 ep 033  tr=1.5145  val_AccPaper=0.5233  val_BalAccMaj=0.5281  win_BalAcc=0.5160  win_f1_macro=0.5124
fold2 early stop @ ep 33
fold3 ep 001  tr=2.1505  val_AccPaper=0.5463  val_BalAccMaj=0.5496  win_BalAcc=0.5429  win_f1_macro=0.5328
fold3 ep 002  tr=1.9189  val_AccPaper=0.5667  val_BalAccMaj=0.5696  win_BalAcc=0.5642  win_f1_macro=0.5585
fold3 ep 003  tr=1.8361  val_AccPaper=0.5819  val_BalAccMaj=0.5867  win_BalAcc=0.5770  win_f1_macro=0.5758
fold3 ep 004  tr=1.7968  val_AccPaper=0.5930  val_BalAccMaj=0.6000  win_BalAcc=0.5866  win_f1_macro=0.5861
fold3 ep 005  tr=1.7764  val_AccPaper=0.5959  val_BalAccMaj=0.5996  win_BalAcc=0.5856  win_f1_macro=0.5859
fold3 ep 006  tr=1.7572  val_AccPaper=0.5911  val_BalAccMaj=0.5989  win_BalAcc=0.5873  win_f1_macro=0.5876
fold3 ep 007  tr=1.7460  val_AccPaper=0.6004  val_BalAccMaj=0.6067  win_BalAcc=0.5969  win_f1_macro=0.5976
fold3 ep 008  tr=1.7304  val_AccPaper=0.5989  val_BalAccMaj=0.6048  win_BalAcc=0.5937  win_f1_macro=0.5937
fold3 ep 009  tr=1.7179  val_AccPaper=0.6052  val_BalAccMaj=0.6104  win_BalAcc=0.5933  win_f1_macro=0.5941
fold3 ep 010  tr=1.7181  val_AccPaper=0.6063  val_BalAccMaj=0.6130  win_BalAcc=0.5965  win_f1_macro=0.5975
fold3 ep 011  tr=1.7061  val_AccPaper=0.6026  val_BalAccMaj=0.6074  win_BalAcc=0.5925  win_f1_macro=0.5933
fold3 ep 012  tr=1.6926  val_AccPaper=0.6070  val_BalAccMaj=0.6126  win_BalAcc=0.5961  win_f1_macro=0.5969
fold3 ep 013  tr=1.6957  val_AccPaper=0.6193  val_BalAccMaj=0.6267  win_BalAcc=0.6068  win_f1_macro=0.6075
fold3 ep 014  tr=1.6857  val_AccPaper=0.6081  val_BalAccMaj=0.6137  win_BalAcc=0.5966  win_f1_macro=0.5976
fold3 ep 015  tr=1.6815  val_AccPaper=0.5985  val_BalAccMaj=0.6052  win_BalAcc=0.5891  win_f1_macro=0.5899
fold3 ep 016  tr=1.6724  val_AccPaper=0.6096  val_BalAccMaj=0.6174  win_BalAcc=0.6010  win_f1_macro=0.6007
fold3 ep 017  tr=1.6668  val_AccPaper=0.6100  val_BalAccMaj=0.6141  win_BalAcc=0.5963  win_f1_macro=0.5972
fold3 ep 018  tr=1.6591  val_AccPaper=0.6130  val_BalAccMaj=0.6207  win_BalAcc=0.6011  win_f1_macro=0.6021
fold3 ep 019  tr=1.6531  val_AccPaper=0.6033  val_BalAccMaj=0.6096  win_BalAcc=0.5967  win_f1_macro=0.5976
fold3 ep 020  tr=1.6447  val_AccPaper=0.6048  val_BalAccMaj=0.6122  win_BalAcc=0.5969  win_f1_macro=0.5977
fold3 ep 021  tr=1.6485  val_AccPaper=0.6067  val_BalAccMaj=0.6122  win_BalAcc=0.5990  win_f1_macro=0.5996
fold3 ep 022  tr=1.6434  val_AccPaper=0.6159  val_BalAccMaj=0.6196  win_BalAcc=0.6047  win_f1_macro=0.6054
fold3 ep 023  tr=1.6402  val_AccPaper=0.6078  val_BalAccMaj=0.6130  win_BalAcc=0.5947  win_f1_macro=0.5953
fold3 ep 024  tr=1.6314  val_AccPaper=0.6063  val_BalAccMaj=0.6115  win_BalAcc=0.5956  win_f1_macro=0.5961
fold3 ep 025  tr=1.6267  val_AccPaper=0.6081  val_BalAccMaj=0.6163  win_BalAcc=0.5982  win_f1_macro=0.5990
fold3 ep 026  tr=1.6308  val_AccPaper=0.6030  val_BalAccMaj=0.6070  win_BalAcc=0.5927  win_f1_macro=0.5933
fold3 ep 027  tr=1.6193  val_AccPaper=0.6100  val_BalAccMaj=0.6156  win_BalAcc=0.6034  win_f1_macro=0.6039
fold3 ep 028  tr=1.6188  val_AccPaper=0.6059  val_BalAccMaj=0.6115  win_BalAcc=0.5944  win_f1_macro=0.5949
fold3 ep 029  tr=1.6109  val_AccPaper=0.6144  val_BalAccMaj=0.6237  win_BalAcc=0.6038  win_f1_macro=0.6041
fold3 ep 030  tr=1.6076  val_AccPaper=0.6059  val_BalAccMaj=0.6115  win_BalAcc=0.5952  win_f1_macro=0.5962
fold3 ep 031  tr=1.6171  val_AccPaper=0.6044  val_BalAccMaj=0.6144  win_BalAcc=0.5977  win_f1_macro=0.5980
fold3 ep 032  tr=1.6050  val_AccPaper=0.6022  val_BalAccMaj=0.6093  win_BalAcc=0.5957  win_f1_macro=0.5964
fold3 ep 033  tr=1.5960  val_AccPaper=0.6004  val_BalAccMaj=0.6056  win_BalAcc=0.5940  win_f1_macro=0.5945
fold3 early stop @ ep 33
fold4 ep 001  tr=2.0957  val_AccPaper=0.4678  val_BalAccMaj=0.4711  win_BalAcc=0.4717  win_f1_macro=0.4578
fold4 ep 002  tr=1.8072  val_AccPaper=0.4926  val_BalAccMaj=0.4967  win_BalAcc=0.4907  win_f1_macro=0.4896
fold4 ep 003  tr=1.7427  val_AccPaper=0.4819  val_BalAccMaj=0.4881  win_BalAcc=0.4890  win_f1_macro=0.4830
fold4 ep 004  tr=1.7081  val_AccPaper=0.4881  val_BalAccMaj=0.4930  win_BalAcc=0.4929  win_f1_macro=0.4912
fold4 ep 005  tr=1.6834  val_AccPaper=0.4811  val_BalAccMaj=0.4878  win_BalAcc=0.4874  win_f1_macro=0.4808
fold4 ep 006  tr=1.6664  val_AccPaper=0.4867  val_BalAccMaj=0.4922  win_BalAcc=0.4956  win_f1_macro=0.4893
fold4 ep 007  tr=1.6527  val_AccPaper=0.4848  val_BalAccMaj=0.4926  win_BalAcc=0.4883  win_f1_macro=0.4833
fold4 ep 008  tr=1.6395  val_AccPaper=0.5096  val_BalAccMaj=0.5152  win_BalAcc=0.5060  win_f1_macro=0.5044
fold4 ep 009  tr=1.6371  val_AccPaper=0.4944  val_BalAccMaj=0.5007  win_BalAcc=0.4948  win_f1_macro=0.4914
fold4 ep 010  tr=1.6288  val_AccPaper=0.5041  val_BalAccMaj=0.5122  win_BalAcc=0.4995  win_f1_macro=0.4988
fold4 ep 011  tr=1.6177  val_AccPaper=0.4985  val_BalAccMaj=0.5041  win_BalAcc=0.4946  win_f1_macro=0.4923
fold4 ep 012  tr=1.6111  val_AccPaper=0.5019  val_BalAccMaj=0.5096  win_BalAcc=0.5011  win_f1_macro=0.4982
fold4 ep 013  tr=1.6029  val_AccPaper=0.5015  val_BalAccMaj=0.5130  win_BalAcc=0.5035  win_f1_macro=0.5008
fold4 ep 014  tr=1.6016  val_AccPaper=0.4941  val_BalAccMaj=0.5030  win_BalAcc=0.4941  win_f1_macro=0.4884
fold4 ep 015  tr=1.5983  val_AccPaper=0.4967  val_BalAccMaj=0.5063  win_BalAcc=0.5004  win_f1_macro=0.4973
fold4 ep 016  tr=1.5898  val_AccPaper=0.4911  val_BalAccMaj=0.5022  win_BalAcc=0.4930  win_f1_macro=0.4896
fold4 ep 017  tr=1.5885  val_AccPaper=0.4981  val_BalAccMaj=0.5056  win_BalAcc=0.4985  win_f1_macro=0.4970
fold4 ep 018  tr=1.5843  val_AccPaper=0.5019  val_BalAccMaj=0.5100  win_BalAcc=0.4989  win_f1_macro=0.4948
fold4 ep 019  tr=1.5814  val_AccPaper=0.5107  val_BalAccMaj=0.5189  win_BalAcc=0.5082  win_f1_macro=0.5073
fold4 ep 020  tr=1.5770  val_AccPaper=0.5037  val_BalAccMaj=0.5122  win_BalAcc=0.5018  win_f1_macro=0.5008
fold4 ep 021  tr=1.5697  val_AccPaper=0.5015  val_BalAccMaj=0.5093  win_BalAcc=0.5028  win_f1_macro=0.4995
fold4 ep 022  tr=1.5676  val_AccPaper=0.4948  val_BalAccMaj=0.5015  win_BalAcc=0.4953  win_f1_macro=0.4906
fold4 ep 023  tr=1.5628  val_AccPaper=0.5019  val_BalAccMaj=0.5078  win_BalAcc=0.4966  win_f1_macro=0.4933
fold4 ep 024  tr=1.5579  val_AccPaper=0.4930  val_BalAccMaj=0.4993  win_BalAcc=0.4932  win_f1_macro=0.4908
fold4 ep 025  tr=1.5533  val_AccPaper=0.5033  val_BalAccMaj=0.5107  win_BalAcc=0.5027  win_f1_macro=0.4982
fold4 ep 026  tr=1.5504  val_AccPaper=0.5037  val_BalAccMaj=0.5107  win_BalAcc=0.4995  win_f1_macro=0.4959
fold4 ep 027  tr=1.5436  val_AccPaper=0.5048  val_BalAccMaj=0.5130  win_BalAcc=0.5036  win_f1_macro=0.5009
fold4 ep 028  tr=1.5426  val_AccPaper=0.5044  val_BalAccMaj=0.5119  win_BalAcc=0.5063  win_f1_macro=0.5029
fold4 ep 029  tr=1.5358  val_AccPaper=0.4993  val_BalAccMaj=0.5059  win_BalAcc=0.5018  win_f1_macro=0.4961
fold4 ep 030  tr=1.5336  val_AccPaper=0.4937  val_BalAccMaj=0.5015  win_BalAcc=0.4982  win_f1_macro=0.4908
fold4 ep 031  tr=1.5324  val_AccPaper=0.4967  val_BalAccMaj=0.5044  win_BalAcc=0.4972  win_f1_macro=0.4933
fold4 ep 032  tr=1.5298  val_AccPaper=0.4981  val_BalAccMaj=0.5063  win_BalAcc=0.4964  win_f1_macro=0.4916
fold4 ep 033  tr=1.5294  val_AccPaper=0.5126  val_BalAccMaj=0.5204  win_BalAcc=0.5133  win_f1_macro=0.5077
fold4 ep 034  tr=1.5151  val_AccPaper=0.4993  val_BalAccMaj=0.5067  win_BalAcc=0.5040  win_f1_macro=0.5011
fold4 ep 035  tr=1.5202  val_AccPaper=0.4937  val_BalAccMaj=0.5004  win_BalAcc=0.4958  win_f1_macro=0.4919
fold4 ep 036  tr=1.5166  val_AccPaper=0.4919  val_BalAccMaj=0.5007  win_BalAcc=0.4966  win_f1_macro=0.4891
fold4 ep 037  tr=1.5062  val_AccPaper=0.5022  val_BalAccMaj=0.5081  win_BalAcc=0.4998  win_f1_macro=0.4969
fold4 ep 038  tr=1.5088  val_AccPaper=0.5007  val_BalAccMaj=0.5085  win_BalAcc=0.5002  win_f1_macro=0.4943
fold4 ep 039  tr=1.5049  val_AccPaper=0.5030  val_BalAccMaj=0.5100  win_BalAcc=0.5058  win_f1_macro=0.5022
fold4 ep 040  tr=1.5017  val_AccPaper=0.5019  val_BalAccMaj=0.5085  win_BalAcc=0.5073  win_f1_macro=0.5012
fold4 ep 041  tr=1.4973  val_AccPaper=0.4915  val_BalAccMaj=0.5004  win_BalAcc=0.4923  win_f1_macro=0.4895
fold4 ep 042  tr=1.4963  val_AccPaper=0.5096  val_BalAccMaj=0.5170  win_BalAcc=0.5113  win_f1_macro=0.5065
fold4 ep 043  tr=1.4927  val_AccPaper=0.4944  val_BalAccMaj=0.5033  win_BalAcc=0.4995  win_f1_macro=0.4974
fold4 ep 044  tr=1.4925  val_AccPaper=0.4926  val_BalAccMaj=0.5004  win_BalAcc=0.4991  win_f1_macro=0.4933
fold4 ep 045  tr=1.4889  val_AccPaper=0.4970  val_BalAccMaj=0.5022  win_BalAcc=0.4990  win_f1_macro=0.4966
fold4 ep 046  tr=1.4846  val_AccPaper=0.5022  val_BalAccMaj=0.5104  win_BalAcc=0.5021  win_f1_macro=0.4965
fold4 ep 047  tr=1.4828  val_AccPaper=0.5004  val_BalAccMaj=0.5059  win_BalAcc=0.5055  win_f1_macro=0.5026
fold4 ep 048  tr=1.4742  val_AccPaper=0.5056  val_BalAccMaj=0.5115  win_BalAcc=0.5082  win_f1_macro=0.5065
fold4 ep 049  tr=1.4826  val_AccPaper=0.5022  val_BalAccMaj=0.5081  win_BalAcc=0.5019  win_f1_macro=0.5017
fold4 ep 050  tr=1.4725  val_AccPaper=0.4956  val_BalAccMaj=0.5007  win_BalAcc=0.4985  win_f1_macro=0.4958
fold4 ep 051  tr=1.4761  val_AccPaper=0.4993  val_BalAccMaj=0.5037  win_BalAcc=0.5048  win_f1_macro=0.4987
fold4 ep 052  tr=1.4690  val_AccPaper=0.5093  val_BalAccMaj=0.5170  win_BalAcc=0.5129  win_f1_macro=0.5101
fold4 ep 053  tr=1.4707  val_AccPaper=0.4985  val_BalAccMaj=0.5052  win_BalAcc=0.4993  win_f1_macro=0.4955
fold4 early stop @ ep 53
[B5b] done val_AccPaper=0.5656 test_AccPaper=0.5738 test_BalAcc=0.5792 test_win_F1=0.5688
