start arm=P2 device=cuda n_classes=3 y_counts={0: 91800, 1: 91800, 2: 91800} pf_protocol_version=3 no_rest=False
[P2] §3.2.1 future-perturb ratio=123.411
fold0 ep 001  tr=2.4348  val_AccPaper=0.5144  val_BalAccMaj=0.5163  win_BalAcc=0.5114  win_f1_macro=0.5048
fold0 ep 002  tr=2.0444  val_AccPaper=0.5393  val_BalAccMaj=0.5430  win_BalAcc=0.5340  win_f1_macro=0.5333
fold0 ep 003  tr=1.9546  val_AccPaper=0.5511  val_BalAccMaj=0.5556  win_BalAcc=0.5439  win_f1_macro=0.5440
fold0 ep 004  tr=1.9026  val_AccPaper=0.5544  val_BalAccMaj=0.5589  win_BalAcc=0.5501  win_f1_macro=0.5503
fold0 ep 005  tr=1.8773  val_AccPaper=0.5596  val_BalAccMaj=0.5644  win_BalAcc=0.5554  win_f1_macro=0.5540
fold0 ep 006  tr=1.8575  val_AccPaper=0.5604  val_BalAccMaj=0.5674  win_BalAcc=0.5573  win_f1_macro=0.5583
fold0 ep 007  tr=1.8345  val_AccPaper=0.5693  val_BalAccMaj=0.5726  win_BalAcc=0.5607  win_f1_macro=0.5616
fold0 ep 008  tr=1.8192  val_AccPaper=0.5759  val_BalAccMaj=0.5796  win_BalAcc=0.5622  win_f1_macro=0.5628
fold0 ep 009  tr=1.7963  val_AccPaper=0.5681  val_BalAccMaj=0.5722  win_BalAcc=0.5632  win_f1_macro=0.5641
fold0 ep 010  tr=1.7911  val_AccPaper=0.5715  val_BalAccMaj=0.5752  win_BalAcc=0.5644  win_f1_macro=0.5652
fold0 ep 011  tr=1.7746  val_AccPaper=0.5704  val_BalAccMaj=0.5756  win_BalAcc=0.5638  win_f1_macro=0.5646
fold0 ep 012  tr=1.7640  val_AccPaper=0.5744  val_BalAccMaj=0.5781  win_BalAcc=0.5631  win_f1_macro=0.5639
fold0 ep 013  tr=1.7544  val_AccPaper=0.5781  val_BalAccMaj=0.5804  win_BalAcc=0.5634  win_f1_macro=0.5642
fold0 ep 014  tr=1.7532  val_AccPaper=0.5704  val_BalAccMaj=0.5737  win_BalAcc=0.5610  win_f1_macro=0.5617
fold0 ep 015  tr=1.7344  val_AccPaper=0.5681  val_BalAccMaj=0.5730  win_BalAcc=0.5566  win_f1_macro=0.5573
fold0 ep 016  tr=1.7347  val_AccPaper=0.5700  val_BalAccMaj=0.5733  win_BalAcc=0.5632  win_f1_macro=0.5636
fold0 ep 017  tr=1.7313  val_AccPaper=0.5722  val_BalAccMaj=0.5767  win_BalAcc=0.5624  win_f1_macro=0.5627
fold0 ep 018  tr=1.7192  val_AccPaper=0.5700  val_BalAccMaj=0.5756  win_BalAcc=0.5650  win_f1_macro=0.5653
fold0 ep 019  tr=1.7148  val_AccPaper=0.5744  val_BalAccMaj=0.5789  win_BalAcc=0.5632  win_f1_macro=0.5635
fold0 ep 020  tr=1.7026  val_AccPaper=0.5770  val_BalAccMaj=0.5793  win_BalAcc=0.5666  win_f1_macro=0.5671
fold0 ep 021  tr=1.6986  val_AccPaper=0.5715  val_BalAccMaj=0.5737  win_BalAcc=0.5630  win_f1_macro=0.5629
fold0 ep 022  tr=1.6929  val_AccPaper=0.5748  val_BalAccMaj=0.5796  win_BalAcc=0.5654  win_f1_macro=0.5655
fold0 ep 023  tr=1.6848  val_AccPaper=0.5685  val_BalAccMaj=0.5730  win_BalAcc=0.5605  win_f1_macro=0.5609
fold0 ep 024  tr=1.6794  val_AccPaper=0.5667  val_BalAccMaj=0.5715  win_BalAcc=0.5609  win_f1_macro=0.5598
fold0 ep 025  tr=1.6765  val_AccPaper=0.5730  val_BalAccMaj=0.5781  win_BalAcc=0.5648  win_f1_macro=0.5655
fold0 ep 026  tr=1.6740  val_AccPaper=0.5707  val_BalAccMaj=0.5744  win_BalAcc=0.5624  win_f1_macro=0.5628
fold0 ep 027  tr=1.6699  val_AccPaper=0.5748  val_BalAccMaj=0.5785  win_BalAcc=0.5644  win_f1_macro=0.5648
fold0 ep 028  tr=1.6689  val_AccPaper=0.5700  val_BalAccMaj=0.5752  win_BalAcc=0.5653  win_f1_macro=0.5656
fold0 ep 029  tr=1.6651  val_AccPaper=0.5722  val_BalAccMaj=0.5804  win_BalAcc=0.5668  win_f1_macro=0.5673
fold0 ep 030  tr=1.6580  val_AccPaper=0.5648  val_BalAccMaj=0.5685  win_BalAcc=0.5608  win_f1_macro=0.5607
fold0 ep 031  tr=1.6584  val_AccPaper=0.5722  val_BalAccMaj=0.5774  win_BalAcc=0.5674  win_f1_macro=0.5677
fold0 ep 032  tr=1.6544  val_AccPaper=0.5693  val_BalAccMaj=0.5774  win_BalAcc=0.5654  win_f1_macro=0.5664
fold0 ep 033  tr=1.6478  val_AccPaper=0.5707  val_BalAccMaj=0.5748  win_BalAcc=0.5660  win_f1_macro=0.5658
fold0 early stop @ ep 33
fold1 ep 001  tr=2.4678  val_AccPaper=0.5341  val_BalAccMaj=0.5370  win_BalAcc=0.5340  win_f1_macro=0.5228
fold1 ep 002  tr=2.1162  val_AccPaper=0.5604  val_BalAccMaj=0.5667  win_BalAcc=0.5536  win_f1_macro=0.5482
fold1 ep 003  tr=2.0396  val_AccPaper=0.5519  val_BalAccMaj=0.5567  win_BalAcc=0.5525  win_f1_macro=0.5482
fold1 ep 004  tr=1.9903  val_AccPaper=0.5537  val_BalAccMaj=0.5585  win_BalAcc=0.5532  win_f1_macro=0.5499
fold1 ep 005  tr=1.9692  val_AccPaper=0.5626  val_BalAccMaj=0.5681  win_BalAcc=0.5613  win_f1_macro=0.5581
fold1 ep 006  tr=1.9479  val_AccPaper=0.5615  val_BalAccMaj=0.5667  win_BalAcc=0.5648  win_f1_macro=0.5645
fold1 ep 007  tr=1.9277  val_AccPaper=0.5585  val_BalAccMaj=0.5648  win_BalAcc=0.5574  win_f1_macro=0.5523
fold1 ep 008  tr=1.9109  val_AccPaper=0.5711  val_BalAccMaj=0.5770  win_BalAcc=0.5750  win_f1_macro=0.5750
fold1 ep 009  tr=1.8974  val_AccPaper=0.5530  val_BalAccMaj=0.5589  win_BalAcc=0.5532  win_f1_macro=0.5489
fold1 ep 010  tr=1.8829  val_AccPaper=0.5637  val_BalAccMaj=0.5704  win_BalAcc=0.5612  win_f1_macro=0.5580
fold1 ep 011  tr=1.8773  val_AccPaper=0.5652  val_BalAccMaj=0.5700  win_BalAcc=0.5668  win_f1_macro=0.5640
fold1 ep 012  tr=1.8689  val_AccPaper=0.5567  val_BalAccMaj=0.5626  win_BalAcc=0.5582  win_f1_macro=0.5534
fold1 ep 013  tr=1.8545  val_AccPaper=0.5578  val_BalAccMaj=0.5633  win_BalAcc=0.5618  win_f1_macro=0.5607
fold1 ep 014  tr=1.8427  val_AccPaper=0.5544  val_BalAccMaj=0.5619  win_BalAcc=0.5567  win_f1_macro=0.5533
fold1 ep 015  tr=1.8307  val_AccPaper=0.5626  val_BalAccMaj=0.5681  win_BalAcc=0.5617  win_f1_macro=0.5581
fold1 ep 016  tr=1.8299  val_AccPaper=0.5630  val_BalAccMaj=0.5681  win_BalAcc=0.5655  win_f1_macro=0.5619
fold1 ep 017  tr=1.8235  val_AccPaper=0.5800  val_BalAccMaj=0.5863  win_BalAcc=0.5786  win_f1_macro=0.5764
fold1 ep 018  tr=1.8146  val_AccPaper=0.5715  val_BalAccMaj=0.5793  win_BalAcc=0.5736  win_f1_macro=0.5723
fold1 ep 019  tr=1.8126  val_AccPaper=0.5685  val_BalAccMaj=0.5737  win_BalAcc=0.5664  win_f1_macro=0.5648
fold1 ep 020  tr=1.8043  val_AccPaper=0.5674  val_BalAccMaj=0.5733  win_BalAcc=0.5629  win_f1_macro=0.5579
fold1 ep 021  tr=1.7930  val_AccPaper=0.5759  val_BalAccMaj=0.5826  win_BalAcc=0.5737  win_f1_macro=0.5718
fold1 ep 022  tr=1.7851  val_AccPaper=0.5548  val_BalAccMaj=0.5607  win_BalAcc=0.5560  win_f1_macro=0.5515
fold1 ep 023  tr=1.7857  val_AccPaper=0.5533  val_BalAccMaj=0.5600  win_BalAcc=0.5585  win_f1_macro=0.5559
fold1 ep 024  tr=1.7858  val_AccPaper=0.5633  val_BalAccMaj=0.5696  win_BalAcc=0.5635  win_f1_macro=0.5596
fold1 ep 025  tr=1.7830  val_AccPaper=0.5648  val_BalAccMaj=0.5711  win_BalAcc=0.5617  win_f1_macro=0.5600
fold1 ep 026  tr=1.7697  val_AccPaper=0.5530  val_BalAccMaj=0.5581  win_BalAcc=0.5520  win_f1_macro=0.5475
fold1 ep 027  tr=1.7681  val_AccPaper=0.5711  val_BalAccMaj=0.5763  win_BalAcc=0.5696  win_f1_macro=0.5647
fold1 ep 028  tr=1.7572  val_AccPaper=0.5652  val_BalAccMaj=0.5748  win_BalAcc=0.5642  win_f1_macro=0.5589
fold1 ep 029  tr=1.7539  val_AccPaper=0.5704  val_BalAccMaj=0.5759  win_BalAcc=0.5679  win_f1_macro=0.5641
fold1 ep 030  tr=1.7549  val_AccPaper=0.5581  val_BalAccMaj=0.5667  win_BalAcc=0.5551  win_f1_macro=0.5525
fold1 ep 031  tr=1.7475  val_AccPaper=0.5596  val_BalAccMaj=0.5670  win_BalAcc=0.5590  win_f1_macro=0.5562
fold1 ep 032  tr=1.7418  val_AccPaper=0.5567  val_BalAccMaj=0.5637  win_BalAcc=0.5561  win_f1_macro=0.5534
fold1 ep 033  tr=1.7431  val_AccPaper=0.5611  val_BalAccMaj=0.5685  win_BalAcc=0.5607  win_f1_macro=0.5590
fold1 ep 034  tr=1.7297  val_AccPaper=0.5530  val_BalAccMaj=0.5600  win_BalAcc=0.5543  win_f1_macro=0.5520
fold1 ep 035  tr=1.7268  val_AccPaper=0.5581  val_BalAccMaj=0.5644  win_BalAcc=0.5565  win_f1_macro=0.5549
fold1 ep 036  tr=1.7192  val_AccPaper=0.5548  val_BalAccMaj=0.5630  win_BalAcc=0.5554  win_f1_macro=0.5516
fold1 ep 037  tr=1.7231  val_AccPaper=0.5544  val_BalAccMaj=0.5622  win_BalAcc=0.5543  win_f1_macro=0.5515
fold1 early stop @ ep 37
fold2 ep 001  tr=2.4408  val_AccPaper=0.5007  val_BalAccMaj=0.5044  win_BalAcc=0.5055  win_f1_macro=0.4996
fold2 ep 002  tr=2.0294  val_AccPaper=0.5237  val_BalAccMaj=0.5267  win_BalAcc=0.5203  win_f1_macro=0.5208
fold2 ep 003  tr=1.9382  val_AccPaper=0.5378  val_BalAccMaj=0.5441  win_BalAcc=0.5314  win_f1_macro=0.5323
fold2 ep 004  tr=1.8888  val_AccPaper=0.5359  val_BalAccMaj=0.5411  win_BalAcc=0.5288  win_f1_macro=0.5294
fold2 ep 005  tr=1.8566  val_AccPaper=0.5270  val_BalAccMaj=0.5311  win_BalAcc=0.5234  win_f1_macro=0.5217
fold2 ep 006  tr=1.8301  val_AccPaper=0.5270  val_BalAccMaj=0.5333  win_BalAcc=0.5219  win_f1_macro=0.5192
fold2 ep 007  tr=1.8111  val_AccPaper=0.5304  val_BalAccMaj=0.5381  win_BalAcc=0.5248  win_f1_macro=0.5224
fold2 ep 008  tr=1.7961  val_AccPaper=0.5293  val_BalAccMaj=0.5348  win_BalAcc=0.5229  win_f1_macro=0.5200
fold2 ep 009  tr=1.7842  val_AccPaper=0.5315  val_BalAccMaj=0.5359  win_BalAcc=0.5253  win_f1_macro=0.5229
fold2 ep 010  tr=1.7708  val_AccPaper=0.5226  val_BalAccMaj=0.5285  win_BalAcc=0.5203  win_f1_macro=0.5166
fold2 ep 011  tr=1.7616  val_AccPaper=0.5241  val_BalAccMaj=0.5326  win_BalAcc=0.5196  win_f1_macro=0.5155
fold2 ep 012  tr=1.7527  val_AccPaper=0.5307  val_BalAccMaj=0.5359  win_BalAcc=0.5236  win_f1_macro=0.5199
fold2 ep 013  tr=1.7400  val_AccPaper=0.5256  val_BalAccMaj=0.5344  win_BalAcc=0.5232  win_f1_macro=0.5198
fold2 ep 014  tr=1.7393  val_AccPaper=0.5344  val_BalAccMaj=0.5404  win_BalAcc=0.5293  win_f1_macro=0.5262
fold2 ep 015  tr=1.7251  val_AccPaper=0.5300  val_BalAccMaj=0.5341  win_BalAcc=0.5259  win_f1_macro=0.5219
fold2 ep 016  tr=1.7176  val_AccPaper=0.5304  val_BalAccMaj=0.5378  win_BalAcc=0.5278  win_f1_macro=0.5242
fold2 ep 017  tr=1.7145  val_AccPaper=0.5241  val_BalAccMaj=0.5289  win_BalAcc=0.5197  win_f1_macro=0.5154
fold2 ep 018  tr=1.7054  val_AccPaper=0.5396  val_BalAccMaj=0.5474  win_BalAcc=0.5299  win_f1_macro=0.5275
fold2 ep 019  tr=1.7009  val_AccPaper=0.5237  val_BalAccMaj=0.5296  win_BalAcc=0.5191  win_f1_macro=0.5140
fold2 ep 020  tr=1.6926  val_AccPaper=0.5256  val_BalAccMaj=0.5333  win_BalAcc=0.5227  win_f1_macro=0.5185
fold2 ep 021  tr=1.6931  val_AccPaper=0.5178  val_BalAccMaj=0.5226  win_BalAcc=0.5188  win_f1_macro=0.5121
fold2 ep 022  tr=1.6823  val_AccPaper=0.5296  val_BalAccMaj=0.5337  win_BalAcc=0.5269  win_f1_macro=0.5221
fold2 ep 023  tr=1.6821  val_AccPaper=0.5281  val_BalAccMaj=0.5359  win_BalAcc=0.5255  win_f1_macro=0.5223
fold2 ep 024  tr=1.6740  val_AccPaper=0.5259  val_BalAccMaj=0.5322  win_BalAcc=0.5232  win_f1_macro=0.5202
fold2 ep 025  tr=1.6730  val_AccPaper=0.5226  val_BalAccMaj=0.5293  win_BalAcc=0.5170  win_f1_macro=0.5147
fold2 ep 026  tr=1.6728  val_AccPaper=0.5115  val_BalAccMaj=0.5163  win_BalAcc=0.5094  win_f1_macro=0.4989
fold2 ep 027  tr=1.6721  val_AccPaper=0.5196  val_BalAccMaj=0.5278  win_BalAcc=0.5190  win_f1_macro=0.5147
fold2 ep 028  tr=1.6600  val_AccPaper=0.5241  val_BalAccMaj=0.5307  win_BalAcc=0.5226  win_f1_macro=0.5198
fold2 ep 029  tr=1.6582  val_AccPaper=0.5222  val_BalAccMaj=0.5285  win_BalAcc=0.5195  win_f1_macro=0.5143
fold2 ep 030  tr=1.6563  val_AccPaper=0.5178  val_BalAccMaj=0.5237  win_BalAcc=0.5144  win_f1_macro=0.5109
fold2 ep 031  tr=1.6443  val_AccPaper=0.5230  val_BalAccMaj=0.5285  win_BalAcc=0.5206  win_f1_macro=0.5166
fold2 ep 032  tr=1.6388  val_AccPaper=0.5319  val_BalAccMaj=0.5378  win_BalAcc=0.5274  win_f1_macro=0.5236
fold2 ep 033  tr=1.6467  val_AccPaper=0.5174  val_BalAccMaj=0.5219  win_BalAcc=0.5146  win_f1_macro=0.5091
fold2 ep 034  tr=1.6356  val_AccPaper=0.5196  val_BalAccMaj=0.5256  win_BalAcc=0.5156  win_f1_macro=0.5118
fold2 ep 035  tr=1.6367  val_AccPaper=0.5222  val_BalAccMaj=0.5285  win_BalAcc=0.5156  win_f1_macro=0.5123
fold2 ep 036  tr=1.6336  val_AccPaper=0.5241  val_BalAccMaj=0.5307  win_BalAcc=0.5194  win_f1_macro=0.5161
fold2 ep 037  tr=1.6297  val_AccPaper=0.5204  val_BalAccMaj=0.5244  win_BalAcc=0.5183  win_f1_macro=0.5145
fold2 ep 038  tr=1.6256  val_AccPaper=0.5241  val_BalAccMaj=0.5307  win_BalAcc=0.5181  win_f1_macro=0.5142
fold2 early stop @ ep 38
fold3 ep 001  tr=2.4563  val_AccPaper=0.5541  val_BalAccMaj=0.5563  win_BalAcc=0.5514  win_f1_macro=0.5420
fold3 ep 002  tr=2.1060  val_AccPaper=0.5733  val_BalAccMaj=0.5774  win_BalAcc=0.5692  win_f1_macro=0.5657
fold3 ep 003  tr=2.0154  val_AccPaper=0.5767  val_BalAccMaj=0.5841  win_BalAcc=0.5761  win_f1_macro=0.5759
fold3 ep 004  tr=1.9727  val_AccPaper=0.5878  val_BalAccMaj=0.5911  win_BalAcc=0.5800  win_f1_macro=0.5800
fold3 ep 005  tr=1.9468  val_AccPaper=0.5904  val_BalAccMaj=0.5985  win_BalAcc=0.5859  win_f1_macro=0.5866
fold3 ep 006  tr=1.9252  val_AccPaper=0.5993  val_BalAccMaj=0.6048  win_BalAcc=0.5893  win_f1_macro=0.5900
fold3 ep 007  tr=1.9016  val_AccPaper=0.5970  val_BalAccMaj=0.6044  win_BalAcc=0.5879  win_f1_macro=0.5887
fold3 ep 008  tr=1.8855  val_AccPaper=0.5981  val_BalAccMaj=0.6044  win_BalAcc=0.5886  win_f1_macro=0.5891
fold3 ep 009  tr=1.8811  val_AccPaper=0.5944  val_BalAccMaj=0.5993  win_BalAcc=0.5885  win_f1_macro=0.5889
fold3 ep 010  tr=1.8621  val_AccPaper=0.5930  val_BalAccMaj=0.5993  win_BalAcc=0.5862  win_f1_macro=0.5868
fold3 ep 011  tr=1.8453  val_AccPaper=0.5867  val_BalAccMaj=0.5922  win_BalAcc=0.5799  win_f1_macro=0.5807
fold3 ep 012  tr=1.8348  val_AccPaper=0.5878  val_BalAccMaj=0.5933  win_BalAcc=0.5812  win_f1_macro=0.5814
fold3 ep 013  tr=1.8242  val_AccPaper=0.5919  val_BalAccMaj=0.5996  win_BalAcc=0.5812  win_f1_macro=0.5815
fold3 ep 014  tr=1.8170  val_AccPaper=0.5937  val_BalAccMaj=0.5985  win_BalAcc=0.5845  win_f1_macro=0.5849
fold3 ep 015  tr=1.8104  val_AccPaper=0.5959  val_BalAccMaj=0.6037  win_BalAcc=0.5822  win_f1_macro=0.5825
fold3 ep 016  tr=1.8005  val_AccPaper=0.5904  val_BalAccMaj=0.5963  win_BalAcc=0.5788  win_f1_macro=0.5791
fold3 ep 017  tr=1.8005  val_AccPaper=0.5948  val_BalAccMaj=0.5993  win_BalAcc=0.5808  win_f1_macro=0.5812
fold3 ep 018  tr=1.7894  val_AccPaper=0.5874  val_BalAccMaj=0.5952  win_BalAcc=0.5775  win_f1_macro=0.5778
fold3 ep 019  tr=1.7897  val_AccPaper=0.5826  val_BalAccMaj=0.5867  win_BalAcc=0.5717  win_f1_macro=0.5719
fold3 ep 020  tr=1.7773  val_AccPaper=0.5900  val_BalAccMaj=0.5970  win_BalAcc=0.5779  win_f1_macro=0.5781
fold3 ep 021  tr=1.7709  val_AccPaper=0.5859  val_BalAccMaj=0.5911  win_BalAcc=0.5724  win_f1_macro=0.5724
fold3 ep 022  tr=1.7679  val_AccPaper=0.5867  val_BalAccMaj=0.5907  win_BalAcc=0.5773  win_f1_macro=0.5777
fold3 ep 023  tr=1.7607  val_AccPaper=0.5881  val_BalAccMaj=0.5933  win_BalAcc=0.5772  win_f1_macro=0.5772
fold3 ep 024  tr=1.7550  val_AccPaper=0.5878  val_BalAccMaj=0.5922  win_BalAcc=0.5783  win_f1_macro=0.5785
fold3 ep 025  tr=1.7520  val_AccPaper=0.5789  val_BalAccMaj=0.5844  win_BalAcc=0.5716  win_f1_macro=0.5716
fold3 ep 026  tr=1.7465  val_AccPaper=0.5900  val_BalAccMaj=0.5944  win_BalAcc=0.5792  win_f1_macro=0.5794
fold3 early stop @ ep 26
fold4 ep 001  tr=2.3893  val_AccPaper=0.4830  val_BalAccMaj=0.4856  win_BalAcc=0.4839  win_f1_macro=0.4729
fold4 ep 002  tr=2.0135  val_AccPaper=0.4922  val_BalAccMaj=0.4956  win_BalAcc=0.4915  win_f1_macro=0.4884
fold4 ep 003  tr=1.9251  val_AccPaper=0.4974  val_BalAccMaj=0.5044  win_BalAcc=0.4927  win_f1_macro=0.4886
fold4 ep 004  tr=1.8879  val_AccPaper=0.4922  val_BalAccMaj=0.4978  win_BalAcc=0.4933  win_f1_macro=0.4895
fold4 ep 005  tr=1.8611  val_AccPaper=0.4963  val_BalAccMaj=0.5030  win_BalAcc=0.4941  win_f1_macro=0.4908
fold4 ep 006  tr=1.8333  val_AccPaper=0.5000  val_BalAccMaj=0.5089  win_BalAcc=0.5003  win_f1_macro=0.4971
fold4 ep 007  tr=1.8281  val_AccPaper=0.4941  val_BalAccMaj=0.5007  win_BalAcc=0.4934  win_f1_macro=0.4910
fold4 ep 008  tr=1.8163  val_AccPaper=0.5093  val_BalAccMaj=0.5167  win_BalAcc=0.5068  win_f1_macro=0.5033
fold4 ep 009  tr=1.8018  val_AccPaper=0.5007  val_BalAccMaj=0.5074  win_BalAcc=0.4999  win_f1_macro=0.4931
fold4 ep 010  tr=1.7934  val_AccPaper=0.5019  val_BalAccMaj=0.5100  win_BalAcc=0.5006  win_f1_macro=0.4969
fold4 ep 011  tr=1.7800  val_AccPaper=0.4937  val_BalAccMaj=0.4996  win_BalAcc=0.4986  win_f1_macro=0.4970
fold4 ep 012  tr=1.7726  val_AccPaper=0.5026  val_BalAccMaj=0.5078  win_BalAcc=0.5018  win_f1_macro=0.4976
fold4 ep 013  tr=1.7583  val_AccPaper=0.4989  val_BalAccMaj=0.5067  win_BalAcc=0.4990  win_f1_macro=0.4972
fold4 ep 014  tr=1.7495  val_AccPaper=0.5000  val_BalAccMaj=0.5070  win_BalAcc=0.4986  win_f1_macro=0.4971
fold4 ep 015  tr=1.7434  val_AccPaper=0.5022  val_BalAccMaj=0.5085  win_BalAcc=0.4983  win_f1_macro=0.4984
fold4 ep 016  tr=1.7298  val_AccPaper=0.5004  val_BalAccMaj=0.5067  win_BalAcc=0.4994  win_f1_macro=0.4943
fold4 ep 017  tr=1.7259  val_AccPaper=0.4885  val_BalAccMaj=0.4952  win_BalAcc=0.4900  win_f1_macro=0.4871
fold4 ep 018  tr=1.7167  val_AccPaper=0.4996  val_BalAccMaj=0.5081  win_BalAcc=0.4997  win_f1_macro=0.4974
fold4 ep 019  tr=1.7136  val_AccPaper=0.4996  val_BalAccMaj=0.5052  win_BalAcc=0.4977  win_f1_macro=0.4970
fold4 ep 020  tr=1.7051  val_AccPaper=0.4907  val_BalAccMaj=0.4978  win_BalAcc=0.4946  win_f1_macro=0.4937
fold4 ep 021  tr=1.6942  val_AccPaper=0.4996  val_BalAccMaj=0.5063  win_BalAcc=0.4983  win_f1_macro=0.4931
fold4 ep 022  tr=1.6880  val_AccPaper=0.4996  val_BalAccMaj=0.5067  win_BalAcc=0.5000  win_f1_macro=0.4973
fold4 ep 023  tr=1.6874  val_AccPaper=0.4970  val_BalAccMaj=0.5041  win_BalAcc=0.4995  win_f1_macro=0.4958
fold4 ep 024  tr=1.6854  val_AccPaper=0.4948  val_BalAccMaj=0.5022  win_BalAcc=0.5001  win_f1_macro=0.4970
fold4 ep 025  tr=1.6788  val_AccPaper=0.4970  val_BalAccMaj=0.5056  win_BalAcc=0.5012  win_f1_macro=0.5001
fold4 ep 026  tr=1.6768  val_AccPaper=0.4941  val_BalAccMaj=0.5033  win_BalAcc=0.4990  win_f1_macro=0.4973
fold4 ep 027  tr=1.6717  val_AccPaper=0.4996  val_BalAccMaj=0.5063  win_BalAcc=0.5024  win_f1_macro=0.5014
fold4 ep 028  tr=1.6684  val_AccPaper=0.4956  val_BalAccMaj=0.5037  win_BalAcc=0.4983  win_f1_macro=0.4939
fold4 early stop @ ep 28
[P2] done val_AccPaper=0.5613 test_AccPaper=0.5703 test_BalAcc=0.5761 test_win_F1=0.5661
