start arm=T1_128 device=cuda n_classes=3 y_counts={0: 91800, 1: 91800, 2: 91800} pf_protocol_version=3 no_rest=False
[T1_128] §3.2.1 future-perturb ratio=132.644
fold0 ep 001  tr=2.4293  val_AccPaper=0.7833  val_BalAccMaj=0.7833  win_BalAcc=0.7767  win_f1_macro=0.7765
fold0 ep 002  tr=2.1933  val_AccPaper=0.7844  val_BalAccMaj=0.7844  win_BalAcc=0.7778  win_f1_macro=0.7778
fold0 ep 003  tr=2.1289  val_AccPaper=0.7741  val_BalAccMaj=0.7741  win_BalAcc=0.7719  win_f1_macro=0.7696
fold0 ep 004  tr=2.0811  val_AccPaper=0.7811  val_BalAccMaj=0.7811  win_BalAcc=0.7755  win_f1_macro=0.7727
fold0 ep 005  tr=2.0588  val_AccPaper=0.7893  val_BalAccMaj=0.7893  win_BalAcc=0.7800  win_f1_macro=0.7791
fold0 ep 006  tr=2.0401  val_AccPaper=0.7848  val_BalAccMaj=0.7848  win_BalAcc=0.7774  win_f1_macro=0.7774
fold0 ep 007  tr=2.0237  val_AccPaper=0.7726  val_BalAccMaj=0.7726  win_BalAcc=0.7707  win_f1_macro=0.7702
fold0 ep 008  tr=2.0099  val_AccPaper=0.7856  val_BalAccMaj=0.7856  win_BalAcc=0.7793  win_f1_macro=0.7771
fold0 ep 009  tr=1.9927  val_AccPaper=0.7815  val_BalAccMaj=0.7815  win_BalAcc=0.7755  win_f1_macro=0.7739
fold0 ep 010  tr=1.9841  val_AccPaper=0.7922  val_BalAccMaj=0.7922  win_BalAcc=0.7792  win_f1_macro=0.7768
fold0 ep 011  tr=1.9765  val_AccPaper=0.7693  val_BalAccMaj=0.7693  win_BalAcc=0.7695  win_f1_macro=0.7685
fold0 ep 012  tr=1.9670  val_AccPaper=0.7689  val_BalAccMaj=0.7689  win_BalAcc=0.7653  win_f1_macro=0.7636
fold0 ep 013  tr=1.9623  val_AccPaper=0.7807  val_BalAccMaj=0.7807  win_BalAcc=0.7754  win_f1_macro=0.7754
fold0 ep 014  tr=1.9453  val_AccPaper=0.7737  val_BalAccMaj=0.7737  win_BalAcc=0.7708  win_f1_macro=0.7702
fold0 ep 015  tr=1.9371  val_AccPaper=0.7856  val_BalAccMaj=0.7856  win_BalAcc=0.7747  win_f1_macro=0.7724
fold0 ep 016  tr=1.9330  val_AccPaper=0.7737  val_BalAccMaj=0.7737  win_BalAcc=0.7683  win_f1_macro=0.7642
fold0 ep 017  tr=1.9253  val_AccPaper=0.7733  val_BalAccMaj=0.7733  win_BalAcc=0.7702  win_f1_macro=0.7702
fold0 ep 018  tr=1.9215  val_AccPaper=0.7767  val_BalAccMaj=0.7767  win_BalAcc=0.7678  win_f1_macro=0.7672
fold0 ep 019  tr=1.9110  val_AccPaper=0.7744  val_BalAccMaj=0.7744  win_BalAcc=0.7673  win_f1_macro=0.7666
fold0 ep 020  tr=1.9006  val_AccPaper=0.7700  val_BalAccMaj=0.7700  win_BalAcc=0.7669  win_f1_macro=0.7621
fold0 ep 021  tr=1.8952  val_AccPaper=0.7759  val_BalAccMaj=0.7759  win_BalAcc=0.7731  win_f1_macro=0.7713
fold0 ep 022  tr=1.8944  val_AccPaper=0.7719  val_BalAccMaj=0.7719  win_BalAcc=0.7687  win_f1_macro=0.7674
fold0 ep 023  tr=1.8910  val_AccPaper=0.7730  val_BalAccMaj=0.7730  win_BalAcc=0.7697  win_f1_macro=0.7696
fold0 ep 024  tr=1.8770  val_AccPaper=0.7644  val_BalAccMaj=0.7644  win_BalAcc=0.7575  win_f1_macro=0.7568
fold0 ep 025  tr=1.8701  val_AccPaper=0.7730  val_BalAccMaj=0.7730  win_BalAcc=0.7632  win_f1_macro=0.7597
fold0 ep 026  tr=1.8666  val_AccPaper=0.7907  val_BalAccMaj=0.7907  win_BalAcc=0.7789  win_f1_macro=0.7786
fold0 ep 027  tr=1.8613  val_AccPaper=0.7789  val_BalAccMaj=0.7789  win_BalAcc=0.7694  win_f1_macro=0.7678
fold0 ep 028  tr=1.8552  val_AccPaper=0.7770  val_BalAccMaj=0.7770  win_BalAcc=0.7719  win_f1_macro=0.7718
fold0 ep 029  tr=1.8467  val_AccPaper=0.7733  val_BalAccMaj=0.7733  win_BalAcc=0.7699  win_f1_macro=0.7699
fold0 ep 030  tr=1.8437  val_AccPaper=0.7785  val_BalAccMaj=0.7785  win_BalAcc=0.7707  win_f1_macro=0.7700
fold0 early stop @ ep 30
fold1 ep 001  tr=2.4404  val_AccPaper=0.7867  val_BalAccMaj=0.7867  win_BalAcc=0.7801  win_f1_macro=0.7790
fold1 ep 002  tr=2.2060  val_AccPaper=0.7881  val_BalAccMaj=0.7881  win_BalAcc=0.7837  win_f1_macro=0.7833
fold1 ep 003  tr=2.1364  val_AccPaper=0.7563  val_BalAccMaj=0.7563  win_BalAcc=0.7537  win_f1_macro=0.7477
fold1 ep 004  tr=2.1052  val_AccPaper=0.7726  val_BalAccMaj=0.7726  win_BalAcc=0.7706  win_f1_macro=0.7678
fold1 ep 005  tr=2.0846  val_AccPaper=0.7844  val_BalAccMaj=0.7844  win_BalAcc=0.7810  win_f1_macro=0.7809
fold1 ep 006  tr=2.0614  val_AccPaper=0.7693  val_BalAccMaj=0.7693  win_BalAcc=0.7636  win_f1_macro=0.7571
fold1 ep 007  tr=2.0541  val_AccPaper=0.7715  val_BalAccMaj=0.7715  win_BalAcc=0.7654  win_f1_macro=0.7626
fold1 ep 008  tr=2.0342  val_AccPaper=0.7763  val_BalAccMaj=0.7763  win_BalAcc=0.7731  win_f1_macro=0.7728
fold1 ep 009  tr=2.0298  val_AccPaper=0.7807  val_BalAccMaj=0.7807  win_BalAcc=0.7757  win_f1_macro=0.7756
fold1 ep 010  tr=2.0294  val_AccPaper=0.7748  val_BalAccMaj=0.7748  win_BalAcc=0.7672  win_f1_macro=0.7661
fold1 ep 011  tr=2.0126  val_AccPaper=0.7578  val_BalAccMaj=0.7578  win_BalAcc=0.7591  win_f1_macro=0.7499
fold1 ep 012  tr=1.9983  val_AccPaper=0.7659  val_BalAccMaj=0.7659  win_BalAcc=0.7675  win_f1_macro=0.7637
fold1 ep 013  tr=1.9975  val_AccPaper=0.7622  val_BalAccMaj=0.7622  win_BalAcc=0.7633  win_f1_macro=0.7595
fold1 ep 014  tr=1.9823  val_AccPaper=0.7815  val_BalAccMaj=0.7815  win_BalAcc=0.7791  win_f1_macro=0.7789
fold1 ep 015  tr=1.9761  val_AccPaper=0.7737  val_BalAccMaj=0.7737  win_BalAcc=0.7702  win_f1_macro=0.7685
fold1 ep 016  tr=1.9712  val_AccPaper=0.7722  val_BalAccMaj=0.7722  win_BalAcc=0.7654  win_f1_macro=0.7608
fold1 ep 017  tr=1.9627  val_AccPaper=0.7859  val_BalAccMaj=0.7859  win_BalAcc=0.7807  win_f1_macro=0.7802
fold1 ep 018  tr=1.9592  val_AccPaper=0.7667  val_BalAccMaj=0.7667  win_BalAcc=0.7660  win_f1_macro=0.7594
fold1 ep 019  tr=1.9471  val_AccPaper=0.7689  val_BalAccMaj=0.7689  win_BalAcc=0.7672  win_f1_macro=0.7641
fold1 ep 020  tr=1.9462  val_AccPaper=0.7826  val_BalAccMaj=0.7826  win_BalAcc=0.7732  win_f1_macro=0.7723
fold1 ep 021  tr=1.9368  val_AccPaper=0.7878  val_BalAccMaj=0.7878  win_BalAcc=0.7790  win_f1_macro=0.7785
fold1 ep 022  tr=1.9302  val_AccPaper=0.7689  val_BalAccMaj=0.7689  win_BalAcc=0.7666  win_f1_macro=0.7640
fold1 early stop @ ep 22
fold2 ep 001  tr=2.3963  val_AccPaper=0.7641  val_BalAccMaj=0.7641  win_BalAcc=0.7618  win_f1_macro=0.7615
fold2 ep 002  tr=2.1691  val_AccPaper=0.7644  val_BalAccMaj=0.7644  win_BalAcc=0.7634  win_f1_macro=0.7630
fold2 ep 003  tr=2.1060  val_AccPaper=0.7656  val_BalAccMaj=0.7656  win_BalAcc=0.7612  win_f1_macro=0.7610
fold2 ep 004  tr=2.0668  val_AccPaper=0.7663  val_BalAccMaj=0.7663  win_BalAcc=0.7607  win_f1_macro=0.7602
fold2 ep 005  tr=2.0373  val_AccPaper=0.7581  val_BalAccMaj=0.7581  win_BalAcc=0.7568  win_f1_macro=0.7497
fold2 ep 006  tr=2.0196  val_AccPaper=0.7693  val_BalAccMaj=0.7693  win_BalAcc=0.7627  win_f1_macro=0.7610
fold2 ep 007  tr=2.0110  val_AccPaper=0.7604  val_BalAccMaj=0.7604  win_BalAcc=0.7550  win_f1_macro=0.7533
fold2 ep 008  tr=1.9872  val_AccPaper=0.7604  val_BalAccMaj=0.7604  win_BalAcc=0.7554  win_f1_macro=0.7532
fold2 ep 009  tr=1.9749  val_AccPaper=0.7578  val_BalAccMaj=0.7578  win_BalAcc=0.7561  win_f1_macro=0.7545
fold2 ep 010  tr=1.9698  val_AccPaper=0.7633  val_BalAccMaj=0.7633  win_BalAcc=0.7591  win_f1_macro=0.7578
fold2 ep 011  tr=1.9534  val_AccPaper=0.7670  val_BalAccMaj=0.7670  win_BalAcc=0.7570  win_f1_macro=0.7546
fold2 ep 012  tr=1.9421  val_AccPaper=0.7633  val_BalAccMaj=0.7633  win_BalAcc=0.7562  win_f1_macro=0.7532
fold2 ep 013  tr=1.9366  val_AccPaper=0.7644  val_BalAccMaj=0.7644  win_BalAcc=0.7582  win_f1_macro=0.7569
fold2 ep 014  tr=1.9286  val_AccPaper=0.7593  val_BalAccMaj=0.7593  win_BalAcc=0.7574  win_f1_macro=0.7562
fold2 ep 015  tr=1.9128  val_AccPaper=0.7619  val_BalAccMaj=0.7619  win_BalAcc=0.7589  win_f1_macro=0.7585
fold2 ep 016  tr=1.9088  val_AccPaper=0.7622  val_BalAccMaj=0.7622  win_BalAcc=0.7562  win_f1_macro=0.7525
fold2 ep 017  tr=1.9029  val_AccPaper=0.7533  val_BalAccMaj=0.7533  win_BalAcc=0.7511  win_f1_macro=0.7441
fold2 ep 018  tr=1.8898  val_AccPaper=0.7548  val_BalAccMaj=0.7548  win_BalAcc=0.7518  win_f1_macro=0.7466
fold2 ep 019  tr=1.8824  val_AccPaper=0.7556  val_BalAccMaj=0.7556  win_BalAcc=0.7527  win_f1_macro=0.7493
fold2 ep 020  tr=1.8753  val_AccPaper=0.7596  val_BalAccMaj=0.7596  win_BalAcc=0.7560  win_f1_macro=0.7533
fold2 ep 021  tr=1.8690  val_AccPaper=0.7548  val_BalAccMaj=0.7548  win_BalAcc=0.7529  win_f1_macro=0.7508
fold2 ep 022  tr=1.8646  val_AccPaper=0.7596  val_BalAccMaj=0.7596  win_BalAcc=0.7559  win_f1_macro=0.7512
fold2 ep 023  tr=1.8545  val_AccPaper=0.7559  val_BalAccMaj=0.7559  win_BalAcc=0.7560  win_f1_macro=0.7550
fold2 ep 024  tr=1.8455  val_AccPaper=0.7559  val_BalAccMaj=0.7559  win_BalAcc=0.7570  win_f1_macro=0.7564
fold2 ep 025  tr=1.8362  val_AccPaper=0.7530  val_BalAccMaj=0.7530  win_BalAcc=0.7499  win_f1_macro=0.7432
fold2 ep 026  tr=1.8330  val_AccPaper=0.7615  val_BalAccMaj=0.7615  win_BalAcc=0.7569  win_f1_macro=0.7559
fold2 early stop @ ep 26
fold3 ep 001  tr=2.4312  val_AccPaper=0.7874  val_BalAccMaj=0.7874  win_BalAcc=0.7815  win_f1_macro=0.7811
fold3 ep 002  tr=2.2181  val_AccPaper=0.7904  val_BalAccMaj=0.7904  win_BalAcc=0.7856  win_f1_macro=0.7846
fold3 ep 003  tr=2.1598  val_AccPaper=0.7993  val_BalAccMaj=0.7993  win_BalAcc=0.7900  win_f1_macro=0.7896
fold3 ep 004  tr=2.1104  val_AccPaper=0.7941  val_BalAccMaj=0.7941  win_BalAcc=0.7898  win_f1_macro=0.7896
fold3 ep 005  tr=2.0897  val_AccPaper=0.7867  val_BalAccMaj=0.7867  win_BalAcc=0.7861  win_f1_macro=0.7842
fold3 ep 006  tr=2.0717  val_AccPaper=0.7944  val_BalAccMaj=0.7944  win_BalAcc=0.7881  win_f1_macro=0.7877
fold3 ep 007  tr=2.0558  val_AccPaper=0.7981  val_BalAccMaj=0.7981  win_BalAcc=0.7903  win_f1_macro=0.7902
fold3 ep 008  tr=2.0438  val_AccPaper=0.7881  val_BalAccMaj=0.7881  win_BalAcc=0.7838  win_f1_macro=0.7833
fold3 ep 009  tr=2.0316  val_AccPaper=0.8007  val_BalAccMaj=0.8007  win_BalAcc=0.7952  win_f1_macro=0.7941
fold3 ep 010  tr=2.0237  val_AccPaper=0.7911  val_BalAccMaj=0.7911  win_BalAcc=0.7886  win_f1_macro=0.7879
fold3 ep 011  tr=2.0075  val_AccPaper=0.7893  val_BalAccMaj=0.7893  win_BalAcc=0.7817  win_f1_macro=0.7813
fold3 ep 012  tr=1.9976  val_AccPaper=0.7989  val_BalAccMaj=0.7989  win_BalAcc=0.7921  win_f1_macro=0.7918
fold3 ep 013  tr=1.9913  val_AccPaper=0.7956  val_BalAccMaj=0.7956  win_BalAcc=0.7923  win_f1_macro=0.7921
fold3 ep 014  tr=1.9776  val_AccPaper=0.8011  val_BalAccMaj=0.8011  win_BalAcc=0.7918  win_f1_macro=0.7910
fold3 ep 015  tr=1.9689  val_AccPaper=0.7944  val_BalAccMaj=0.7944  win_BalAcc=0.7871  win_f1_macro=0.7870
fold3 ep 016  tr=1.9641  val_AccPaper=0.7974  val_BalAccMaj=0.7974  win_BalAcc=0.7894  win_f1_macro=0.7888
fold3 ep 017  tr=1.9505  val_AccPaper=0.8022  val_BalAccMaj=0.8022  win_BalAcc=0.7944  win_f1_macro=0.7943
fold3 ep 018  tr=1.9427  val_AccPaper=0.7967  val_BalAccMaj=0.7967  win_BalAcc=0.7918  win_f1_macro=0.7904
fold3 ep 019  tr=1.9296  val_AccPaper=0.7848  val_BalAccMaj=0.7848  win_BalAcc=0.7818  win_f1_macro=0.7816
fold3 ep 020  tr=1.9345  val_AccPaper=0.7993  val_BalAccMaj=0.7993  win_BalAcc=0.7943  win_f1_macro=0.7940
fold3 ep 021  tr=1.9214  val_AccPaper=0.8007  val_BalAccMaj=0.8007  win_BalAcc=0.7929  win_f1_macro=0.7924
fold3 ep 022  tr=1.9200  val_AccPaper=0.7970  val_BalAccMaj=0.7970  win_BalAcc=0.7866  win_f1_macro=0.7853
fold3 ep 023  tr=1.9128  val_AccPaper=0.7944  val_BalAccMaj=0.7944  win_BalAcc=0.7850  win_f1_macro=0.7815
fold3 ep 024  tr=1.9061  val_AccPaper=0.7944  val_BalAccMaj=0.7944  win_BalAcc=0.7917  win_f1_macro=0.7916
fold3 ep 025  tr=1.9014  val_AccPaper=0.7896  val_BalAccMaj=0.7896  win_BalAcc=0.7861  win_f1_macro=0.7856
fold3 ep 026  tr=1.8935  val_AccPaper=0.7956  val_BalAccMaj=0.7956  win_BalAcc=0.7926  win_f1_macro=0.7917
fold3 ep 027  tr=1.8851  val_AccPaper=0.7904  val_BalAccMaj=0.7904  win_BalAcc=0.7862  win_f1_macro=0.7858
fold3 ep 028  tr=1.8775  val_AccPaper=0.7963  val_BalAccMaj=0.7963  win_BalAcc=0.7910  win_f1_macro=0.7910
fold3 ep 029  tr=1.8788  val_AccPaper=0.7985  val_BalAccMaj=0.7985  win_BalAcc=0.7909  win_f1_macro=0.7908
fold3 ep 030  tr=1.8689  val_AccPaper=0.7907  val_BalAccMaj=0.7907  win_BalAcc=0.7859  win_f1_macro=0.7860
fold3 ep 031  tr=1.8673  val_AccPaper=0.7974  val_BalAccMaj=0.7974  win_BalAcc=0.7879  win_f1_macro=0.7856
fold3 ep 032  tr=1.8605  val_AccPaper=0.7911  val_BalAccMaj=0.7911  win_BalAcc=0.7874  win_f1_macro=0.7869
fold3 ep 033  tr=1.8560  val_AccPaper=0.7996  val_BalAccMaj=0.7996  win_BalAcc=0.7875  win_f1_macro=0.7850
fold3 ep 034  tr=1.8536  val_AccPaper=0.7978  val_BalAccMaj=0.7978  win_BalAcc=0.7907  win_f1_macro=0.7902
fold3 ep 035  tr=1.8438  val_AccPaper=0.7974  val_BalAccMaj=0.7974  win_BalAcc=0.7864  win_f1_macro=0.7861
fold3 ep 036  tr=1.8446  val_AccPaper=0.8033  val_BalAccMaj=0.8033  win_BalAcc=0.7937  win_f1_macro=0.7928
fold3 ep 037  tr=1.8352  val_AccPaper=0.7830  val_BalAccMaj=0.7830  win_BalAcc=0.7830  win_f1_macro=0.7827
fold3 ep 038  tr=1.8299  val_AccPaper=0.7893  val_BalAccMaj=0.7893  win_BalAcc=0.7870  win_f1_macro=0.7869
fold3 ep 039  tr=1.8312  val_AccPaper=0.7944  val_BalAccMaj=0.7944  win_BalAcc=0.7860  win_f1_macro=0.7857
fold3 ep 040  tr=1.8230  val_AccPaper=0.7941  val_BalAccMaj=0.7941  win_BalAcc=0.7866  win_f1_macro=0.7863
fold3 ep 041  tr=1.8171  val_AccPaper=0.7904  val_BalAccMaj=0.7904  win_BalAcc=0.7864  win_f1_macro=0.7847
fold3 ep 042  tr=1.8139  val_AccPaper=0.7930  val_BalAccMaj=0.7930  win_BalAcc=0.7863  win_f1_macro=0.7863
fold3 ep 043  tr=1.8144  val_AccPaper=0.7948  val_BalAccMaj=0.7948  win_BalAcc=0.7923  win_f1_macro=0.7919
fold3 ep 044  tr=1.8081  val_AccPaper=0.7930  val_BalAccMaj=0.7933  win_BalAcc=0.7879  win_f1_macro=0.7867
fold3 ep 045  tr=1.8039  val_AccPaper=0.7896  val_BalAccMaj=0.7896  win_BalAcc=0.7851  win_f1_macro=0.7851
fold3 ep 046  tr=1.7997  val_AccPaper=0.7996  val_BalAccMaj=0.7996  win_BalAcc=0.7903  win_f1_macro=0.7886
fold3 ep 047  tr=1.7970  val_AccPaper=0.7930  val_BalAccMaj=0.7930  win_BalAcc=0.7879  win_f1_macro=0.7865
fold3 ep 048  tr=1.7945  val_AccPaper=0.7948  val_BalAccMaj=0.7948  win_BalAcc=0.7840  win_f1_macro=0.7819
fold3 ep 049  tr=1.7879  val_AccPaper=0.7959  val_BalAccMaj=0.7959  win_BalAcc=0.7883  win_f1_macro=0.7879
fold3 ep 050  tr=1.7821  val_AccPaper=0.7993  val_BalAccMaj=0.7993  win_BalAcc=0.7897  win_f1_macro=0.7884
fold3 ep 051  tr=1.7795  val_AccPaper=0.8004  val_BalAccMaj=0.8007  win_BalAcc=0.7908  win_f1_macro=0.7896
fold3 ep 052  tr=1.7762  val_AccPaper=0.7974  val_BalAccMaj=0.7978  win_BalAcc=0.7898  win_f1_macro=0.7894
fold3 ep 053  tr=1.7733  val_AccPaper=0.7941  val_BalAccMaj=0.7941  win_BalAcc=0.7879  win_f1_macro=0.7870
fold3 ep 054  tr=1.7725  val_AccPaper=0.7915  val_BalAccMaj=0.7919  win_BalAcc=0.7839  win_f1_macro=0.7833
fold3 ep 055  tr=1.7692  val_AccPaper=0.7937  val_BalAccMaj=0.7937  win_BalAcc=0.7838  win_f1_macro=0.7828
fold3 ep 056  tr=1.7605  val_AccPaper=0.7930  val_BalAccMaj=0.7930  win_BalAcc=0.7859  win_f1_macro=0.7844
fold3 early stop @ ep 56
fold4 ep 001  tr=2.3692  val_AccPaper=0.7307  val_BalAccMaj=0.7307  win_BalAcc=0.7303  win_f1_macro=0.7173
fold4 ep 002  tr=2.1410  val_AccPaper=0.7419  val_BalAccMaj=0.7419  win_BalAcc=0.7363  win_f1_macro=0.7322
fold4 ep 003  tr=2.0911  val_AccPaper=0.7541  val_BalAccMaj=0.7541  win_BalAcc=0.7503  win_f1_macro=0.7501
fold4 ep 004  tr=2.0519  val_AccPaper=0.7456  val_BalAccMaj=0.7456  win_BalAcc=0.7459  win_f1_macro=0.7452
fold4 ep 005  tr=2.0222  val_AccPaper=0.7496  val_BalAccMaj=0.7496  win_BalAcc=0.7451  win_f1_macro=0.7449
fold4 ep 006  tr=2.0042  val_AccPaper=0.7393  val_BalAccMaj=0.7393  win_BalAcc=0.7388  win_f1_macro=0.7370
fold4 ep 007  tr=1.9810  val_AccPaper=0.7570  val_BalAccMaj=0.7570  win_BalAcc=0.7515  win_f1_macro=0.7515
fold4 ep 008  tr=1.9789  val_AccPaper=0.7600  val_BalAccMaj=0.7600  win_BalAcc=0.7544  win_f1_macro=0.7543
fold4 ep 009  tr=1.9667  val_AccPaper=0.7607  val_BalAccMaj=0.7607  win_BalAcc=0.7532  win_f1_macro=0.7530
fold4 ep 010  tr=1.9528  val_AccPaper=0.7459  val_BalAccMaj=0.7459  win_BalAcc=0.7420  win_f1_macro=0.7408
fold4 ep 011  tr=1.9504  val_AccPaper=0.7574  val_BalAccMaj=0.7574  win_BalAcc=0.7499  win_f1_macro=0.7484
fold4 ep 012  tr=1.9390  val_AccPaper=0.7556  val_BalAccMaj=0.7556  win_BalAcc=0.7486  win_f1_macro=0.7482
fold4 ep 013  tr=1.9345  val_AccPaper=0.7570  val_BalAccMaj=0.7570  win_BalAcc=0.7504  win_f1_macro=0.7502
fold4 ep 014  tr=1.9243  val_AccPaper=0.7511  val_BalAccMaj=0.7511  win_BalAcc=0.7432  win_f1_macro=0.7411
fold4 ep 015  tr=1.9202  val_AccPaper=0.7278  val_BalAccMaj=0.7278  win_BalAcc=0.7269  win_f1_macro=0.7158
fold4 ep 016  tr=1.9161  val_AccPaper=0.7500  val_BalAccMaj=0.7500  win_BalAcc=0.7459  win_f1_macro=0.7454
fold4 ep 017  tr=1.9086  val_AccPaper=0.7563  val_BalAccMaj=0.7563  win_BalAcc=0.7480  win_f1_macro=0.7472
fold4 ep 018  tr=1.8945  val_AccPaper=0.7552  val_BalAccMaj=0.7552  win_BalAcc=0.7489  win_f1_macro=0.7472
fold4 ep 019  tr=1.8886  val_AccPaper=0.7478  val_BalAccMaj=0.7478  win_BalAcc=0.7468  win_f1_macro=0.7467
fold4 ep 020  tr=1.8815  val_AccPaper=0.7474  val_BalAccMaj=0.7474  win_BalAcc=0.7445  win_f1_macro=0.7436
fold4 ep 021  tr=1.8727  val_AccPaper=0.7444  val_BalAccMaj=0.7444  win_BalAcc=0.7395  win_f1_macro=0.7383
fold4 ep 022  tr=1.8575  val_AccPaper=0.7530  val_BalAccMaj=0.7530  win_BalAcc=0.7469  win_f1_macro=0.7465
fold4 ep 023  tr=1.8591  val_AccPaper=0.7400  val_BalAccMaj=0.7400  win_BalAcc=0.7330  win_f1_macro=0.7262
fold4 ep 024  tr=1.8562  val_AccPaper=0.7441  val_BalAccMaj=0.7441  win_BalAcc=0.7370  win_f1_macro=0.7362
fold4 ep 025  tr=1.8482  val_AccPaper=0.7448  val_BalAccMaj=0.7448  win_BalAcc=0.7404  win_f1_macro=0.7404
fold4 ep 026  tr=1.8392  val_AccPaper=0.7381  val_BalAccMaj=0.7381  win_BalAcc=0.7358  win_f1_macro=0.7331
fold4 ep 027  tr=1.8372  val_AccPaper=0.7333  val_BalAccMaj=0.7333  win_BalAcc=0.7317  win_f1_macro=0.7285
fold4 ep 028  tr=1.8270  val_AccPaper=0.7326  val_BalAccMaj=0.7326  win_BalAcc=0.7302  win_f1_macro=0.7239
fold4 ep 029  tr=1.8216  val_AccPaper=0.7385  val_BalAccMaj=0.7385  win_BalAcc=0.7320  win_f1_macro=0.7303
fold4 early stop @ ep 29
[T1_128] done val_AccPaper=0.7827 test_AccPaper=0.7906 test_BalAcc=0.7906 test_win_F1=0.7829
