start arm=B9 device=cuda n_classes=3 y_counts={0: 91800, 1: 91800, 2: 91800} pf_protocol_version=3 no_rest=False
[B9] §3.2.1 future-perturb ratio=125.733
fold0 ep 001  tr=2.1328  val_AccPaper=0.5181  val_BalAccMaj=0.5222  win_BalAcc=0.5196  win_f1_macro=0.5191
fold0 ep 002  tr=1.8387  val_AccPaper=0.5330  val_BalAccMaj=0.5367  win_BalAcc=0.5308  win_f1_macro=0.5265
fold0 ep 003  tr=1.7445  val_AccPaper=0.5456  val_BalAccMaj=0.5511  win_BalAcc=0.5426  win_f1_macro=0.5417
fold0 ep 004  tr=1.6980  val_AccPaper=0.5481  val_BalAccMaj=0.5519  win_BalAcc=0.5457  win_f1_macro=0.5435
fold0 ep 005  tr=1.6775  val_AccPaper=0.5556  val_BalAccMaj=0.5607  win_BalAcc=0.5495  win_f1_macro=0.5477
fold0 ep 006  tr=1.6539  val_AccPaper=0.5578  val_BalAccMaj=0.5633  win_BalAcc=0.5538  win_f1_macro=0.5540
fold0 ep 007  tr=1.6411  val_AccPaper=0.5574  val_BalAccMaj=0.5633  win_BalAcc=0.5518  win_f1_macro=0.5493
fold0 ep 008  tr=1.6289  val_AccPaper=0.5589  val_BalAccMaj=0.5637  win_BalAcc=0.5560  win_f1_macro=0.5536
fold0 ep 009  tr=1.6188  val_AccPaper=0.5644  val_BalAccMaj=0.5711  win_BalAcc=0.5554  win_f1_macro=0.5519
fold0 ep 010  tr=1.6095  val_AccPaper=0.5559  val_BalAccMaj=0.5622  win_BalAcc=0.5517  win_f1_macro=0.5493
fold0 ep 011  tr=1.5962  val_AccPaper=0.5670  val_BalAccMaj=0.5719  win_BalAcc=0.5613  win_f1_macro=0.5604
fold0 ep 012  tr=1.5908  val_AccPaper=0.5637  val_BalAccMaj=0.5681  win_BalAcc=0.5592  win_f1_macro=0.5591
fold0 ep 013  tr=1.5828  val_AccPaper=0.5630  val_BalAccMaj=0.5693  win_BalAcc=0.5566  win_f1_macro=0.5554
fold0 ep 014  tr=1.5799  val_AccPaper=0.5689  val_BalAccMaj=0.5744  win_BalAcc=0.5605  win_f1_macro=0.5595
fold0 ep 015  tr=1.5755  val_AccPaper=0.5593  val_BalAccMaj=0.5659  win_BalAcc=0.5586  win_f1_macro=0.5582
fold0 ep 016  tr=1.5610  val_AccPaper=0.5656  val_BalAccMaj=0.5681  win_BalAcc=0.5563  win_f1_macro=0.5550
fold0 ep 017  tr=1.5553  val_AccPaper=0.5593  val_BalAccMaj=0.5641  win_BalAcc=0.5529  win_f1_macro=0.5504
fold0 ep 018  tr=1.5543  val_AccPaper=0.5681  val_BalAccMaj=0.5744  win_BalAcc=0.5581  win_f1_macro=0.5569
fold0 ep 019  tr=1.5490  val_AccPaper=0.5667  val_BalAccMaj=0.5707  win_BalAcc=0.5592  win_f1_macro=0.5593
fold0 ep 020  tr=1.5432  val_AccPaper=0.5619  val_BalAccMaj=0.5670  win_BalAcc=0.5528  win_f1_macro=0.5520
fold0 ep 021  tr=1.5391  val_AccPaper=0.5615  val_BalAccMaj=0.5667  win_BalAcc=0.5529  win_f1_macro=0.5509
fold0 ep 022  tr=1.5329  val_AccPaper=0.5674  val_BalAccMaj=0.5696  win_BalAcc=0.5570  win_f1_macro=0.5562
fold0 ep 023  tr=1.5268  val_AccPaper=0.5563  val_BalAccMaj=0.5641  win_BalAcc=0.5451  win_f1_macro=0.5434
fold0 ep 024  tr=1.5237  val_AccPaper=0.5574  val_BalAccMaj=0.5641  win_BalAcc=0.5500  win_f1_macro=0.5483
fold0 ep 025  tr=1.5088  val_AccPaper=0.5652  val_BalAccMaj=0.5704  win_BalAcc=0.5532  win_f1_macro=0.5522
fold0 ep 026  tr=1.5134  val_AccPaper=0.5630  val_BalAccMaj=0.5685  win_BalAcc=0.5586  win_f1_macro=0.5575
fold0 ep 027  tr=1.5128  val_AccPaper=0.5559  val_BalAccMaj=0.5633  win_BalAcc=0.5505  win_f1_macro=0.5489
fold0 ep 028  tr=1.5035  val_AccPaper=0.5663  val_BalAccMaj=0.5730  win_BalAcc=0.5563  win_f1_macro=0.5559
fold0 ep 029  tr=1.4991  val_AccPaper=0.5515  val_BalAccMaj=0.5581  win_BalAcc=0.5500  win_f1_macro=0.5476
fold0 ep 030  tr=1.4997  val_AccPaper=0.5537  val_BalAccMaj=0.5585  win_BalAcc=0.5475  win_f1_macro=0.5460
fold0 ep 031  tr=1.4951  val_AccPaper=0.5596  val_BalAccMaj=0.5656  win_BalAcc=0.5564  win_f1_macro=0.5561
fold0 ep 032  tr=1.4916  val_AccPaper=0.5426  val_BalAccMaj=0.5493  win_BalAcc=0.5435  win_f1_macro=0.5416
fold0 ep 033  tr=1.4868  val_AccPaper=0.5522  val_BalAccMaj=0.5570  win_BalAcc=0.5484  win_f1_macro=0.5457
fold0 ep 034  tr=1.4857  val_AccPaper=0.5437  val_BalAccMaj=0.5500  win_BalAcc=0.5419  win_f1_macro=0.5395
fold0 early stop @ ep 34
fold1 ep 001  tr=2.1602  val_AccPaper=0.5478  val_BalAccMaj=0.5519  win_BalAcc=0.5461  win_f1_macro=0.5298
fold1 ep 002  tr=1.8908  val_AccPaper=0.5600  val_BalAccMaj=0.5637  win_BalAcc=0.5583  win_f1_macro=0.5528
fold1 ep 003  tr=1.8090  val_AccPaper=0.5789  val_BalAccMaj=0.5841  win_BalAcc=0.5754  win_f1_macro=0.5730
fold1 ep 004  tr=1.7693  val_AccPaper=0.5763  val_BalAccMaj=0.5833  win_BalAcc=0.5715  win_f1_macro=0.5675
fold1 ep 005  tr=1.7452  val_AccPaper=0.5774  val_BalAccMaj=0.5841  win_BalAcc=0.5741  win_f1_macro=0.5727
fold1 ep 006  tr=1.7299  val_AccPaper=0.5722  val_BalAccMaj=0.5785  win_BalAcc=0.5697  win_f1_macro=0.5642
fold1 ep 007  tr=1.7135  val_AccPaper=0.5819  val_BalAccMaj=0.5874  win_BalAcc=0.5753  win_f1_macro=0.5730
fold1 ep 008  tr=1.7041  val_AccPaper=0.5748  val_BalAccMaj=0.5793  win_BalAcc=0.5706  win_f1_macro=0.5661
fold1 ep 009  tr=1.6865  val_AccPaper=0.5811  val_BalAccMaj=0.5863  win_BalAcc=0.5734  win_f1_macro=0.5708
fold1 ep 010  tr=1.6850  val_AccPaper=0.5752  val_BalAccMaj=0.5811  win_BalAcc=0.5730  win_f1_macro=0.5706
fold1 ep 011  tr=1.6689  val_AccPaper=0.5848  val_BalAccMaj=0.5904  win_BalAcc=0.5815  win_f1_macro=0.5764
fold1 ep 012  tr=1.6667  val_AccPaper=0.5859  val_BalAccMaj=0.5926  win_BalAcc=0.5796  win_f1_macro=0.5794
fold1 ep 013  tr=1.6616  val_AccPaper=0.5956  val_BalAccMaj=0.6026  win_BalAcc=0.5892  win_f1_macro=0.5896
fold1 ep 014  tr=1.6604  val_AccPaper=0.5815  val_BalAccMaj=0.5881  win_BalAcc=0.5782  win_f1_macro=0.5742
fold1 ep 015  tr=1.6465  val_AccPaper=0.5826  val_BalAccMaj=0.5904  win_BalAcc=0.5810  win_f1_macro=0.5774
fold1 ep 016  tr=1.6405  val_AccPaper=0.5804  val_BalAccMaj=0.5863  win_BalAcc=0.5771  win_f1_macro=0.5765
fold1 ep 017  tr=1.6358  val_AccPaper=0.5900  val_BalAccMaj=0.5974  win_BalAcc=0.5853  win_f1_macro=0.5846
fold1 ep 018  tr=1.6344  val_AccPaper=0.5848  val_BalAccMaj=0.5915  win_BalAcc=0.5807  win_f1_macro=0.5798
fold1 ep 019  tr=1.6249  val_AccPaper=0.5811  val_BalAccMaj=0.5881  win_BalAcc=0.5765  win_f1_macro=0.5722
fold1 ep 020  tr=1.6257  val_AccPaper=0.5822  val_BalAccMaj=0.5911  win_BalAcc=0.5737  win_f1_macro=0.5690
fold1 ep 021  tr=1.6191  val_AccPaper=0.5819  val_BalAccMaj=0.5885  win_BalAcc=0.5772  win_f1_macro=0.5734
fold1 ep 022  tr=1.6128  val_AccPaper=0.5893  val_BalAccMaj=0.5959  win_BalAcc=0.5825  win_f1_macro=0.5795
fold1 ep 023  tr=1.6045  val_AccPaper=0.5841  val_BalAccMaj=0.5889  win_BalAcc=0.5810  win_f1_macro=0.5764
fold1 ep 024  tr=1.6072  val_AccPaper=0.5800  val_BalAccMaj=0.5881  win_BalAcc=0.5766  win_f1_macro=0.5746
fold1 ep 025  tr=1.5997  val_AccPaper=0.5863  val_BalAccMaj=0.5915  win_BalAcc=0.5817  win_f1_macro=0.5784
fold1 ep 026  tr=1.5990  val_AccPaper=0.5767  val_BalAccMaj=0.5874  win_BalAcc=0.5777  win_f1_macro=0.5723
fold1 ep 027  tr=1.5917  val_AccPaper=0.5841  val_BalAccMaj=0.5904  win_BalAcc=0.5793  win_f1_macro=0.5783
fold1 ep 028  tr=1.5888  val_AccPaper=0.5815  val_BalAccMaj=0.5889  win_BalAcc=0.5767  win_f1_macro=0.5744
fold1 ep 029  tr=1.5789  val_AccPaper=0.5870  val_BalAccMaj=0.5944  win_BalAcc=0.5846  win_f1_macro=0.5823
fold1 ep 030  tr=1.5780  val_AccPaper=0.5715  val_BalAccMaj=0.5796  win_BalAcc=0.5747  win_f1_macro=0.5698
fold1 ep 031  tr=1.5725  val_AccPaper=0.5822  val_BalAccMaj=0.5919  win_BalAcc=0.5787  win_f1_macro=0.5743
fold1 ep 032  tr=1.5727  val_AccPaper=0.5878  val_BalAccMaj=0.5948  win_BalAcc=0.5853  win_f1_macro=0.5824
fold1 ep 033  tr=1.5727  val_AccPaper=0.5867  val_BalAccMaj=0.5926  win_BalAcc=0.5841  win_f1_macro=0.5798
fold1 early stop @ ep 33
fold2 ep 001  tr=2.1061  val_AccPaper=0.5219  val_BalAccMaj=0.5300  win_BalAcc=0.5237  win_f1_macro=0.5229
fold2 ep 002  tr=1.8065  val_AccPaper=0.5407  val_BalAccMaj=0.5467  win_BalAcc=0.5354  win_f1_macro=0.5321
fold2 ep 003  tr=1.7280  val_AccPaper=0.5385  val_BalAccMaj=0.5433  win_BalAcc=0.5312  win_f1_macro=0.5263
fold2 ep 004  tr=1.6908  val_AccPaper=0.5337  val_BalAccMaj=0.5363  win_BalAcc=0.5302  win_f1_macro=0.5270
fold2 ep 005  tr=1.6653  val_AccPaper=0.5359  val_BalAccMaj=0.5407  win_BalAcc=0.5336  win_f1_macro=0.5296
fold2 ep 006  tr=1.6509  val_AccPaper=0.5374  val_BalAccMaj=0.5430  win_BalAcc=0.5342  win_f1_macro=0.5319
fold2 ep 007  tr=1.6333  val_AccPaper=0.5348  val_BalAccMaj=0.5381  win_BalAcc=0.5326  win_f1_macro=0.5292
fold2 ep 008  tr=1.6198  val_AccPaper=0.5319  val_BalAccMaj=0.5374  win_BalAcc=0.5328  win_f1_macro=0.5295
fold2 ep 009  tr=1.6083  val_AccPaper=0.5319  val_BalAccMaj=0.5381  win_BalAcc=0.5301  win_f1_macro=0.5257
fold2 ep 010  tr=1.6028  val_AccPaper=0.5367  val_BalAccMaj=0.5441  win_BalAcc=0.5367  win_f1_macro=0.5342
fold2 ep 011  tr=1.5877  val_AccPaper=0.5407  val_BalAccMaj=0.5470  win_BalAcc=0.5390  win_f1_macro=0.5380
fold2 ep 012  tr=1.5808  val_AccPaper=0.5419  val_BalAccMaj=0.5470  win_BalAcc=0.5364  win_f1_macro=0.5328
fold2 ep 013  tr=1.5713  val_AccPaper=0.5400  val_BalAccMaj=0.5481  win_BalAcc=0.5388  win_f1_macro=0.5358
fold2 ep 014  tr=1.5733  val_AccPaper=0.5419  val_BalAccMaj=0.5467  win_BalAcc=0.5354  win_f1_macro=0.5327
fold2 ep 015  tr=1.5571  val_AccPaper=0.5367  val_BalAccMaj=0.5415  win_BalAcc=0.5332  win_f1_macro=0.5295
fold2 ep 016  tr=1.5558  val_AccPaper=0.5370  val_BalAccMaj=0.5437  win_BalAcc=0.5345  win_f1_macro=0.5322
fold2 ep 017  tr=1.5480  val_AccPaper=0.5370  val_BalAccMaj=0.5430  win_BalAcc=0.5326  win_f1_macro=0.5293
fold2 ep 018  tr=1.5459  val_AccPaper=0.5374  val_BalAccMaj=0.5452  win_BalAcc=0.5347  win_f1_macro=0.5332
fold2 ep 019  tr=1.5372  val_AccPaper=0.5337  val_BalAccMaj=0.5385  win_BalAcc=0.5338  win_f1_macro=0.5322
fold2 ep 020  tr=1.5344  val_AccPaper=0.5304  val_BalAccMaj=0.5370  win_BalAcc=0.5309  win_f1_macro=0.5273
fold2 ep 021  tr=1.5244  val_AccPaper=0.5300  val_BalAccMaj=0.5370  win_BalAcc=0.5277  win_f1_macro=0.5243
fold2 ep 022  tr=1.5213  val_AccPaper=0.5393  val_BalAccMaj=0.5437  win_BalAcc=0.5357  win_f1_macro=0.5331
fold2 ep 023  tr=1.5143  val_AccPaper=0.5400  val_BalAccMaj=0.5452  win_BalAcc=0.5368  win_f1_macro=0.5354
fold2 ep 024  tr=1.5150  val_AccPaper=0.5363  val_BalAccMaj=0.5426  win_BalAcc=0.5299  win_f1_macro=0.5264
fold2 ep 025  tr=1.5087  val_AccPaper=0.5359  val_BalAccMaj=0.5415  win_BalAcc=0.5324  win_f1_macro=0.5303
fold2 ep 026  tr=1.5023  val_AccPaper=0.5341  val_BalAccMaj=0.5411  win_BalAcc=0.5317  win_f1_macro=0.5289
fold2 ep 027  tr=1.5053  val_AccPaper=0.5348  val_BalAccMaj=0.5396  win_BalAcc=0.5333  win_f1_macro=0.5321
fold2 ep 028  tr=1.4971  val_AccPaper=0.5211  val_BalAccMaj=0.5270  win_BalAcc=0.5246  win_f1_macro=0.5225
fold2 ep 029  tr=1.4960  val_AccPaper=0.5359  val_BalAccMaj=0.5404  win_BalAcc=0.5297  win_f1_macro=0.5266
fold2 ep 030  tr=1.4908  val_AccPaper=0.5341  val_BalAccMaj=0.5393  win_BalAcc=0.5309  win_f1_macro=0.5289
fold2 ep 031  tr=1.4859  val_AccPaper=0.5396  val_BalAccMaj=0.5437  win_BalAcc=0.5317  win_f1_macro=0.5293
fold2 ep 032  tr=1.4820  val_AccPaper=0.5367  val_BalAccMaj=0.5407  win_BalAcc=0.5293  win_f1_macro=0.5264
fold2 early stop @ ep 32
fold3 ep 001  tr=2.1686  val_AccPaper=0.5652  val_BalAccMaj=0.5726  win_BalAcc=0.5591  win_f1_macro=0.5594
fold3 ep 002  tr=1.9035  val_AccPaper=0.5870  val_BalAccMaj=0.5933  win_BalAcc=0.5776  win_f1_macro=0.5770
fold3 ep 003  tr=1.8198  val_AccPaper=0.5759  val_BalAccMaj=0.5848  win_BalAcc=0.5763  win_f1_macro=0.5742
fold3 ep 004  tr=1.7770  val_AccPaper=0.5885  val_BalAccMaj=0.5963  win_BalAcc=0.5890  win_f1_macro=0.5879
fold3 ep 005  tr=1.7490  val_AccPaper=0.5900  val_BalAccMaj=0.5967  win_BalAcc=0.5855  win_f1_macro=0.5838
fold3 ep 006  tr=1.7386  val_AccPaper=0.5889  val_BalAccMaj=0.5952  win_BalAcc=0.5873  win_f1_macro=0.5852
fold3 ep 007  tr=1.7220  val_AccPaper=0.5959  val_BalAccMaj=0.6026  win_BalAcc=0.5920  win_f1_macro=0.5913
fold3 ep 008  tr=1.7138  val_AccPaper=0.5870  val_BalAccMaj=0.5948  win_BalAcc=0.5868  win_f1_macro=0.5849
fold3 ep 009  tr=1.7000  val_AccPaper=0.5974  val_BalAccMaj=0.6007  win_BalAcc=0.5910  win_f1_macro=0.5895
fold3 ep 010  tr=1.6940  val_AccPaper=0.5926  val_BalAccMaj=0.5989  win_BalAcc=0.5881  win_f1_macro=0.5875
fold3 ep 011  tr=1.6779  val_AccPaper=0.5911  val_BalAccMaj=0.5974  win_BalAcc=0.5858  win_f1_macro=0.5838
fold3 ep 012  tr=1.6735  val_AccPaper=0.5907  val_BalAccMaj=0.5981  win_BalAcc=0.5853  win_f1_macro=0.5838
fold3 ep 013  tr=1.6636  val_AccPaper=0.6056  val_BalAccMaj=0.6133  win_BalAcc=0.5977  win_f1_macro=0.5972
fold3 ep 014  tr=1.6552  val_AccPaper=0.5885  val_BalAccMaj=0.5956  win_BalAcc=0.5770  win_f1_macro=0.5752
fold3 ep 015  tr=1.6499  val_AccPaper=0.5885  val_BalAccMaj=0.5937  win_BalAcc=0.5825  win_f1_macro=0.5798
fold3 ep 016  tr=1.6465  val_AccPaper=0.5852  val_BalAccMaj=0.5952  win_BalAcc=0.5825  win_f1_macro=0.5807
fold3 ep 017  tr=1.6388  val_AccPaper=0.5989  val_BalAccMaj=0.6059  win_BalAcc=0.5881  win_f1_macro=0.5878
fold3 ep 018  tr=1.6323  val_AccPaper=0.6007  val_BalAccMaj=0.6063  win_BalAcc=0.5893  win_f1_macro=0.5886
fold3 ep 019  tr=1.6267  val_AccPaper=0.5959  val_BalAccMaj=0.6007  win_BalAcc=0.5885  win_f1_macro=0.5873
fold3 ep 020  tr=1.6216  val_AccPaper=0.5993  val_BalAccMaj=0.6059  win_BalAcc=0.5923  win_f1_macro=0.5912
fold3 ep 021  tr=1.6118  val_AccPaper=0.5941  val_BalAccMaj=0.6007  win_BalAcc=0.5892  win_f1_macro=0.5883
fold3 ep 022  tr=1.6096  val_AccPaper=0.5996  val_BalAccMaj=0.6052  win_BalAcc=0.5893  win_f1_macro=0.5884
fold3 ep 023  tr=1.6045  val_AccPaper=0.6019  val_BalAccMaj=0.6078  win_BalAcc=0.5916  win_f1_macro=0.5909
fold3 ep 024  tr=1.5981  val_AccPaper=0.6007  val_BalAccMaj=0.6063  win_BalAcc=0.5902  win_f1_macro=0.5888
fold3 ep 025  tr=1.5952  val_AccPaper=0.6000  val_BalAccMaj=0.6056  win_BalAcc=0.5910  win_f1_macro=0.5886
fold3 ep 026  tr=1.5899  val_AccPaper=0.6056  val_BalAccMaj=0.6115  win_BalAcc=0.5941  win_f1_macro=0.5916
fold3 ep 027  tr=1.5860  val_AccPaper=0.6056  val_BalAccMaj=0.6107  win_BalAcc=0.5976  win_f1_macro=0.5961
fold3 ep 028  tr=1.5791  val_AccPaper=0.6089  val_BalAccMaj=0.6141  win_BalAcc=0.5968  win_f1_macro=0.5948
fold3 ep 029  tr=1.5778  val_AccPaper=0.6000  val_BalAccMaj=0.6041  win_BalAcc=0.5914  win_f1_macro=0.5888
fold3 ep 030  tr=1.5739  val_AccPaper=0.6122  val_BalAccMaj=0.6170  win_BalAcc=0.6009  win_f1_macro=0.5999
fold3 ep 031  tr=1.5661  val_AccPaper=0.6070  val_BalAccMaj=0.6152  win_BalAcc=0.5996  win_f1_macro=0.5991
fold3 ep 032  tr=1.5676  val_AccPaper=0.5996  val_BalAccMaj=0.6041  win_BalAcc=0.5932  win_f1_macro=0.5907
fold3 ep 033  tr=1.5617  val_AccPaper=0.6041  val_BalAccMaj=0.6078  win_BalAcc=0.5940  win_f1_macro=0.5915
fold3 ep 034  tr=1.5574  val_AccPaper=0.6074  val_BalAccMaj=0.6126  win_BalAcc=0.5969  win_f1_macro=0.5950
fold3 ep 035  tr=1.5548  val_AccPaper=0.6081  val_BalAccMaj=0.6137  win_BalAcc=0.5973  win_f1_macro=0.5967
fold3 ep 036  tr=1.5528  val_AccPaper=0.6037  val_BalAccMaj=0.6100  win_BalAcc=0.5944  win_f1_macro=0.5931
fold3 ep 037  tr=1.5461  val_AccPaper=0.6119  val_BalAccMaj=0.6163  win_BalAcc=0.5994  win_f1_macro=0.5981
fold3 ep 038  tr=1.5472  val_AccPaper=0.6022  val_BalAccMaj=0.6056  win_BalAcc=0.5908  win_f1_macro=0.5868
fold3 ep 039  tr=1.5388  val_AccPaper=0.6096  val_BalAccMaj=0.6152  win_BalAcc=0.5967  win_f1_macro=0.5956
fold3 ep 040  tr=1.5369  val_AccPaper=0.6041  val_BalAccMaj=0.6070  win_BalAcc=0.5972  win_f1_macro=0.5947
fold3 ep 041  tr=1.5355  val_AccPaper=0.6022  val_BalAccMaj=0.6093  win_BalAcc=0.5945  win_f1_macro=0.5936
fold3 ep 042  tr=1.5303  val_AccPaper=0.6026  val_BalAccMaj=0.6081  win_BalAcc=0.5929  win_f1_macro=0.5914
fold3 ep 043  tr=1.5245  val_AccPaper=0.6089  val_BalAccMaj=0.6137  win_BalAcc=0.6002  win_f1_macro=0.5988
fold3 ep 044  tr=1.5172  val_AccPaper=0.6081  val_BalAccMaj=0.6126  win_BalAcc=0.5973  win_f1_macro=0.5958
fold3 ep 045  tr=1.5226  val_AccPaper=0.6070  val_BalAccMaj=0.6111  win_BalAcc=0.6020  win_f1_macro=0.6004
fold3 ep 046  tr=1.5232  val_AccPaper=0.6093  val_BalAccMaj=0.6148  win_BalAcc=0.6032  win_f1_macro=0.6017
fold3 ep 047  tr=1.5201  val_AccPaper=0.6011  val_BalAccMaj=0.6056  win_BalAcc=0.5956  win_f1_macro=0.5944
fold3 ep 048  tr=1.5117  val_AccPaper=0.6067  val_BalAccMaj=0.6122  win_BalAcc=0.5991  win_f1_macro=0.5970
fold3 ep 049  tr=1.5064  val_AccPaper=0.6063  val_BalAccMaj=0.6078  win_BalAcc=0.5980  win_f1_macro=0.5963
fold3 ep 050  tr=1.5121  val_AccPaper=0.6000  val_BalAccMaj=0.6044  win_BalAcc=0.5936  win_f1_macro=0.5906
fold3 early stop @ ep 50
fold4 ep 001  tr=2.1113  val_AccPaper=0.5015  val_BalAccMaj=0.5059  win_BalAcc=0.5063  win_f1_macro=0.5032
fold4 ep 002  tr=1.7993  val_AccPaper=0.4967  val_BalAccMaj=0.5022  win_BalAcc=0.5004  win_f1_macro=0.4986
fold4 ep 003  tr=1.7182  val_AccPaper=0.5115  val_BalAccMaj=0.5170  win_BalAcc=0.5114  win_f1_macro=0.5095
fold4 ep 004  tr=1.6824  val_AccPaper=0.5126  val_BalAccMaj=0.5178  win_BalAcc=0.5159  win_f1_macro=0.5158
fold4 ep 005  tr=1.6609  val_AccPaper=0.5107  val_BalAccMaj=0.5144  win_BalAcc=0.5118  win_f1_macro=0.5092
fold4 ep 006  tr=1.6489  val_AccPaper=0.5178  val_BalAccMaj=0.5248  win_BalAcc=0.5236  win_f1_macro=0.5226
fold4 ep 007  tr=1.6267  val_AccPaper=0.5037  val_BalAccMaj=0.5107  win_BalAcc=0.5095  win_f1_macro=0.5086
fold4 ep 008  tr=1.6146  val_AccPaper=0.5185  val_BalAccMaj=0.5256  win_BalAcc=0.5185  win_f1_macro=0.5176
fold4 ep 009  tr=1.6076  val_AccPaper=0.5070  val_BalAccMaj=0.5141  win_BalAcc=0.5144  win_f1_macro=0.5130
fold4 ep 010  tr=1.5945  val_AccPaper=0.5007  val_BalAccMaj=0.5100  win_BalAcc=0.5079  win_f1_macro=0.5059
fold4 ep 011  tr=1.5884  val_AccPaper=0.5085  val_BalAccMaj=0.5163  win_BalAcc=0.5135  win_f1_macro=0.5124
fold4 ep 012  tr=1.5863  val_AccPaper=0.5152  val_BalAccMaj=0.5226  win_BalAcc=0.5130  win_f1_macro=0.5123
fold4 ep 013  tr=1.5790  val_AccPaper=0.5041  val_BalAccMaj=0.5137  win_BalAcc=0.5102  win_f1_macro=0.5095
fold4 ep 014  tr=1.5714  val_AccPaper=0.5011  val_BalAccMaj=0.5078  win_BalAcc=0.5033  win_f1_macro=0.5012
fold4 ep 015  tr=1.5689  val_AccPaper=0.5074  val_BalAccMaj=0.5156  win_BalAcc=0.5125  win_f1_macro=0.5066
fold4 ep 016  tr=1.5644  val_AccPaper=0.5011  val_BalAccMaj=0.5093  win_BalAcc=0.5068  win_f1_macro=0.5026
fold4 ep 017  tr=1.5559  val_AccPaper=0.5081  val_BalAccMaj=0.5133  win_BalAcc=0.5101  win_f1_macro=0.5077
fold4 ep 018  tr=1.5544  val_AccPaper=0.5063  val_BalAccMaj=0.5126  win_BalAcc=0.5057  win_f1_macro=0.5024
fold4 ep 019  tr=1.5505  val_AccPaper=0.5119  val_BalAccMaj=0.5178  win_BalAcc=0.5139  win_f1_macro=0.5122
fold4 ep 020  tr=1.5419  val_AccPaper=0.5063  val_BalAccMaj=0.5144  win_BalAcc=0.5083  win_f1_macro=0.5009
fold4 ep 021  tr=1.5370  val_AccPaper=0.5130  val_BalAccMaj=0.5170  win_BalAcc=0.5117  win_f1_macro=0.5093
fold4 ep 022  tr=1.5352  val_AccPaper=0.5078  val_BalAccMaj=0.5141  win_BalAcc=0.5153  win_f1_macro=0.5143
fold4 ep 023  tr=1.5291  val_AccPaper=0.5067  val_BalAccMaj=0.5107  win_BalAcc=0.5106  win_f1_macro=0.5093
fold4 ep 024  tr=1.5334  val_AccPaper=0.5048  val_BalAccMaj=0.5122  win_BalAcc=0.5059  win_f1_macro=0.5010
fold4 ep 025  tr=1.5180  val_AccPaper=0.5107  val_BalAccMaj=0.5152  win_BalAcc=0.5137  win_f1_macro=0.5102
fold4 ep 026  tr=1.5177  val_AccPaper=0.5037  val_BalAccMaj=0.5130  win_BalAcc=0.5057  win_f1_macro=0.5010
fold4 ep 027  tr=1.5122  val_AccPaper=0.5107  val_BalAccMaj=0.5156  win_BalAcc=0.5131  win_f1_macro=0.5075
fold4 ep 028  tr=1.5091  val_AccPaper=0.5081  val_BalAccMaj=0.5159  win_BalAcc=0.5110  win_f1_macro=0.5069
fold4 early stop @ ep 28
[B9] done val_AccPaper=0.5674 test_AccPaper=0.5788 test_BalAcc=0.5851 test_win_F1=0.5712
