start arm=B8 device=cuda n_classes=3 y_counts={0: 91800, 1: 91800, 2: 91800} pf_protocol_version=3 no_rest=False
[B8] §3.2.1 future-perturb ratio=133.535
fold0 ep 001  tr=2.0784  val_AccPaper=0.5207  val_BalAccMaj=0.5230  win_BalAcc=0.5205  win_f1_macro=0.5160
fold0 ep 002  tr=1.8111  val_AccPaper=0.5385  val_BalAccMaj=0.5437  win_BalAcc=0.5330  win_f1_macro=0.5323
fold0 ep 003  tr=1.7346  val_AccPaper=0.5515  val_BalAccMaj=0.5537  win_BalAcc=0.5447  win_f1_macro=0.5435
fold0 ep 004  tr=1.6971  val_AccPaper=0.5567  val_BalAccMaj=0.5615  win_BalAcc=0.5481  win_f1_macro=0.5481
fold0 ep 005  tr=1.6772  val_AccPaper=0.5552  val_BalAccMaj=0.5604  win_BalAcc=0.5508  win_f1_macro=0.5513
fold0 ep 006  tr=1.6558  val_AccPaper=0.5559  val_BalAccMaj=0.5607  win_BalAcc=0.5508  win_f1_macro=0.5507
fold0 ep 007  tr=1.6401  val_AccPaper=0.5633  val_BalAccMaj=0.5663  win_BalAcc=0.5542  win_f1_macro=0.5547
fold0 ep 008  tr=1.6330  val_AccPaper=0.5574  val_BalAccMaj=0.5622  win_BalAcc=0.5518  win_f1_macro=0.5519
fold0 ep 009  tr=1.6225  val_AccPaper=0.5648  val_BalAccMaj=0.5711  win_BalAcc=0.5575  win_f1_macro=0.5573
fold0 ep 010  tr=1.6092  val_AccPaper=0.5596  val_BalAccMaj=0.5644  win_BalAcc=0.5560  win_f1_macro=0.5564
fold0 ep 011  tr=1.6087  val_AccPaper=0.5659  val_BalAccMaj=0.5722  win_BalAcc=0.5594  win_f1_macro=0.5590
fold0 ep 012  tr=1.6004  val_AccPaper=0.5611  val_BalAccMaj=0.5648  win_BalAcc=0.5586  win_f1_macro=0.5589
fold0 ep 013  tr=1.5860  val_AccPaper=0.5600  val_BalAccMaj=0.5644  win_BalAcc=0.5536  win_f1_macro=0.5530
fold0 ep 014  tr=1.5851  val_AccPaper=0.5681  val_BalAccMaj=0.5722  win_BalAcc=0.5561  win_f1_macro=0.5554
fold0 ep 015  tr=1.5800  val_AccPaper=0.5667  val_BalAccMaj=0.5719  win_BalAcc=0.5604  win_f1_macro=0.5613
fold0 ep 016  tr=1.5758  val_AccPaper=0.5685  val_BalAccMaj=0.5737  win_BalAcc=0.5589  win_f1_macro=0.5599
fold0 ep 017  tr=1.5652  val_AccPaper=0.5644  val_BalAccMaj=0.5700  win_BalAcc=0.5586  win_f1_macro=0.5583
fold0 ep 018  tr=1.5626  val_AccPaper=0.5707  val_BalAccMaj=0.5744  win_BalAcc=0.5596  win_f1_macro=0.5599
fold0 ep 019  tr=1.5623  val_AccPaper=0.5744  val_BalAccMaj=0.5785  win_BalAcc=0.5608  win_f1_macro=0.5604
fold0 ep 020  tr=1.5510  val_AccPaper=0.5681  val_BalAccMaj=0.5737  win_BalAcc=0.5558  win_f1_macro=0.5562
fold0 ep 021  tr=1.5487  val_AccPaper=0.5730  val_BalAccMaj=0.5781  win_BalAcc=0.5620  win_f1_macro=0.5624
fold0 ep 022  tr=1.5501  val_AccPaper=0.5689  val_BalAccMaj=0.5737  win_BalAcc=0.5595  win_f1_macro=0.5594
fold0 ep 023  tr=1.5410  val_AccPaper=0.5637  val_BalAccMaj=0.5685  win_BalAcc=0.5552  win_f1_macro=0.5547
fold0 ep 024  tr=1.5380  val_AccPaper=0.5637  val_BalAccMaj=0.5678  win_BalAcc=0.5524  win_f1_macro=0.5507
fold0 ep 025  tr=1.5368  val_AccPaper=0.5633  val_BalAccMaj=0.5685  win_BalAcc=0.5533  win_f1_macro=0.5516
fold0 ep 026  tr=1.5275  val_AccPaper=0.5648  val_BalAccMaj=0.5715  win_BalAcc=0.5559  win_f1_macro=0.5547
fold0 ep 027  tr=1.5226  val_AccPaper=0.5644  val_BalAccMaj=0.5700  win_BalAcc=0.5555  win_f1_macro=0.5556
fold0 ep 028  tr=1.5250  val_AccPaper=0.5622  val_BalAccMaj=0.5689  win_BalAcc=0.5547  win_f1_macro=0.5545
fold0 ep 029  tr=1.5181  val_AccPaper=0.5633  val_BalAccMaj=0.5696  win_BalAcc=0.5541  win_f1_macro=0.5533
fold0 ep 030  tr=1.5059  val_AccPaper=0.5641  val_BalAccMaj=0.5707  win_BalAcc=0.5573  win_f1_macro=0.5564
fold0 ep 031  tr=1.5059  val_AccPaper=0.5700  val_BalAccMaj=0.5730  win_BalAcc=0.5591  win_f1_macro=0.5579
fold0 ep 032  tr=1.5024  val_AccPaper=0.5622  val_BalAccMaj=0.5667  win_BalAcc=0.5546  win_f1_macro=0.5538
fold0 ep 033  tr=1.4956  val_AccPaper=0.5500  val_BalAccMaj=0.5563  win_BalAcc=0.5467  win_f1_macro=0.5433
fold0 ep 034  tr=1.4926  val_AccPaper=0.5641  val_BalAccMaj=0.5696  win_BalAcc=0.5556  win_f1_macro=0.5549
fold0 ep 035  tr=1.4893  val_AccPaper=0.5633  val_BalAccMaj=0.5693  win_BalAcc=0.5574  win_f1_macro=0.5555
fold0 ep 036  tr=1.4839  val_AccPaper=0.5548  val_BalAccMaj=0.5615  win_BalAcc=0.5495  win_f1_macro=0.5469
fold0 ep 037  tr=1.4769  val_AccPaper=0.5511  val_BalAccMaj=0.5556  win_BalAcc=0.5495  win_f1_macro=0.5461
fold0 ep 038  tr=1.4784  val_AccPaper=0.5570  val_BalAccMaj=0.5600  win_BalAcc=0.5482  win_f1_macro=0.5463
fold0 ep 039  tr=1.4732  val_AccPaper=0.5400  val_BalAccMaj=0.5433  win_BalAcc=0.5422  win_f1_macro=0.5386
fold0 early stop @ ep 39
fold1 ep 001  tr=2.1254  val_AccPaper=0.5452  val_BalAccMaj=0.5493  win_BalAcc=0.5426  win_f1_macro=0.5354
fold1 ep 002  tr=1.8925  val_AccPaper=0.5400  val_BalAccMaj=0.5441  win_BalAcc=0.5422  win_f1_macro=0.5346
fold1 ep 003  tr=1.8183  val_AccPaper=0.5544  val_BalAccMaj=0.5593  win_BalAcc=0.5473  win_f1_macro=0.5401
fold1 ep 004  tr=1.7792  val_AccPaper=0.5663  val_BalAccMaj=0.5700  win_BalAcc=0.5583  win_f1_macro=0.5547
fold1 ep 005  tr=1.7532  val_AccPaper=0.5641  val_BalAccMaj=0.5726  win_BalAcc=0.5589  win_f1_macro=0.5561
fold1 ep 006  tr=1.7377  val_AccPaper=0.5585  val_BalAccMaj=0.5656  win_BalAcc=0.5588  win_f1_macro=0.5552
fold1 ep 007  tr=1.7237  val_AccPaper=0.5563  val_BalAccMaj=0.5615  win_BalAcc=0.5546  win_f1_macro=0.5495
fold1 ep 008  tr=1.7166  val_AccPaper=0.5630  val_BalAccMaj=0.5733  win_BalAcc=0.5605  win_f1_macro=0.5555
fold1 ep 009  tr=1.7042  val_AccPaper=0.5600  val_BalAccMaj=0.5715  win_BalAcc=0.5602  win_f1_macro=0.5558
fold1 ep 010  tr=1.6976  val_AccPaper=0.5756  val_BalAccMaj=0.5819  win_BalAcc=0.5694  win_f1_macro=0.5658
fold1 ep 011  tr=1.6864  val_AccPaper=0.5696  val_BalAccMaj=0.5781  win_BalAcc=0.5683  win_f1_macro=0.5663
fold1 ep 012  tr=1.6838  val_AccPaper=0.5833  val_BalAccMaj=0.5893  win_BalAcc=0.5744  win_f1_macro=0.5733
fold1 ep 013  tr=1.6757  val_AccPaper=0.5667  val_BalAccMaj=0.5756  win_BalAcc=0.5611  win_f1_macro=0.5585
fold1 ep 014  tr=1.6689  val_AccPaper=0.5689  val_BalAccMaj=0.5778  win_BalAcc=0.5638  win_f1_macro=0.5612
fold1 ep 015  tr=1.6619  val_AccPaper=0.5641  val_BalAccMaj=0.5700  win_BalAcc=0.5593  win_f1_macro=0.5563
fold1 ep 016  tr=1.6566  val_AccPaper=0.5852  val_BalAccMaj=0.5933  win_BalAcc=0.5778  win_f1_macro=0.5771
fold1 ep 017  tr=1.6534  val_AccPaper=0.5870  val_BalAccMaj=0.5952  win_BalAcc=0.5784  win_f1_macro=0.5787
fold1 ep 018  tr=1.6469  val_AccPaper=0.5859  val_BalAccMaj=0.5959  win_BalAcc=0.5761  win_f1_macro=0.5751
fold1 ep 019  tr=1.6292  val_AccPaper=0.5752  val_BalAccMaj=0.5822  win_BalAcc=0.5703  win_f1_macro=0.5665
fold1 ep 020  tr=1.6396  val_AccPaper=0.5852  val_BalAccMaj=0.5933  win_BalAcc=0.5773  win_f1_macro=0.5757
fold1 ep 021  tr=1.6226  val_AccPaper=0.5844  val_BalAccMaj=0.5919  win_BalAcc=0.5774  win_f1_macro=0.5750
fold1 ep 022  tr=1.6245  val_AccPaper=0.5763  val_BalAccMaj=0.5852  win_BalAcc=0.5728  win_f1_macro=0.5724
fold1 ep 023  tr=1.6212  val_AccPaper=0.5804  val_BalAccMaj=0.5874  win_BalAcc=0.5752  win_f1_macro=0.5751
fold1 ep 024  tr=1.6183  val_AccPaper=0.5822  val_BalAccMaj=0.5896  win_BalAcc=0.5757  win_f1_macro=0.5750
fold1 ep 025  tr=1.6119  val_AccPaper=0.5793  val_BalAccMaj=0.5885  win_BalAcc=0.5740  win_f1_macro=0.5737
fold1 ep 026  tr=1.6089  val_AccPaper=0.5833  val_BalAccMaj=0.5904  win_BalAcc=0.5722  win_f1_macro=0.5707
fold1 ep 027  tr=1.6021  val_AccPaper=0.5874  val_BalAccMaj=0.5937  win_BalAcc=0.5766  win_f1_macro=0.5769
fold1 ep 028  tr=1.6002  val_AccPaper=0.5811  val_BalAccMaj=0.5863  win_BalAcc=0.5748  win_f1_macro=0.5748
fold1 ep 029  tr=1.5975  val_AccPaper=0.5867  val_BalAccMaj=0.5922  win_BalAcc=0.5784  win_f1_macro=0.5770
fold1 ep 030  tr=1.5926  val_AccPaper=0.5737  val_BalAccMaj=0.5804  win_BalAcc=0.5695  win_f1_macro=0.5690
fold1 ep 031  tr=1.5869  val_AccPaper=0.5785  val_BalAccMaj=0.5844  win_BalAcc=0.5713  win_f1_macro=0.5690
fold1 ep 032  tr=1.5901  val_AccPaper=0.5800  val_BalAccMaj=0.5856  win_BalAcc=0.5705  win_f1_macro=0.5695
fold1 ep 033  tr=1.5820  val_AccPaper=0.5789  val_BalAccMaj=0.5867  win_BalAcc=0.5712  win_f1_macro=0.5700
fold1 ep 034  tr=1.5824  val_AccPaper=0.5756  val_BalAccMaj=0.5826  win_BalAcc=0.5685  win_f1_macro=0.5661
fold1 ep 035  tr=1.5799  val_AccPaper=0.5752  val_BalAccMaj=0.5826  win_BalAcc=0.5677  win_f1_macro=0.5655
fold1 ep 036  tr=1.5678  val_AccPaper=0.5715  val_BalAccMaj=0.5778  win_BalAcc=0.5653  win_f1_macro=0.5638
fold1 ep 037  tr=1.5668  val_AccPaper=0.5752  val_BalAccMaj=0.5841  win_BalAcc=0.5666  win_f1_macro=0.5650
fold1 ep 038  tr=1.5702  val_AccPaper=0.5756  val_BalAccMaj=0.5833  win_BalAcc=0.5690  win_f1_macro=0.5683
fold1 ep 039  tr=1.5631  val_AccPaper=0.5800  val_BalAccMaj=0.5859  win_BalAcc=0.5714  win_f1_macro=0.5701
fold1 ep 040  tr=1.5645  val_AccPaper=0.5807  val_BalAccMaj=0.5863  win_BalAcc=0.5691  win_f1_macro=0.5666
fold1 ep 041  tr=1.5576  val_AccPaper=0.5730  val_BalAccMaj=0.5822  win_BalAcc=0.5681  win_f1_macro=0.5656
fold1 ep 042  tr=1.5574  val_AccPaper=0.5733  val_BalAccMaj=0.5833  win_BalAcc=0.5699  win_f1_macro=0.5680
fold1 ep 043  tr=1.5543  val_AccPaper=0.5689  val_BalAccMaj=0.5752  win_BalAcc=0.5653  win_f1_macro=0.5638
fold1 ep 044  tr=1.5489  val_AccPaper=0.5685  val_BalAccMaj=0.5752  win_BalAcc=0.5617  win_f1_macro=0.5579
fold1 ep 045  tr=1.5432  val_AccPaper=0.5670  val_BalAccMaj=0.5744  win_BalAcc=0.5612  win_f1_macro=0.5551
fold1 ep 046  tr=1.5452  val_AccPaper=0.5619  val_BalAccMaj=0.5685  win_BalAcc=0.5598  win_f1_macro=0.5558
fold1 ep 047  tr=1.5466  val_AccPaper=0.5633  val_BalAccMaj=0.5711  win_BalAcc=0.5580  win_f1_macro=0.5544
fold1 early stop @ ep 47
fold2 ep 001  tr=2.0757  val_AccPaper=0.5189  val_BalAccMaj=0.5215  win_BalAcc=0.5123  win_f1_macro=0.5094
fold2 ep 002  tr=1.8072  val_AccPaper=0.5289  val_BalAccMaj=0.5367  win_BalAcc=0.5258  win_f1_macro=0.5263
fold2 ep 003  tr=1.7286  val_AccPaper=0.5337  val_BalAccMaj=0.5389  win_BalAcc=0.5308  win_f1_macro=0.5301
fold2 ep 004  tr=1.6907  val_AccPaper=0.5352  val_BalAccMaj=0.5400  win_BalAcc=0.5289  win_f1_macro=0.5281
fold2 ep 005  tr=1.6708  val_AccPaper=0.5226  val_BalAccMaj=0.5304  win_BalAcc=0.5216  win_f1_macro=0.5190
fold2 ep 006  tr=1.6576  val_AccPaper=0.5237  val_BalAccMaj=0.5311  win_BalAcc=0.5239  win_f1_macro=0.5230
fold2 ep 007  tr=1.6333  val_AccPaper=0.5215  val_BalAccMaj=0.5293  win_BalAcc=0.5178  win_f1_macro=0.5149
fold2 ep 008  tr=1.6325  val_AccPaper=0.5330  val_BalAccMaj=0.5400  win_BalAcc=0.5255  win_f1_macro=0.5232
fold2 ep 009  tr=1.6181  val_AccPaper=0.5196  val_BalAccMaj=0.5248  win_BalAcc=0.5184  win_f1_macro=0.5144
fold2 ep 010  tr=1.6131  val_AccPaper=0.5181  val_BalAccMaj=0.5230  win_BalAcc=0.5185  win_f1_macro=0.5154
fold2 ep 011  tr=1.6000  val_AccPaper=0.5281  val_BalAccMaj=0.5333  win_BalAcc=0.5225  win_f1_macro=0.5181
fold2 ep 012  tr=1.5956  val_AccPaper=0.5215  val_BalAccMaj=0.5267  win_BalAcc=0.5201  win_f1_macro=0.5160
fold2 ep 013  tr=1.5929  val_AccPaper=0.5170  val_BalAccMaj=0.5230  win_BalAcc=0.5141  win_f1_macro=0.5068
fold2 ep 014  tr=1.5814  val_AccPaper=0.5170  val_BalAccMaj=0.5215  win_BalAcc=0.5153  win_f1_macro=0.5075
fold2 ep 015  tr=1.5771  val_AccPaper=0.5285  val_BalAccMaj=0.5348  win_BalAcc=0.5258  win_f1_macro=0.5218
fold2 ep 016  tr=1.5684  val_AccPaper=0.5085  val_BalAccMaj=0.5133  win_BalAcc=0.5074  win_f1_macro=0.4978
fold2 ep 017  tr=1.5686  val_AccPaper=0.5230  val_BalAccMaj=0.5293  win_BalAcc=0.5181  win_f1_macro=0.5125
fold2 ep 018  tr=1.5612  val_AccPaper=0.5096  val_BalAccMaj=0.5144  win_BalAcc=0.5131  win_f1_macro=0.5028
fold2 ep 019  tr=1.5616  val_AccPaper=0.5085  val_BalAccMaj=0.5156  win_BalAcc=0.5074  win_f1_macro=0.4986
fold2 ep 020  tr=1.5544  val_AccPaper=0.5211  val_BalAccMaj=0.5270  win_BalAcc=0.5188  win_f1_macro=0.5132
fold2 ep 021  tr=1.5434  val_AccPaper=0.5178  val_BalAccMaj=0.5256  win_BalAcc=0.5132  win_f1_macro=0.5033
fold2 ep 022  tr=1.5436  val_AccPaper=0.5237  val_BalAccMaj=0.5300  win_BalAcc=0.5178  win_f1_macro=0.5119
fold2 ep 023  tr=1.5373  val_AccPaper=0.5174  val_BalAccMaj=0.5233  win_BalAcc=0.5154  win_f1_macro=0.5067
fold2 ep 024  tr=1.5384  val_AccPaper=0.5196  val_BalAccMaj=0.5241  win_BalAcc=0.5151  win_f1_macro=0.5075
fold2 early stop @ ep 24
fold3 ep 001  tr=2.1187  val_AccPaper=0.5622  val_BalAccMaj=0.5674  win_BalAcc=0.5582  win_f1_macro=0.5531
fold3 ep 002  tr=1.8814  val_AccPaper=0.5726  val_BalAccMaj=0.5759  win_BalAcc=0.5691  win_f1_macro=0.5656
fold3 ep 003  tr=1.8123  val_AccPaper=0.5926  val_BalAccMaj=0.5978  win_BalAcc=0.5866  win_f1_macro=0.5871
fold3 ep 004  tr=1.7807  val_AccPaper=0.5896  val_BalAccMaj=0.5952  win_BalAcc=0.5824  win_f1_macro=0.5830
fold3 ep 005  tr=1.7526  val_AccPaper=0.6026  val_BalAccMaj=0.6096  win_BalAcc=0.5927  win_f1_macro=0.5939
fold3 ep 006  tr=1.7399  val_AccPaper=0.5952  val_BalAccMaj=0.5996  win_BalAcc=0.5857  win_f1_macro=0.5858
fold3 ep 007  tr=1.7306  val_AccPaper=0.5952  val_BalAccMaj=0.5981  win_BalAcc=0.5876  win_f1_macro=0.5882
fold3 ep 008  tr=1.7168  val_AccPaper=0.5956  val_BalAccMaj=0.6022  win_BalAcc=0.5887  win_f1_macro=0.5892
fold3 ep 009  tr=1.7080  val_AccPaper=0.5930  val_BalAccMaj=0.5985  win_BalAcc=0.5834  win_f1_macro=0.5836
fold3 ep 010  tr=1.6989  val_AccPaper=0.6022  val_BalAccMaj=0.6078  win_BalAcc=0.5913  win_f1_macro=0.5904
fold3 ep 011  tr=1.6939  val_AccPaper=0.5926  val_BalAccMaj=0.5978  win_BalAcc=0.5852  win_f1_macro=0.5854
fold3 ep 012  tr=1.6813  val_AccPaper=0.5793  val_BalAccMaj=0.5878  win_BalAcc=0.5769  win_f1_macro=0.5767
fold3 ep 013  tr=1.6752  val_AccPaper=0.5852  val_BalAccMaj=0.5907  win_BalAcc=0.5784  win_f1_macro=0.5783
fold3 ep 014  tr=1.6673  val_AccPaper=0.5919  val_BalAccMaj=0.6019  win_BalAcc=0.5870  win_f1_macro=0.5870
fold3 ep 015  tr=1.6584  val_AccPaper=0.5915  val_BalAccMaj=0.5963  win_BalAcc=0.5820  win_f1_macro=0.5822
fold3 ep 016  tr=1.6510  val_AccPaper=0.5874  val_BalAccMaj=0.5937  win_BalAcc=0.5842  win_f1_macro=0.5839
fold3 ep 017  tr=1.6402  val_AccPaper=0.5919  val_BalAccMaj=0.5996  win_BalAcc=0.5886  win_f1_macro=0.5886
fold3 ep 018  tr=1.6388  val_AccPaper=0.5896  val_BalAccMaj=0.5970  win_BalAcc=0.5870  win_f1_macro=0.5872
fold3 ep 019  tr=1.6352  val_AccPaper=0.5889  val_BalAccMaj=0.5967  win_BalAcc=0.5827  win_f1_macro=0.5825
fold3 ep 020  tr=1.6297  val_AccPaper=0.5881  val_BalAccMaj=0.5956  win_BalAcc=0.5838  win_f1_macro=0.5839
fold3 ep 021  tr=1.6191  val_AccPaper=0.5944  val_BalAccMaj=0.5978  win_BalAcc=0.5838  win_f1_macro=0.5839
fold3 ep 022  tr=1.6220  val_AccPaper=0.5993  val_BalAccMaj=0.6063  win_BalAcc=0.5899  win_f1_macro=0.5897
fold3 ep 023  tr=1.6166  val_AccPaper=0.5985  val_BalAccMaj=0.6044  win_BalAcc=0.5925  win_f1_macro=0.5927
fold3 ep 024  tr=1.6125  val_AccPaper=0.5889  val_BalAccMaj=0.5937  win_BalAcc=0.5849  win_f1_macro=0.5849
fold3 ep 025  tr=1.6033  val_AccPaper=0.5889  val_BalAccMaj=0.5970  win_BalAcc=0.5831  win_f1_macro=0.5832
fold3 early stop @ ep 25
fold4 ep 001  tr=2.0681  val_AccPaper=0.4852  val_BalAccMaj=0.4907  win_BalAcc=0.4879  win_f1_macro=0.4779
fold4 ep 002  tr=1.7963  val_AccPaper=0.5022  val_BalAccMaj=0.5078  win_BalAcc=0.5004  win_f1_macro=0.4975
fold4 ep 003  tr=1.7143  val_AccPaper=0.4963  val_BalAccMaj=0.5030  win_BalAcc=0.4958  win_f1_macro=0.4922
fold4 ep 004  tr=1.6812  val_AccPaper=0.4985  val_BalAccMaj=0.5037  win_BalAcc=0.4983  win_f1_macro=0.4939
fold4 ep 005  tr=1.6595  val_AccPaper=0.4793  val_BalAccMaj=0.4859  win_BalAcc=0.4856  win_f1_macro=0.4782
fold4 ep 006  tr=1.6475  val_AccPaper=0.5048  val_BalAccMaj=0.5100  win_BalAcc=0.5060  win_f1_macro=0.5038
fold4 ep 007  tr=1.6397  val_AccPaper=0.4900  val_BalAccMaj=0.4959  win_BalAcc=0.4936  win_f1_macro=0.4851
fold4 ep 008  tr=1.6302  val_AccPaper=0.4993  val_BalAccMaj=0.5041  win_BalAcc=0.4998  win_f1_macro=0.4995
fold4 ep 009  tr=1.6181  val_AccPaper=0.4915  val_BalAccMaj=0.4993  win_BalAcc=0.4928  win_f1_macro=0.4906
fold4 ep 010  tr=1.6141  val_AccPaper=0.4896  val_BalAccMaj=0.4956  win_BalAcc=0.4917  win_f1_macro=0.4871
fold4 ep 011  tr=1.6017  val_AccPaper=0.4944  val_BalAccMaj=0.5022  win_BalAcc=0.4973  win_f1_macro=0.4938
fold4 ep 012  tr=1.5964  val_AccPaper=0.5052  val_BalAccMaj=0.5115  win_BalAcc=0.4991  win_f1_macro=0.4985
fold4 ep 013  tr=1.5891  val_AccPaper=0.4933  val_BalAccMaj=0.4989  win_BalAcc=0.4945  win_f1_macro=0.4925
fold4 ep 014  tr=1.5887  val_AccPaper=0.4959  val_BalAccMaj=0.5026  win_BalAcc=0.4966  win_f1_macro=0.4961
fold4 ep 015  tr=1.5735  val_AccPaper=0.4981  val_BalAccMaj=0.5074  win_BalAcc=0.4991  win_f1_macro=0.4977
fold4 ep 016  tr=1.5714  val_AccPaper=0.5044  val_BalAccMaj=0.5122  win_BalAcc=0.4983  win_f1_macro=0.4966
fold4 ep 017  tr=1.5664  val_AccPaper=0.5019  val_BalAccMaj=0.5070  win_BalAcc=0.4986  win_f1_macro=0.4954
fold4 ep 018  tr=1.5568  val_AccPaper=0.5059  val_BalAccMaj=0.5115  win_BalAcc=0.5001  win_f1_macro=0.4967
fold4 ep 019  tr=1.5534  val_AccPaper=0.4967  val_BalAccMaj=0.5037  win_BalAcc=0.4966  win_f1_macro=0.4933
fold4 ep 020  tr=1.5478  val_AccPaper=0.4996  val_BalAccMaj=0.5063  win_BalAcc=0.4984  win_f1_macro=0.4940
fold4 ep 021  tr=1.5455  val_AccPaper=0.5063  val_BalAccMaj=0.5141  win_BalAcc=0.5024  win_f1_macro=0.4987
fold4 ep 022  tr=1.5399  val_AccPaper=0.4981  val_BalAccMaj=0.5052  win_BalAcc=0.4973  win_f1_macro=0.4955
fold4 ep 023  tr=1.5373  val_AccPaper=0.4985  val_BalAccMaj=0.5081  win_BalAcc=0.5008  win_f1_macro=0.4971
fold4 ep 024  tr=1.5324  val_AccPaper=0.5007  val_BalAccMaj=0.5078  win_BalAcc=0.5013  win_f1_macro=0.4988
fold4 ep 025  tr=1.5334  val_AccPaper=0.5085  val_BalAccMaj=0.5167  win_BalAcc=0.5067  win_f1_macro=0.5025
fold4 ep 026  tr=1.5234  val_AccPaper=0.4978  val_BalAccMaj=0.5056  win_BalAcc=0.4997  win_f1_macro=0.4943
fold4 ep 027  tr=1.5148  val_AccPaper=0.4989  val_BalAccMaj=0.5078  win_BalAcc=0.4994  win_f1_macro=0.4956
fold4 ep 028  tr=1.5126  val_AccPaper=0.4985  val_BalAccMaj=0.5067  win_BalAcc=0.4997  win_f1_macro=0.4969
fold4 ep 029  tr=1.5162  val_AccPaper=0.4974  val_BalAccMaj=0.5056  win_BalAcc=0.4981  win_f1_macro=0.4958
fold4 ep 030  tr=1.5056  val_AccPaper=0.5096  val_BalAccMaj=0.5167  win_BalAcc=0.5004  win_f1_macro=0.4968
fold4 ep 031  tr=1.5039  val_AccPaper=0.5063  val_BalAccMaj=0.5126  win_BalAcc=0.5045  win_f1_macro=0.5011
fold4 ep 032  tr=1.5019  val_AccPaper=0.5015  val_BalAccMaj=0.5093  win_BalAcc=0.5028  win_f1_macro=0.4962
fold4 ep 033  tr=1.4988  val_AccPaper=0.5115  val_BalAccMaj=0.5170  win_BalAcc=0.5074  win_f1_macro=0.5047
fold4 ep 034  tr=1.4901  val_AccPaper=0.5004  val_BalAccMaj=0.5070  win_BalAcc=0.5017  win_f1_macro=0.4950
fold4 ep 035  tr=1.4933  val_AccPaper=0.5078  val_BalAccMaj=0.5148  win_BalAcc=0.5064  win_f1_macro=0.5047
fold4 ep 036  tr=1.4930  val_AccPaper=0.5022  val_BalAccMaj=0.5119  win_BalAcc=0.5013  win_f1_macro=0.4955
fold4 ep 037  tr=1.4831  val_AccPaper=0.5089  val_BalAccMaj=0.5170  win_BalAcc=0.5093  win_f1_macro=0.5067
fold4 ep 038  tr=1.4828  val_AccPaper=0.5041  val_BalAccMaj=0.5122  win_BalAcc=0.5069  win_f1_macro=0.5033
fold4 ep 039  tr=1.4733  val_AccPaper=0.5063  val_BalAccMaj=0.5141  win_BalAcc=0.5048  win_f1_macro=0.5001
fold4 ep 040  tr=1.4699  val_AccPaper=0.5096  val_BalAccMaj=0.5163  win_BalAcc=0.5076  win_f1_macro=0.5021
fold4 ep 041  tr=1.4685  val_AccPaper=0.5037  val_BalAccMaj=0.5115  win_BalAcc=0.5069  win_f1_macro=0.5055
fold4 ep 042  tr=1.4680  val_AccPaper=0.5070  val_BalAccMaj=0.5144  win_BalAcc=0.5107  win_f1_macro=0.5069
fold4 ep 043  tr=1.4651  val_AccPaper=0.4978  val_BalAccMaj=0.5059  win_BalAcc=0.5014  win_f1_macro=0.4996
fold4 ep 044  tr=1.4640  val_AccPaper=0.5026  val_BalAccMaj=0.5111  win_BalAcc=0.5029  win_f1_macro=0.5005
fold4 ep 045  tr=1.4600  val_AccPaper=0.4996  val_BalAccMaj=0.5078  win_BalAcc=0.5029  win_f1_macro=0.5004
fold4 ep 046  tr=1.4539  val_AccPaper=0.4952  val_BalAccMaj=0.5041  win_BalAcc=0.5019  win_f1_macro=0.4959
fold4 ep 047  tr=1.4550  val_AccPaper=0.5007  val_BalAccMaj=0.5089  win_BalAcc=0.4965  win_f1_macro=0.4941
fold4 ep 048  tr=1.4525  val_AccPaper=0.4981  val_BalAccMaj=0.5056  win_BalAcc=0.5019  win_f1_macro=0.4989
fold4 ep 049  tr=1.4472  val_AccPaper=0.5019  val_BalAccMaj=0.5096  win_BalAcc=0.5012  win_f1_macro=0.4956
fold4 ep 050  tr=1.4437  val_AccPaper=0.5081  val_BalAccMaj=0.5141  win_BalAcc=0.5052  win_f1_macro=0.5018
fold4 ep 051  tr=1.4419  val_AccPaper=0.5004  val_BalAccMaj=0.5067  win_BalAcc=0.5015  win_f1_macro=0.4982
fold4 ep 052  tr=1.4397  val_AccPaper=0.4967  val_BalAccMaj=0.5056  win_BalAcc=0.4997  win_f1_macro=0.4954
fold4 ep 053  tr=1.4344  val_AccPaper=0.4967  val_BalAccMaj=0.5026  win_BalAcc=0.5018  win_f1_macro=0.4975
fold4 early stop @ ep 53
[B8] done val_AccPaper=0.5622 test_AccPaper=0.5681 test_BalAcc=0.5746 test_win_F1=0.5627
