[01:46:30] === stream sub02_ses01_20260723_180607 ===
[01:46:32] subject=sub02 trials=62 train=31 eval=31
[01:46:36] [sub02] conformer task fold0 ft_tr=1050 ft_va=252 eval=1281 full_model=True
[01:46:37] fold0 ep 001 tr=0.6707 va=0.6877 val_AccPaper=0.5833 val_BalAccMaj=0.5833
[01:46:37] fold0 ep 002 tr=0.5670 va=0.7234 val_AccPaper=0.7500 val_BalAccMaj=0.7500
[01:46:38] fold0 ep 003 tr=0.5110 va=0.9641 val_AccPaper=0.5833 val_BalAccMaj=0.5833
[01:46:38] fold0 ep 004 tr=0.4355 va=1.0450 val_AccPaper=0.6667 val_BalAccMaj=0.6667
[01:46:38] fold0 ep 005 tr=0.4465 va=0.9651 val_AccPaper=0.6667 val_BalAccMaj=0.6667
[01:46:39] fold0 ep 006 tr=0.3709 va=0.9880 val_AccPaper=0.6667 val_BalAccMaj=0.6667
[01:46:39] fold0 ep 007 tr=0.3853 va=1.0540 val_AccPaper=0.6667 val_BalAccMaj=0.6667
[01:46:39] fold0 ep 008 tr=0.3223 va=1.1087 val_AccPaper=0.6667 val_BalAccMaj=0.6667
[01:46:40] fold0 ep 009 tr=0.2799 va=1.2675 val_AccPaper=0.7500 val_BalAccMaj=0.7500
[01:46:40] fold0 ep 010 tr=0.2979 va=1.1560 val_AccPaper=0.6667 val_BalAccMaj=0.6667
[01:46:40] fold0 ep 011 tr=0.2823 va=1.0447 val_AccPaper=0.7500 val_BalAccMaj=0.7500
[01:46:41] fold0 ep 012 tr=0.2481 va=1.3033 val_AccPaper=0.6667 val_BalAccMaj=0.6667
[01:46:41] fold0 ep 013 tr=0.2940 va=0.9788 val_AccPaper=0.7500 val_BalAccMaj=0.7500
[01:46:41] fold0 ep 014 tr=0.2475 va=1.0383 val_AccPaper=0.7500 val_BalAccMaj=0.7500
[01:46:42] fold0 ep 015 tr=0.2361 va=1.0704 val_AccPaper=0.7500 val_BalAccMaj=0.7500
[01:46:42] fold0 ep 016 tr=0.2121 va=1.2096 val_AccPaper=0.8333 val_BalAccMaj=0.8333
[01:46:43] fold0 ep 017 tr=0.2374 va=0.9925 val_AccPaper=0.8333 val_BalAccMaj=0.8333
[01:46:43] fold0 ep 018 tr=0.2050 va=1.1283 val_AccPaper=0.8333 val_BalAccMaj=0.8333
[01:46:43] fold0 ep 019 tr=0.1838 va=1.0147 val_AccPaper=0.7500 val_BalAccMaj=0.7500
[01:46:43] fold0 ep 020 tr=0.1559 va=1.1049 val_AccPaper=0.7500 val_BalAccMaj=0.7500
[01:46:44] fold0 ep 021 tr=0.1621 va=1.2982 val_AccPaper=0.7500 val_BalAccMaj=0.7500
[01:46:44] fold0 ep 022 tr=0.1394 va=1.2955 val_AccPaper=0.6667 val_BalAccMaj=0.6667
[01:46:44] fold0 ep 023 tr=0.1722 va=1.0351 val_AccPaper=0.8333 val_BalAccMaj=0.8333
[01:46:45] fold0 ep 024 tr=0.1448 va=1.0165 val_AccPaper=0.7500 val_BalAccMaj=0.7500
[01:46:45] fold0 ep 025 tr=0.1623 va=1.0321 val_AccPaper=0.7500 val_BalAccMaj=0.7500
[01:46:46] fold0 ep 026 tr=0.1495 va=0.9359 val_AccPaper=0.8333 val_BalAccMaj=0.8333
[01:46:46] fold0 ep 027 tr=0.1188 va=1.1250 val_AccPaper=0.8333 val_BalAccMaj=0.8333
[01:46:46] fold0 ep 028 tr=0.1618 va=1.0541 val_AccPaper=0.7500 val_BalAccMaj=0.7500
[01:46:47] fold0 ep 029 tr=0.1465 va=1.3346 val_AccPaper=0.7500 val_BalAccMaj=0.7500
[01:46:47] fold0 ep 030 tr=0.1297 va=0.9474 val_AccPaper=0.8333 val_BalAccMaj=0.8333
[01:46:47] fold0 ep 031 tr=0.1141 va=1.0406 val_AccPaper=0.8333 val_BalAccMaj=0.8333
[01:46:48] fold0 ep 032 tr=0.1111 va=1.1292 val_AccPaper=0.7500 val_BalAccMaj=0.7500
[01:46:48] fold0 ep 033 tr=0.1050 va=1.0433 val_AccPaper=0.8333 val_BalAccMaj=0.8333
[01:46:48] fold0 ep 034 tr=0.1362 va=1.0996 val_AccPaper=0.8333 val_BalAccMaj=0.8333
[01:46:49] fold0 ep 035 tr=0.0984 va=1.0865 val_AccPaper=0.7500 val_BalAccMaj=0.7500
[01:46:49] fold0 ep 036 tr=0.1201 va=1.0400 val_AccPaper=0.8333 val_BalAccMaj=0.8333
[01:46:49]   early stop @ ep 36
[01:46:49] [eval_half] Acc_paper=0.5082 BalAcc_maj=0.5124 win_BalAcc=0.5300
[01:46:49] [sub02] conformer task fold1 ft_tr=1050 ft_va=252 eval=1281 full_model=True
[01:46:50] fold1 ep 001 tr=0.7176 va=0.7075 val_AccPaper=0.4167 val_BalAccMaj=0.4167
[01:46:50] fold1 ep 002 tr=0.6133 va=0.7802 val_AccPaper=0.4167 val_BalAccMaj=0.4167
[01:46:51] fold1 ep 003 tr=0.5359 va=0.7478 val_AccPaper=0.5000 val_BalAccMaj=0.5000
[01:46:51] fold1 ep 004 tr=0.4378 va=0.9308 val_AccPaper=0.5833 val_BalAccMaj=0.5833
[01:46:51] fold1 ep 005 tr=0.4089 va=0.8147 val_AccPaper=0.7500 val_BalAccMaj=0.7500
[01:46:52] fold1 ep 006 tr=0.3672 va=0.8356 val_AccPaper=0.7500 val_BalAccMaj=0.7500
[01:46:52] fold1 ep 007 tr=0.3525 va=0.9223 val_AccPaper=0.7500 val_BalAccMaj=0.7500
[01:46:53] fold1 ep 008 tr=0.3075 va=1.1835 val_AccPaper=0.6667 val_BalAccMaj=0.6667
[01:46:53] fold1 ep 009 tr=0.3006 va=0.7752 val_AccPaper=0.7500 val_BalAccMaj=0.7500
[01:46:53] fold1 ep 010 tr=0.2802 va=0.6965 val_AccPaper=0.7500 val_BalAccMaj=0.7500
[01:46:54] fold1 ep 011 tr=0.2277 va=1.0516 val_AccPaper=0.7500 val_BalAccMaj=0.7500
[01:46:54] fold1 ep 012 tr=0.2155 va=0.8568 val_AccPaper=0.6667 val_BalAccMaj=0.6667
[01:46:55] fold1 ep 013 tr=0.2007 va=0.8266 val_AccPaper=0.6667 val_BalAccMaj=0.6667
[01:46:55] fold1 ep 014 tr=0.1857 va=0.9062 val_AccPaper=0.6667 val_BalAccMaj=0.6667
[01:46:55] fold1 ep 015 tr=0.2080 va=0.8871 val_AccPaper=0.7500 val_BalAccMaj=0.7500
[01:46:56] fold1 ep 016 tr=0.1851 va=0.9581 val_AccPaper=0.7500 val_BalAccMaj=0.7500
[01:46:56] fold1 ep 017 tr=0.1724 va=1.0376 val_AccPaper=0.6667 val_BalAccMaj=0.6667
[01:46:56] fold1 ep 018 tr=0.1345 va=1.0959 val_AccPaper=0.6667 val_BalAccMaj=0.6667
[01:46:57] fold1 ep 019 tr=0.1881 va=1.0137 val_AccPaper=0.6667 val_BalAccMaj=0.6667
[01:46:57] fold1 ep 020 tr=0.1903 va=0.7815 val_AccPaper=0.7500 val_BalAccMaj=0.7500
[01:46:58] fold1 ep 021 tr=0.1565 va=0.8877 val_AccPaper=0.6667 val_BalAccMaj=0.6667
[01:46:58] fold1 ep 022 tr=0.1482 va=0.7796 val_AccPaper=0.7500 val_BalAccMaj=0.7500
[01:46:58] fold1 ep 023 tr=0.1329 va=0.7982 val_AccPaper=0.6667 val_BalAccMaj=0.6667
[01:46:59] fold1 ep 024 tr=0.1366 va=0.9101 val_AccPaper=0.6667 val_BalAccMaj=0.6667
[01:46:59] fold1 ep 025 tr=0.1203 va=0.9972 val_AccPaper=0.6667 val_BalAccMaj=0.6667
[01:46:59]   early stop @ ep 25
[01:46:59] [eval_half] Acc_paper=0.5246 BalAcc_maj=0.5280 win_BalAcc=0.5834
[01:46:59] [sub02] conformer task fold2 ft_tr=1050 ft_va=252 eval=1281 full_model=True
[01:47:00] fold2 ep 001 tr=0.7924 va=0.7095 val_AccPaper=0.2500 val_BalAccMaj=0.2500
[01:47:00] fold2 ep 002 tr=0.6618 va=0.7028 val_AccPaper=0.4167 val_BalAccMaj=0.4167
[01:47:01] fold2 ep 003 tr=0.6144 va=0.7044 val_AccPaper=0.6667 val_BalAccMaj=0.6667
[01:47:01] fold2 ep 004 tr=0.5216 va=0.7927 val_AccPaper=0.6667 val_BalAccMaj=0.6667
[01:47:02] fold2 ep 005 tr=0.4181 va=1.3219 val_AccPaper=0.5000 val_BalAccMaj=0.5000
[01:47:02] fold2 ep 006 tr=0.3940 va=0.9438 val_AccPaper=0.6667 val_BalAccMaj=0.6667
[01:47:02] fold2 ep 007 tr=0.3831 va=0.9388 val_AccPaper=0.6667 val_BalAccMaj=0.6667
[01:47:03] fold2 ep 008 tr=0.3335 va=1.3069 val_AccPaper=0.5000 val_BalAccMaj=0.5000
[01:47:03] fold2 ep 009 tr=0.3099 va=1.0297 val_AccPaper=0.6667 val_BalAccMaj=0.6667
[01:47:03] fold2 ep 010 tr=0.2569 va=0.9003 val_AccPaper=0.7500 val_BalAccMaj=0.7500
[01:47:04] fold2 ep 011 tr=0.2595 va=1.1349 val_AccPaper=0.5833 val_BalAccMaj=0.5833
[01:47:04] fold2 ep 012 tr=0.2581 va=1.3503 val_AccPaper=0.5833 val_BalAccMaj=0.5833
[01:47:05] fold2 ep 013 tr=0.2431 va=0.7746 val_AccPaper=0.8333 val_BalAccMaj=0.8333
[01:47:05] fold2 ep 014 tr=0.2106 va=1.0104 val_AccPaper=0.7500 val_BalAccMaj=0.7500
[01:47:05] fold2 ep 015 tr=0.2193 va=0.9247 val_AccPaper=0.7500 val_BalAccMaj=0.7500
[01:47:06] fold2 ep 016 tr=0.2050 va=0.8890 val_AccPaper=0.8333 val_BalAccMaj=0.8333
[01:47:06] fold2 ep 017 tr=0.1898 va=0.9522 val_AccPaper=0.8333 val_BalAccMaj=0.8333
[01:47:06] fold2 ep 018 tr=0.1538 va=1.0708 val_AccPaper=0.8333 val_BalAccMaj=0.8333
[01:47:07] fold2 ep 019 tr=0.1852 va=1.2013 val_AccPaper=0.6667 val_BalAccMaj=0.6667
[01:47:07] fold2 ep 020 tr=0.1535 va=1.1126 val_AccPaper=0.7500 val_BalAccMaj=0.7500
[01:47:07] fold2 ep 021 tr=0.1625 va=0.9966 val_AccPaper=0.8333 val_BalAccMaj=0.8333
[01:47:08] fold2 ep 022 tr=0.1461 va=1.4126 val_AccPaper=0.6667 val_BalAccMaj=0.6667
[01:47:08] fold2 ep 023 tr=0.1778 va=1.2787 val_AccPaper=0.6667 val_BalAccMaj=0.6667
[01:47:08] fold2 ep 024 tr=0.1578 va=1.1433 val_AccPaper=0.7500 val_BalAccMaj=0.7500
[01:47:09] fold2 ep 025 tr=0.1333 va=0.9622 val_AccPaper=0.7500 val_BalAccMaj=0.7500
[01:47:09] fold2 ep 026 tr=0.1230 va=1.0522 val_AccPaper=0.7500 val_BalAccMaj=0.7500
[01:47:10] fold2 ep 027 tr=0.1201 va=1.0419 val_AccPaper=0.9167 val_BalAccMaj=0.9167
[01:47:10] fold2 ep 028 tr=0.1194 va=1.1182 val_AccPaper=0.8333 val_BalAccMaj=0.8333
[01:47:11] fold2 ep 029 tr=0.1578 va=0.8835 val_AccPaper=0.8333 val_BalAccMaj=0.8333
[01:47:11] fold2 ep 030 tr=0.1193 va=1.1468 val_AccPaper=0.7500 val_BalAccMaj=0.7500
[01:47:11] fold2 ep 031 tr=0.1348 va=1.0182 val_AccPaper=0.8333 val_BalAccMaj=0.8333
[01:47:12] fold2 ep 032 tr=0.1193 va=1.1766 val_AccPaper=0.9167 val_BalAccMaj=0.9167
[01:47:12] fold2 ep 033 tr=0.1086 va=1.1595 val_AccPaper=0.8333 val_BalAccMaj=0.8333
[01:47:12] fold2 ep 034 tr=0.0824 va=1.1472 val_AccPaper=0.9167 val_BalAccMaj=0.9167
[01:47:13] fold2 ep 035 tr=0.0888 va=1.1028 val_AccPaper=0.9167 val_BalAccMaj=0.9167
[01:47:13] fold2 ep 036 tr=0.1320 va=1.0907 val_AccPaper=0.8333 val_BalAccMaj=0.8333
[01:47:13] fold2 ep 037 tr=0.0978 va=1.0916 val_AccPaper=0.7500 val_BalAccMaj=0.7500
[01:47:14] fold2 ep 038 tr=0.0887 va=1.0585 val_AccPaper=0.9167 val_BalAccMaj=0.9167
[01:47:14] fold2 ep 039 tr=0.0764 va=1.2418 val_AccPaper=0.7500 val_BalAccMaj=0.7500
[01:47:14] fold2 ep 040 tr=0.0844 va=1.3404 val_AccPaper=0.8333 val_BalAccMaj=0.8333
[01:47:15] fold2 ep 041 tr=0.1019 va=1.1247 val_AccPaper=0.8333 val_BalAccMaj=0.8333
[01:47:15] fold2 ep 042 tr=0.0655 va=1.1078 val_AccPaper=0.9167 val_BalAccMaj=0.9167
[01:47:15] fold2 ep 043 tr=0.0893 va=1.2061 val_AccPaper=0.8333 val_BalAccMaj=0.8333
[01:47:16] fold2 ep 044 tr=0.0847 va=0.9910 val_AccPaper=0.9167 val_BalAccMaj=0.9167
[01:47:16] fold2 ep 045 tr=0.0567 va=1.1959 val_AccPaper=0.9167 val_BalAccMaj=0.9167
[01:47:17] fold2 ep 046 tr=0.0735 va=1.1663 val_AccPaper=0.9167 val_BalAccMaj=0.9167
[01:47:17] fold2 ep 047 tr=0.0640 va=1.3518 val_AccPaper=0.8333 val_BalAccMaj=0.8333
[01:47:17]   early stop @ ep 47
[01:47:17] [eval_half] Acc_paper=0.5410 BalAcc_maj=0.5446 win_BalAcc=0.5483
[01:47:17] [sub02] conformer task fold3 ft_tr=1050 ft_va=252 eval=1281 full_model=True
[01:47:18] fold3 ep 001 tr=0.6966 va=0.7587 val_AccPaper=0.4167 val_BalAccMaj=0.4167
[01:47:18] fold3 ep 002 tr=0.6652 va=0.7130 val_AccPaper=0.4167 val_BalAccMaj=0.4167
[01:47:19] fold3 ep 003 tr=0.5956 va=0.6948 val_AccPaper=0.5833 val_BalAccMaj=0.5833
[01:47:19] fold3 ep 004 tr=0.5388 va=0.7923 val_AccPaper=0.6667 val_BalAccMaj=0.6667
[01:47:19] fold3 ep 005 tr=0.4726 va=0.9334 val_AccPaper=0.7500 val_BalAccMaj=0.7500
[01:47:20] fold3 ep 006 tr=0.4213 va=1.0288 val_AccPaper=0.7500 val_BalAccMaj=0.7500
[01:47:20] fold3 ep 007 tr=0.4101 va=1.0362 val_AccPaper=0.5833 val_BalAccMaj=0.5833
[01:47:21] fold3 ep 008 tr=0.3634 va=1.2701 val_AccPaper=0.6667 val_BalAccMaj=0.6667
[01:47:21] fold3 ep 009 tr=0.3601 va=1.1567 val_AccPaper=0.7500 val_BalAccMaj=0.7500
[01:47:21] fold3 ep 010 tr=0.2902 va=1.2940 val_AccPaper=0.6667 val_BalAccMaj=0.6667
[01:47:22] fold3 ep 011 tr=0.2951 va=1.2865 val_AccPaper=0.6667 val_BalAccMaj=0.6667
[01:47:22] fold3 ep 012 tr=0.2989 va=1.1315 val_AccPaper=0.6667 val_BalAccMaj=0.6667
[01:47:22] fold3 ep 013 tr=0.2312 va=1.3555 val_AccPaper=0.6667 val_BalAccMaj=0.6667
[01:47:23] fold3 ep 014 tr=0.2389 va=1.1206 val_AccPaper=0.8333 val_BalAccMaj=0.8333
[01:47:23] fold3 ep 015 tr=0.2470 va=1.0875 val_AccPaper=0.8333 val_BalAccMaj=0.8333
[01:47:24] fold3 ep 016 tr=0.1887 va=1.2054 val_AccPaper=0.8333 val_BalAccMaj=0.8333
[01:47:24] fold3 ep 017 tr=0.2253 va=1.4019 val_AccPaper=0.7500 val_BalAccMaj=0.7500
[01:47:24] fold3 ep 018 tr=0.2272 va=1.1733 val_AccPaper=0.9167 val_BalAccMaj=0.9167
[01:47:25] fold3 ep 019 tr=0.1989 va=1.2825 val_AccPaper=0.7500 val_BalAccMaj=0.7500
[01:47:25] fold3 ep 020 tr=0.1819 va=1.2009 val_AccPaper=0.7500 val_BalAccMaj=0.7500
[01:47:25] fold3 ep 021 tr=0.1661 va=1.3496 val_AccPaper=0.7500 val_BalAccMaj=0.7500
[01:47:26] fold3 ep 022 tr=0.1527 va=1.4271 val_AccPaper=0.7500 val_BalAccMaj=0.7500
[01:47:26] fold3 ep 023 tr=0.1742 va=1.2370 val_AccPaper=0.7500 val_BalAccMaj=0.7500
[01:47:27] fold3 ep 024 tr=0.1486 va=1.4418 val_AccPaper=0.7500 val_BalAccMaj=0.7500
[01:47:27] fold3 ep 025 tr=0.1520 va=1.1630 val_AccPaper=0.7500 val_BalAccMaj=0.7500
[01:47:27] fold3 ep 026 tr=0.1280 va=1.0735 val_AccPaper=0.8333 val_BalAccMaj=0.8333
[01:47:28] fold3 ep 027 tr=0.1520 va=1.1251 val_AccPaper=0.8333 val_BalAccMaj=0.8333
[01:47:28] fold3 ep 028 tr=0.1384 va=1.0644 val_AccPaper=0.8333 val_BalAccMaj=0.8333
[01:47:28] fold3 ep 029 tr=0.1526 va=0.9925 val_AccPaper=0.8333 val_BalAccMaj=0.8333
[01:47:29] fold3 ep 030 tr=0.1356 va=1.1218 val_AccPaper=0.7500 val_BalAccMaj=0.7500
[01:47:29] fold3 ep 031 tr=0.1142 va=1.1517 val_AccPaper=0.7500 val_BalAccMaj=0.7500
[01:47:29] fold3 ep 032 tr=0.1189 va=1.5830 val_AccPaper=0.7500 val_BalAccMaj=0.7500
[01:47:30] fold3 ep 033 tr=0.1100 va=1.5432 val_AccPaper=0.7500 val_BalAccMaj=0.7500
[01:47:30] fold3 ep 034 tr=0.0976 va=1.2948 val_AccPaper=0.7500 val_BalAccMaj=0.7500
[01:47:30] fold3 ep 035 tr=0.1160 va=1.5580 val_AccPaper=0.7500 val_BalAccMaj=0.7500
[01:47:31] fold3 ep 036 tr=0.1067 va=1.1479 val_AccPaper=0.7500 val_BalAccMaj=0.7500
[01:47:31] fold3 ep 037 tr=0.1278 va=1.0643 val_AccPaper=0.7500 val_BalAccMaj=0.7500
[01:47:31] fold3 ep 038 tr=0.1029 va=1.4168 val_AccPaper=0.7500 val_BalAccMaj=0.7500
[01:47:31]   early stop @ ep 38
[01:47:32] [eval_half] Acc_paper=0.5738 BalAcc_maj=0.5742 win_BalAcc=0.5550
[01:47:32] [sub02] conformer task fold4 ft_tr=1050 ft_va=252 eval=1281 full_model=True
[01:47:32] fold4 ep 001 tr=0.7601 va=0.7145 val_AccPaper=0.4167 val_BalAccMaj=0.4167
[01:47:33] fold4 ep 002 tr=0.6790 va=0.7094 val_AccPaper=0.5000 val_BalAccMaj=0.5000
[01:47:33] fold4 ep 003 tr=0.6277 va=0.7133 val_AccPaper=0.6667 val_BalAccMaj=0.6667
[01:47:33] fold4 ep 004 tr=0.5432 va=0.7649 val_AccPaper=0.7500 val_BalAccMaj=0.7500
[01:47:34] fold4 ep 005 tr=0.4292 va=0.7542 val_AccPaper=0.7500 val_BalAccMaj=0.7500
[01:47:34] fold4 ep 006 tr=0.3803 va=0.7897 val_AccPaper=0.8333 val_BalAccMaj=0.8333
[01:47:35] fold4 ep 007 tr=0.3828 va=0.8206 val_AccPaper=0.8333 val_BalAccMaj=0.8333
[01:47:35] fold4 ep 008 tr=0.3317 va=0.8585 val_AccPaper=0.8333 val_BalAccMaj=0.8333
[01:47:35] fold4 ep 009 tr=0.3047 va=0.9580 val_AccPaper=0.7500 val_BalAccMaj=0.7500
[01:47:36] fold4 ep 010 tr=0.2906 va=0.8898 val_AccPaper=0.8333 val_BalAccMaj=0.8333
[01:47:36] fold4 ep 011 tr=0.2659 va=0.9480 val_AccPaper=0.8333 val_BalAccMaj=0.8333
[01:47:36] fold4 ep 012 tr=0.2560 va=0.9082 val_AccPaper=0.9167 val_BalAccMaj=0.9167
[01:47:37] fold4 ep 013 tr=0.2406 va=1.0009 val_AccPaper=0.8333 val_BalAccMaj=0.8333
[01:47:37] fold4 ep 014 tr=0.2658 va=0.9839 val_AccPaper=0.7500 val_BalAccMaj=0.7500
[01:47:38] fold4 ep 015 tr=0.2212 va=1.0454 val_AccPaper=0.8333 val_BalAccMaj=0.8333
[01:47:38] fold4 ep 016 tr=0.2040 va=1.0297 val_AccPaper=0.9167 val_BalAccMaj=0.9167
[01:47:38] fold4 ep 017 tr=0.2273 va=1.0099 val_AccPaper=0.8333 val_BalAccMaj=0.8333
[01:47:39] fold4 ep 018 tr=0.2019 va=0.9980 val_AccPaper=0.8333 val_BalAccMaj=0.8333
[01:47:39] fold4 ep 019 tr=0.1985 va=0.9845 val_AccPaper=0.9167 val_BalAccMaj=0.9167
[01:47:39] fold4 ep 020 tr=0.1798 va=0.9595 val_AccPaper=0.9167 val_BalAccMaj=0.9167
[01:47:40] fold4 ep 021 tr=0.2151 va=0.8707 val_AccPaper=0.9167 val_BalAccMaj=0.9167
[01:47:40] fold4 ep 022 tr=0.1576 va=0.9752 val_AccPaper=0.9167 val_BalAccMaj=0.9167
[01:47:40] fold4 ep 023 tr=0.1617 va=0.9498 val_AccPaper=0.9167 val_BalAccMaj=0.9167
[01:47:41] fold4 ep 024 tr=0.1553 va=0.9635 val_AccPaper=0.9167 val_BalAccMaj=0.9167
[01:47:41] fold4 ep 025 tr=0.1269 va=1.1592 val_AccPaper=0.7500 val_BalAccMaj=0.7500
[01:47:41] fold4 ep 026 tr=0.1435 va=0.9406 val_AccPaper=0.9167 val_BalAccMaj=0.9167
[01:47:42] fold4 ep 027 tr=0.1440 va=0.9964 val_AccPaper=0.9167 val_BalAccMaj=0.9167
[01:47:42] fold4 ep 028 tr=0.1251 va=0.9752 val_AccPaper=0.8333 val_BalAccMaj=0.8333
[01:47:42] fold4 ep 029 tr=0.1236 va=1.1605 val_AccPaper=0.7500 val_BalAccMaj=0.7500
[01:47:43] fold4 ep 030 tr=0.1285 va=1.0020 val_AccPaper=0.8333 val_BalAccMaj=0.8333
[01:47:43] fold4 ep 031 tr=0.1057 va=1.0082 val_AccPaper=0.9167 val_BalAccMaj=0.9167
[01:47:43] fold4 ep 032 tr=0.1335 va=0.9847 val_AccPaper=0.9167 val_BalAccMaj=0.9167
[01:47:43]   early stop @ ep 32
[01:47:44] [eval_half] Acc_paper=0.5082 BalAcc_maj=0.5086 win_BalAcc=0.5557
[01:47:44] [sub02] conformer three fold0 ft_tr=1050 ft_va=252 eval=1281 full_model=True
[01:47:44] fold0 ep 001 tr=1.1602 va=1.0859 val_AccPaper=0.3333 val_BalAccMaj=0.2778
[01:47:45] fold0 ep 002 tr=1.0236 va=1.0264 val_AccPaper=0.5000 val_BalAccMaj=0.5556
[01:47:45] fold0 ep 003 tr=0.9391 va=0.9233 val_AccPaper=0.5000 val_BalAccMaj=0.5000
[01:47:45] fold0 ep 004 tr=0.8816 va=0.9355 val_AccPaper=0.5833 val_BalAccMaj=0.5000
[01:47:46] fold0 ep 005 tr=0.7942 va=1.0008 val_AccPaper=0.6667 val_BalAccMaj=0.5556
[01:47:46] fold0 ep 006 tr=0.6934 va=1.0593 val_AccPaper=0.7500 val_BalAccMaj=0.6667
[01:47:47] fold0 ep 007 tr=0.6105 va=1.2446 val_AccPaper=0.5833 val_BalAccMaj=0.4444
[01:47:47] fold0 ep 008 tr=0.5564 va=1.3015 val_AccPaper=0.5833 val_BalAccMaj=0.5000
[01:47:48] fold0 ep 009 tr=0.4872 va=1.7427 val_AccPaper=0.5833 val_BalAccMaj=0.5000
[01:47:48] fold0 ep 010 tr=0.4018 va=1.5483 val_AccPaper=0.5833 val_BalAccMaj=0.4444
[01:47:48] fold0 ep 011 tr=0.4571 va=1.7622 val_AccPaper=0.5833 val_BalAccMaj=0.5000
[01:47:49] fold0 ep 012 tr=0.3972 va=1.7420 val_AccPaper=0.5833 val_BalAccMaj=0.5556
[01:47:49] fold0 ep 013 tr=0.3589 va=1.9191 val_AccPaper=0.5833 val_BalAccMaj=0.4444
[01:47:50] fold0 ep 014 tr=0.3474 va=1.9341 val_AccPaper=0.5833 val_BalAccMaj=0.4444
[01:47:50] fold0 ep 015 tr=0.3109 va=1.7986 val_AccPaper=0.6667 val_BalAccMaj=0.5556
[01:47:50] fold0 ep 016 tr=0.3180 va=1.8503 val_AccPaper=0.5833 val_BalAccMaj=0.5556
[01:47:51] fold0 ep 017 tr=0.3338 va=1.8628 val_AccPaper=0.5833 val_BalAccMaj=0.5000
[01:47:51] fold0 ep 018 tr=0.2737 va=2.0242 val_AccPaper=0.6667 val_BalAccMaj=0.5556
[01:47:51] fold0 ep 019 tr=0.2244 va=2.1704 val_AccPaper=0.5833 val_BalAccMaj=0.4444
[01:47:52] fold0 ep 020 tr=0.2368 va=2.2519 val_AccPaper=0.4167 val_BalAccMaj=0.3889
[01:47:52] fold0 ep 021 tr=0.2676 va=2.1248 val_AccPaper=0.5833 val_BalAccMaj=0.5000
[01:47:52] fold0 ep 022 tr=0.2335 va=2.0926 val_AccPaper=0.6667 val_BalAccMaj=0.5556
[01:47:53] fold0 ep 023 tr=0.2383 va=1.9065 val_AccPaper=0.6667 val_BalAccMaj=0.5556
[01:47:53] fold0 ep 024 tr=0.2073 va=1.8577 val_AccPaper=0.5833 val_BalAccMaj=0.4444
[01:47:53] fold0 ep 025 tr=0.2098 va=2.0740 val_AccPaper=0.5000 val_BalAccMaj=0.5556
[01:47:54] fold0 ep 026 tr=0.1872 va=2.0567 val_AccPaper=0.5833 val_BalAccMaj=0.6667
[01:47:54]   early stop @ ep 26
[01:47:54] [eval_half] Acc_paper=0.4754 BalAcc_maj=0.3972 win_BalAcc=0.3802
[01:47:54] [sub02] conformer three fold1 ft_tr=1050 ft_va=252 eval=1281 full_model=True
[01:47:55] fold1 ep 001 tr=1.1627 va=1.1542 val_AccPaper=0.1667 val_BalAccMaj=0.1667
[01:47:55] fold1 ep 002 tr=1.0376 va=1.1301 val_AccPaper=0.2500 val_BalAccMaj=0.2222
[01:47:55] fold1 ep 003 tr=0.9527 va=1.0834 val_AccPaper=0.5833 val_BalAccMaj=0.5556
[01:47:56] fold1 ep 004 tr=0.8565 va=1.2563 val_AccPaper=0.5000 val_BalAccMaj=0.4444
[01:47:56] fold1 ep 005 tr=0.7908 va=1.3154 val_AccPaper=0.4167 val_BalAccMaj=0.3889
[01:47:57] fold1 ep 006 tr=0.7281 va=1.2397 val_AccPaper=0.5833 val_BalAccMaj=0.5556
[01:47:57] fold1 ep 007 tr=0.6264 va=1.3505 val_AccPaper=0.5833 val_BalAccMaj=0.5000
[01:47:57] fold1 ep 008 tr=0.5901 va=1.0381 val_AccPaper=0.7500 val_BalAccMaj=0.6667
[01:47:58] fold1 ep 009 tr=0.5112 va=1.3624 val_AccPaper=0.5833 val_BalAccMaj=0.5556
[01:47:58] fold1 ep 010 tr=0.4921 va=1.3552 val_AccPaper=0.6667 val_BalAccMaj=0.7222
[01:47:59] fold1 ep 011 tr=0.4206 va=1.4329 val_AccPaper=0.6667 val_BalAccMaj=0.6111
[01:47:59] fold1 ep 012 tr=0.4150 va=1.2150 val_AccPaper=0.7500 val_BalAccMaj=0.7778
[01:47:59] fold1 ep 013 tr=0.3799 va=1.3684 val_AccPaper=0.6667 val_BalAccMaj=0.6667
[01:48:00] fold1 ep 014 tr=0.3485 va=1.4668 val_AccPaper=0.5833 val_BalAccMaj=0.5556
[01:48:00] fold1 ep 015 tr=0.3414 va=1.4188 val_AccPaper=0.6667 val_BalAccMaj=0.7222
[01:48:00] fold1 ep 016 tr=0.3480 va=1.4610 val_AccPaper=0.6667 val_BalAccMaj=0.5556
[01:48:01] fold1 ep 017 tr=0.3160 va=1.5623 val_AccPaper=0.6667 val_BalAccMaj=0.7222
[01:48:01] fold1 ep 018 tr=0.2792 va=1.4441 val_AccPaper=0.7500 val_BalAccMaj=0.6667
[01:48:02] fold1 ep 019 tr=0.3049 va=1.5522 val_AccPaper=0.5833 val_BalAccMaj=0.7222
[01:48:02] fold1 ep 020 tr=0.2787 va=1.5138 val_AccPaper=0.6667 val_BalAccMaj=0.6111
[01:48:02] fold1 ep 021 tr=0.1910 va=1.6000 val_AccPaper=0.7500 val_BalAccMaj=0.7222
[01:48:03] fold1 ep 022 tr=0.2337 va=1.7353 val_AccPaper=0.7500 val_BalAccMaj=0.6667
[01:48:03] fold1 ep 023 tr=0.2420 va=1.5419 val_AccPaper=0.5833 val_BalAccMaj=0.5000
[01:48:04] fold1 ep 024 tr=0.2320 va=1.6504 val_AccPaper=0.5833 val_BalAccMaj=0.4444
[01:48:04] fold1 ep 025 tr=0.1770 va=1.7397 val_AccPaper=0.6667 val_BalAccMaj=0.5556
[01:48:04] fold1 ep 026 tr=0.1699 va=1.9151 val_AccPaper=0.6667 val_BalAccMaj=0.6667
[01:48:05] fold1 ep 027 tr=0.2100 va=1.5601 val_AccPaper=0.6667 val_BalAccMaj=0.7222
[01:48:05] fold1 ep 028 tr=0.1862 va=2.0546 val_AccPaper=0.6667 val_BalAccMaj=0.6111
[01:48:05]   early stop @ ep 28
[01:48:05] [eval_half] Acc_paper=0.5082 BalAcc_maj=0.3889 win_BalAcc=0.3935
[01:48:05] [sub02] conformer three fold2 ft_tr=1050 ft_va=252 eval=1281 full_model=True
[01:48:06] fold2 ep 001 tr=1.2188 va=1.1300 val_AccPaper=0.2500 val_BalAccMaj=0.2222
[01:48:06] fold2 ep 002 tr=1.0917 va=1.1220 val_AccPaper=0.0833 val_BalAccMaj=0.2222
[01:48:07] fold2 ep 003 tr=1.0315 va=1.0754 val_AccPaper=0.5000 val_BalAccMaj=0.5000
[01:48:07] fold2 ep 004 tr=0.9438 va=1.0581 val_AccPaper=0.5000 val_BalAccMaj=0.3889
[01:48:07] fold2 ep 005 tr=0.8681 va=1.0424 val_AccPaper=0.5000 val_BalAccMaj=0.4444
[01:48:08] fold2 ep 006 tr=0.7746 va=0.9483 val_AccPaper=0.5000 val_BalAccMaj=0.3889
[01:48:08] fold2 ep 007 tr=0.6944 va=1.0203 val_AccPaper=0.5833 val_BalAccMaj=0.4444
[01:48:09] fold2 ep 008 tr=0.6379 va=1.3274 val_AccPaper=0.5000 val_BalAccMaj=0.3333
[01:48:09] fold2 ep 009 tr=0.5127 va=1.3479 val_AccPaper=0.5833 val_BalAccMaj=0.5556
[01:48:09] fold2 ep 010 tr=0.4622 va=1.3724 val_AccPaper=0.5833 val_BalAccMaj=0.5556
[01:48:10] fold2 ep 011 tr=0.4780 va=1.3710 val_AccPaper=0.6667 val_BalAccMaj=0.5556
[01:48:10] fold2 ep 012 tr=0.4113 va=1.6282 val_AccPaper=0.5833 val_BalAccMaj=0.4444
[01:48:11] fold2 ep 013 tr=0.4194 va=1.3524 val_AccPaper=0.5833 val_BalAccMaj=0.4444
[01:48:11] fold2 ep 014 tr=0.3801 va=1.4143 val_AccPaper=0.6667 val_BalAccMaj=0.5556
[01:48:11] fold2 ep 015 tr=0.3730 va=1.3213 val_AccPaper=0.5833 val_BalAccMaj=0.4444
[01:48:12] fold2 ep 016 tr=0.3162 va=1.2855 val_AccPaper=0.5833 val_BalAccMaj=0.5556
[01:48:12] fold2 ep 017 tr=0.3103 va=1.5168 val_AccPaper=0.5833 val_BalAccMaj=0.4444
[01:48:12] fold2 ep 018 tr=0.2553 va=1.7342 val_AccPaper=0.5833 val_BalAccMaj=0.4444
[01:48:13] fold2 ep 019 tr=0.2739 va=1.7269 val_AccPaper=0.5833 val_BalAccMaj=0.4444
[01:48:13] fold2 ep 020 tr=0.2446 va=1.7252 val_AccPaper=0.5833 val_BalAccMaj=0.4444
[01:48:13] fold2 ep 021 tr=0.2734 va=1.5906 val_AccPaper=0.5833 val_BalAccMaj=0.5556
[01:48:14] fold2 ep 022 tr=0.2223 va=1.7096 val_AccPaper=0.6667 val_BalAccMaj=0.5556
[01:48:14] fold2 ep 023 tr=0.2137 va=2.0730 val_AccPaper=0.5833 val_BalAccMaj=0.4444
[01:48:15] fold2 ep 024 tr=0.2116 va=1.6349 val_AccPaper=0.6667 val_BalAccMaj=0.5556
[01:48:15] fold2 ep 025 tr=0.2003 va=1.4405 val_AccPaper=0.6667 val_BalAccMaj=0.6667
[01:48:15] fold2 ep 026 tr=0.1846 va=1.5687 val_AccPaper=0.5833 val_BalAccMaj=0.4444
[01:48:16] fold2 ep 027 tr=0.1801 va=2.1175 val_AccPaper=0.5833 val_BalAccMaj=0.5556
[01:48:16] fold2 ep 028 tr=0.1759 va=1.8176 val_AccPaper=0.5833 val_BalAccMaj=0.5000
[01:48:16] fold2 ep 029 tr=0.2352 va=1.8092 val_AccPaper=0.5833 val_BalAccMaj=0.5556
[01:48:17] fold2 ep 030 tr=0.2421 va=2.0197 val_AccPaper=0.5833 val_BalAccMaj=0.4444
[01:48:17] fold2 ep 031 tr=0.2028 va=1.5374 val_AccPaper=0.5833 val_BalAccMaj=0.4444
[01:48:17]   early stop @ ep 31
[01:48:17] [eval_half] Acc_paper=0.5246 BalAcc_maj=0.4069 win_BalAcc=0.4231
[01:48:17] [sub02] conformer three fold3 ft_tr=1050 ft_va=252 eval=1281 full_model=True
[01:48:18] fold3 ep 001 tr=1.2505 va=1.0533 val_AccPaper=0.4167 val_BalAccMaj=0.6111
[01:48:18] fold3 ep 002 tr=1.0214 va=0.9957 val_AccPaper=0.5000 val_BalAccMaj=0.5556
[01:48:19] fold3 ep 003 tr=0.9805 va=0.9124 val_AccPaper=0.5833 val_BalAccMaj=0.6111
[01:48:19] fold3 ep 004 tr=0.9280 va=0.8763 val_AccPaper=0.5833 val_BalAccMaj=0.5556
[01:48:20] fold3 ep 005 tr=0.8151 va=0.9060 val_AccPaper=0.8333 val_BalAccMaj=0.7778
[01:48:20] fold3 ep 006 tr=0.6808 va=0.9161 val_AccPaper=0.8333 val_BalAccMaj=0.7778
[01:48:20] fold3 ep 007 tr=0.6352 va=0.9300 val_AccPaper=0.8333 val_BalAccMaj=0.7778
[01:48:21] fold3 ep 008 tr=0.4933 va=1.0725 val_AccPaper=0.8333 val_BalAccMaj=0.7778
[01:48:21] fold3 ep 009 tr=0.4921 va=1.0524 val_AccPaper=0.7500 val_BalAccMaj=0.7778
[01:48:22] fold3 ep 010 tr=0.3966 va=1.0635 val_AccPaper=0.8333 val_BalAccMaj=0.7778
[01:48:22] fold3 ep 011 tr=0.3675 va=1.1538 val_AccPaper=0.7500 val_BalAccMaj=0.7778
[01:48:22] fold3 ep 012 tr=0.3121 va=1.2215 val_AccPaper=0.6667 val_BalAccMaj=0.6667
[01:48:23] fold3 ep 013 tr=0.2633 va=1.3744 val_AccPaper=0.6667 val_BalAccMaj=0.6667
[01:48:23] fold3 ep 014 tr=0.2678 va=1.4717 val_AccPaper=0.6667 val_BalAccMaj=0.6667
[01:48:23] fold3 ep 015 tr=0.2748 va=1.4899 val_AccPaper=0.6667 val_BalAccMaj=0.5556
[01:48:24] fold3 ep 016 tr=0.2343 va=1.5220 val_AccPaper=0.6667 val_BalAccMaj=0.6667
[01:48:24] fold3 ep 017 tr=0.2303 va=1.6053 val_AccPaper=0.6667 val_BalAccMaj=0.5556
[01:48:24] fold3 ep 018 tr=0.2138 va=1.7362 val_AccPaper=0.6667 val_BalAccMaj=0.5556
[01:48:25] fold3 ep 019 tr=0.2135 va=1.6094 val_AccPaper=0.8333 val_BalAccMaj=0.7778
[01:48:25] fold3 ep 020 tr=0.1829 va=1.6766 val_AccPaper=0.6667 val_BalAccMaj=0.6111
[01:48:25] fold3 ep 021 tr=0.1895 va=1.8038 val_AccPaper=0.7500 val_BalAccMaj=0.8889
[01:48:26] fold3 ep 022 tr=0.1602 va=2.1119 val_AccPaper=0.4167 val_BalAccMaj=0.3889
[01:48:26] fold3 ep 023 tr=0.1691 va=1.9784 val_AccPaper=0.5000 val_BalAccMaj=0.5556
[01:48:26] fold3 ep 024 tr=0.1327 va=1.9733 val_AccPaper=0.5833 val_BalAccMaj=0.7778
[01:48:27] fold3 ep 025 tr=0.1652 va=1.9881 val_AccPaper=0.6667 val_BalAccMaj=0.7222
[01:48:27]   early stop @ ep 25
[01:48:27] [eval_half] Acc_paper=0.4918 BalAcc_maj=0.3778 win_BalAcc=0.3954
[01:48:27] [sub02] conformer three fold4 ft_tr=1050 ft_va=252 eval=1281 full_model=True
[01:48:28] fold4 ep 001 tr=1.2448 va=1.0703 val_AccPaper=0.2500 val_BalAccMaj=0.2222
[01:48:28] fold4 ep 002 tr=1.0470 va=1.0510 val_AccPaper=0.3333 val_BalAccMaj=0.4444
[01:48:28] fold4 ep 003 tr=0.9517 va=1.0256 val_AccPaper=0.5000 val_BalAccMaj=0.5000
[01:48:29] fold4 ep 004 tr=0.8480 va=1.1143 val_AccPaper=0.4167 val_BalAccMaj=0.3889
[01:48:29] fold4 ep 005 tr=0.7565 va=1.1398 val_AccPaper=0.5833 val_BalAccMaj=0.5000
[01:48:30] fold4 ep 006 tr=0.6168 va=1.3154 val_AccPaper=0.5833 val_BalAccMaj=0.5000
[01:48:30] fold4 ep 007 tr=0.5492 va=1.2796 val_AccPaper=0.5833 val_BalAccMaj=0.5000
[01:48:30] fold4 ep 008 tr=0.4559 va=1.5364 val_AccPaper=0.6667 val_BalAccMaj=0.6111
[01:48:31] fold4 ep 009 tr=0.4262 va=1.4936 val_AccPaper=0.6667 val_BalAccMaj=0.6111
[01:48:31] fold4 ep 010 tr=0.3973 va=1.6126 val_AccPaper=0.6667 val_BalAccMaj=0.6111
[01:48:31] fold4 ep 011 tr=0.3969 va=1.5977 val_AccPaper=0.5000 val_BalAccMaj=0.3889
[01:48:32] fold4 ep 012 tr=0.3243 va=1.6949 val_AccPaper=0.5833 val_BalAccMaj=0.5000
[01:48:32] fold4 ep 013 tr=0.3031 va=1.8158 val_AccPaper=0.5833 val_BalAccMaj=0.5000
[01:48:32] fold4 ep 014 tr=0.2694 va=1.8005 val_AccPaper=0.5833 val_BalAccMaj=0.5000
[01:48:32] fold4 ep 015 tr=0.2641 va=2.0248 val_AccPaper=0.5833 val_BalAccMaj=0.5000
[01:48:33] fold4 ep 016 tr=0.2332 va=1.9553 val_AccPaper=0.5833 val_BalAccMaj=0.6111
[01:48:33] fold4 ep 017 tr=0.1900 va=2.2468 val_AccPaper=0.5833 val_BalAccMaj=0.5000
[01:48:33] fold4 ep 018 tr=0.1987 va=2.1851 val_AccPaper=0.5833 val_BalAccMaj=0.5000
[01:48:34] fold4 ep 019 tr=0.2149 va=2.1696 val_AccPaper=0.5833 val_BalAccMaj=0.6111
[01:48:34] fold4 ep 020 tr=0.1897 va=2.3914 val_AccPaper=0.5833 val_BalAccMaj=0.5000
[01:48:34] fold4 ep 021 tr=0.1973 va=2.3443 val_AccPaper=0.6667 val_BalAccMaj=0.6667
[01:48:35] fold4 ep 022 tr=0.1618 va=2.5555 val_AccPaper=0.5000 val_BalAccMaj=0.3889
[01:48:35] fold4 ep 023 tr=0.1890 va=2.3519 val_AccPaper=0.5000 val_BalAccMaj=0.3889
[01:48:36] fold4 ep 024 tr=0.1891 va=2.2629 val_AccPaper=0.5833 val_BalAccMaj=0.5000
[01:48:36] fold4 ep 025 tr=0.1417 va=2.5859 val_AccPaper=0.5000 val_BalAccMaj=0.3889
[01:48:36] fold4 ep 026 tr=0.1344 va=2.9303 val_AccPaper=0.5000 val_BalAccMaj=0.4444
[01:48:37] fold4 ep 027 tr=0.1229 va=2.9480 val_AccPaper=0.5833 val_BalAccMaj=0.4444
[01:48:37] fold4 ep 028 tr=0.1425 va=2.9329 val_AccPaper=0.5833 val_BalAccMaj=0.5000
[01:48:37]   early stop @ ep 28
[01:48:37] [eval_half] Acc_paper=0.4426 BalAcc_maj=0.3542 win_BalAcc=0.3877
[01:48:37] === stream sub03_ses01_20260723_185153 ===
[01:48:38] subject=sub03 trials=62 train=31 eval=31
[01:48:39] [sub03] conformer task fold0 ft_tr=1050 ft_va=252 eval=1302 full_model=True
[01:48:39] fold0 ep 001 tr=0.7254 va=0.7289 val_AccPaper=0.5000 val_BalAccMaj=0.5000
[01:48:39] fold0 ep 002 tr=0.6207 va=0.7543 val_AccPaper=0.5833 val_BalAccMaj=0.5833
[01:48:40] fold0 ep 003 tr=0.5481 va=0.7583 val_AccPaper=0.7500 val_BalAccMaj=0.7500
[01:48:40] fold0 ep 004 tr=0.4405 va=0.7988 val_AccPaper=0.8333 val_BalAccMaj=0.8333
[01:48:40] fold0 ep 005 tr=0.3663 va=0.8040 val_AccPaper=0.8333 val_BalAccMaj=0.8333
[01:48:41] fold0 ep 006 tr=0.3279 va=0.9429 val_AccPaper=0.8333 val_BalAccMaj=0.8333
[01:48:41] fold0 ep 007 tr=0.2606 va=0.8511 val_AccPaper=0.8333 val_BalAccMaj=0.8333
[01:48:42] fold0 ep 008 tr=0.2167 va=0.9799 val_AccPaper=0.8333 val_BalAccMaj=0.8333
[01:48:42] fold0 ep 009 tr=0.2121 va=0.9233 val_AccPaper=0.8333 val_BalAccMaj=0.8333
[01:48:43] fold0 ep 010 tr=0.1668 va=0.9833 val_AccPaper=0.8333 val_BalAccMaj=0.8333
[01:48:43] fold0 ep 011 tr=0.1941 va=1.1232 val_AccPaper=0.8333 val_BalAccMaj=0.8333
[01:48:43] fold0 ep 012 tr=0.1727 va=1.0890 val_AccPaper=0.8333 val_BalAccMaj=0.8333
[01:48:44] fold0 ep 013 tr=0.1604 va=1.2239 val_AccPaper=0.8333 val_BalAccMaj=0.8333
[01:48:44] fold0 ep 014 tr=0.1531 va=1.1275 val_AccPaper=0.7500 val_BalAccMaj=0.7500
[01:48:45] fold0 ep 015 tr=0.1310 va=1.1679 val_AccPaper=0.8333 val_BalAccMaj=0.8333
[01:48:45] fold0 ep 016 tr=0.1386 va=1.2900 val_AccPaper=0.8333 val_BalAccMaj=0.8333
[01:48:45] fold0 ep 017 tr=0.1468 va=1.3101 val_AccPaper=0.8333 val_BalAccMaj=0.8333
[01:48:46] fold0 ep 018 tr=0.1204 va=1.3730 val_AccPaper=0.8333 val_BalAccMaj=0.8333
[01:48:46] fold0 ep 019 tr=0.0859 va=1.5018 val_AccPaper=0.8333 val_BalAccMaj=0.8333
[01:48:46] fold0 ep 020 tr=0.1170 va=1.5932 val_AccPaper=0.8333 val_BalAccMaj=0.8333
[01:48:47] fold0 ep 021 tr=0.1371 va=1.3418 val_AccPaper=0.8333 val_BalAccMaj=0.8333
[01:48:47] fold0 ep 022 tr=0.0860 va=1.4701 val_AccPaper=0.8333 val_BalAccMaj=0.8333
[01:48:47] fold0 ep 023 tr=0.0967 va=1.6212 val_AccPaper=0.7500 val_BalAccMaj=0.7500
[01:48:48] fold0 ep 024 tr=0.0798 va=1.5944 val_AccPaper=0.7500 val_BalAccMaj=0.7500
[01:48:48]   early stop @ ep 24
[01:48:48] [eval_half] Acc_paper=0.7419 BalAcc_maj=0.7419 win_BalAcc=0.6828
[01:48:48] [sub03] conformer task fold1 ft_tr=1050 ft_va=252 eval=1302 full_model=True
[01:48:48] fold1 ep 001 tr=0.7973 va=0.7323 val_AccPaper=0.4167 val_BalAccMaj=0.4167
[01:48:49] fold1 ep 002 tr=0.6793 va=0.7374 val_AccPaper=0.4167 val_BalAccMaj=0.4167
[01:48:49] fold1 ep 003 tr=0.6342 va=0.8107 val_AccPaper=0.5000 val_BalAccMaj=0.5000
[01:48:49] fold1 ep 004 tr=0.5144 va=0.8954 val_AccPaper=0.6667 val_BalAccMaj=0.6667
[01:48:50] fold1 ep 005 tr=0.4349 va=0.7773 val_AccPaper=0.6667 val_BalAccMaj=0.6667
[01:48:50] fold1 ep 006 tr=0.3779 va=0.7584 val_AccPaper=0.7500 val_BalAccMaj=0.7500
[01:48:51] fold1 ep 007 tr=0.2652 va=1.0618 val_AccPaper=0.7500 val_BalAccMaj=0.7500
[01:48:51] fold1 ep 008 tr=0.2115 va=1.1199 val_AccPaper=0.7500 val_BalAccMaj=0.7500
[01:48:51] fold1 ep 009 tr=0.2191 va=0.8854 val_AccPaper=0.8333 val_BalAccMaj=0.8333
[01:48:52] fold1 ep 010 tr=0.1732 va=1.2954 val_AccPaper=0.8333 val_BalAccMaj=0.8333
[01:48:52] fold1 ep 011 tr=0.1592 va=1.2274 val_AccPaper=0.8333 val_BalAccMaj=0.8333
[01:48:52] fold1 ep 012 tr=0.1071 va=1.4886 val_AccPaper=0.8333 val_BalAccMaj=0.8333
[01:48:53] fold1 ep 013 tr=0.1116 va=1.4609 val_AccPaper=0.8333 val_BalAccMaj=0.8333
[01:48:53] fold1 ep 014 tr=0.1035 va=1.4171 val_AccPaper=0.8333 val_BalAccMaj=0.8333
[01:48:54] fold1 ep 015 tr=0.1031 va=1.4743 val_AccPaper=0.8333 val_BalAccMaj=0.8333
[01:48:54] fold1 ep 016 tr=0.0798 va=1.7239 val_AccPaper=0.8333 val_BalAccMaj=0.8333
[01:48:54] fold1 ep 017 tr=0.1052 va=1.6348 val_AccPaper=0.6667 val_BalAccMaj=0.6667
[01:48:55] fold1 ep 018 tr=0.0722 va=1.5342 val_AccPaper=0.8333 val_BalAccMaj=0.8333
[01:48:55] fold1 ep 019 tr=0.1070 va=1.6762 val_AccPaper=0.8333 val_BalAccMaj=0.8333
[01:48:55] fold1 ep 020 tr=0.0955 va=1.6283 val_AccPaper=0.8333 val_BalAccMaj=0.8333
[01:48:56] fold1 ep 021 tr=0.0709 va=1.9070 val_AccPaper=0.8333 val_BalAccMaj=0.8333
[01:48:56] fold1 ep 022 tr=0.0640 va=1.7647 val_AccPaper=0.8333 val_BalAccMaj=0.8333
[01:48:56] fold1 ep 023 tr=0.0697 va=1.7490 val_AccPaper=0.8333 val_BalAccMaj=0.8333
[01:48:57] fold1 ep 024 tr=0.0729 va=1.6105 val_AccPaper=0.8333 val_BalAccMaj=0.8333
[01:48:57] fold1 ep 025 tr=0.0722 va=1.8109 val_AccPaper=0.8333 val_BalAccMaj=0.8333
[01:48:57] fold1 ep 026 tr=0.0433 va=1.7729 val_AccPaper=0.8333 val_BalAccMaj=0.8333
[01:48:58] fold1 ep 027 tr=0.0493 va=2.1035 val_AccPaper=0.8333 val_BalAccMaj=0.8333
[01:48:58] fold1 ep 028 tr=0.0636 va=1.9999 val_AccPaper=0.8333 val_BalAccMaj=0.8333
[01:48:58] fold1 ep 029 tr=0.0573 va=1.9069 val_AccPaper=0.8333 val_BalAccMaj=0.8333
[01:48:58]   early stop @ ep 29
[01:48:59] [eval_half] Acc_paper=0.7097 BalAcc_maj=0.7097 win_BalAcc=0.7243
[01:48:59] [sub03] conformer task fold2 ft_tr=1050 ft_va=252 eval=1302 full_model=True
[01:48:59] fold2 ep 001 tr=0.7230 va=0.6949 val_AccPaper=0.5833 val_BalAccMaj=0.5833
[01:49:00] fold2 ep 002 tr=0.5566 va=0.7853 val_AccPaper=0.5833 val_BalAccMaj=0.5833
[01:49:00] fold2 ep 003 tr=0.4501 va=0.7578 val_AccPaper=0.7500 val_BalAccMaj=0.7500
[01:49:00] fold2 ep 004 tr=0.3606 va=0.7887 val_AccPaper=0.8333 val_BalAccMaj=0.8333
[01:49:01] fold2 ep 005 tr=0.3287 va=0.8418 val_AccPaper=0.7500 val_BalAccMaj=0.7500
[01:49:01] fold2 ep 006 tr=0.2706 va=0.7743 val_AccPaper=0.7500 val_BalAccMaj=0.7500
[01:49:02] fold2 ep 007 tr=0.2377 va=0.9165 val_AccPaper=0.7500 val_BalAccMaj=0.7500
[01:49:02] fold2 ep 008 tr=0.2511 va=0.8528 val_AccPaper=0.7500 val_BalAccMaj=0.7500
[01:49:02] fold2 ep 009 tr=0.2072 va=0.8716 val_AccPaper=0.8333 val_BalAccMaj=0.8333
[01:49:03] fold2 ep 010 tr=0.1847 va=0.9101 val_AccPaper=0.8333 val_BalAccMaj=0.8333
[01:49:03] fold2 ep 011 tr=0.1721 va=1.0144 val_AccPaper=0.8333 val_BalAccMaj=0.8333
[01:49:03] fold2 ep 012 tr=0.1524 va=1.1105 val_AccPaper=0.8333 val_BalAccMaj=0.8333
[01:49:04] fold2 ep 013 tr=0.1359 va=1.2235 val_AccPaper=0.8333 val_BalAccMaj=0.8333
[01:49:04] fold2 ep 014 tr=0.1263 va=1.2518 val_AccPaper=0.8333 val_BalAccMaj=0.8333
[01:49:04] fold2 ep 015 tr=0.1119 va=1.1978 val_AccPaper=0.8333 val_BalAccMaj=0.8333
[01:49:05] fold2 ep 016 tr=0.1024 va=1.3603 val_AccPaper=0.8333 val_BalAccMaj=0.8333
[01:49:05] fold2 ep 017 tr=0.0973 va=1.3909 val_AccPaper=0.8333 val_BalAccMaj=0.8333
[01:49:05] fold2 ep 018 tr=0.0728 va=1.3529 val_AccPaper=0.8333 val_BalAccMaj=0.8333
[01:49:06] fold2 ep 019 tr=0.0862 va=1.4378 val_AccPaper=0.8333 val_BalAccMaj=0.8333
[01:49:06] fold2 ep 020 tr=0.0822 va=1.4399 val_AccPaper=0.8333 val_BalAccMaj=0.8333
[01:49:07] fold2 ep 021 tr=0.0885 va=1.5030 val_AccPaper=0.8333 val_BalAccMaj=0.8333
[01:49:07] fold2 ep 022 tr=0.0669 va=1.5065 val_AccPaper=0.8333 val_BalAccMaj=0.8333
[01:49:07] fold2 ep 023 tr=0.0779 va=1.6753 val_AccPaper=0.8333 val_BalAccMaj=0.8333
[01:49:08] fold2 ep 024 tr=0.0766 va=1.6644 val_AccPaper=0.8333 val_BalAccMaj=0.8333
[01:49:08]   early stop @ ep 24
[01:49:08] [eval_half] Acc_paper=0.7419 BalAcc_maj=0.7419 win_BalAcc=0.6874
[01:49:08] [sub03] conformer task fold3 ft_tr=1050 ft_va=252 eval=1302 full_model=True
[01:49:08] fold3 ep 001 tr=0.7109 va=0.6456 val_AccPaper=0.6667 val_BalAccMaj=0.6667
[01:49:09] fold3 ep 002 tr=0.6134 va=0.6161 val_AccPaper=0.6667 val_BalAccMaj=0.6667
[01:49:09] fold3 ep 003 tr=0.4950 va=0.7175 val_AccPaper=0.6667 val_BalAccMaj=0.6667
[01:49:09] fold3 ep 004 tr=0.3813 va=0.8061 val_AccPaper=0.7500 val_BalAccMaj=0.7500
[01:49:10] fold3 ep 005 tr=0.2861 va=0.7257 val_AccPaper=0.8333 val_BalAccMaj=0.8333
[01:49:10] fold3 ep 006 tr=0.2592 va=0.6826 val_AccPaper=0.7500 val_BalAccMaj=0.7500
[01:49:11] fold3 ep 007 tr=0.2274 va=0.9699 val_AccPaper=0.7500 val_BalAccMaj=0.7500
[01:49:11] fold3 ep 008 tr=0.2141 va=1.1497 val_AccPaper=0.7500 val_BalAccMaj=0.7500
[01:49:11] fold3 ep 009 tr=0.2062 va=1.0742 val_AccPaper=0.7500 val_BalAccMaj=0.7500
[01:49:12] fold3 ep 010 tr=0.1754 va=1.6065 val_AccPaper=0.7500 val_BalAccMaj=0.7500
[01:49:12] fold3 ep 011 tr=0.1520 va=1.4764 val_AccPaper=0.7500 val_BalAccMaj=0.7500
[01:49:12] fold3 ep 012 tr=0.1330 va=1.8319 val_AccPaper=0.7500 val_BalAccMaj=0.7500
[01:49:13] fold3 ep 013 tr=0.1439 va=1.4745 val_AccPaper=0.7500 val_BalAccMaj=0.7500
[01:49:13] fold3 ep 014 tr=0.1528 va=1.3068 val_AccPaper=0.7500 val_BalAccMaj=0.7500
[01:49:14] fold3 ep 015 tr=0.1322 va=1.3406 val_AccPaper=0.7500 val_BalAccMaj=0.7500
[01:49:14] fold3 ep 016 tr=0.1002 va=1.6842 val_AccPaper=0.7500 val_BalAccMaj=0.7500
[01:49:14] fold3 ep 017 tr=0.1227 va=1.7150 val_AccPaper=0.7500 val_BalAccMaj=0.7500
[01:49:15] fold3 ep 018 tr=0.1263 va=1.5866 val_AccPaper=0.7500 val_BalAccMaj=0.7500
[01:49:15] fold3 ep 019 tr=0.0967 va=1.5700 val_AccPaper=0.7500 val_BalAccMaj=0.7500
[01:49:15] fold3 ep 020 tr=0.1122 va=1.7083 val_AccPaper=0.7500 val_BalAccMaj=0.7500
[01:49:16] fold3 ep 021 tr=0.1064 va=1.3227 val_AccPaper=0.8333 val_BalAccMaj=0.8333
[01:49:16] fold3 ep 022 tr=0.0817 va=1.9051 val_AccPaper=0.7500 val_BalAccMaj=0.7500
[01:49:17] fold3 ep 023 tr=0.1033 va=1.4767 val_AccPaper=0.7500 val_BalAccMaj=0.7500
[01:49:17] fold3 ep 024 tr=0.0685 va=1.4828 val_AccPaper=0.8333 val_BalAccMaj=0.8333
[01:49:18] fold3 ep 025 tr=0.0803 va=1.9966 val_AccPaper=0.7500 val_BalAccMaj=0.7500
[01:49:18]   early stop @ ep 25
[01:49:18] [eval_half] Acc_paper=0.7903 BalAcc_maj=0.7903 win_BalAcc=0.7481
[01:49:18] [sub03] conformer task fold4 ft_tr=1050 ft_va=252 eval=1302 full_model=True
[01:49:18] fold4 ep 001 tr=0.7149 va=0.6561 val_AccPaper=0.5000 val_BalAccMaj=0.5000
[01:49:19] fold4 ep 002 tr=0.5637 va=0.6683 val_AccPaper=0.5833 val_BalAccMaj=0.5833
[01:49:19] fold4 ep 003 tr=0.4698 va=0.6854 val_AccPaper=0.7500 val_BalAccMaj=0.7500
[01:49:20] fold4 ep 004 tr=0.3956 va=0.8176 val_AccPaper=0.7500 val_BalAccMaj=0.7500
[01:49:20] fold4 ep 005 tr=0.3080 va=0.9314 val_AccPaper=0.6667 val_BalAccMaj=0.6667
[01:49:20] fold4 ep 006 tr=0.2756 va=0.9745 val_AccPaper=0.8333 val_BalAccMaj=0.8333
[01:49:21] fold4 ep 007 tr=0.2410 va=1.0008 val_AccPaper=0.7500 val_BalAccMaj=0.7500
[01:49:21] fold4 ep 008 tr=0.2058 va=1.2200 val_AccPaper=0.6667 val_BalAccMaj=0.6667
[01:49:21] fold4 ep 009 tr=0.1724 va=1.1367 val_AccPaper=0.8333 val_BalAccMaj=0.8333
[01:49:22] fold4 ep 010 tr=0.1812 va=1.1992 val_AccPaper=0.8333 val_BalAccMaj=0.8333
[01:49:22] fold4 ep 011 tr=0.1735 va=1.1790 val_AccPaper=0.7500 val_BalAccMaj=0.7500
[01:49:23] fold4 ep 012 tr=0.1546 va=1.1034 val_AccPaper=0.8333 val_BalAccMaj=0.8333
[01:49:23] fold4 ep 013 tr=0.1333 va=1.3680 val_AccPaper=0.7500 val_BalAccMaj=0.7500
[01:49:23] fold4 ep 014 tr=0.1643 va=1.3064 val_AccPaper=0.7500 val_BalAccMaj=0.7500
[01:49:24] fold4 ep 015 tr=0.1168 va=1.4821 val_AccPaper=0.7500 val_BalAccMaj=0.7500
[01:49:24] fold4 ep 016 tr=0.1358 va=1.4316 val_AccPaper=0.7500 val_BalAccMaj=0.7500
[01:49:24] fold4 ep 017 tr=0.1092 va=1.5407 val_AccPaper=0.7500 val_BalAccMaj=0.7500
[01:49:25] fold4 ep 018 tr=0.1223 va=1.4856 val_AccPaper=0.7500 val_BalAccMaj=0.7500
[01:49:25] fold4 ep 019 tr=0.1198 va=1.6146 val_AccPaper=0.7500 val_BalAccMaj=0.7500
[01:49:25] fold4 ep 020 tr=0.0988 va=1.4146 val_AccPaper=0.8333 val_BalAccMaj=0.8333
[01:49:26] fold4 ep 021 tr=0.0998 va=1.4259 val_AccPaper=0.7500 val_BalAccMaj=0.7500
[01:49:26] fold4 ep 022 tr=0.0822 va=1.6726 val_AccPaper=0.7500 val_BalAccMaj=0.7500
[01:49:27] fold4 ep 023 tr=0.1171 va=1.7081 val_AccPaper=0.7500 val_BalAccMaj=0.7500
[01:49:27] fold4 ep 024 tr=0.0911 va=1.5613 val_AccPaper=0.7500 val_BalAccMaj=0.7500
[01:49:27] fold4 ep 025 tr=0.0943 va=1.5048 val_AccPaper=0.8333 val_BalAccMaj=0.8333
[01:49:28] fold4 ep 026 tr=0.0804 va=1.5929 val_AccPaper=0.7500 val_BalAccMaj=0.7500
[01:49:28]   early stop @ ep 26
[01:49:28] [eval_half] Acc_paper=0.8226 BalAcc_maj=0.8226 win_BalAcc=0.7596
[01:49:28] [sub03] conformer three fold0 ft_tr=1050 ft_va=252 eval=1302 full_model=True
[01:49:28] fold0 ep 001 tr=1.1890 va=1.0782 val_AccPaper=0.4167 val_BalAccMaj=0.4444
[01:49:29] fold0 ep 002 tr=1.0231 va=1.0365 val_AccPaper=0.4167 val_BalAccMaj=0.5000
[01:49:29] fold0 ep 003 tr=0.8841 va=1.0331 val_AccPaper=0.5000 val_BalAccMaj=0.5833
[01:49:30] fold0 ep 004 tr=0.7823 va=1.1220 val_AccPaper=0.6667 val_BalAccMaj=0.7222
[01:49:30] fold0 ep 005 tr=0.6229 va=1.0672 val_AccPaper=0.6667 val_BalAccMaj=0.6389
[01:49:31] fold0 ep 006 tr=0.4819 va=1.1200 val_AccPaper=0.6667 val_BalAccMaj=0.6389
[01:49:31] fold0 ep 007 tr=0.3382 va=1.4129 val_AccPaper=0.7500 val_BalAccMaj=0.6944
[01:49:31] fold0 ep 008 tr=0.3445 va=1.5612 val_AccPaper=0.7500 val_BalAccMaj=0.6944
[01:49:32] fold0 ep 009 tr=0.2811 va=1.4778 val_AccPaper=0.7500 val_BalAccMaj=0.6944
[01:49:32] fold0 ep 010 tr=0.2215 va=1.5906 val_AccPaper=0.7500 val_BalAccMaj=0.6944
[01:49:33] fold0 ep 011 tr=0.2225 va=1.7618 val_AccPaper=0.6667 val_BalAccMaj=0.6389
[01:49:33] fold0 ep 012 tr=0.1760 va=1.9139 val_AccPaper=0.6667 val_BalAccMaj=0.6389
[01:49:33] fold0 ep 013 tr=0.2038 va=2.0081 val_AccPaper=0.6667 val_BalAccMaj=0.6389
[01:49:34] fold0 ep 014 tr=0.1713 va=1.9344 val_AccPaper=0.7500 val_BalAccMaj=0.6944
[01:49:34] fold0 ep 015 tr=0.1792 va=1.9476 val_AccPaper=0.6667 val_BalAccMaj=0.6389
[01:49:34] fold0 ep 016 tr=0.1435 va=2.0056 val_AccPaper=0.7500 val_BalAccMaj=0.6944
[01:49:35] fold0 ep 017 tr=0.1330 va=2.3427 val_AccPaper=0.5833 val_BalAccMaj=0.5556
[01:49:35] fold0 ep 018 tr=0.1105 va=2.1680 val_AccPaper=0.6667 val_BalAccMaj=0.6389
[01:49:35] fold0 ep 019 tr=0.1198 va=2.3306 val_AccPaper=0.6667 val_BalAccMaj=0.6111
[01:49:36] fold0 ep 020 tr=0.1100 va=2.3532 val_AccPaper=0.6667 val_BalAccMaj=0.6389
[01:49:36] fold0 ep 021 tr=0.1173 va=2.2471 val_AccPaper=0.6667 val_BalAccMaj=0.6111
[01:49:37] fold0 ep 022 tr=0.1234 va=2.4827 val_AccPaper=0.6667 val_BalAccMaj=0.6389
[01:49:37] fold0 ep 023 tr=0.1111 va=2.3926 val_AccPaper=0.6667 val_BalAccMaj=0.6389
[01:49:37] fold0 ep 024 tr=0.0816 va=2.4800 val_AccPaper=0.7500 val_BalAccMaj=0.6944
[01:49:38] fold0 ep 025 tr=0.0904 va=2.5357 val_AccPaper=0.7500 val_BalAccMaj=0.6944
[01:49:38] fold0 ep 026 tr=0.0997 va=2.4140 val_AccPaper=0.6667 val_BalAccMaj=0.6389
[01:49:39] fold0 ep 027 tr=0.0565 va=2.6790 val_AccPaper=0.7500 val_BalAccMaj=0.6944
[01:49:39]   early stop @ ep 27
[01:49:39] [eval_half] Acc_paper=0.5484 BalAcc_maj=0.5091 win_BalAcc=0.5020
[01:49:39] [sub03] conformer three fold1 ft_tr=1050 ft_va=252 eval=1302 full_model=True
[01:49:39] fold1 ep 001 tr=1.1849 va=1.2098 val_AccPaper=0.4167 val_BalAccMaj=0.4444
[01:49:40] fold1 ep 002 tr=1.0018 va=1.2481 val_AccPaper=0.4167 val_BalAccMaj=0.3889
[01:49:40] fold1 ep 003 tr=0.8915 va=1.3041 val_AccPaper=0.4167 val_BalAccMaj=0.3889
[01:49:40] fold1 ep 004 tr=0.7415 va=1.3366 val_AccPaper=0.5000 val_BalAccMaj=0.5000
[01:49:41] fold1 ep 005 tr=0.6597 va=1.3068 val_AccPaper=0.6667 val_BalAccMaj=0.6389
[01:49:41] fold1 ep 006 tr=0.5272 va=1.5778 val_AccPaper=0.5000 val_BalAccMaj=0.5000
[01:49:42] fold1 ep 007 tr=0.4167 va=1.4410 val_AccPaper=0.6667 val_BalAccMaj=0.6389
[01:49:42] fold1 ep 008 tr=0.3503 va=1.4840 val_AccPaper=0.6667 val_BalAccMaj=0.6389
[01:49:42] fold1 ep 009 tr=0.2931 va=1.7115 val_AccPaper=0.5833 val_BalAccMaj=0.5833
[01:49:43] fold1 ep 010 tr=0.2507 va=1.9654 val_AccPaper=0.5833 val_BalAccMaj=0.5833
[01:49:43] fold1 ep 011 tr=0.2220 va=2.1513 val_AccPaper=0.6667 val_BalAccMaj=0.6389
[01:49:43] fold1 ep 012 tr=0.1816 va=2.0829 val_AccPaper=0.6667 val_BalAccMaj=0.6389
[01:49:44] fold1 ep 013 tr=0.1513 va=2.3678 val_AccPaper=0.6667 val_BalAccMaj=0.6389
[01:49:44] fold1 ep 014 tr=0.1593 va=2.5000 val_AccPaper=0.6667 val_BalAccMaj=0.6389
[01:49:45] fold1 ep 015 tr=0.1526 va=2.3238 val_AccPaper=0.6667 val_BalAccMaj=0.6389
[01:49:45] fold1 ep 016 tr=0.1339 va=2.5735 val_AccPaper=0.5833 val_BalAccMaj=0.6389
[01:49:45] fold1 ep 017 tr=0.1512 va=2.2745 val_AccPaper=0.6667 val_BalAccMaj=0.6944
[01:49:46] fold1 ep 018 tr=0.1102 va=2.5669 val_AccPaper=0.5833 val_BalAccMaj=0.6389
[01:49:46] fold1 ep 019 tr=0.1335 va=2.7333 val_AccPaper=0.5833 val_BalAccMaj=0.6389
[01:49:46] fold1 ep 020 tr=0.1483 va=2.6361 val_AccPaper=0.6667 val_BalAccMaj=0.6944
[01:49:47] fold1 ep 021 tr=0.0962 va=2.5421 val_AccPaper=0.6667 val_BalAccMaj=0.6389
[01:49:47] fold1 ep 022 tr=0.0999 va=2.6955 val_AccPaper=0.6667 val_BalAccMaj=0.6389
[01:49:48] fold1 ep 023 tr=0.1024 va=2.9115 val_AccPaper=0.6667 val_BalAccMaj=0.6389
[01:49:48] fold1 ep 024 tr=0.1010 va=2.7659 val_AccPaper=0.7500 val_BalAccMaj=0.6944
[01:49:48] fold1 ep 025 tr=0.0763 va=2.6020 val_AccPaper=0.7500 val_BalAccMaj=0.6944
[01:49:49] fold1 ep 026 tr=0.1069 va=2.5821 val_AccPaper=0.7500 val_BalAccMaj=0.6944
[01:49:49] fold1 ep 027 tr=0.0922 va=2.8935 val_AccPaper=0.6667 val_BalAccMaj=0.6389
[01:49:49] fold1 ep 028 tr=0.0614 va=2.8766 val_AccPaper=0.6667 val_BalAccMaj=0.6944
[01:49:50] fold1 ep 029 tr=0.1047 va=2.9674 val_AccPaper=0.6667 val_BalAccMaj=0.6389
[01:49:50] fold1 ep 030 tr=0.0502 va=2.8789 val_AccPaper=0.6667 val_BalAccMaj=0.6389
[01:49:51] fold1 ep 031 tr=0.0734 va=3.1250 val_AccPaper=0.5833 val_BalAccMaj=0.5833
[01:49:51] fold1 ep 032 tr=0.0488 va=3.1528 val_AccPaper=0.7500 val_BalAccMaj=0.6944
[01:49:51] fold1 ep 033 tr=0.0601 va=3.2508 val_AccPaper=0.6667 val_BalAccMaj=0.6944
[01:49:52] fold1 ep 034 tr=0.0839 va=3.1050 val_AccPaper=0.7500 val_BalAccMaj=0.6944
[01:49:52] fold1 ep 035 tr=0.0560 va=3.2058 val_AccPaper=0.7500 val_BalAccMaj=0.6944
[01:49:52] fold1 ep 036 tr=0.0558 va=3.2878 val_AccPaper=0.5833 val_BalAccMaj=0.5833
[01:49:53] fold1 ep 037 tr=0.0594 va=3.2754 val_AccPaper=0.7500 val_BalAccMaj=0.6944
[01:49:53] fold1 ep 038 tr=0.0501 va=3.0992 val_AccPaper=0.7500 val_BalAccMaj=0.6944
[01:49:53] fold1 ep 039 tr=0.0526 va=3.0849 val_AccPaper=0.7500 val_BalAccMaj=0.6944
[01:49:54] fold1 ep 040 tr=0.0553 va=3.0570 val_AccPaper=0.7500 val_BalAccMaj=0.6944
[01:49:54] fold1 ep 041 tr=0.0660 va=3.4595 val_AccPaper=0.6667 val_BalAccMaj=0.6389
[01:49:54] fold1 ep 042 tr=0.0486 va=3.1221 val_AccPaper=0.6667 val_BalAccMaj=0.6389
[01:49:55] fold1 ep 043 tr=0.0535 va=3.1928 val_AccPaper=0.6667 val_BalAccMaj=0.6389
[01:49:55] fold1 ep 044 tr=0.0549 va=3.5201 val_AccPaper=0.5833 val_BalAccMaj=0.5833
[01:49:55]   early stop @ ep 44
[01:49:55] [eval_half] Acc_paper=0.6129 BalAcc_maj=0.5407 win_BalAcc=0.5456
[01:49:55] [sub03] conformer three fold2 ft_tr=1050 ft_va=252 eval=1302 full_model=True
[01:49:56] fold2 ep 001 tr=1.1847 va=1.0422 val_AccPaper=0.5833 val_BalAccMaj=0.4444
[01:49:56] fold2 ep 002 tr=1.0200 va=1.0254 val_AccPaper=0.4167 val_BalAccMaj=0.3333
[01:49:57] fold2 ep 003 tr=0.8788 va=1.0017 val_AccPaper=0.6667 val_BalAccMaj=0.7222
[01:49:57] fold2 ep 004 tr=0.7752 va=0.9213 val_AccPaper=0.6667 val_BalAccMaj=0.6389
[01:49:57] fold2 ep 005 tr=0.6446 va=1.0103 val_AccPaper=0.6667 val_BalAccMaj=0.6111
[01:49:58] fold2 ep 006 tr=0.5674 va=1.2142 val_AccPaper=0.7500 val_BalAccMaj=0.7778
[01:49:58] fold2 ep 007 tr=0.4451 va=1.2649 val_AccPaper=0.6667 val_BalAccMaj=0.6111
[01:49:59] fold2 ep 008 tr=0.4457 va=1.3321 val_AccPaper=0.5833 val_BalAccMaj=0.6389
[01:49:59] fold2 ep 009 tr=0.2639 va=1.4657 val_AccPaper=0.6667 val_BalAccMaj=0.6944
[01:49:59] fold2 ep 010 tr=0.2489 va=1.4143 val_AccPaper=0.6667 val_BalAccMaj=0.6944
[01:50:00] fold2 ep 011 tr=0.2525 va=1.7278 val_AccPaper=0.6667 val_BalAccMaj=0.6389
[01:50:00] fold2 ep 012 tr=0.2278 va=1.6571 val_AccPaper=0.6667 val_BalAccMaj=0.6944
[01:50:00] fold2 ep 013 tr=0.2083 va=2.1192 val_AccPaper=0.5000 val_BalAccMaj=0.5833
[01:50:01] fold2 ep 014 tr=0.2075 va=1.9161 val_AccPaper=0.6667 val_BalAccMaj=0.6389
[01:50:01] fold2 ep 015 tr=0.1824 va=1.8464 val_AccPaper=0.5833 val_BalAccMaj=0.6389
[01:50:02] fold2 ep 016 tr=0.1466 va=1.9106 val_AccPaper=0.6667 val_BalAccMaj=0.6389
[01:50:02] fold2 ep 017 tr=0.1371 va=2.0151 val_AccPaper=0.7500 val_BalAccMaj=0.6944
[01:50:02] fold2 ep 018 tr=0.1364 va=2.1115 val_AccPaper=0.5833 val_BalAccMaj=0.6389
[01:50:03] fold2 ep 019 tr=0.1505 va=2.0844 val_AccPaper=0.6667 val_BalAccMaj=0.6944
[01:50:03] fold2 ep 020 tr=0.1291 va=2.1693 val_AccPaper=0.7500 val_BalAccMaj=0.6944
[01:50:03] fold2 ep 021 tr=0.1379 va=2.2421 val_AccPaper=0.6667 val_BalAccMaj=0.6944
[01:50:04] fold2 ep 022 tr=0.1469 va=2.1037 val_AccPaper=0.7500 val_BalAccMaj=0.6944
[01:50:04] fold2 ep 023 tr=0.0796 va=2.3182 val_AccPaper=0.7500 val_BalAccMaj=0.6944
[01:50:04] fold2 ep 024 tr=0.1372 va=2.5142 val_AccPaper=0.6667 val_BalAccMaj=0.6944
[01:50:05] fold2 ep 025 tr=0.0994 va=2.3097 val_AccPaper=0.7500 val_BalAccMaj=0.6944
[01:50:05] fold2 ep 026 tr=0.0897 va=2.4168 val_AccPaper=0.6667 val_BalAccMaj=0.6389
[01:50:05]   early stop @ ep 26
[01:50:05] [eval_half] Acc_paper=0.5484 BalAcc_maj=0.4417 win_BalAcc=0.4551
[01:50:05] [sub03] conformer three fold3 ft_tr=1050 ft_va=252 eval=1302 full_model=True
[01:50:06] fold3 ep 001 tr=1.2531 va=1.2052 val_AccPaper=0.1667 val_BalAccMaj=0.3056
[01:50:06] fold3 ep 002 tr=1.0030 va=1.1278 val_AccPaper=0.3333 val_BalAccMaj=0.3611
[01:50:07] fold3 ep 003 tr=0.9305 va=1.1536 val_AccPaper=0.3333 val_BalAccMaj=0.3611
[01:50:07] fold3 ep 004 tr=0.8117 va=1.2372 val_AccPaper=0.4167 val_BalAccMaj=0.4167
[01:50:07] fold3 ep 005 tr=0.6830 va=1.2821 val_AccPaper=0.5833 val_BalAccMaj=0.5278
[01:50:08] fold3 ep 006 tr=0.6020 va=1.4044 val_AccPaper=0.5833 val_BalAccMaj=0.5278
[01:50:08] fold3 ep 007 tr=0.4622 va=1.4060 val_AccPaper=0.5833 val_BalAccMaj=0.5278
[01:50:09] fold3 ep 008 tr=0.4445 va=1.6301 val_AccPaper=0.5000 val_BalAccMaj=0.4722
[01:50:09] fold3 ep 009 tr=0.3125 va=1.7051 val_AccPaper=0.5000 val_BalAccMaj=0.4722
[01:50:09] fold3 ep 010 tr=0.2911 va=1.6205 val_AccPaper=0.5000 val_BalAccMaj=0.5278
[01:50:10] fold3 ep 011 tr=0.2103 va=1.7795 val_AccPaper=0.4167 val_BalAccMaj=0.5556
[01:50:10] fold3 ep 012 tr=0.2338 va=1.8043 val_AccPaper=0.6667 val_BalAccMaj=0.6389
[01:50:11] fold3 ep 013 tr=0.1744 va=1.8874 val_AccPaper=0.5833 val_BalAccMaj=0.6111
[01:50:11] fold3 ep 014 tr=0.1367 va=1.8165 val_AccPaper=0.5833 val_BalAccMaj=0.7778
[01:50:11] fold3 ep 015 tr=0.1606 va=1.9435 val_AccPaper=0.6667 val_BalAccMaj=0.6944
[01:50:12] fold3 ep 016 tr=0.1468 va=1.8553 val_AccPaper=0.6667 val_BalAccMaj=0.6944
[01:50:12] fold3 ep 017 tr=0.1432 va=2.0627 val_AccPaper=0.6667 val_BalAccMaj=0.6944
[01:50:12] fold3 ep 018 tr=0.0856 va=1.8248 val_AccPaper=0.6667 val_BalAccMaj=0.6111
[01:50:13] fold3 ep 019 tr=0.1034 va=2.0205 val_AccPaper=0.6667 val_BalAccMaj=0.7778
[01:50:13] fold3 ep 020 tr=0.1035 va=2.1494 val_AccPaper=0.6667 val_BalAccMaj=0.7778
[01:50:13] fold3 ep 021 tr=0.0886 va=2.2235 val_AccPaper=0.7500 val_BalAccMaj=0.7778
[01:50:14] fold3 ep 022 tr=0.0658 va=2.1865 val_AccPaper=0.6667 val_BalAccMaj=0.7778
[01:50:14] fold3 ep 023 tr=0.0864 va=1.8844 val_AccPaper=0.8333 val_BalAccMaj=0.8611
[01:50:14] fold3 ep 024 tr=0.0793 va=2.2362 val_AccPaper=0.6667 val_BalAccMaj=0.7778
[01:50:15] fold3 ep 025 tr=0.0698 va=2.0621 val_AccPaper=0.7500 val_BalAccMaj=0.7778
[01:50:15] fold3 ep 026 tr=0.0826 va=2.1734 val_AccPaper=0.7500 val_BalAccMaj=0.7778
[01:50:15] fold3 ep 027 tr=0.0635 va=2.3349 val_AccPaper=0.5833 val_BalAccMaj=0.7778
[01:50:16] fold3 ep 028 tr=0.0629 va=2.4997 val_AccPaper=0.6667 val_BalAccMaj=0.7778
[01:50:16] fold3 ep 029 tr=0.0616 va=2.6565 val_AccPaper=0.6667 val_BalAccMaj=0.7778
[01:50:16] fold3 ep 030 tr=0.0665 va=2.6222 val_AccPaper=0.6667 val_BalAccMaj=0.7222
[01:50:17] fold3 ep 031 tr=0.0556 va=2.5425 val_AccPaper=0.6667 val_BalAccMaj=0.7222
[01:50:17] fold3 ep 032 tr=0.0464 va=3.1263 val_AccPaper=0.5833 val_BalAccMaj=0.5556
[01:50:17] fold3 ep 033 tr=0.0561 va=2.4658 val_AccPaper=0.7500 val_BalAccMaj=0.7778
[01:50:18] fold3 ep 034 tr=0.0467 va=2.5967 val_AccPaper=0.7500 val_BalAccMaj=0.7778
[01:50:18] fold3 ep 035 tr=0.0408 va=2.5603 val_AccPaper=0.7500 val_BalAccMaj=0.7778
[01:50:18] fold3 ep 036 tr=0.0802 va=2.7301 val_AccPaper=0.7500 val_BalAccMaj=0.7778
[01:50:19] fold3 ep 037 tr=0.0283 va=2.2989 val_AccPaper=0.7500 val_BalAccMaj=0.7778
[01:50:19] fold3 ep 038 tr=0.0359 va=2.5201 val_AccPaper=0.7500 val_BalAccMaj=0.7778
[01:50:19] fold3 ep 039 tr=0.0403 va=2.4895 val_AccPaper=0.7500 val_BalAccMaj=0.7778
[01:50:20] fold3 ep 040 tr=0.0380 va=2.5293 val_AccPaper=0.7500 val_BalAccMaj=0.7778
[01:50:20] fold3 ep 041 tr=0.0210 va=2.7568 val_AccPaper=0.6667 val_BalAccMaj=0.7778
[01:50:20] fold3 ep 042 tr=0.0325 va=2.3570 val_AccPaper=0.6667 val_BalAccMaj=0.6111
[01:50:21] fold3 ep 043 tr=0.0248 va=2.8913 val_AccPaper=0.7500 val_BalAccMaj=0.7778
[01:50:21]   early stop @ ep 43
[01:50:21] [eval_half] Acc_paper=0.5645 BalAcc_maj=0.4747 win_BalAcc=0.4860
[01:50:21] [sub03] conformer three fold4 ft_tr=1050 ft_va=252 eval=1302 full_model=True
[01:50:21] fold4 ep 001 tr=1.2356 va=0.9928 val_AccPaper=0.4167 val_BalAccMaj=0.3056
[01:50:22] fold4 ep 002 tr=0.9942 va=1.0243 val_AccPaper=0.4167 val_BalAccMaj=0.5278
[01:50:22] fold4 ep 003 tr=0.8535 va=1.0235 val_AccPaper=0.5833 val_BalAccMaj=0.6944
[01:50:22] fold4 ep 004 tr=0.7282 va=1.0369 val_AccPaper=0.6667 val_BalAccMaj=0.8333
[01:50:23] fold4 ep 005 tr=0.5412 va=1.0673 val_AccPaper=0.8333 val_BalAccMaj=0.8889
[01:50:23] fold4 ep 006 tr=0.4599 va=1.1145 val_AccPaper=0.7500 val_BalAccMaj=0.8889
[01:50:23] fold4 ep 007 tr=0.3245 va=1.0898 val_AccPaper=0.8333 val_BalAccMaj=0.7778
[01:50:24] fold4 ep 008 tr=0.3070 va=1.1620 val_AccPaper=0.8333 val_BalAccMaj=0.7778
[01:50:24] fold4 ep 009 tr=0.2378 va=1.2895 val_AccPaper=0.7500 val_BalAccMaj=0.8889
[01:50:24] fold4 ep 010 tr=0.2024 va=1.6182 val_AccPaper=0.8333 val_BalAccMaj=0.8889
[01:50:25] fold4 ep 011 tr=0.1673 va=1.5098 val_AccPaper=0.9167 val_BalAccMaj=0.9444
[01:50:25] fold4 ep 012 tr=0.1568 va=1.3702 val_AccPaper=0.8333 val_BalAccMaj=0.7778
[01:50:25] fold4 ep 013 tr=0.1297 va=1.5280 val_AccPaper=0.8333 val_BalAccMaj=0.8611
[01:50:26] fold4 ep 014 tr=0.1200 va=1.5867 val_AccPaper=0.9167 val_BalAccMaj=0.9444
[01:50:26] fold4 ep 015 tr=0.1024 va=1.6719 val_AccPaper=0.9167 val_BalAccMaj=0.9444
[01:50:26] fold4 ep 016 tr=0.1066 va=1.8511 val_AccPaper=0.8333 val_BalAccMaj=0.7778
[01:50:27] fold4 ep 017 tr=0.0691 va=1.8143 val_AccPaper=0.8333 val_BalAccMaj=0.7778
[01:50:27] fold4 ep 018 tr=0.0908 va=1.7820 val_AccPaper=0.8333 val_BalAccMaj=0.8611
[01:50:27] fold4 ep 019 tr=0.0919 va=1.9650 val_AccPaper=0.6667 val_BalAccMaj=0.6389
[01:50:28] fold4 ep 020 tr=0.0719 va=1.7482 val_AccPaper=0.7500 val_BalAccMaj=0.6944
[01:50:28] fold4 ep 021 tr=0.0801 va=1.9479 val_AccPaper=0.7500 val_BalAccMaj=0.6944
[01:50:28] fold4 ep 022 tr=0.0552 va=2.1257 val_AccPaper=0.7500 val_BalAccMaj=0.6944
[01:50:29] fold4 ep 023 tr=0.0788 va=2.0245 val_AccPaper=0.7500 val_BalAccMaj=0.6944
[01:50:29] fold4 ep 024 tr=0.0693 va=2.3966 val_AccPaper=0.6667 val_BalAccMaj=0.6389
[01:50:29] fold4 ep 025 tr=0.0523 va=2.3344 val_AccPaper=0.6667 val_BalAccMaj=0.6389
[01:50:30] fold4 ep 026 tr=0.0750 va=2.1439 val_AccPaper=0.7500 val_BalAccMaj=0.6944
[01:50:30] fold4 ep 027 tr=0.0627 va=2.5010 val_AccPaper=0.7500 val_BalAccMaj=0.6944
[01:50:30] fold4 ep 028 tr=0.0330 va=2.3582 val_AccPaper=0.7500 val_BalAccMaj=0.6944
[01:50:31] fold4 ep 029 tr=0.0495 va=2.3927 val_AccPaper=0.7500 val_BalAccMaj=0.6944
[01:50:31] fold4 ep 030 tr=0.0428 va=2.4614 val_AccPaper=0.7500 val_BalAccMaj=0.6944
[01:50:31] fold4 ep 031 tr=0.0367 va=2.2719 val_AccPaper=0.7500 val_BalAccMaj=0.6944
[01:50:31]   early stop @ ep 31
[01:50:31] [eval_half] Acc_paper=0.5645 BalAcc_maj=0.4897 win_BalAcc=0.4599
[01:50:31] done -> D:\cyy\MI\资料\伪在线实验\02_微调_前半训后半评\results\20260805_014630_conformer_game_ft_half
