start arm=P0 device=cuda n_classes=3 y_counts={0: 91800, 1: 91800, 2: 91800} pf_protocol_version=3 no_rest=False
[P0] §3.2.1 future-perturb ratio=147.903
fold0 ep 001  tr=1.1292  val_AccPaper=0.5111  val_BalAccMaj=0.5159  win_BalAcc=0.5099  win_f1_macro=0.5031
fold0 ep 002  tr=0.9837  val_AccPaper=0.5433  val_BalAccMaj=0.5467  win_BalAcc=0.5393  win_f1_macro=0.5384
fold0 ep 003  tr=0.9334  val_AccPaper=0.5544  val_BalAccMaj=0.5593  win_BalAcc=0.5507  win_f1_macro=0.5499
fold0 ep 004  tr=0.9113  val_AccPaper=0.5600  val_BalAccMaj=0.5626  win_BalAcc=0.5517  win_f1_macro=0.5521
fold0 ep 005  tr=0.9003  val_AccPaper=0.5696  val_BalAccMaj=0.5744  win_BalAcc=0.5626  win_f1_macro=0.5633
fold0 ep 006  tr=0.8919  val_AccPaper=0.5656  val_BalAccMaj=0.5689  win_BalAcc=0.5604  win_f1_macro=0.5608
fold0 ep 007  tr=0.8808  val_AccPaper=0.5733  val_BalAccMaj=0.5789  win_BalAcc=0.5659  win_f1_macro=0.5664
fold0 ep 008  tr=0.8742  val_AccPaper=0.5611  val_BalAccMaj=0.5685  win_BalAcc=0.5558  win_f1_macro=0.5568
fold0 ep 009  tr=0.8693  val_AccPaper=0.5670  val_BalAccMaj=0.5711  win_BalAcc=0.5602  win_f1_macro=0.5595
fold0 ep 010  tr=0.8664  val_AccPaper=0.5715  val_BalAccMaj=0.5774  win_BalAcc=0.5642  win_f1_macro=0.5653
fold0 ep 011  tr=0.8649  val_AccPaper=0.5667  val_BalAccMaj=0.5741  win_BalAcc=0.5637  win_f1_macro=0.5639
fold0 ep 012  tr=0.8625  val_AccPaper=0.5644  val_BalAccMaj=0.5726  win_BalAcc=0.5614  win_f1_macro=0.5606
fold0 ep 013  tr=0.8589  val_AccPaper=0.5596  val_BalAccMaj=0.5670  win_BalAcc=0.5557  win_f1_macro=0.5558
fold0 ep 014  tr=0.8568  val_AccPaper=0.5700  val_BalAccMaj=0.5756  win_BalAcc=0.5600  win_f1_macro=0.5593
fold0 ep 015  tr=0.8529  val_AccPaper=0.5730  val_BalAccMaj=0.5781  win_BalAcc=0.5641  win_f1_macro=0.5648
fold0 ep 016  tr=0.8516  val_AccPaper=0.5693  val_BalAccMaj=0.5756  win_BalAcc=0.5606  win_f1_macro=0.5610
fold0 ep 017  tr=0.8465  val_AccPaper=0.5707  val_BalAccMaj=0.5774  win_BalAcc=0.5591  win_f1_macro=0.5595
fold0 ep 018  tr=0.8460  val_AccPaper=0.5674  val_BalAccMaj=0.5726  win_BalAcc=0.5623  win_f1_macro=0.5618
fold0 ep 019  tr=0.8440  val_AccPaper=0.5659  val_BalAccMaj=0.5722  win_BalAcc=0.5582  win_f1_macro=0.5576
fold0 ep 020  tr=0.8407  val_AccPaper=0.5759  val_BalAccMaj=0.5852  win_BalAcc=0.5630  win_f1_macro=0.5633
fold0 ep 021  tr=0.8401  val_AccPaper=0.5648  val_BalAccMaj=0.5719  win_BalAcc=0.5623  win_f1_macro=0.5617
fold0 ep 022  tr=0.8390  val_AccPaper=0.5652  val_BalAccMaj=0.5722  win_BalAcc=0.5577  win_f1_macro=0.5568
fold0 ep 023  tr=0.8334  val_AccPaper=0.5659  val_BalAccMaj=0.5715  win_BalAcc=0.5553  win_f1_macro=0.5536
fold0 ep 024  tr=0.8315  val_AccPaper=0.5685  val_BalAccMaj=0.5759  win_BalAcc=0.5605  win_f1_macro=0.5601
fold0 ep 025  tr=0.8294  val_AccPaper=0.5615  val_BalAccMaj=0.5681  win_BalAcc=0.5573  win_f1_macro=0.5568
fold0 ep 026  tr=0.8264  val_AccPaper=0.5681  val_BalAccMaj=0.5748  win_BalAcc=0.5619  win_f1_macro=0.5626
fold0 ep 027  tr=0.8291  val_AccPaper=0.5615  val_BalAccMaj=0.5685  win_BalAcc=0.5531  win_f1_macro=0.5524
fold0 ep 028  tr=0.8255  val_AccPaper=0.5604  val_BalAccMaj=0.5693  win_BalAcc=0.5578  win_f1_macro=0.5575
fold0 ep 029  tr=0.8229  val_AccPaper=0.5659  val_BalAccMaj=0.5726  win_BalAcc=0.5600  win_f1_macro=0.5592
fold0 ep 030  tr=0.8211  val_AccPaper=0.5570  val_BalAccMaj=0.5644  win_BalAcc=0.5551  win_f1_macro=0.5544
fold0 ep 031  tr=0.8176  val_AccPaper=0.5670  val_BalAccMaj=0.5719  win_BalAcc=0.5569  win_f1_macro=0.5546
fold0 ep 032  tr=0.8173  val_AccPaper=0.5619  val_BalAccMaj=0.5696  win_BalAcc=0.5563  win_f1_macro=0.5560
fold0 ep 033  tr=0.8129  val_AccPaper=0.5704  val_BalAccMaj=0.5770  win_BalAcc=0.5626  win_f1_macro=0.5630
fold0 ep 034  tr=0.8149  val_AccPaper=0.5622  val_BalAccMaj=0.5685  win_BalAcc=0.5553  win_f1_macro=0.5531
fold0 ep 035  tr=0.8117  val_AccPaper=0.5622  val_BalAccMaj=0.5678  win_BalAcc=0.5564  win_f1_macro=0.5560
fold0 ep 036  tr=0.8106  val_AccPaper=0.5648  val_BalAccMaj=0.5730  win_BalAcc=0.5585  win_f1_macro=0.5580
fold0 ep 037  tr=0.8079  val_AccPaper=0.5541  val_BalAccMaj=0.5578  win_BalAcc=0.5496  win_f1_macro=0.5490
fold0 ep 038  tr=0.8101  val_AccPaper=0.5556  val_BalAccMaj=0.5611  win_BalAcc=0.5535  win_f1_macro=0.5526
fold0 ep 039  tr=0.8064  val_AccPaper=0.5663  val_BalAccMaj=0.5730  win_BalAcc=0.5602  win_f1_macro=0.5604
fold0 ep 040  tr=0.8054  val_AccPaper=0.5593  val_BalAccMaj=0.5656  win_BalAcc=0.5536  win_f1_macro=0.5529
fold0 early stop @ ep 40
fold1 ep 001  tr=1.1536  val_AccPaper=0.5230  val_BalAccMaj=0.5285  win_BalAcc=0.5184  win_f1_macro=0.5025
fold1 ep 002  tr=1.0290  val_AccPaper=0.5522  val_BalAccMaj=0.5552  win_BalAcc=0.5488  win_f1_macro=0.5434
fold1 ep 003  tr=0.9834  val_AccPaper=0.5615  val_BalAccMaj=0.5678  win_BalAcc=0.5583  win_f1_macro=0.5563
fold1 ep 004  tr=0.9612  val_AccPaper=0.5385  val_BalAccMaj=0.5448  win_BalAcc=0.5379  win_f1_macro=0.5289
fold1 ep 005  tr=0.9491  val_AccPaper=0.5600  val_BalAccMaj=0.5667  win_BalAcc=0.5582  win_f1_macro=0.5563
fold1 ep 006  tr=0.9391  val_AccPaper=0.5633  val_BalAccMaj=0.5707  win_BalAcc=0.5623  win_f1_macro=0.5585
fold1 ep 007  tr=0.9291  val_AccPaper=0.5567  val_BalAccMaj=0.5622  win_BalAcc=0.5592  win_f1_macro=0.5569
fold1 ep 008  tr=0.9250  val_AccPaper=0.5744  val_BalAccMaj=0.5807  win_BalAcc=0.5697  win_f1_macro=0.5693
fold1 ep 009  tr=0.9203  val_AccPaper=0.5641  val_BalAccMaj=0.5722  win_BalAcc=0.5610  win_f1_macro=0.5573
fold1 ep 010  tr=0.9135  val_AccPaper=0.5522  val_BalAccMaj=0.5593  win_BalAcc=0.5511  win_f1_macro=0.5483
fold1 ep 011  tr=0.9103  val_AccPaper=0.5700  val_BalAccMaj=0.5778  win_BalAcc=0.5644  win_f1_macro=0.5631
fold1 ep 012  tr=0.9042  val_AccPaper=0.5556  val_BalAccMaj=0.5619  win_BalAcc=0.5537  win_f1_macro=0.5522
fold1 ep 013  tr=0.9015  val_AccPaper=0.5656  val_BalAccMaj=0.5748  win_BalAcc=0.5591  win_f1_macro=0.5580
fold1 ep 014  tr=0.8983  val_AccPaper=0.5556  val_BalAccMaj=0.5615  win_BalAcc=0.5502  win_f1_macro=0.5481
fold1 ep 015  tr=0.8973  val_AccPaper=0.5626  val_BalAccMaj=0.5696  win_BalAcc=0.5605  win_f1_macro=0.5589
fold1 ep 016  tr=0.8937  val_AccPaper=0.5600  val_BalAccMaj=0.5656  win_BalAcc=0.5553  win_f1_macro=0.5534
fold1 ep 017  tr=0.8914  val_AccPaper=0.5589  val_BalAccMaj=0.5630  win_BalAcc=0.5554  win_f1_macro=0.5536
fold1 ep 018  tr=0.8864  val_AccPaper=0.5589  val_BalAccMaj=0.5648  win_BalAcc=0.5532  win_f1_macro=0.5501
fold1 ep 019  tr=0.8835  val_AccPaper=0.5559  val_BalAccMaj=0.5637  win_BalAcc=0.5573  win_f1_macro=0.5529
fold1 ep 020  tr=0.8824  val_AccPaper=0.5681  val_BalAccMaj=0.5759  win_BalAcc=0.5635  win_f1_macro=0.5622
fold1 ep 021  tr=0.8831  val_AccPaper=0.5648  val_BalAccMaj=0.5693  win_BalAcc=0.5575  win_f1_macro=0.5569
fold1 ep 022  tr=0.8809  val_AccPaper=0.5630  val_BalAccMaj=0.5741  win_BalAcc=0.5556  win_f1_macro=0.5524
fold1 ep 023  tr=0.8793  val_AccPaper=0.5622  val_BalAccMaj=0.5674  win_BalAcc=0.5597  win_f1_macro=0.5594
fold1 ep 024  tr=0.8743  val_AccPaper=0.5656  val_BalAccMaj=0.5733  win_BalAcc=0.5588  win_f1_macro=0.5564
fold1 ep 025  tr=0.8737  val_AccPaper=0.5641  val_BalAccMaj=0.5696  win_BalAcc=0.5566  win_f1_macro=0.5551
fold1 ep 026  tr=0.8723  val_AccPaper=0.5615  val_BalAccMaj=0.5681  win_BalAcc=0.5554  win_f1_macro=0.5535
fold1 ep 027  tr=0.8680  val_AccPaper=0.5570  val_BalAccMaj=0.5663  win_BalAcc=0.5522  win_f1_macro=0.5514
fold1 ep 028  tr=0.8686  val_AccPaper=0.5681  val_BalAccMaj=0.5744  win_BalAcc=0.5592  win_f1_macro=0.5572
fold1 early stop @ ep 28
fold2 ep 001  tr=1.1281  val_AccPaper=0.5167  val_BalAccMaj=0.5222  win_BalAcc=0.5166  win_f1_macro=0.5134
fold2 ep 002  tr=0.9811  val_AccPaper=0.5293  val_BalAccMaj=0.5356  win_BalAcc=0.5272  win_f1_macro=0.5264
fold2 ep 003  tr=0.9341  val_AccPaper=0.5319  val_BalAccMaj=0.5374  win_BalAcc=0.5322  win_f1_macro=0.5324
fold2 ep 004  tr=0.9127  val_AccPaper=0.5363  val_BalAccMaj=0.5437  win_BalAcc=0.5365  win_f1_macro=0.5368
fold2 ep 005  tr=0.8977  val_AccPaper=0.5459  val_BalAccMaj=0.5507  win_BalAcc=0.5377  win_f1_macro=0.5364
fold2 ep 006  tr=0.8897  val_AccPaper=0.5359  val_BalAccMaj=0.5433  win_BalAcc=0.5336  win_f1_macro=0.5324
fold2 ep 007  tr=0.8820  val_AccPaper=0.5404  val_BalAccMaj=0.5481  win_BalAcc=0.5342  win_f1_macro=0.5335
fold2 ep 008  tr=0.8749  val_AccPaper=0.5348  val_BalAccMaj=0.5437  win_BalAcc=0.5276  win_f1_macro=0.5260
fold2 ep 009  tr=0.8721  val_AccPaper=0.5333  val_BalAccMaj=0.5426  win_BalAcc=0.5280  win_f1_macro=0.5241
fold2 ep 010  tr=0.8706  val_AccPaper=0.5344  val_BalAccMaj=0.5407  win_BalAcc=0.5276  win_f1_macro=0.5259
fold2 ep 011  tr=0.8618  val_AccPaper=0.5319  val_BalAccMaj=0.5378  win_BalAcc=0.5272  win_f1_macro=0.5249
fold2 ep 012  tr=0.8619  val_AccPaper=0.5356  val_BalAccMaj=0.5411  win_BalAcc=0.5282  win_f1_macro=0.5268
fold2 ep 013  tr=0.8605  val_AccPaper=0.5359  val_BalAccMaj=0.5415  win_BalAcc=0.5265  win_f1_macro=0.5246
fold2 ep 014  tr=0.8534  val_AccPaper=0.5370  val_BalAccMaj=0.5433  win_BalAcc=0.5315  win_f1_macro=0.5298
fold2 ep 015  tr=0.8545  val_AccPaper=0.5348  val_BalAccMaj=0.5400  win_BalAcc=0.5293  win_f1_macro=0.5251
fold2 ep 016  tr=0.8497  val_AccPaper=0.5304  val_BalAccMaj=0.5363  win_BalAcc=0.5266  win_f1_macro=0.5224
fold2 ep 017  tr=0.8451  val_AccPaper=0.5315  val_BalAccMaj=0.5370  win_BalAcc=0.5240  win_f1_macro=0.5219
fold2 ep 018  tr=0.8429  val_AccPaper=0.5267  val_BalAccMaj=0.5315  win_BalAcc=0.5225  win_f1_macro=0.5160
fold2 ep 019  tr=0.8422  val_AccPaper=0.5300  val_BalAccMaj=0.5370  win_BalAcc=0.5254  win_f1_macro=0.5211
fold2 ep 020  tr=0.8425  val_AccPaper=0.5367  val_BalAccMaj=0.5422  win_BalAcc=0.5298  win_f1_macro=0.5277
fold2 ep 021  tr=0.8376  val_AccPaper=0.5385  val_BalAccMaj=0.5448  win_BalAcc=0.5314  win_f1_macro=0.5281
fold2 ep 022  tr=0.8353  val_AccPaper=0.5415  val_BalAccMaj=0.5467  win_BalAcc=0.5305  win_f1_macro=0.5281
fold2 ep 023  tr=0.8319  val_AccPaper=0.5311  val_BalAccMaj=0.5363  win_BalAcc=0.5273  win_f1_macro=0.5245
fold2 ep 024  tr=0.8282  val_AccPaper=0.5230  val_BalAccMaj=0.5300  win_BalAcc=0.5232  win_f1_macro=0.5187
fold2 ep 025  tr=0.8289  val_AccPaper=0.5219  val_BalAccMaj=0.5263  win_BalAcc=0.5219  win_f1_macro=0.5178
fold2 early stop @ ep 25
fold3 ep 001  tr=1.1444  val_AccPaper=0.5596  val_BalAccMaj=0.5652  win_BalAcc=0.5522  win_f1_macro=0.5439
fold3 ep 002  tr=1.0098  val_AccPaper=0.5815  val_BalAccMaj=0.5889  win_BalAcc=0.5762  win_f1_macro=0.5759
fold3 ep 003  tr=0.9696  val_AccPaper=0.5826  val_BalAccMaj=0.5863  win_BalAcc=0.5810  win_f1_macro=0.5807
fold3 ep 004  tr=0.9498  val_AccPaper=0.5863  val_BalAccMaj=0.5933  win_BalAcc=0.5842  win_f1_macro=0.5849
fold3 ep 005  tr=0.9384  val_AccPaper=0.5941  val_BalAccMaj=0.6007  win_BalAcc=0.5891  win_f1_macro=0.5893
fold3 ep 006  tr=0.9296  val_AccPaper=0.5937  val_BalAccMaj=0.6007  win_BalAcc=0.5866  win_f1_macro=0.5869
fold3 ep 007  tr=0.9234  val_AccPaper=0.5915  val_BalAccMaj=0.5963  win_BalAcc=0.5850  win_f1_macro=0.5857
fold3 ep 008  tr=0.9188  val_AccPaper=0.5870  val_BalAccMaj=0.5930  win_BalAcc=0.5849  win_f1_macro=0.5852
fold3 ep 009  tr=0.9112  val_AccPaper=0.6007  val_BalAccMaj=0.6052  win_BalAcc=0.5919  win_f1_macro=0.5926
fold3 ep 010  tr=0.9052  val_AccPaper=0.6011  val_BalAccMaj=0.6056  win_BalAcc=0.5914  win_f1_macro=0.5918
fold3 ep 011  tr=0.9031  val_AccPaper=0.6004  val_BalAccMaj=0.6041  win_BalAcc=0.5880  win_f1_macro=0.5876
fold3 ep 012  tr=0.8992  val_AccPaper=0.5941  val_BalAccMaj=0.5981  win_BalAcc=0.5836  win_f1_macro=0.5841
fold3 ep 013  tr=0.8950  val_AccPaper=0.5967  val_BalAccMaj=0.6030  win_BalAcc=0.5884  win_f1_macro=0.5886
fold3 ep 014  tr=0.8901  val_AccPaper=0.5948  val_BalAccMaj=0.6000  win_BalAcc=0.5856  win_f1_macro=0.5859
fold3 ep 015  tr=0.8889  val_AccPaper=0.5989  val_BalAccMaj=0.6026  win_BalAcc=0.5853  win_f1_macro=0.5852
fold3 ep 016  tr=0.8876  val_AccPaper=0.6004  val_BalAccMaj=0.6070  win_BalAcc=0.5889  win_f1_macro=0.5892
fold3 ep 017  tr=0.8802  val_AccPaper=0.5978  val_BalAccMaj=0.6015  win_BalAcc=0.5855  win_f1_macro=0.5855
fold3 ep 018  tr=0.8808  val_AccPaper=0.5978  val_BalAccMaj=0.6044  win_BalAcc=0.5875  win_f1_macro=0.5875
fold3 ep 019  tr=0.8772  val_AccPaper=0.5989  val_BalAccMaj=0.6044  win_BalAcc=0.5914  win_f1_macro=0.5915
fold3 ep 020  tr=0.8775  val_AccPaper=0.6059  val_BalAccMaj=0.6111  win_BalAcc=0.5931  win_f1_macro=0.5929
fold3 ep 021  tr=0.8719  val_AccPaper=0.6015  val_BalAccMaj=0.6074  win_BalAcc=0.5885  win_f1_macro=0.5887
fold3 ep 022  tr=0.8740  val_AccPaper=0.6022  val_BalAccMaj=0.6096  win_BalAcc=0.5901  win_f1_macro=0.5898
fold3 ep 023  tr=0.8682  val_AccPaper=0.5944  val_BalAccMaj=0.6015  win_BalAcc=0.5858  win_f1_macro=0.5858
fold3 ep 024  tr=0.8680  val_AccPaper=0.6041  val_BalAccMaj=0.6085  win_BalAcc=0.5926  win_f1_macro=0.5923
fold3 ep 025  tr=0.8619  val_AccPaper=0.5956  val_BalAccMaj=0.6004  win_BalAcc=0.5853  win_f1_macro=0.5855
fold3 ep 026  tr=0.8653  val_AccPaper=0.5915  val_BalAccMaj=0.5974  win_BalAcc=0.5815  win_f1_macro=0.5808
fold3 ep 027  tr=0.8635  val_AccPaper=0.5978  val_BalAccMaj=0.6019  win_BalAcc=0.5844  win_f1_macro=0.5843
fold3 ep 028  tr=0.8608  val_AccPaper=0.6070  val_BalAccMaj=0.6093  win_BalAcc=0.5925  win_f1_macro=0.5923
fold3 ep 029  tr=0.8585  val_AccPaper=0.6004  val_BalAccMaj=0.6041  win_BalAcc=0.5880  win_f1_macro=0.5883
fold3 ep 030  tr=0.8539  val_AccPaper=0.6022  val_BalAccMaj=0.6081  win_BalAcc=0.5871  win_f1_macro=0.5871
fold3 ep 031  tr=0.8516  val_AccPaper=0.6026  val_BalAccMaj=0.6081  win_BalAcc=0.5864  win_f1_macro=0.5857
fold3 ep 032  tr=0.8525  val_AccPaper=0.6026  val_BalAccMaj=0.6067  win_BalAcc=0.5912  win_f1_macro=0.5910
fold3 ep 033  tr=0.8503  val_AccPaper=0.5993  val_BalAccMaj=0.6048  win_BalAcc=0.5816  win_f1_macro=0.5813
fold3 ep 034  tr=0.8497  val_AccPaper=0.6037  val_BalAccMaj=0.6107  win_BalAcc=0.5886  win_f1_macro=0.5888
fold3 ep 035  tr=0.8475  val_AccPaper=0.5993  val_BalAccMaj=0.6067  win_BalAcc=0.5858  win_f1_macro=0.5856
fold3 ep 036  tr=0.8440  val_AccPaper=0.6059  val_BalAccMaj=0.6107  win_BalAcc=0.5890  win_f1_macro=0.5883
fold3 ep 037  tr=0.8453  val_AccPaper=0.5985  val_BalAccMaj=0.6048  win_BalAcc=0.5868  win_f1_macro=0.5869
fold3 ep 038  tr=0.8429  val_AccPaper=0.6011  val_BalAccMaj=0.6096  win_BalAcc=0.5874  win_f1_macro=0.5877
fold3 ep 039  tr=0.8429  val_AccPaper=0.5948  val_BalAccMaj=0.6000  win_BalAcc=0.5829  win_f1_macro=0.5828
fold3 ep 040  tr=0.8378  val_AccPaper=0.6022  val_BalAccMaj=0.6070  win_BalAcc=0.5871  win_f1_macro=0.5867
fold3 ep 041  tr=0.8395  val_AccPaper=0.5896  val_BalAccMaj=0.5933  win_BalAcc=0.5796  win_f1_macro=0.5796
fold3 ep 042  tr=0.8375  val_AccPaper=0.5863  val_BalAccMaj=0.5933  win_BalAcc=0.5768  win_f1_macro=0.5760
fold3 ep 043  tr=0.8373  val_AccPaper=0.5952  val_BalAccMaj=0.6015  win_BalAcc=0.5815  win_f1_macro=0.5813
fold3 ep 044  tr=0.8340  val_AccPaper=0.5956  val_BalAccMaj=0.6000  win_BalAcc=0.5827  win_f1_macro=0.5825
fold3 ep 045  tr=0.8301  val_AccPaper=0.6007  val_BalAccMaj=0.6052  win_BalAcc=0.5880  win_f1_macro=0.5875
fold3 ep 046  tr=0.8335  val_AccPaper=0.6044  val_BalAccMaj=0.6107  win_BalAcc=0.5897  win_f1_macro=0.5897
fold3 ep 047  tr=0.8301  val_AccPaper=0.6004  val_BalAccMaj=0.6085  win_BalAcc=0.5886  win_f1_macro=0.5888
fold3 ep 048  tr=0.8270  val_AccPaper=0.5993  val_BalAccMaj=0.6048  win_BalAcc=0.5881  win_f1_macro=0.5882
fold3 early stop @ ep 48
fold4 ep 001  tr=1.1226  val_AccPaper=0.4830  val_BalAccMaj=0.4859  win_BalAcc=0.4868  win_f1_macro=0.4772
fold4 ep 002  tr=0.9693  val_AccPaper=0.4944  val_BalAccMaj=0.5004  win_BalAcc=0.4945  win_f1_macro=0.4870
fold4 ep 003  tr=0.9262  val_AccPaper=0.5070  val_BalAccMaj=0.5144  win_BalAcc=0.5028  win_f1_macro=0.4979
fold4 ep 004  tr=0.9069  val_AccPaper=0.4963  val_BalAccMaj=0.5030  win_BalAcc=0.4960  win_f1_macro=0.4905
fold4 ep 005  tr=0.8937  val_AccPaper=0.4930  val_BalAccMaj=0.5004  win_BalAcc=0.4961  win_f1_macro=0.4903
fold4 ep 006  tr=0.8859  val_AccPaper=0.5111  val_BalAccMaj=0.5181  win_BalAcc=0.5081  win_f1_macro=0.5077
fold4 ep 007  tr=0.8790  val_AccPaper=0.5000  val_BalAccMaj=0.5111  win_BalAcc=0.5041  win_f1_macro=0.4995
fold4 ep 008  tr=0.8770  val_AccPaper=0.5089  val_BalAccMaj=0.5193  win_BalAcc=0.5063  win_f1_macro=0.5058
fold4 ep 009  tr=0.8715  val_AccPaper=0.5085  val_BalAccMaj=0.5185  win_BalAcc=0.5051  win_f1_macro=0.5038
fold4 ep 010  tr=0.8650  val_AccPaper=0.5052  val_BalAccMaj=0.5130  win_BalAcc=0.5073  win_f1_macro=0.5052
fold4 ep 011  tr=0.8609  val_AccPaper=0.4985  val_BalAccMaj=0.5056  win_BalAcc=0.5002  win_f1_macro=0.4972
fold4 ep 012  tr=0.8605  val_AccPaper=0.4963  val_BalAccMaj=0.5037  win_BalAcc=0.4990  win_f1_macro=0.4932
fold4 ep 013  tr=0.8563  val_AccPaper=0.4996  val_BalAccMaj=0.5059  win_BalAcc=0.4995  win_f1_macro=0.4973
fold4 ep 014  tr=0.8537  val_AccPaper=0.5056  val_BalAccMaj=0.5152  win_BalAcc=0.5090  win_f1_macro=0.5059
fold4 ep 015  tr=0.8530  val_AccPaper=0.4896  val_BalAccMaj=0.4974  win_BalAcc=0.4977  win_f1_macro=0.4966
fold4 ep 016  tr=0.8477  val_AccPaper=0.4989  val_BalAccMaj=0.5081  win_BalAcc=0.4988  win_f1_macro=0.4964
fold4 ep 017  tr=0.8486  val_AccPaper=0.5041  val_BalAccMaj=0.5130  win_BalAcc=0.5030  win_f1_macro=0.5001
fold4 ep 018  tr=0.8434  val_AccPaper=0.4967  val_BalAccMaj=0.5041  win_BalAcc=0.4953  win_f1_macro=0.4922
fold4 ep 019  tr=0.8412  val_AccPaper=0.5007  val_BalAccMaj=0.5081  win_BalAcc=0.4987  win_f1_macro=0.4978
fold4 ep 020  tr=0.8391  val_AccPaper=0.4937  val_BalAccMaj=0.5019  win_BalAcc=0.4969  win_f1_macro=0.4962
fold4 ep 021  tr=0.8346  val_AccPaper=0.4926  val_BalAccMaj=0.4956  win_BalAcc=0.4944  win_f1_macro=0.4887
fold4 ep 022  tr=0.8341  val_AccPaper=0.4896  val_BalAccMaj=0.4952  win_BalAcc=0.4902  win_f1_macro=0.4869
fold4 ep 023  tr=0.8332  val_AccPaper=0.4926  val_BalAccMaj=0.4985  win_BalAcc=0.4931  win_f1_macro=0.4876
fold4 ep 024  tr=0.8306  val_AccPaper=0.4963  val_BalAccMaj=0.5044  win_BalAcc=0.4929  win_f1_macro=0.4899
fold4 ep 025  tr=0.8270  val_AccPaper=0.5022  val_BalAccMaj=0.5081  win_BalAcc=0.4972  win_f1_macro=0.4958
fold4 ep 026  tr=0.8281  val_AccPaper=0.4848  val_BalAccMaj=0.4900  win_BalAcc=0.4879  win_f1_macro=0.4840
fold4 early stop @ ep 26
[P0] done val_AccPaper=0.5629 test_AccPaper=0.5699 test_BalAcc=0.5752 test_win_F1=0.5660
