[2026-08-17 11:32:00] chain start free_gb=100.4 py=C:\Users\yz5090-1\.conda\envs\cyy\python.exe steps=['A0_ref', 'A0', 'A1', 'P0', 'A2', 'P1', 'B1', 'B2', 'B3', 'B4', 'B5a', 'B5b', 'B6', 'B7', 'B8', 'B9', 'B10', 'P2', 'C1', 'C2a', 'C2b', 'C2c']
[2026-08-17 11:32:00] DRY A0_ref
[2026-08-17 11:32:00] DRY A0
[2026-08-17 11:32:00] DRY A1
[2026-08-17 11:32:00] DRY P0
[2026-08-17 11:32:00] DRY A2
[2026-08-17 11:32:00] DRY P1
[2026-08-17 11:32:00] DRY B1
[2026-08-17 11:32:00] DRY B2
[2026-08-17 11:32:00] DRY B3
[2026-08-17 11:32:00] DRY B4
[2026-08-17 11:32:00] DRY B5a
[2026-08-17 11:32:00] DRY B5b
[2026-08-17 11:32:00] DRY B6
[2026-08-17 11:32:00] DRY B7
[2026-08-17 11:32:00] DRY B8
[2026-08-17 11:32:00] DRY B9
[2026-08-17 11:32:00] DRY B10
[2026-08-17 11:32:00] DRY P2
[2026-08-17 11:32:00] DRY C1
[2026-08-17 11:32:00] DRY C2a
[2026-08-17 11:32:00] DRY C2b
[2026-08-17 11:32:00] DRY C2c
[2026-08-17 11:34:47] chain start free_gb=98.4 py=C:\Users\yz5090-1\.conda\envs\cyy\python.exe steps=['A0_ref', 'A0', 'A1', 'P0', 'A2', 'P1', 'B1', 'B2', 'B3', 'B4', 'B5a', 'B5b', 'B6', 'B7', 'B8', 'B9', 'B10', 'P2', 'C1', 'C2a', 'C2b', 'C2c']
[2026-08-17 11:34:47] DRY A0_ref
[2026-08-17 11:34:47] DRY A0
[2026-08-17 11:34:47] DRY A1
[2026-08-17 11:34:47] DRY P0
[2026-08-17 11:34:47] DRY A2
[2026-08-17 11:34:47] DRY P1
[2026-08-17 11:34:47] DRY B1
[2026-08-17 11:34:47] DRY B2
[2026-08-17 11:34:47] DRY B3
[2026-08-17 11:34:47] DRY B4
[2026-08-17 11:34:47] DRY B5a
[2026-08-17 11:34:47] DRY B5b
[2026-08-17 11:34:47] DRY B6
[2026-08-17 11:34:47] DRY B7
[2026-08-17 11:34:47] DRY B8
[2026-08-17 11:34:47] DRY B9
[2026-08-17 11:34:47] DRY B10
[2026-08-17 11:34:47] DRY P2
[2026-08-17 11:34:47] DRY C1
[2026-08-17 11:34:47] DRY C2a
[2026-08-17 11:34:47] DRY C2b
[2026-08-17 11:34:47] DRY C2c
[2026-08-17 12:13:32] chain start free_gb=98.7 py=C:\Users\yz5090-1\.conda\envs\cyy\python.exe steps=['A0_ref', 'A0', 'A1', 'P0', 'A2', 'P1', 'B1', 'B2', 'B3', 'B4', 'B5a', 'B5b', 'B6', 'B7', 'B8', 'B9', 'B10', 'P2', 'C1', 'C2a', 'C2b', 'C2c']
[2026-08-17 12:13:32] === begin A0_ref argv=['--arm', 'A0_ref', '--max-folds', '0'] free_gb=98.7 ===
[2026-08-17 13:59:24] === done A0_ref sec=6352.0 free_gb=95.6 ===
[2026-08-17 13:59:24] === begin A0 argv=['--arm', 'A0', '--max-folds', '0'] free_gb=95.6 ===
[2026-08-17 14:35:25] === done A0 sec=2161.5 free_gb=101.4 ===
[2026-08-17 14:35:25] === begin A1 argv=['--arm', 'A1', '--max-folds', '0'] free_gb=101.4 ===
[2026-08-17 14:47:43] FAILED A1 code=1 sec=738.1
[2026-08-17 15:04:40] chain start free_gb=112.8 py=C:\Users\yz5090-1\.conda\envs\cyy\python.exe steps=['A0_ref', 'A0', 'A1', 'P0', 'A2', 'P1', 'B1', 'B2', 'B3', 'B4', 'B5a', 'B5b', 'B6', 'B7', 'B8', 'B9', 'B10', 'P2', 'C1', 'C2a', 'C2b', 'C2c']
[2026-08-17 15:04:40] === begin A1 argv=['--arm', 'A1', '--max-folds', '0'] free_gb=112.8 ===
[2026-08-17 15:34:00] === done A1 sec=1760.4 free_gb=111.2 ===
[2026-08-17 15:34:00] === begin P0 argv=['--arm', 'P0', '--max-folds', '0'] free_gb=111.2 ===
[2026-08-17 16:00:33] === done P0 sec=1592.4 free_gb=113.3 ===
[2026-08-17 16:00:33] === begin A2 argv=['--arm', 'A2', '--max-folds', '0'] free_gb=113.3 ===
[2026-08-17 16:27:29] === done A2 sec=1616.8 free_gb=111.6 ===
[2026-08-17 16:27:29] === begin P1 argv=['--arm', 'P1', '--max-folds', '0'] free_gb=111.6 ===
[2026-08-17 17:17:28] chain start free_gb=109.4 py=C:\Users\yz5090-1\.conda\envs\cyy\python.exe steps=['A0_ref', 'A0', 'A1', 'P0', 'A2', 'P1', 'B1', 'B2', 'B3', 'B4', 'B5a', 'B5b', 'B6', 'B7', 'B8', 'B9', 'B10', 'P2', 'C1', 'C2a', 'C2b', 'C2c']
[2026-08-17 17:17:28] === begin A1 argv=['--arm', 'A1', '--max-folds', '0'] free_gb=109.4 ===
[2026-08-17 18:12:23] === done A1 sec=3295.3 free_gb=108.0 ===
[2026-08-17 18:12:23] === begin P0 argv=['--arm', 'P0', '--max-folds', '0'] free_gb=108.0 ===
[2026-08-17 19:18:20] === done P0 sec=3956.3 free_gb=107.1 ===
[2026-08-17 19:18:20] === begin A2 argv=['--arm', 'A2', '--max-folds', '0'] free_gb=107.1 ===
[2026-08-17 20:05:11] === done A2 sec=2810.9 free_gb=113.4 ===
[2026-08-17 20:05:11] === begin P1 argv=['--arm', 'P1', '--max-folds', '0'] free_gb=113.4 ===
[2026-08-17 21:37:58] === done P1 sec=5567.3 free_gb=108.0 ===
[2026-08-17 21:37:58] === begin B1 argv=['--arm', 'B1', '--max-folds', '0'] free_gb=108.0 ===
[2026-08-17 23:26:21] === done B1 sec=6503.3 free_gb=111.1 ===
[2026-08-17 23:26:21] === begin B2 argv=['--arm', 'B2', '--max-folds', '0'] free_gb=111.1 ===
[2026-08-18 00:40:32] === done B2 sec=4450.9 free_gb=105.8 ===
[2026-08-18 00:40:32] === begin B3 argv=['--arm', 'B3', '--max-folds', '0'] free_gb=105.8 ===
[2026-08-18 01:56:48] === done B3 sec=4576.1 free_gb=105.1 ===
[2026-08-18 01:56:48] === begin B4 argv=['--arm', 'B4', '--max-folds', '0'] free_gb=105.1 ===
[2026-08-18 03:30:25] === done B4 sec=5616.9 free_gb=104.4 ===
[2026-08-18 03:30:25] === begin B5a argv=['--arm', 'B5a', '--max-folds', '0'] free_gb=104.4 ===
[2026-08-18 05:14:21] === done B5a sec=6236.2 free_gb=104.6 ===
[2026-08-18 05:14:21] === begin B5b argv=['--arm', 'B5b', '--max-folds', '0'] free_gb=104.6 ===
[2026-08-18 06:45:45] === done B5b sec=5483.7 free_gb=108.6 ===
[2026-08-18 06:45:45] === begin B6 argv=['--arm', 'B6', '--max-folds', '0'] free_gb=108.6 ===
[2026-08-18 07:39:34] === done B6 sec=3229.3 free_gb=105.0 ===
[2026-08-18 07:39:34] === begin B7 argv=['--arm', 'B7', '--max-folds', '0'] free_gb=105.0 ===
[2026-08-18 09:38:24] === done B7 sec=7130.1 free_gb=104.0 ===
[2026-08-18 09:38:24] === begin B8 argv=['--arm', 'B8', '--max-folds', '0'] free_gb=104.0 ===
[2026-08-18 11:10:51] === done B8 sec=5547.1 free_gb=108.2 ===
[2026-08-18 11:10:51] === begin B9 argv=['--arm', 'B9', '--max-folds', '0'] free_gb=108.2 ===
[2026-08-18 12:46:37] === done B9 sec=5745.5 free_gb=104.2 ===
[2026-08-18 12:46:37] === begin B10 argv=['--arm', 'B10', '--max-folds', '0'] free_gb=104.2 ===
[2026-08-18 14:10:46] === done B10 sec=5048.6 free_gb=102.1 ===
[2026-08-18 14:10:46] === begin P2 argv=['--arm', 'P2', '--max-folds', '0'] free_gb=102.1 ===
[2026-08-18 14:10:52] FAILED P2 code=1 sec=6.2
[2026-08-18 16:51:31] chain start free_gb=104.0 py=C:\Users\yz5090-1\.conda\envs\cyy\python.exe steps=['A0_ref', 'A0', 'A1', 'P0', 'A2', 'P1', 'B1', 'B2', 'B3', 'B4', 'B5a', 'B5b', 'B6', 'B7', 'B8', 'B9', 'B10', 'P2', 'C1', 'C2a', 'C2b', 'C2c']
[2026-08-18 16:51:31] === begin P2 argv=['--arm', 'P2', '--max-folds', '0'] free_gb=104.0 ===
[2026-08-18 18:48:33] === done P2 sec=7021.7 free_gb=104.7 ===
[2026-08-18 18:48:33] === begin C1 argv=['--arm', 'C1', '--max-folds', '0'] free_gb=104.7 ===
[2026-08-18 20:08:40] === done C1 sec=4807.2 free_gb=103.9 ===
[2026-08-18 20:08:40] === begin C2a argv=['--arm', 'C2a', '--max-folds', '0'] free_gb=103.9 ===
[2026-08-18 21:29:03] === done C2a sec=4823.4 free_gb=104.8 ===
[2026-08-18 21:29:03] === begin C2b argv=['--arm', 'C2b', '--max-folds', '0'] free_gb=104.8 ===
[2026-08-18 23:00:39] === done C2b sec=5495.6 free_gb=103.8 ===
[2026-08-18 23:00:39] === begin C2c argv=['--arm', 'C2c', '--max-folds', '0'] free_gb=103.8 ===
[2026-08-19 00:49:48] === done C2c sec=6549.7 free_gb=104.1 ===
[2026-08-19 00:49:48] chain ALL DONE
[2026-08-19 11:45:01] chain start free_gb=102.9 py=C:\Users\yz5090-1\.conda\envs\cyy\python.exe steps=['A0_ref', 'A0', 'A1', 'P0', 'A2', 'P1', 'B1', 'B2', 'B3', 'B4', 'B5a', 'B5b', 'B6', 'B7', 'B8', 'B9', 'B10', 'P2', 'C1', 'C2a', 'C2b', 'C2c']
[2026-08-19 11:45:01] DRY A0_ref
[2026-08-19 11:45:01] DRY A0
[2026-08-19 11:45:01] DRY A1
[2026-08-19 11:45:01] DRY P0
[2026-08-19 11:45:01] DRY A2
[2026-08-19 11:45:01] DRY P1
[2026-08-19 11:45:01] DRY B1
[2026-08-19 11:45:01] DRY B2
[2026-08-19 11:45:01] DRY B3
[2026-08-19 11:45:01] DRY B4
[2026-08-19 11:45:01] DRY B5a
[2026-08-19 11:45:01] DRY B5b
[2026-08-19 11:45:01] DRY B6
[2026-08-19 11:45:01] DRY B7
[2026-08-19 11:45:01] DRY B8
[2026-08-19 11:45:01] DRY B9
[2026-08-19 11:45:01] DRY B10
[2026-08-19 11:45:01] DRY P2
[2026-08-19 11:45:01] DRY C1
[2026-08-19 11:45:01] DRY C2a
[2026-08-19 11:45:01] DRY C2b
[2026-08-19 11:45:01] DRY C2c
