[2026-08-19 11:49:00] U-chain start free_gb=102.3 py=D:\anaconda3\python.exe steps=['U1', 'U3', 'U2', 'U13', 'U12', 'U123'] batch=256/512
[2026-08-19 11:49:00] DRY U1 argv=['--arm', 'U1', '--max-folds', '0']
[2026-08-19 11:49:00] DRY U3 argv=['--arm', 'U3', '--max-folds', '0']
[2026-08-19 11:49:00] DRY U2 argv=['--arm', 'U2', '--max-folds', '0']
[2026-08-19 11:49:00] DRY U13 argv=['--arm', 'U13', '--max-folds', '0']
[2026-08-19 11:49:00] DRY U12 argv=['--arm', 'U12', '--max-folds', '0']
[2026-08-19 11:49:00] DRY U123 argv=['--arm', 'U123', '--max-folds', '0']
[2026-08-19 11:51:01] U-chain start free_gb=102.1 py=C:\Users\yz5090-1\.conda\envs\cyy\python.exe steps=['U1', 'U3', 'U2', 'U13', 'U12', 'U123'] batch=256/512
[2026-08-19 11:51:01] === begin U1 argv=['--arm', 'U1', '--max-folds', '0'] free_gb=102.1 ===
[2026-08-19 13:57:11] === done U1 sec=7569.6 free_gb=102.2 ===
[2026-08-19 13:57:11] === begin U3 argv=['--arm', 'U3', '--max-folds', '0'] free_gb=102.2 ===
[2026-08-19 15:45:20] === done U3 sec=6489.3 free_gb=102.8 ===
[2026-08-19 15:45:20] === begin U2 argv=['--arm', 'U2', '--max-folds', '0'] free_gb=102.8 ===
[2026-08-19 17:29:09] === done U2 sec=6228.8 free_gb=100.9 ===
[2026-08-19 17:29:09] === begin U13 argv=['--arm', 'U13', '--max-folds', '0'] free_gb=100.9 ===
[2026-08-19 19:13:24] === done U13 sec=6255.6 free_gb=102.3 ===
[2026-08-19 19:13:24] === begin U12 argv=['--arm', 'U12', '--max-folds', '0'] free_gb=102.3 ===
[2026-08-19 21:12:29] === done U12 sec=7144.4 free_gb=100.9 ===
[2026-08-19 21:12:29] === begin U123 argv=['--arm', 'U123', '--max-folds', '0'] free_gb=100.9 ===
[2026-08-19 22:48:02] === done U123 sec=5733.5 free_gb=101.4 ===
[2026-08-19 22:48:02] U-chain ALL DONE
