start arm=C2c device=cuda n_classes=3 y_counts={0: 91800, 1: 91800, 2: 91800} pf_protocol_version=3 no_rest=False
[C2c] §3.2.1 future-perturb ratio=126.094
fold0 ep 001  tr=2.4039  val_AccPaper=0.5133  val_BalAccMaj=0.5163  win_BalAcc=0.5103  win_f1_macro=0.5021
fold0 ep 002  tr=2.0278  val_AccPaper=0.5411  val_BalAccMaj=0.5452  win_BalAcc=0.5339  win_f1_macro=0.5318
fold0 ep 003  tr=1.9399  val_AccPaper=0.5478  val_BalAccMaj=0.5507  win_BalAcc=0.5399  win_f1_macro=0.5380
fold0 ep 004  tr=1.8984  val_AccPaper=0.5552  val_BalAccMaj=0.5604  win_BalAcc=0.5453  win_f1_macro=0.5452
fold0 ep 005  tr=1.8689  val_AccPaper=0.5567  val_BalAccMaj=0.5619  win_BalAcc=0.5546  win_f1_macro=0.5551
fold0 ep 006  tr=1.8524  val_AccPaper=0.5585  val_BalAccMaj=0.5652  win_BalAcc=0.5509  win_f1_macro=0.5500
fold0 ep 007  tr=1.8331  val_AccPaper=0.5585  val_BalAccMaj=0.5648  win_BalAcc=0.5527  win_f1_macro=0.5527
fold0 ep 008  tr=1.8201  val_AccPaper=0.5641  val_BalAccMaj=0.5696  win_BalAcc=0.5576  win_f1_macro=0.5574
fold0 ep 009  tr=1.8016  val_AccPaper=0.5652  val_BalAccMaj=0.5704  win_BalAcc=0.5614  win_f1_macro=0.5613
fold0 ep 010  tr=1.7890  val_AccPaper=0.5663  val_BalAccMaj=0.5704  win_BalAcc=0.5583  win_f1_macro=0.5586
fold0 ep 011  tr=1.7827  val_AccPaper=0.5626  val_BalAccMaj=0.5696  win_BalAcc=0.5566  win_f1_macro=0.5562
fold0 ep 012  tr=1.7710  val_AccPaper=0.5693  val_BalAccMaj=0.5737  win_BalAcc=0.5604  win_f1_macro=0.5607
fold0 ep 013  tr=1.7616  val_AccPaper=0.5581  val_BalAccMaj=0.5607  win_BalAcc=0.5542  win_f1_macro=0.5545
fold0 ep 014  tr=1.7579  val_AccPaper=0.5659  val_BalAccMaj=0.5693  win_BalAcc=0.5619  win_f1_macro=0.5622
fold0 ep 015  tr=1.7469  val_AccPaper=0.5707  val_BalAccMaj=0.5741  win_BalAcc=0.5610  win_f1_macro=0.5607
fold0 ep 016  tr=1.7441  val_AccPaper=0.5711  val_BalAccMaj=0.5770  win_BalAcc=0.5609  win_f1_macro=0.5612
fold0 ep 017  tr=1.7346  val_AccPaper=0.5674  val_BalAccMaj=0.5726  win_BalAcc=0.5610  win_f1_macro=0.5614
fold0 ep 018  tr=1.7307  val_AccPaper=0.5607  val_BalAccMaj=0.5663  win_BalAcc=0.5571  win_f1_macro=0.5570
fold0 ep 019  tr=1.7195  val_AccPaper=0.5678  val_BalAccMaj=0.5730  win_BalAcc=0.5604  win_f1_macro=0.5607
fold0 ep 020  tr=1.7185  val_AccPaper=0.5656  val_BalAccMaj=0.5696  win_BalAcc=0.5573  win_f1_macro=0.5564
fold0 ep 021  tr=1.7137  val_AccPaper=0.5644  val_BalAccMaj=0.5693  win_BalAcc=0.5606  win_f1_macro=0.5613
fold0 ep 022  tr=1.7011  val_AccPaper=0.5674  val_BalAccMaj=0.5733  win_BalAcc=0.5614  win_f1_macro=0.5618
fold0 ep 023  tr=1.6952  val_AccPaper=0.5652  val_BalAccMaj=0.5711  win_BalAcc=0.5613  win_f1_macro=0.5612
fold0 ep 024  tr=1.6882  val_AccPaper=0.5663  val_BalAccMaj=0.5715  win_BalAcc=0.5608  win_f1_macro=0.5601
fold0 ep 025  tr=1.6917  val_AccPaper=0.5607  val_BalAccMaj=0.5648  win_BalAcc=0.5563  win_f1_macro=0.5566
fold0 ep 026  tr=1.6777  val_AccPaper=0.5659  val_BalAccMaj=0.5722  win_BalAcc=0.5591  win_f1_macro=0.5580
fold0 ep 027  tr=1.6861  val_AccPaper=0.5593  val_BalAccMaj=0.5652  win_BalAcc=0.5576  win_f1_macro=0.5566
fold0 ep 028  tr=1.6766  val_AccPaper=0.5530  val_BalAccMaj=0.5604  win_BalAcc=0.5550  win_f1_macro=0.5560
fold0 ep 029  tr=1.6744  val_AccPaper=0.5556  val_BalAccMaj=0.5615  win_BalAcc=0.5540  win_f1_macro=0.5534
fold0 ep 030  tr=1.6687  val_AccPaper=0.5667  val_BalAccMaj=0.5704  win_BalAcc=0.5592  win_f1_macro=0.5590
fold0 ep 031  tr=1.6645  val_AccPaper=0.5667  val_BalAccMaj=0.5704  win_BalAcc=0.5603  win_f1_macro=0.5605
fold0 ep 032  tr=1.6587  val_AccPaper=0.5637  val_BalAccMaj=0.5689  win_BalAcc=0.5591  win_f1_macro=0.5577
fold0 ep 033  tr=1.6522  val_AccPaper=0.5633  val_BalAccMaj=0.5689  win_BalAcc=0.5590  win_f1_macro=0.5595
fold0 ep 034  tr=1.6487  val_AccPaper=0.5641  val_BalAccMaj=0.5693  win_BalAcc=0.5563  win_f1_macro=0.5560
fold0 ep 035  tr=1.6411  val_AccPaper=0.5626  val_BalAccMaj=0.5678  win_BalAcc=0.5587  win_f1_macro=0.5592
fold0 ep 036  tr=1.6410  val_AccPaper=0.5615  val_BalAccMaj=0.5667  win_BalAcc=0.5556  win_f1_macro=0.5548
fold0 early stop @ ep 36
fold1 ep 001  tr=2.4623  val_AccPaper=0.5296  val_BalAccMaj=0.5326  win_BalAcc=0.5245  win_f1_macro=0.5128
fold1 ep 002  tr=2.1087  val_AccPaper=0.5374  val_BalAccMaj=0.5404  win_BalAcc=0.5349  win_f1_macro=0.5279
fold1 ep 003  tr=2.0247  val_AccPaper=0.5667  val_BalAccMaj=0.5737  win_BalAcc=0.5595  win_f1_macro=0.5589
fold1 ep 004  tr=1.9845  val_AccPaper=0.5570  val_BalAccMaj=0.5622  win_BalAcc=0.5571  win_f1_macro=0.5538
fold1 ep 005  tr=1.9567  val_AccPaper=0.5622  val_BalAccMaj=0.5704  win_BalAcc=0.5630  win_f1_macro=0.5620
fold1 ep 006  tr=1.9331  val_AccPaper=0.5489  val_BalAccMaj=0.5522  win_BalAcc=0.5466  win_f1_macro=0.5435
fold1 ep 007  tr=1.9231  val_AccPaper=0.5615  val_BalAccMaj=0.5674  win_BalAcc=0.5589  win_f1_macro=0.5554
fold1 ep 008  tr=1.9056  val_AccPaper=0.5563  val_BalAccMaj=0.5619  win_BalAcc=0.5562  win_f1_macro=0.5534
fold1 ep 009  tr=1.8928  val_AccPaper=0.5767  val_BalAccMaj=0.5815  win_BalAcc=0.5724  win_f1_macro=0.5697
fold1 ep 010  tr=1.8912  val_AccPaper=0.5644  val_BalAccMaj=0.5722  win_BalAcc=0.5661  win_f1_macro=0.5649
fold1 ep 011  tr=1.8688  val_AccPaper=0.5770  val_BalAccMaj=0.5826  win_BalAcc=0.5729  win_f1_macro=0.5702
fold1 ep 012  tr=1.8678  val_AccPaper=0.5574  val_BalAccMaj=0.5652  win_BalAcc=0.5590  win_f1_macro=0.5577
fold1 ep 013  tr=1.8530  val_AccPaper=0.5774  val_BalAccMaj=0.5852  win_BalAcc=0.5774  win_f1_macro=0.5771
fold1 ep 014  tr=1.8381  val_AccPaper=0.5733  val_BalAccMaj=0.5781  win_BalAcc=0.5726  win_f1_macro=0.5704
fold1 ep 015  tr=1.8343  val_AccPaper=0.5781  val_BalAccMaj=0.5863  win_BalAcc=0.5773  win_f1_macro=0.5770
fold1 ep 016  tr=1.8348  val_AccPaper=0.5756  val_BalAccMaj=0.5822  win_BalAcc=0.5714  win_f1_macro=0.5699
fold1 ep 017  tr=1.8239  val_AccPaper=0.5733  val_BalAccMaj=0.5770  win_BalAcc=0.5690  win_f1_macro=0.5668
fold1 ep 018  tr=1.8092  val_AccPaper=0.5800  val_BalAccMaj=0.5874  win_BalAcc=0.5751  win_f1_macro=0.5729
fold1 ep 019  tr=1.8027  val_AccPaper=0.5678  val_BalAccMaj=0.5737  win_BalAcc=0.5638  win_f1_macro=0.5623
fold1 ep 020  tr=1.8004  val_AccPaper=0.5885  val_BalAccMaj=0.5930  win_BalAcc=0.5826  win_f1_macro=0.5826
fold1 ep 021  tr=1.7959  val_AccPaper=0.5807  val_BalAccMaj=0.5874  win_BalAcc=0.5732  win_f1_macro=0.5712
fold1 ep 022  tr=1.7952  val_AccPaper=0.5763  val_BalAccMaj=0.5837  win_BalAcc=0.5694  win_f1_macro=0.5687
fold1 ep 023  tr=1.7848  val_AccPaper=0.5733  val_BalAccMaj=0.5804  win_BalAcc=0.5729  win_f1_macro=0.5702
fold1 ep 024  tr=1.7856  val_AccPaper=0.5793  val_BalAccMaj=0.5852  win_BalAcc=0.5734  win_f1_macro=0.5715
fold1 ep 025  tr=1.7779  val_AccPaper=0.5737  val_BalAccMaj=0.5789  win_BalAcc=0.5703  win_f1_macro=0.5688
fold1 ep 026  tr=1.7755  val_AccPaper=0.5700  val_BalAccMaj=0.5781  win_BalAcc=0.5645  win_f1_macro=0.5605
fold1 ep 027  tr=1.7678  val_AccPaper=0.5667  val_BalAccMaj=0.5733  win_BalAcc=0.5619  win_f1_macro=0.5588
fold1 ep 028  tr=1.7606  val_AccPaper=0.5822  val_BalAccMaj=0.5919  win_BalAcc=0.5768  win_f1_macro=0.5747
fold1 ep 029  tr=1.7596  val_AccPaper=0.5730  val_BalAccMaj=0.5781  win_BalAcc=0.5665  win_f1_macro=0.5664
fold1 ep 030  tr=1.7508  val_AccPaper=0.5815  val_BalAccMaj=0.5885  win_BalAcc=0.5704  win_f1_macro=0.5688
fold1 ep 031  tr=1.7460  val_AccPaper=0.5704  val_BalAccMaj=0.5763  win_BalAcc=0.5643  win_f1_macro=0.5609
fold1 ep 032  tr=1.7462  val_AccPaper=0.5674  val_BalAccMaj=0.5730  win_BalAcc=0.5628  win_f1_macro=0.5613
fold1 ep 033  tr=1.7413  val_AccPaper=0.5596  val_BalAccMaj=0.5670  win_BalAcc=0.5602  win_f1_macro=0.5545
fold1 ep 034  tr=1.7391  val_AccPaper=0.5741  val_BalAccMaj=0.5811  win_BalAcc=0.5680  win_f1_macro=0.5673
fold1 ep 035  tr=1.7394  val_AccPaper=0.5715  val_BalAccMaj=0.5793  win_BalAcc=0.5661  win_f1_macro=0.5657
fold1 ep 036  tr=1.7270  val_AccPaper=0.5711  val_BalAccMaj=0.5796  win_BalAcc=0.5653  win_f1_macro=0.5623
fold1 ep 037  tr=1.7300  val_AccPaper=0.5652  val_BalAccMaj=0.5715  win_BalAcc=0.5616  win_f1_macro=0.5568
fold1 ep 038  tr=1.7220  val_AccPaper=0.5667  val_BalAccMaj=0.5722  win_BalAcc=0.5636  win_f1_macro=0.5626
fold1 ep 039  tr=1.7163  val_AccPaper=0.5700  val_BalAccMaj=0.5763  win_BalAcc=0.5600  win_f1_macro=0.5578
fold1 ep 040  tr=1.7122  val_AccPaper=0.5641  val_BalAccMaj=0.5719  win_BalAcc=0.5603  win_f1_macro=0.5582
fold1 early stop @ ep 40
fold2 ep 001  tr=2.4098  val_AccPaper=0.5237  val_BalAccMaj=0.5296  win_BalAcc=0.5214  win_f1_macro=0.5188
fold2 ep 002  tr=2.0147  val_AccPaper=0.5359  val_BalAccMaj=0.5419  win_BalAcc=0.5264  win_f1_macro=0.5265
fold2 ep 003  tr=1.9246  val_AccPaper=0.5504  val_BalAccMaj=0.5570  win_BalAcc=0.5418  win_f1_macro=0.5425
fold2 ep 004  tr=1.8754  val_AccPaper=0.5430  val_BalAccMaj=0.5485  win_BalAcc=0.5376  win_f1_macro=0.5385
fold2 ep 005  tr=1.8482  val_AccPaper=0.5378  val_BalAccMaj=0.5441  win_BalAcc=0.5341  win_f1_macro=0.5331
fold2 ep 006  tr=1.8267  val_AccPaper=0.5348  val_BalAccMaj=0.5411  win_BalAcc=0.5342  win_f1_macro=0.5329
fold2 ep 007  tr=1.8082  val_AccPaper=0.5411  val_BalAccMaj=0.5459  win_BalAcc=0.5344  win_f1_macro=0.5335
fold2 ep 008  tr=1.7971  val_AccPaper=0.5426  val_BalAccMaj=0.5463  win_BalAcc=0.5356  win_f1_macro=0.5339
fold2 ep 009  tr=1.7819  val_AccPaper=0.5378  val_BalAccMaj=0.5437  win_BalAcc=0.5302  win_f1_macro=0.5284
fold2 ep 010  tr=1.7724  val_AccPaper=0.5293  val_BalAccMaj=0.5341  win_BalAcc=0.5227  win_f1_macro=0.5198
fold2 ep 011  tr=1.7568  val_AccPaper=0.5344  val_BalAccMaj=0.5411  win_BalAcc=0.5319  win_f1_macro=0.5299
fold2 ep 012  tr=1.7506  val_AccPaper=0.5333  val_BalAccMaj=0.5374  win_BalAcc=0.5278  win_f1_macro=0.5259
fold2 ep 013  tr=1.7432  val_AccPaper=0.5344  val_BalAccMaj=0.5400  win_BalAcc=0.5304  win_f1_macro=0.5279
fold2 ep 014  tr=1.7328  val_AccPaper=0.5289  val_BalAccMaj=0.5352  win_BalAcc=0.5224  win_f1_macro=0.5172
fold2 ep 015  tr=1.7220  val_AccPaper=0.5263  val_BalAccMaj=0.5344  win_BalAcc=0.5215  win_f1_macro=0.5174
fold2 ep 016  tr=1.7164  val_AccPaper=0.5344  val_BalAccMaj=0.5419  win_BalAcc=0.5289  win_f1_macro=0.5257
fold2 ep 017  tr=1.7099  val_AccPaper=0.5304  val_BalAccMaj=0.5385  win_BalAcc=0.5270  win_f1_macro=0.5241
fold2 ep 018  tr=1.7079  val_AccPaper=0.5307  val_BalAccMaj=0.5367  win_BalAcc=0.5256  win_f1_macro=0.5212
fold2 ep 019  tr=1.6979  val_AccPaper=0.5359  val_BalAccMaj=0.5430  win_BalAcc=0.5313  win_f1_macro=0.5279
fold2 ep 020  tr=1.6881  val_AccPaper=0.5370  val_BalAccMaj=0.5407  win_BalAcc=0.5284  win_f1_macro=0.5269
fold2 ep 021  tr=1.6869  val_AccPaper=0.5293  val_BalAccMaj=0.5378  win_BalAcc=0.5255  win_f1_macro=0.5219
fold2 ep 022  tr=1.6817  val_AccPaper=0.5363  val_BalAccMaj=0.5437  win_BalAcc=0.5336  win_f1_macro=0.5306
fold2 ep 023  tr=1.6768  val_AccPaper=0.5426  val_BalAccMaj=0.5519  win_BalAcc=0.5341  win_f1_macro=0.5309
fold2 early stop @ ep 23
fold3 ep 001  tr=2.5030  val_AccPaper=0.5537  val_BalAccMaj=0.5570  win_BalAcc=0.5456  win_f1_macro=0.5376
fold3 ep 002  tr=2.1318  val_AccPaper=0.5678  val_BalAccMaj=0.5715  win_BalAcc=0.5633  win_f1_macro=0.5589
fold3 ep 003  tr=2.0410  val_AccPaper=0.5830  val_BalAccMaj=0.5867  win_BalAcc=0.5750  win_f1_macro=0.5746
fold3 ep 004  tr=1.9972  val_AccPaper=0.5774  val_BalAccMaj=0.5822  win_BalAcc=0.5797  win_f1_macro=0.5792
fold3 ep 005  tr=1.9618  val_AccPaper=0.5867  val_BalAccMaj=0.5930  win_BalAcc=0.5868  win_f1_macro=0.5874
fold3 ep 006  tr=1.9421  val_AccPaper=0.5878  val_BalAccMaj=0.5944  win_BalAcc=0.5890  win_f1_macro=0.5897
fold3 ep 007  tr=1.9209  val_AccPaper=0.5926  val_BalAccMaj=0.5978  win_BalAcc=0.5925  win_f1_macro=0.5932
fold3 ep 008  tr=1.9025  val_AccPaper=0.6015  val_BalAccMaj=0.6063  win_BalAcc=0.5967  win_f1_macro=0.5977
fold3 ep 009  tr=1.8870  val_AccPaper=0.6004  val_BalAccMaj=0.6070  win_BalAcc=0.5939  win_f1_macro=0.5945
fold3 ep 010  tr=1.8740  val_AccPaper=0.5956  val_BalAccMaj=0.6026  win_BalAcc=0.5917  win_f1_macro=0.5921
fold3 ep 011  tr=1.8599  val_AccPaper=0.5930  val_BalAccMaj=0.5985  win_BalAcc=0.5949  win_f1_macro=0.5953
fold3 ep 012  tr=1.8508  val_AccPaper=0.5952  val_BalAccMaj=0.6007  win_BalAcc=0.5915  win_f1_macro=0.5915
fold3 ep 013  tr=1.8338  val_AccPaper=0.5952  val_BalAccMaj=0.5996  win_BalAcc=0.5905  win_f1_macro=0.5908
fold3 ep 014  tr=1.8283  val_AccPaper=0.5952  val_BalAccMaj=0.6004  win_BalAcc=0.5866  win_f1_macro=0.5868
fold3 ep 015  tr=1.8221  val_AccPaper=0.6037  val_BalAccMaj=0.6100  win_BalAcc=0.5974  win_f1_macro=0.5978
fold3 ep 016  tr=1.8172  val_AccPaper=0.5956  val_BalAccMaj=0.6011  win_BalAcc=0.5908  win_f1_macro=0.5913
fold3 ep 017  tr=1.8111  val_AccPaper=0.5978  val_BalAccMaj=0.6030  win_BalAcc=0.5943  win_f1_macro=0.5944
fold3 ep 018  tr=1.8056  val_AccPaper=0.6007  val_BalAccMaj=0.6067  win_BalAcc=0.5935  win_f1_macro=0.5937
fold3 ep 019  tr=1.7990  val_AccPaper=0.6000  val_BalAccMaj=0.6059  win_BalAcc=0.5935  win_f1_macro=0.5939
fold3 ep 020  tr=1.7903  val_AccPaper=0.5904  val_BalAccMaj=0.5974  win_BalAcc=0.5851  win_f1_macro=0.5852
fold3 ep 021  tr=1.7909  val_AccPaper=0.5963  val_BalAccMaj=0.6041  win_BalAcc=0.5889  win_f1_macro=0.5895
fold3 ep 022  tr=1.7841  val_AccPaper=0.6030  val_BalAccMaj=0.6063  win_BalAcc=0.5961  win_f1_macro=0.5964
fold3 ep 023  tr=1.7734  val_AccPaper=0.5933  val_BalAccMaj=0.6007  win_BalAcc=0.5898  win_f1_macro=0.5902
fold3 ep 024  tr=1.7681  val_AccPaper=0.6056  val_BalAccMaj=0.6104  win_BalAcc=0.5957  win_f1_macro=0.5958
fold3 ep 025  tr=1.7605  val_AccPaper=0.6011  val_BalAccMaj=0.6081  win_BalAcc=0.5931  win_f1_macro=0.5932
fold3 ep 026  tr=1.7562  val_AccPaper=0.5959  val_BalAccMaj=0.6022  win_BalAcc=0.5875  win_f1_macro=0.5878
fold3 ep 027  tr=1.7552  val_AccPaper=0.6026  val_BalAccMaj=0.6089  win_BalAcc=0.5965  win_f1_macro=0.5971
fold3 ep 028  tr=1.7495  val_AccPaper=0.5967  val_BalAccMaj=0.6037  win_BalAcc=0.5878  win_f1_macro=0.5877
fold3 ep 029  tr=1.7488  val_AccPaper=0.5989  val_BalAccMaj=0.6052  win_BalAcc=0.5917  win_f1_macro=0.5919
fold3 ep 030  tr=1.7418  val_AccPaper=0.6007  val_BalAccMaj=0.6056  win_BalAcc=0.5916  win_f1_macro=0.5918
fold3 ep 031  tr=1.7270  val_AccPaper=0.6048  val_BalAccMaj=0.6096  win_BalAcc=0.5927  win_f1_macro=0.5931
fold3 ep 032  tr=1.7296  val_AccPaper=0.6011  val_BalAccMaj=0.6078  win_BalAcc=0.5913  win_f1_macro=0.5916
fold3 ep 033  tr=1.7338  val_AccPaper=0.5952  val_BalAccMaj=0.5996  win_BalAcc=0.5855  win_f1_macro=0.5857
fold3 ep 034  tr=1.7213  val_AccPaper=0.5911  val_BalAccMaj=0.5989  win_BalAcc=0.5866  win_f1_macro=0.5870
fold3 ep 035  tr=1.7252  val_AccPaper=0.6100  val_BalAccMaj=0.6167  win_BalAcc=0.6000  win_f1_macro=0.6001
fold3 ep 036  tr=1.7136  val_AccPaper=0.5948  val_BalAccMaj=0.6019  win_BalAcc=0.5815  win_f1_macro=0.5818
fold3 ep 037  tr=1.7194  val_AccPaper=0.6000  val_BalAccMaj=0.6056  win_BalAcc=0.5906  win_f1_macro=0.5909
fold3 ep 038  tr=1.7049  val_AccPaper=0.6085  val_BalAccMaj=0.6170  win_BalAcc=0.5936  win_f1_macro=0.5939
fold3 ep 039  tr=1.6985  val_AccPaper=0.5970  val_BalAccMaj=0.6033  win_BalAcc=0.5846  win_f1_macro=0.5850
fold3 ep 040  tr=1.7078  val_AccPaper=0.6022  val_BalAccMaj=0.6074  win_BalAcc=0.5894  win_f1_macro=0.5898
fold3 ep 041  tr=1.6944  val_AccPaper=0.5948  val_BalAccMaj=0.6004  win_BalAcc=0.5847  win_f1_macro=0.5849
fold3 ep 042  tr=1.6942  val_AccPaper=0.5852  val_BalAccMaj=0.5930  win_BalAcc=0.5811  win_f1_macro=0.5810
fold3 ep 043  tr=1.6972  val_AccPaper=0.5885  val_BalAccMaj=0.5922  win_BalAcc=0.5790  win_f1_macro=0.5781
fold3 ep 044  tr=1.6889  val_AccPaper=0.5948  val_BalAccMaj=0.5996  win_BalAcc=0.5832  win_f1_macro=0.5835
fold3 ep 045  tr=1.6939  val_AccPaper=0.5948  val_BalAccMaj=0.6022  win_BalAcc=0.5851  win_f1_macro=0.5853
fold3 ep 046  tr=1.6884  val_AccPaper=0.5837  val_BalAccMaj=0.5915  win_BalAcc=0.5815  win_f1_macro=0.5814
fold3 ep 047  tr=1.6842  val_AccPaper=0.5967  val_BalAccMaj=0.6026  win_BalAcc=0.5863  win_f1_macro=0.5863
fold3 ep 048  tr=1.6833  val_AccPaper=0.5900  val_BalAccMaj=0.5970  win_BalAcc=0.5786  win_f1_macro=0.5788
fold3 ep 049  tr=1.6759  val_AccPaper=0.5911  val_BalAccMaj=0.5989  win_BalAcc=0.5819  win_f1_macro=0.5822
fold3 ep 050  tr=1.6705  val_AccPaper=0.5948  val_BalAccMaj=0.6007  win_BalAcc=0.5829  win_f1_macro=0.5831
fold3 ep 051  tr=1.6679  val_AccPaper=0.5915  val_BalAccMaj=0.5981  win_BalAcc=0.5828  win_f1_macro=0.5830
fold3 ep 052  tr=1.6637  val_AccPaper=0.5859  val_BalAccMaj=0.5930  win_BalAcc=0.5794  win_f1_macro=0.5796
fold3 ep 053  tr=1.6640  val_AccPaper=0.5833  val_BalAccMaj=0.5893  win_BalAcc=0.5753  win_f1_macro=0.5753
fold3 ep 054  tr=1.6658  val_AccPaper=0.5904  val_BalAccMaj=0.5978  win_BalAcc=0.5796  win_f1_macro=0.5794
fold3 ep 055  tr=1.6611  val_AccPaper=0.5881  val_BalAccMaj=0.5926  win_BalAcc=0.5819  win_f1_macro=0.5821
fold3 early stop @ ep 55
fold4 ep 001  tr=2.3944  val_AccPaper=0.4685  val_BalAccMaj=0.4715  win_BalAcc=0.4776  win_f1_macro=0.4653
fold4 ep 002  tr=2.0082  val_AccPaper=0.4859  val_BalAccMaj=0.4904  win_BalAcc=0.4891  win_f1_macro=0.4844
fold4 ep 003  tr=1.9096  val_AccPaper=0.5100  val_BalAccMaj=0.5156  win_BalAcc=0.5067  win_f1_macro=0.5065
fold4 ep 004  tr=1.8800  val_AccPaper=0.4952  val_BalAccMaj=0.5007  win_BalAcc=0.4949  win_f1_macro=0.4932
fold4 ep 005  tr=1.8446  val_AccPaper=0.5056  val_BalAccMaj=0.5111  win_BalAcc=0.4986  win_f1_macro=0.4967
fold4 ep 006  tr=1.8333  val_AccPaper=0.5089  val_BalAccMaj=0.5167  win_BalAcc=0.5069  win_f1_macro=0.5058
fold4 ep 007  tr=1.8204  val_AccPaper=0.5074  val_BalAccMaj=0.5163  win_BalAcc=0.5061  win_f1_macro=0.5060
fold4 ep 008  tr=1.8066  val_AccPaper=0.5033  val_BalAccMaj=0.5133  win_BalAcc=0.5054  win_f1_macro=0.5043
fold4 ep 009  tr=1.7961  val_AccPaper=0.5037  val_BalAccMaj=0.5104  win_BalAcc=0.5024  win_f1_macro=0.5011
fold4 ep 010  tr=1.7805  val_AccPaper=0.5022  val_BalAccMaj=0.5096  win_BalAcc=0.5056  win_f1_macro=0.5051
fold4 ep 011  tr=1.7685  val_AccPaper=0.4956  val_BalAccMaj=0.5022  win_BalAcc=0.4928  win_f1_macro=0.4886
fold4 ep 012  tr=1.7649  val_AccPaper=0.5022  val_BalAccMaj=0.5096  win_BalAcc=0.4978  win_f1_macro=0.4952
fold4 ep 013  tr=1.7555  val_AccPaper=0.5156  val_BalAccMaj=0.5207  win_BalAcc=0.5050  win_f1_macro=0.5037
fold4 ep 014  tr=1.7427  val_AccPaper=0.5019  val_BalAccMaj=0.5085  win_BalAcc=0.5029  win_f1_macro=0.5005
fold4 ep 015  tr=1.7334  val_AccPaper=0.4974  val_BalAccMaj=0.5041  win_BalAcc=0.4972  win_f1_macro=0.4946
fold4 ep 016  tr=1.7240  val_AccPaper=0.5085  val_BalAccMaj=0.5152  win_BalAcc=0.5075  win_f1_macro=0.5067
fold4 ep 017  tr=1.7286  val_AccPaper=0.5119  val_BalAccMaj=0.5204  win_BalAcc=0.5088  win_f1_macro=0.5085
fold4 ep 018  tr=1.7163  val_AccPaper=0.5030  val_BalAccMaj=0.5093  win_BalAcc=0.5009  win_f1_macro=0.4995
fold4 ep 019  tr=1.7085  val_AccPaper=0.5133  val_BalAccMaj=0.5196  win_BalAcc=0.5072  win_f1_macro=0.5065
fold4 ep 020  tr=1.7044  val_AccPaper=0.5063  val_BalAccMaj=0.5141  win_BalAcc=0.5028  win_f1_macro=0.5017
fold4 ep 021  tr=1.7018  val_AccPaper=0.5056  val_BalAccMaj=0.5133  win_BalAcc=0.5042  win_f1_macro=0.5036
fold4 ep 022  tr=1.6975  val_AccPaper=0.4970  val_BalAccMaj=0.5041  win_BalAcc=0.4945  win_f1_macro=0.4908
fold4 ep 023  tr=1.6877  val_AccPaper=0.4948  val_BalAccMaj=0.5011  win_BalAcc=0.4938  win_f1_macro=0.4895
fold4 ep 024  tr=1.6882  val_AccPaper=0.5078  val_BalAccMaj=0.5152  win_BalAcc=0.5016  win_f1_macro=0.5003
fold4 ep 025  tr=1.6747  val_AccPaper=0.5093  val_BalAccMaj=0.5174  win_BalAcc=0.5033  win_f1_macro=0.5015
fold4 ep 026  tr=1.6782  val_AccPaper=0.5115  val_BalAccMaj=0.5200  win_BalAcc=0.5053  win_f1_macro=0.5044
fold4 ep 027  tr=1.6664  val_AccPaper=0.5063  val_BalAccMaj=0.5126  win_BalAcc=0.4998  win_f1_macro=0.4981
fold4 ep 028  tr=1.6650  val_AccPaper=0.5137  val_BalAccMaj=0.5189  win_BalAcc=0.5074  win_f1_macro=0.5065
fold4 ep 029  tr=1.6558  val_AccPaper=0.5059  val_BalAccMaj=0.5119  win_BalAcc=0.5002  win_f1_macro=0.4990
fold4 ep 030  tr=1.6530  val_AccPaper=0.5015  val_BalAccMaj=0.5115  win_BalAcc=0.4982  win_f1_macro=0.4966
fold4 ep 031  tr=1.6464  val_AccPaper=0.4919  val_BalAccMaj=0.4993  win_BalAcc=0.4936  win_f1_macro=0.4906
fold4 ep 032  tr=1.6428  val_AccPaper=0.5022  val_BalAccMaj=0.5093  win_BalAcc=0.4965  win_f1_macro=0.4940
fold4 ep 033  tr=1.6374  val_AccPaper=0.5015  val_BalAccMaj=0.5078  win_BalAcc=0.5003  win_f1_macro=0.4987
fold4 early stop @ ep 33
[C2c] done val_AccPaper=0.5671 test_AccPaper=0.5654 test_BalAcc=0.5708 test_win_F1=0.5633
