start arm=T1_aux device=cuda n_classes=3 y_counts={0: 91800, 1: 91800, 2: 91800} pf_protocol_version=3 no_rest=False
[T1_aux] §3.2.1 future-perturb ratio=127.255
fold0 ep 001  tr=3.2971  val_AccPaper=0.7496  val_BalAccMaj=0.7496  win_BalAcc=0.7509  win_f1_macro=0.7446
fold0 ep 002  tr=2.6121  val_AccPaper=0.7522  val_BalAccMaj=0.7522  win_BalAcc=0.7500  win_f1_macro=0.7485
fold0 ep 003  tr=2.4095  val_AccPaper=0.7759  val_BalAccMaj=0.7759  win_BalAcc=0.7701  win_f1_macro=0.7701
fold0 ep 004  tr=2.3084  val_AccPaper=0.7774  val_BalAccMaj=0.7774  win_BalAcc=0.7727  win_f1_macro=0.7725
fold0 ep 005  tr=2.2542  val_AccPaper=0.7800  val_BalAccMaj=0.7800  win_BalAcc=0.7736  win_f1_macro=0.7733
fold0 ep 006  tr=2.2198  val_AccPaper=0.7830  val_BalAccMaj=0.7830  win_BalAcc=0.7734  win_f1_macro=0.7722
fold0 ep 007  tr=2.1952  val_AccPaper=0.7826  val_BalAccMaj=0.7826  win_BalAcc=0.7742  win_f1_macro=0.7742
fold0 ep 008  tr=2.1799  val_AccPaper=0.7841  val_BalAccMaj=0.7841  win_BalAcc=0.7754  win_f1_macro=0.7737
fold0 ep 009  tr=2.1633  val_AccPaper=0.7804  val_BalAccMaj=0.7804  win_BalAcc=0.7753  win_f1_macro=0.7745
fold0 ep 010  tr=2.1470  val_AccPaper=0.7819  val_BalAccMaj=0.7819  win_BalAcc=0.7723  win_f1_macro=0.7701
fold0 ep 011  tr=2.1454  val_AccPaper=0.7822  val_BalAccMaj=0.7822  win_BalAcc=0.7770  win_f1_macro=0.7766
fold0 ep 012  tr=2.1283  val_AccPaper=0.7811  val_BalAccMaj=0.7811  win_BalAcc=0.7737  win_f1_macro=0.7737
fold0 ep 013  tr=2.1181  val_AccPaper=0.7789  val_BalAccMaj=0.7789  win_BalAcc=0.7725  win_f1_macro=0.7725
fold0 ep 014  tr=2.1072  val_AccPaper=0.7844  val_BalAccMaj=0.7844  win_BalAcc=0.7768  win_f1_macro=0.7765
fold0 ep 015  tr=2.0986  val_AccPaper=0.7844  val_BalAccMaj=0.7844  win_BalAcc=0.7760  win_f1_macro=0.7760
fold0 ep 016  tr=2.0912  val_AccPaper=0.7833  val_BalAccMaj=0.7833  win_BalAcc=0.7748  win_f1_macro=0.7748
fold0 ep 017  tr=2.0859  val_AccPaper=0.7819  val_BalAccMaj=0.7819  win_BalAcc=0.7769  win_f1_macro=0.7765
fold0 ep 018  tr=2.0758  val_AccPaper=0.7852  val_BalAccMaj=0.7852  win_BalAcc=0.7761  win_f1_macro=0.7760
fold0 ep 019  tr=2.0739  val_AccPaper=0.7867  val_BalAccMaj=0.7867  win_BalAcc=0.7792  win_f1_macro=0.7779
fold0 ep 020  tr=2.0678  val_AccPaper=0.7793  val_BalAccMaj=0.7793  win_BalAcc=0.7750  win_f1_macro=0.7750
fold0 ep 021  tr=2.0651  val_AccPaper=0.7848  val_BalAccMaj=0.7848  win_BalAcc=0.7773  win_f1_macro=0.7763
fold0 ep 022  tr=2.0613  val_AccPaper=0.7863  val_BalAccMaj=0.7863  win_BalAcc=0.7797  win_f1_macro=0.7793
fold0 ep 023  tr=2.0498  val_AccPaper=0.7830  val_BalAccMaj=0.7830  win_BalAcc=0.7765  win_f1_macro=0.7764
fold0 ep 024  tr=2.0529  val_AccPaper=0.7815  val_BalAccMaj=0.7815  win_BalAcc=0.7748  win_f1_macro=0.7743
fold0 ep 025  tr=2.0546  val_AccPaper=0.7770  val_BalAccMaj=0.7770  win_BalAcc=0.7714  win_f1_macro=0.7704
fold0 ep 026  tr=2.0552  val_AccPaper=0.7900  val_BalAccMaj=0.7900  win_BalAcc=0.7803  win_f1_macro=0.7803
fold0 ep 027  tr=2.0404  val_AccPaper=0.7889  val_BalAccMaj=0.7889  win_BalAcc=0.7789  win_f1_macro=0.7787
fold0 ep 028  tr=2.0466  val_AccPaper=0.7822  val_BalAccMaj=0.7822  win_BalAcc=0.7770  win_f1_macro=0.7769
fold0 ep 029  tr=2.0403  val_AccPaper=0.7826  val_BalAccMaj=0.7826  win_BalAcc=0.7774  win_f1_macro=0.7760
fold0 ep 030  tr=2.0472  val_AccPaper=0.7841  val_BalAccMaj=0.7841  win_BalAcc=0.7777  win_f1_macro=0.7777
fold0 ep 031  tr=2.0431  val_AccPaper=0.7856  val_BalAccMaj=0.7856  win_BalAcc=0.7768  win_f1_macro=0.7766
fold0 ep 032  tr=2.0371  val_AccPaper=0.7848  val_BalAccMaj=0.7848  win_BalAcc=0.7802  win_f1_macro=0.7791
fold0 ep 033  tr=2.0376  val_AccPaper=0.7859  val_BalAccMaj=0.7859  win_BalAcc=0.7787  win_f1_macro=0.7787
fold0 ep 034  tr=2.0403  val_AccPaper=0.7896  val_BalAccMaj=0.7896  win_BalAcc=0.7780  win_f1_macro=0.7779
fold0 ep 035  tr=2.0335  val_AccPaper=0.7852  val_BalAccMaj=0.7852  win_BalAcc=0.7786  win_f1_macro=0.7786
fold0 ep 036  tr=2.0329  val_AccPaper=0.7752  val_BalAccMaj=0.7752  win_BalAcc=0.7711  win_f1_macro=0.7710
fold0 ep 037  tr=2.0364  val_AccPaper=0.7852  val_BalAccMaj=0.7852  win_BalAcc=0.7741  win_f1_macro=0.7738
fold0 ep 038  tr=2.0297  val_AccPaper=0.7811  val_BalAccMaj=0.7811  win_BalAcc=0.7747  win_f1_macro=0.7747
fold0 ep 039  tr=2.0325  val_AccPaper=0.7911  val_BalAccMaj=0.7911  win_BalAcc=0.7803  win_f1_macro=0.7802
fold0 ep 040  tr=2.0296  val_AccPaper=0.7863  val_BalAccMaj=0.7863  win_BalAcc=0.7819  win_f1_macro=0.7806
fold0 ep 041  tr=2.0271  val_AccPaper=0.7837  val_BalAccMaj=0.7837  win_BalAcc=0.7766  win_f1_macro=0.7749
fold0 ep 042  tr=2.0269  val_AccPaper=0.7804  val_BalAccMaj=0.7804  win_BalAcc=0.7769  win_f1_macro=0.7768
fold0 ep 043  tr=2.0276  val_AccPaper=0.7878  val_BalAccMaj=0.7878  win_BalAcc=0.7808  win_f1_macro=0.7807
fold0 ep 044  tr=2.0277  val_AccPaper=0.7830  val_BalAccMaj=0.7830  win_BalAcc=0.7744  win_f1_macro=0.7743
fold0 ep 045  tr=2.0271  val_AccPaper=0.7856  val_BalAccMaj=0.7856  win_BalAcc=0.7783  win_f1_macro=0.7780
fold0 ep 046  tr=2.0239  val_AccPaper=0.7870  val_BalAccMaj=0.7870  win_BalAcc=0.7796  win_f1_macro=0.7791
fold0 ep 047  tr=2.0234  val_AccPaper=0.7867  val_BalAccMaj=0.7867  win_BalAcc=0.7769  win_f1_macro=0.7768
fold0 ep 048  tr=2.0238  val_AccPaper=0.7893  val_BalAccMaj=0.7893  win_BalAcc=0.7806  win_f1_macro=0.7795
fold0 ep 049  tr=2.0237  val_AccPaper=0.7930  val_BalAccMaj=0.7930  win_BalAcc=0.7822  win_f1_macro=0.7821
fold0 ep 050  tr=2.0159  val_AccPaper=0.7870  val_BalAccMaj=0.7870  win_BalAcc=0.7802  win_f1_macro=0.7801
fold0 ep 051  tr=2.0215  val_AccPaper=0.7867  val_BalAccMaj=0.7867  win_BalAcc=0.7776  win_f1_macro=0.7775
fold0 ep 052  tr=2.0189  val_AccPaper=0.7848  val_BalAccMaj=0.7848  win_BalAcc=0.7771  win_f1_macro=0.7770
fold0 ep 053  tr=2.0220  val_AccPaper=0.7881  val_BalAccMaj=0.7881  win_BalAcc=0.7782  win_f1_macro=0.7778
fold0 ep 054  tr=2.0233  val_AccPaper=0.7885  val_BalAccMaj=0.7885  win_BalAcc=0.7781  win_f1_macro=0.7781
fold0 ep 055  tr=2.0135  val_AccPaper=0.7830  val_BalAccMaj=0.7830  win_BalAcc=0.7762  win_f1_macro=0.7756
fold0 ep 056  tr=2.0128  val_AccPaper=0.7863  val_BalAccMaj=0.7863  win_BalAcc=0.7792  win_f1_macro=0.7785
fold0 ep 057  tr=2.0164  val_AccPaper=0.7874  val_BalAccMaj=0.7874  win_BalAcc=0.7783  win_f1_macro=0.7777
fold0 ep 058  tr=2.0163  val_AccPaper=0.7922  val_BalAccMaj=0.7922  win_BalAcc=0.7788  win_f1_macro=0.7787
fold0 ep 059  tr=2.0090  val_AccPaper=0.7830  val_BalAccMaj=0.7830  win_BalAcc=0.7766  win_f1_macro=0.7752
fold0 ep 060  tr=2.0169  val_AccPaper=0.7841  val_BalAccMaj=0.7841  win_BalAcc=0.7767  win_f1_macro=0.7766
fold0 ep 061  tr=2.0119  val_AccPaper=0.7841  val_BalAccMaj=0.7841  win_BalAcc=0.7779  win_f1_macro=0.7776
fold0 ep 062  tr=2.0119  val_AccPaper=0.7867  val_BalAccMaj=0.7867  win_BalAcc=0.7771  win_f1_macro=0.7769
fold0 ep 063  tr=2.0135  val_AccPaper=0.7859  val_BalAccMaj=0.7859  win_BalAcc=0.7768  win_f1_macro=0.7762
fold0 ep 064  tr=2.0158  val_AccPaper=0.7930  val_BalAccMaj=0.7930  win_BalAcc=0.7832  win_f1_macro=0.7826
fold0 ep 065  tr=2.0058  val_AccPaper=0.7785  val_BalAccMaj=0.7785  win_BalAcc=0.7719  win_f1_macro=0.7718
fold0 ep 066  tr=2.0057  val_AccPaper=0.7911  val_BalAccMaj=0.7911  win_BalAcc=0.7810  win_f1_macro=0.7808
fold0 ep 067  tr=2.0057  val_AccPaper=0.7822  val_BalAccMaj=0.7822  win_BalAcc=0.7776  win_f1_macro=0.7769
fold0 ep 068  tr=2.0045  val_AccPaper=0.7885  val_BalAccMaj=0.7885  win_BalAcc=0.7784  win_f1_macro=0.7776
fold0 ep 069  tr=2.0095  val_AccPaper=0.7837  val_BalAccMaj=0.7837  win_BalAcc=0.7774  win_f1_macro=0.7765
fold0 early stop @ ep 69
fold1 ep 001  tr=3.3029  val_AccPaper=0.7593  val_BalAccMaj=0.7593  win_BalAcc=0.7585  win_f1_macro=0.7566
fold1 ep 002  tr=2.6039  val_AccPaper=0.7522  val_BalAccMaj=0.7522  win_BalAcc=0.7497  win_f1_macro=0.7378
fold1 ep 003  tr=2.4113  val_AccPaper=0.7652  val_BalAccMaj=0.7652  win_BalAcc=0.7620  win_f1_macro=0.7560
fold1 ep 004  tr=2.3194  val_AccPaper=0.7656  val_BalAccMaj=0.7656  win_BalAcc=0.7648  win_f1_macro=0.7566
fold1 ep 005  tr=2.2701  val_AccPaper=0.7659  val_BalAccMaj=0.7659  win_BalAcc=0.7605  win_f1_macro=0.7511
fold1 ep 006  tr=2.2476  val_AccPaper=0.7819  val_BalAccMaj=0.7819  win_BalAcc=0.7716  win_f1_macro=0.7691
fold1 ep 007  tr=2.2281  val_AccPaper=0.7856  val_BalAccMaj=0.7856  win_BalAcc=0.7757  win_f1_macro=0.7726
fold1 ep 008  tr=2.2131  val_AccPaper=0.7796  val_BalAccMaj=0.7796  win_BalAcc=0.7742  win_f1_macro=0.7726
fold1 ep 009  tr=2.2059  val_AccPaper=0.7785  val_BalAccMaj=0.7785  win_BalAcc=0.7710  win_f1_macro=0.7659
fold1 ep 010  tr=2.1923  val_AccPaper=0.7815  val_BalAccMaj=0.7815  win_BalAcc=0.7734  win_f1_macro=0.7692
fold1 ep 011  tr=2.1808  val_AccPaper=0.7867  val_BalAccMaj=0.7867  win_BalAcc=0.7768  win_f1_macro=0.7738
fold1 ep 012  tr=2.1692  val_AccPaper=0.7759  val_BalAccMaj=0.7759  win_BalAcc=0.7712  win_f1_macro=0.7685
fold1 ep 013  tr=2.1605  val_AccPaper=0.7844  val_BalAccMaj=0.7844  win_BalAcc=0.7758  win_f1_macro=0.7734
fold1 ep 014  tr=2.1452  val_AccPaper=0.7874  val_BalAccMaj=0.7874  win_BalAcc=0.7787  win_f1_macro=0.7763
fold1 ep 015  tr=2.1328  val_AccPaper=0.7781  val_BalAccMaj=0.7781  win_BalAcc=0.7712  win_f1_macro=0.7690
fold1 ep 016  tr=2.1391  val_AccPaper=0.7848  val_BalAccMaj=0.7848  win_BalAcc=0.7760  win_f1_macro=0.7735
fold1 ep 017  tr=2.1257  val_AccPaper=0.7900  val_BalAccMaj=0.7900  win_BalAcc=0.7785  win_f1_macro=0.7762
fold1 ep 018  tr=2.1243  val_AccPaper=0.7833  val_BalAccMaj=0.7833  win_BalAcc=0.7740  win_f1_macro=0.7727
fold1 ep 019  tr=2.1257  val_AccPaper=0.7741  val_BalAccMaj=0.7741  win_BalAcc=0.7687  win_f1_macro=0.7630
fold1 ep 020  tr=2.1169  val_AccPaper=0.7741  val_BalAccMaj=0.7741  win_BalAcc=0.7686  win_f1_macro=0.7645
fold1 ep 021  tr=2.1116  val_AccPaper=0.7867  val_BalAccMaj=0.7867  win_BalAcc=0.7767  win_f1_macro=0.7742
fold1 ep 022  tr=2.1082  val_AccPaper=0.7856  val_BalAccMaj=0.7856  win_BalAcc=0.7790  win_f1_macro=0.7788
fold1 ep 023  tr=2.1138  val_AccPaper=0.7770  val_BalAccMaj=0.7770  win_BalAcc=0.7690  win_f1_macro=0.7659
fold1 ep 024  tr=2.1013  val_AccPaper=0.7848  val_BalAccMaj=0.7848  win_BalAcc=0.7777  win_f1_macro=0.7759
fold1 ep 025  tr=2.1037  val_AccPaper=0.7752  val_BalAccMaj=0.7752  win_BalAcc=0.7691  win_f1_macro=0.7665
fold1 ep 026  tr=2.0994  val_AccPaper=0.7852  val_BalAccMaj=0.7852  win_BalAcc=0.7762  win_f1_macro=0.7739
fold1 ep 027  tr=2.1026  val_AccPaper=0.7793  val_BalAccMaj=0.7793  win_BalAcc=0.7754  win_f1_macro=0.7745
fold1 ep 028  tr=2.0998  val_AccPaper=0.7804  val_BalAccMaj=0.7804  win_BalAcc=0.7763  win_f1_macro=0.7753
fold1 ep 029  tr=2.1000  val_AccPaper=0.7781  val_BalAccMaj=0.7781  win_BalAcc=0.7711  win_f1_macro=0.7692
fold1 ep 030  tr=2.1014  val_AccPaper=0.7759  val_BalAccMaj=0.7759  win_BalAcc=0.7690  win_f1_macro=0.7663
fold1 ep 031  tr=2.0978  val_AccPaper=0.7726  val_BalAccMaj=0.7726  win_BalAcc=0.7700  win_f1_macro=0.7699
fold1 ep 032  tr=2.0929  val_AccPaper=0.7833  val_BalAccMaj=0.7833  win_BalAcc=0.7767  win_f1_macro=0.7765
fold1 ep 033  tr=2.0996  val_AccPaper=0.7704  val_BalAccMaj=0.7704  win_BalAcc=0.7687  win_f1_macro=0.7673
fold1 ep 034  tr=2.0928  val_AccPaper=0.7726  val_BalAccMaj=0.7726  win_BalAcc=0.7664  win_f1_macro=0.7627
fold1 ep 035  tr=2.0877  val_AccPaper=0.7733  val_BalAccMaj=0.7733  win_BalAcc=0.7721  win_f1_macro=0.7712
fold1 ep 036  tr=2.0979  val_AccPaper=0.7715  val_BalAccMaj=0.7715  win_BalAcc=0.7704  win_f1_macro=0.7680
fold1 ep 037  tr=2.0936  val_AccPaper=0.7826  val_BalAccMaj=0.7826  win_BalAcc=0.7769  win_f1_macro=0.7759
fold1 early stop @ ep 37
fold2 ep 001  tr=3.2504  val_AccPaper=0.7415  val_BalAccMaj=0.7419  win_BalAcc=0.7350  win_f1_macro=0.7212
fold2 ep 002  tr=2.5735  val_AccPaper=0.7470  val_BalAccMaj=0.7470  win_BalAcc=0.7420  win_f1_macro=0.7322
fold2 ep 003  tr=2.4015  val_AccPaper=0.7522  val_BalAccMaj=0.7522  win_BalAcc=0.7433  win_f1_macro=0.7342
fold2 ep 004  tr=2.2979  val_AccPaper=0.7552  val_BalAccMaj=0.7552  win_BalAcc=0.7488  win_f1_macro=0.7434
fold2 ep 005  tr=2.2399  val_AccPaper=0.7585  val_BalAccMaj=0.7585  win_BalAcc=0.7547  win_f1_macro=0.7533
fold2 ep 006  tr=2.2061  val_AccPaper=0.7641  val_BalAccMaj=0.7641  win_BalAcc=0.7582  win_f1_macro=0.7581
fold2 ep 007  tr=2.1871  val_AccPaper=0.7652  val_BalAccMaj=0.7652  win_BalAcc=0.7575  win_f1_macro=0.7565
fold2 ep 008  tr=2.1621  val_AccPaper=0.7648  val_BalAccMaj=0.7648  win_BalAcc=0.7574  win_f1_macro=0.7560
fold2 ep 009  tr=2.1510  val_AccPaper=0.7670  val_BalAccMaj=0.7670  win_BalAcc=0.7612  win_f1_macro=0.7609
fold2 ep 010  tr=2.1393  val_AccPaper=0.7667  val_BalAccMaj=0.7667  win_BalAcc=0.7624  win_f1_macro=0.7618
fold2 ep 011  tr=2.1292  val_AccPaper=0.7622  val_BalAccMaj=0.7622  win_BalAcc=0.7588  win_f1_macro=0.7568
fold2 ep 012  tr=2.1159  val_AccPaper=0.7670  val_BalAccMaj=0.7670  win_BalAcc=0.7606  win_f1_macro=0.7606
fold2 ep 013  tr=2.1141  val_AccPaper=0.7663  val_BalAccMaj=0.7663  win_BalAcc=0.7602  win_f1_macro=0.7587
fold2 ep 014  tr=2.1047  val_AccPaper=0.7659  val_BalAccMaj=0.7659  win_BalAcc=0.7629  win_f1_macro=0.7624
fold2 ep 015  tr=2.0978  val_AccPaper=0.7622  val_BalAccMaj=0.7622  win_BalAcc=0.7587  win_f1_macro=0.7576
fold2 ep 016  tr=2.0902  val_AccPaper=0.7619  val_BalAccMaj=0.7619  win_BalAcc=0.7577  win_f1_macro=0.7567
fold2 ep 017  tr=2.0908  val_AccPaper=0.7637  val_BalAccMaj=0.7637  win_BalAcc=0.7594  win_f1_macro=0.7584
fold2 ep 018  tr=2.0775  val_AccPaper=0.7626  val_BalAccMaj=0.7626  win_BalAcc=0.7594  win_f1_macro=0.7578
fold2 ep 019  tr=2.0726  val_AccPaper=0.7652  val_BalAccMaj=0.7652  win_BalAcc=0.7598  win_f1_macro=0.7583
fold2 ep 020  tr=2.0670  val_AccPaper=0.7685  val_BalAccMaj=0.7685  win_BalAcc=0.7614  win_f1_macro=0.7606
fold2 ep 021  tr=2.0649  val_AccPaper=0.7648  val_BalAccMaj=0.7652  win_BalAcc=0.7583  win_f1_macro=0.7545
fold2 ep 022  tr=2.0617  val_AccPaper=0.7685  val_BalAccMaj=0.7685  win_BalAcc=0.7644  win_f1_macro=0.7633
fold2 ep 023  tr=2.0591  val_AccPaper=0.7641  val_BalAccMaj=0.7641  win_BalAcc=0.7599  win_f1_macro=0.7578
fold2 ep 024  tr=2.0546  val_AccPaper=0.7667  val_BalAccMaj=0.7670  win_BalAcc=0.7600  win_f1_macro=0.7575
fold2 ep 025  tr=2.0486  val_AccPaper=0.7611  val_BalAccMaj=0.7611  win_BalAcc=0.7587  win_f1_macro=0.7547
fold2 ep 026  tr=2.0505  val_AccPaper=0.7630  val_BalAccMaj=0.7630  win_BalAcc=0.7599  win_f1_macro=0.7566
fold2 ep 027  tr=2.0435  val_AccPaper=0.7626  val_BalAccMaj=0.7630  win_BalAcc=0.7614  win_f1_macro=0.7598
fold2 ep 028  tr=2.0423  val_AccPaper=0.7644  val_BalAccMaj=0.7644  win_BalAcc=0.7596  win_f1_macro=0.7567
fold2 ep 029  tr=2.0363  val_AccPaper=0.7626  val_BalAccMaj=0.7626  win_BalAcc=0.7602  win_f1_macro=0.7581
fold2 ep 030  tr=2.0368  val_AccPaper=0.7626  val_BalAccMaj=0.7630  win_BalAcc=0.7615  win_f1_macro=0.7589
fold2 ep 031  tr=2.0405  val_AccPaper=0.7644  val_BalAccMaj=0.7644  win_BalAcc=0.7616  win_f1_macro=0.7592
fold2 ep 032  tr=2.0333  val_AccPaper=0.7670  val_BalAccMaj=0.7670  win_BalAcc=0.7633  win_f1_macro=0.7606
fold2 ep 033  tr=2.0366  val_AccPaper=0.7633  val_BalAccMaj=0.7633  win_BalAcc=0.7610  win_f1_macro=0.7574
fold2 ep 034  tr=2.0326  val_AccPaper=0.7685  val_BalAccMaj=0.7685  win_BalAcc=0.7629  win_f1_macro=0.7604
fold2 ep 035  tr=2.0300  val_AccPaper=0.7641  val_BalAccMaj=0.7641  win_BalAcc=0.7605  win_f1_macro=0.7563
fold2 ep 036  tr=2.0279  val_AccPaper=0.7670  val_BalAccMaj=0.7670  win_BalAcc=0.7630  win_f1_macro=0.7609
fold2 ep 037  tr=2.0246  val_AccPaper=0.7663  val_BalAccMaj=0.7663  win_BalAcc=0.7641  win_f1_macro=0.7616
fold2 ep 038  tr=2.0170  val_AccPaper=0.7641  val_BalAccMaj=0.7641  win_BalAcc=0.7624  win_f1_macro=0.7579
fold2 ep 039  tr=2.0221  val_AccPaper=0.7596  val_BalAccMaj=0.7596  win_BalAcc=0.7593  win_f1_macro=0.7559
fold2 ep 040  tr=2.0218  val_AccPaper=0.7637  val_BalAccMaj=0.7637  win_BalAcc=0.7622  win_f1_macro=0.7597
fold2 early stop @ ep 40
fold3 ep 001  tr=3.2660  val_AccPaper=0.7937  val_BalAccMaj=0.7937  win_BalAcc=0.7819  win_f1_macro=0.7808
fold3 ep 002  tr=2.6317  val_AccPaper=0.7767  val_BalAccMaj=0.7767  win_BalAcc=0.7762  win_f1_macro=0.7719
fold3 ep 003  tr=2.4695  val_AccPaper=0.7926  val_BalAccMaj=0.7926  win_BalAcc=0.7848  win_f1_macro=0.7844
fold3 ep 004  tr=2.3691  val_AccPaper=0.7959  val_BalAccMaj=0.7959  win_BalAcc=0.7888  win_f1_macro=0.7887
fold3 ep 005  tr=2.3173  val_AccPaper=0.7837  val_BalAccMaj=0.7837  win_BalAcc=0.7819  win_f1_macro=0.7802
fold3 ep 006  tr=2.2885  val_AccPaper=0.7874  val_BalAccMaj=0.7874  win_BalAcc=0.7818  win_f1_macro=0.7807
fold3 ep 007  tr=2.2764  val_AccPaper=0.7904  val_BalAccMaj=0.7904  win_BalAcc=0.7877  win_f1_macro=0.7877
fold3 ep 008  tr=2.2555  val_AccPaper=0.7952  val_BalAccMaj=0.7952  win_BalAcc=0.7883  win_f1_macro=0.7883
fold3 ep 009  tr=2.2584  val_AccPaper=0.7874  val_BalAccMaj=0.7874  win_BalAcc=0.7829  win_f1_macro=0.7823
fold3 ep 010  tr=2.2480  val_AccPaper=0.7907  val_BalAccMaj=0.7907  win_BalAcc=0.7878  win_f1_macro=0.7877
fold3 ep 011  tr=2.2270  val_AccPaper=0.7811  val_BalAccMaj=0.7811  win_BalAcc=0.7768  win_f1_macro=0.7748
fold3 ep 012  tr=2.2216  val_AccPaper=0.7948  val_BalAccMaj=0.7948  win_BalAcc=0.7898  win_f1_macro=0.7898
fold3 ep 013  tr=2.2064  val_AccPaper=0.8022  val_BalAccMaj=0.8022  win_BalAcc=0.7948  win_f1_macro=0.7948
fold3 ep 014  tr=2.1939  val_AccPaper=0.7874  val_BalAccMaj=0.7874  win_BalAcc=0.7828  win_f1_macro=0.7819
fold3 ep 015  tr=2.1955  val_AccPaper=0.7996  val_BalAccMaj=0.7996  win_BalAcc=0.7937  win_f1_macro=0.7937
fold3 ep 016  tr=2.1808  val_AccPaper=0.7956  val_BalAccMaj=0.7956  win_BalAcc=0.7869  win_f1_macro=0.7868
fold3 ep 017  tr=2.1722  val_AccPaper=0.7900  val_BalAccMaj=0.7900  win_BalAcc=0.7837  win_f1_macro=0.7828
fold3 ep 018  tr=2.1615  val_AccPaper=0.7989  val_BalAccMaj=0.7989  win_BalAcc=0.7931  win_f1_macro=0.7929
fold3 ep 019  tr=2.1576  val_AccPaper=0.7970  val_BalAccMaj=0.7970  win_BalAcc=0.7917  win_f1_macro=0.7916
fold3 ep 020  tr=2.1534  val_AccPaper=0.7937  val_BalAccMaj=0.7937  win_BalAcc=0.7875  win_f1_macro=0.7872
fold3 ep 021  tr=2.1536  val_AccPaper=0.7967  val_BalAccMaj=0.7967  win_BalAcc=0.7905  win_f1_macro=0.7905
fold3 ep 022  tr=2.1474  val_AccPaper=0.7911  val_BalAccMaj=0.7911  win_BalAcc=0.7876  win_f1_macro=0.7871
fold3 ep 023  tr=2.1353  val_AccPaper=0.7900  val_BalAccMaj=0.7900  win_BalAcc=0.7891  win_f1_macro=0.7890
fold3 ep 024  tr=2.1325  val_AccPaper=0.7870  val_BalAccMaj=0.7870  win_BalAcc=0.7845  win_f1_macro=0.7832
fold3 ep 025  tr=2.1347  val_AccPaper=0.7967  val_BalAccMaj=0.7967  win_BalAcc=0.7910  win_f1_macro=0.7909
fold3 ep 026  tr=2.1272  val_AccPaper=0.7841  val_BalAccMaj=0.7841  win_BalAcc=0.7830  win_f1_macro=0.7811
fold3 ep 027  tr=2.1218  val_AccPaper=0.7952  val_BalAccMaj=0.7952  win_BalAcc=0.7931  win_f1_macro=0.7931
fold3 ep 028  tr=2.1237  val_AccPaper=0.7848  val_BalAccMaj=0.7848  win_BalAcc=0.7791  win_f1_macro=0.7774
fold3 ep 029  tr=2.1182  val_AccPaper=0.7948  val_BalAccMaj=0.7948  win_BalAcc=0.7886  win_f1_macro=0.7882
fold3 ep 030  tr=2.1131  val_AccPaper=0.7907  val_BalAccMaj=0.7907  win_BalAcc=0.7857  win_f1_macro=0.7850
fold3 ep 031  tr=2.1144  val_AccPaper=0.7896  val_BalAccMaj=0.7896  win_BalAcc=0.7850  win_f1_macro=0.7843
fold3 ep 032  tr=2.1132  val_AccPaper=0.7952  val_BalAccMaj=0.7952  win_BalAcc=0.7889  win_f1_macro=0.7889
fold3 ep 033  tr=2.1118  val_AccPaper=0.7841  val_BalAccMaj=0.7841  win_BalAcc=0.7817  win_f1_macro=0.7803
fold3 early stop @ ep 33
fold4 ep 001  tr=3.1962  val_AccPaper=0.7533  val_BalAccMaj=0.7533  win_BalAcc=0.7485  win_f1_macro=0.7479
fold4 ep 002  tr=2.5376  val_AccPaper=0.7641  val_BalAccMaj=0.7641  win_BalAcc=0.7571  win_f1_macro=0.7571
fold4 ep 003  tr=2.3602  val_AccPaper=0.7404  val_BalAccMaj=0.7404  win_BalAcc=0.7392  win_f1_macro=0.7364
fold4 ep 004  tr=2.2667  val_AccPaper=0.7396  val_BalAccMaj=0.7396  win_BalAcc=0.7426  win_f1_macro=0.7409
fold4 ep 005  tr=2.2205  val_AccPaper=0.7433  val_BalAccMaj=0.7433  win_BalAcc=0.7385  win_f1_macro=0.7357
fold4 ep 006  tr=2.1944  val_AccPaper=0.7378  val_BalAccMaj=0.7378  win_BalAcc=0.7373  win_f1_macro=0.7329
fold4 ep 007  tr=2.1703  val_AccPaper=0.7478  val_BalAccMaj=0.7478  win_BalAcc=0.7444  win_f1_macro=0.7417
fold4 ep 008  tr=2.1558  val_AccPaper=0.7515  val_BalAccMaj=0.7515  win_BalAcc=0.7465  win_f1_macro=0.7450
fold4 ep 009  tr=2.1458  val_AccPaper=0.7519  val_BalAccMaj=0.7519  win_BalAcc=0.7486  win_f1_macro=0.7473
fold4 ep 010  tr=2.1372  val_AccPaper=0.7507  val_BalAccMaj=0.7507  win_BalAcc=0.7517  win_f1_macro=0.7496
fold4 ep 011  tr=2.1236  val_AccPaper=0.7533  val_BalAccMaj=0.7533  win_BalAcc=0.7481  win_f1_macro=0.7457
fold4 ep 012  tr=2.1212  val_AccPaper=0.7544  val_BalAccMaj=0.7544  win_BalAcc=0.7500  win_f1_macro=0.7475
fold4 ep 013  tr=2.1088  val_AccPaper=0.7607  val_BalAccMaj=0.7607  win_BalAcc=0.7540  win_f1_macro=0.7537
fold4 ep 014  tr=2.1106  val_AccPaper=0.7567  val_BalAccMaj=0.7567  win_BalAcc=0.7536  win_f1_macro=0.7532
fold4 ep 015  tr=2.0946  val_AccPaper=0.7544  val_BalAccMaj=0.7544  win_BalAcc=0.7508  win_f1_macro=0.7496
fold4 ep 016  tr=2.0847  val_AccPaper=0.7581  val_BalAccMaj=0.7581  win_BalAcc=0.7520  win_f1_macro=0.7511
fold4 ep 017  tr=2.0729  val_AccPaper=0.7589  val_BalAccMaj=0.7589  win_BalAcc=0.7543  win_f1_macro=0.7531
fold4 ep 018  tr=2.0688  val_AccPaper=0.7556  val_BalAccMaj=0.7556  win_BalAcc=0.7512  win_f1_macro=0.7493
fold4 ep 019  tr=2.0626  val_AccPaper=0.7530  val_BalAccMaj=0.7530  win_BalAcc=0.7487  win_f1_macro=0.7465
fold4 ep 020  tr=2.0613  val_AccPaper=0.7515  val_BalAccMaj=0.7515  win_BalAcc=0.7508  win_f1_macro=0.7492
fold4 ep 021  tr=2.0549  val_AccPaper=0.7563  val_BalAccMaj=0.7563  win_BalAcc=0.7525  win_f1_macro=0.7506
fold4 ep 022  tr=2.0507  val_AccPaper=0.7530  val_BalAccMaj=0.7530  win_BalAcc=0.7489  win_f1_macro=0.7479
fold4 early stop @ ep 22
[T1_aux] done val_AccPaper=0.7836 test_AccPaper=0.7930 test_BalAcc=0.7930 test_win_F1=0.7857
