start arm=B7 device=cuda n_classes=3 y_counts={0: 91800, 1: 91800, 2: 91800} pf_protocol_version=3 no_rest=False
[B7] §3.2.1 future-perturb ratio=145.768
fold0 ep 001  tr=1.1354  val_AccPaper=0.5004  val_BalAccMaj=0.5041  win_BalAcc=0.5052  win_f1_macro=0.5017
fold0 ep 002  tr=0.9847  val_AccPaper=0.5404  val_BalAccMaj=0.5419  win_BalAcc=0.5338  win_f1_macro=0.5309
fold0 ep 003  tr=0.9396  val_AccPaper=0.5452  val_BalAccMaj=0.5489  win_BalAcc=0.5420  win_f1_macro=0.5410
fold0 ep 004  tr=0.9146  val_AccPaper=0.5552  val_BalAccMaj=0.5596  win_BalAcc=0.5493  win_f1_macro=0.5482
fold0 ep 005  tr=0.9069  val_AccPaper=0.5515  val_BalAccMaj=0.5563  win_BalAcc=0.5510  win_f1_macro=0.5512
fold0 ep 006  tr=0.8943  val_AccPaper=0.5652  val_BalAccMaj=0.5707  win_BalAcc=0.5583  win_f1_macro=0.5586
fold0 ep 007  tr=0.8891  val_AccPaper=0.5581  val_BalAccMaj=0.5615  win_BalAcc=0.5545  win_f1_macro=0.5556
fold0 ep 008  tr=0.8811  val_AccPaper=0.5593  val_BalAccMaj=0.5659  win_BalAcc=0.5571  win_f1_macro=0.5581
fold0 ep 009  tr=0.8765  val_AccPaper=0.5596  val_BalAccMaj=0.5637  win_BalAcc=0.5532  win_f1_macro=0.5541
fold0 ep 010  tr=0.8717  val_AccPaper=0.5619  val_BalAccMaj=0.5663  win_BalAcc=0.5579  win_f1_macro=0.5583
fold0 ep 011  tr=0.8696  val_AccPaper=0.5637  val_BalAccMaj=0.5670  win_BalAcc=0.5552  win_f1_macro=0.5557
fold0 ep 012  tr=0.8659  val_AccPaper=0.5689  val_BalAccMaj=0.5726  win_BalAcc=0.5603  win_f1_macro=0.5610
fold0 ep 013  tr=0.8600  val_AccPaper=0.5633  val_BalAccMaj=0.5696  win_BalAcc=0.5577  win_f1_macro=0.5586
fold0 ep 014  tr=0.8586  val_AccPaper=0.5622  val_BalAccMaj=0.5659  win_BalAcc=0.5581  win_f1_macro=0.5594
fold0 ep 015  tr=0.8569  val_AccPaper=0.5626  val_BalAccMaj=0.5659  win_BalAcc=0.5548  win_f1_macro=0.5549
fold0 ep 016  tr=0.8525  val_AccPaper=0.5674  val_BalAccMaj=0.5715  win_BalAcc=0.5560  win_f1_macro=0.5569
fold0 ep 017  tr=0.8500  val_AccPaper=0.5678  val_BalAccMaj=0.5759  win_BalAcc=0.5602  win_f1_macro=0.5600
fold0 ep 018  tr=0.8512  val_AccPaper=0.5700  val_BalAccMaj=0.5756  win_BalAcc=0.5614  win_f1_macro=0.5612
fold0 ep 019  tr=0.8454  val_AccPaper=0.5648  val_BalAccMaj=0.5681  win_BalAcc=0.5595  win_f1_macro=0.5597
fold0 ep 020  tr=0.8436  val_AccPaper=0.5607  val_BalAccMaj=0.5656  win_BalAcc=0.5565  win_f1_macro=0.5573
fold0 ep 021  tr=0.8407  val_AccPaper=0.5670  val_BalAccMaj=0.5715  win_BalAcc=0.5605  win_f1_macro=0.5617
fold0 ep 022  tr=0.8410  val_AccPaper=0.5681  val_BalAccMaj=0.5726  win_BalAcc=0.5648  win_f1_macro=0.5658
fold0 ep 023  tr=0.8364  val_AccPaper=0.5589  val_BalAccMaj=0.5633  win_BalAcc=0.5567  win_f1_macro=0.5578
fold0 ep 024  tr=0.8376  val_AccPaper=0.5711  val_BalAccMaj=0.5748  win_BalAcc=0.5631  win_f1_macro=0.5639
fold0 ep 025  tr=0.8335  val_AccPaper=0.5685  val_BalAccMaj=0.5737  win_BalAcc=0.5616  win_f1_macro=0.5623
fold0 ep 026  tr=0.8316  val_AccPaper=0.5711  val_BalAccMaj=0.5748  win_BalAcc=0.5632  win_f1_macro=0.5642
fold0 ep 027  tr=0.8290  val_AccPaper=0.5600  val_BalAccMaj=0.5670  win_BalAcc=0.5568  win_f1_macro=0.5572
fold0 ep 028  tr=0.8270  val_AccPaper=0.5674  val_BalAccMaj=0.5704  win_BalAcc=0.5601  win_f1_macro=0.5611
fold0 ep 029  tr=0.8249  val_AccPaper=0.5622  val_BalAccMaj=0.5678  win_BalAcc=0.5588  win_f1_macro=0.5599
fold0 ep 030  tr=0.8232  val_AccPaper=0.5730  val_BalAccMaj=0.5800  win_BalAcc=0.5634  win_f1_macro=0.5629
fold0 ep 031  tr=0.8200  val_AccPaper=0.5737  val_BalAccMaj=0.5785  win_BalAcc=0.5651  win_f1_macro=0.5656
fold0 ep 032  tr=0.8191  val_AccPaper=0.5659  val_BalAccMaj=0.5707  win_BalAcc=0.5615  win_f1_macro=0.5624
fold0 ep 033  tr=0.8166  val_AccPaper=0.5622  val_BalAccMaj=0.5685  win_BalAcc=0.5566  win_f1_macro=0.5572
fold0 ep 034  tr=0.8143  val_AccPaper=0.5656  val_BalAccMaj=0.5693  win_BalAcc=0.5592  win_f1_macro=0.5596
fold0 ep 035  tr=0.8110  val_AccPaper=0.5537  val_BalAccMaj=0.5589  win_BalAcc=0.5526  win_f1_macro=0.5535
fold0 ep 036  tr=0.8067  val_AccPaper=0.5604  val_BalAccMaj=0.5670  win_BalAcc=0.5564  win_f1_macro=0.5576
fold0 ep 037  tr=0.8099  val_AccPaper=0.5641  val_BalAccMaj=0.5678  win_BalAcc=0.5566  win_f1_macro=0.5564
fold0 ep 038  tr=0.8062  val_AccPaper=0.5596  val_BalAccMaj=0.5644  win_BalAcc=0.5565  win_f1_macro=0.5571
fold0 ep 039  tr=0.8074  val_AccPaper=0.5604  val_BalAccMaj=0.5670  win_BalAcc=0.5573  win_f1_macro=0.5572
fold0 ep 040  tr=0.8036  val_AccPaper=0.5659  val_BalAccMaj=0.5693  win_BalAcc=0.5606  win_f1_macro=0.5606
fold0 ep 041  tr=0.8016  val_AccPaper=0.5670  val_BalAccMaj=0.5715  win_BalAcc=0.5572  win_f1_macro=0.5580
fold0 ep 042  tr=0.7996  val_AccPaper=0.5619  val_BalAccMaj=0.5696  win_BalAcc=0.5580  win_f1_macro=0.5584
fold0 ep 043  tr=0.7978  val_AccPaper=0.5519  val_BalAccMaj=0.5611  win_BalAcc=0.5544  win_f1_macro=0.5549
fold0 ep 044  tr=0.7957  val_AccPaper=0.5544  val_BalAccMaj=0.5600  win_BalAcc=0.5540  win_f1_macro=0.5540
fold0 ep 045  tr=0.7949  val_AccPaper=0.5533  val_BalAccMaj=0.5593  win_BalAcc=0.5548  win_f1_macro=0.5557
fold0 ep 046  tr=0.7922  val_AccPaper=0.5574  val_BalAccMaj=0.5637  win_BalAcc=0.5543  win_f1_macro=0.5546
fold0 ep 047  tr=0.7906  val_AccPaper=0.5515  val_BalAccMaj=0.5593  win_BalAcc=0.5537  win_f1_macro=0.5543
fold0 ep 048  tr=0.7920  val_AccPaper=0.5478  val_BalAccMaj=0.5541  win_BalAcc=0.5493  win_f1_macro=0.5497
fold0 ep 049  tr=0.7904  val_AccPaper=0.5496  val_BalAccMaj=0.5559  win_BalAcc=0.5533  win_f1_macro=0.5539
fold0 ep 050  tr=0.7885  val_AccPaper=0.5530  val_BalAccMaj=0.5567  win_BalAcc=0.5509  win_f1_macro=0.5516
fold0 ep 051  tr=0.7857  val_AccPaper=0.5544  val_BalAccMaj=0.5593  win_BalAcc=0.5502  win_f1_macro=0.5507
fold0 early stop @ ep 51
fold1 ep 001  tr=1.1490  val_AccPaper=0.5230  val_BalAccMaj=0.5267  win_BalAcc=0.5217  win_f1_macro=0.5058
fold1 ep 002  tr=1.0225  val_AccPaper=0.5381  val_BalAccMaj=0.5422  win_BalAcc=0.5385  win_f1_macro=0.5283
fold1 ep 003  tr=0.9749  val_AccPaper=0.5481  val_BalAccMaj=0.5519  win_BalAcc=0.5511  win_f1_macro=0.5460
fold1 ep 004  tr=0.9547  val_AccPaper=0.5585  val_BalAccMaj=0.5656  win_BalAcc=0.5549  win_f1_macro=0.5504
fold1 ep 005  tr=0.9429  val_AccPaper=0.5793  val_BalAccMaj=0.5859  win_BalAcc=0.5733  win_f1_macro=0.5742
fold1 ep 006  tr=0.9307  val_AccPaper=0.5630  val_BalAccMaj=0.5689  win_BalAcc=0.5597  win_f1_macro=0.5569
fold1 ep 007  tr=0.9281  val_AccPaper=0.5759  val_BalAccMaj=0.5837  win_BalAcc=0.5702  win_f1_macro=0.5699
fold1 ep 008  tr=0.9190  val_AccPaper=0.5570  val_BalAccMaj=0.5633  win_BalAcc=0.5559  win_f1_macro=0.5516
fold1 ep 009  tr=0.9121  val_AccPaper=0.5626  val_BalAccMaj=0.5674  win_BalAcc=0.5581  win_f1_macro=0.5558
fold1 ep 010  tr=0.9098  val_AccPaper=0.5611  val_BalAccMaj=0.5667  win_BalAcc=0.5584  win_f1_macro=0.5554
fold1 ep 011  tr=0.9069  val_AccPaper=0.5596  val_BalAccMaj=0.5670  win_BalAcc=0.5588  win_f1_macro=0.5563
fold1 ep 012  tr=0.9036  val_AccPaper=0.5704  val_BalAccMaj=0.5752  win_BalAcc=0.5652  win_f1_macro=0.5627
fold1 ep 013  tr=0.9014  val_AccPaper=0.5533  val_BalAccMaj=0.5593  win_BalAcc=0.5558  win_f1_macro=0.5527
fold1 ep 014  tr=0.9016  val_AccPaper=0.5548  val_BalAccMaj=0.5633  win_BalAcc=0.5531  win_f1_macro=0.5506
fold1 ep 015  tr=0.8958  val_AccPaper=0.5648  val_BalAccMaj=0.5707  win_BalAcc=0.5630  win_f1_macro=0.5610
fold1 ep 016  tr=0.8920  val_AccPaper=0.5674  val_BalAccMaj=0.5741  win_BalAcc=0.5616  win_f1_macro=0.5587
fold1 ep 017  tr=0.8941  val_AccPaper=0.5626  val_BalAccMaj=0.5700  win_BalAcc=0.5558  win_f1_macro=0.5507
fold1 ep 018  tr=0.8907  val_AccPaper=0.5567  val_BalAccMaj=0.5630  win_BalAcc=0.5546  win_f1_macro=0.5526
fold1 ep 019  tr=0.8870  val_AccPaper=0.5726  val_BalAccMaj=0.5789  win_BalAcc=0.5664  win_f1_macro=0.5646
fold1 ep 020  tr=0.8834  val_AccPaper=0.5689  val_BalAccMaj=0.5741  win_BalAcc=0.5613  win_f1_macro=0.5591
fold1 ep 021  tr=0.8834  val_AccPaper=0.5622  val_BalAccMaj=0.5700  win_BalAcc=0.5576  win_f1_macro=0.5562
fold1 ep 022  tr=0.8785  val_AccPaper=0.5552  val_BalAccMaj=0.5611  win_BalAcc=0.5525  win_f1_macro=0.5481
fold1 ep 023  tr=0.8775  val_AccPaper=0.5530  val_BalAccMaj=0.5578  win_BalAcc=0.5489  win_f1_macro=0.5449
fold1 ep 024  tr=0.8768  val_AccPaper=0.5607  val_BalAccMaj=0.5667  win_BalAcc=0.5588  win_f1_macro=0.5564
fold1 ep 025  tr=0.8771  val_AccPaper=0.5589  val_BalAccMaj=0.5674  win_BalAcc=0.5549  win_f1_macro=0.5519
fold1 early stop @ ep 25
fold2 ep 001  tr=1.1371  val_AccPaper=0.5041  val_BalAccMaj=0.5078  win_BalAcc=0.5030  win_f1_macro=0.4932
fold2 ep 002  tr=0.9904  val_AccPaper=0.5241  val_BalAccMaj=0.5293  win_BalAcc=0.5187  win_f1_macro=0.5178
fold2 ep 003  tr=0.9438  val_AccPaper=0.5296  val_BalAccMaj=0.5337  win_BalAcc=0.5255  win_f1_macro=0.5238
fold2 ep 004  tr=0.9190  val_AccPaper=0.5374  val_BalAccMaj=0.5444  win_BalAcc=0.5283  win_f1_macro=0.5287
fold2 ep 005  tr=0.9068  val_AccPaper=0.5344  val_BalAccMaj=0.5430  win_BalAcc=0.5250  win_f1_macro=0.5240
fold2 ep 006  tr=0.8988  val_AccPaper=0.5167  val_BalAccMaj=0.5259  win_BalAcc=0.5181  win_f1_macro=0.5161
fold2 ep 007  tr=0.8847  val_AccPaper=0.5304  val_BalAccMaj=0.5359  win_BalAcc=0.5230  win_f1_macro=0.5234
fold2 ep 008  tr=0.8845  val_AccPaper=0.5222  val_BalAccMaj=0.5326  win_BalAcc=0.5190  win_f1_macro=0.5179
fold2 ep 009  tr=0.8796  val_AccPaper=0.5341  val_BalAccMaj=0.5441  win_BalAcc=0.5271  win_f1_macro=0.5268
fold2 ep 010  tr=0.8717  val_AccPaper=0.5259  val_BalAccMaj=0.5352  win_BalAcc=0.5232  win_f1_macro=0.5222
fold2 ep 011  tr=0.8686  val_AccPaper=0.5330  val_BalAccMaj=0.5404  win_BalAcc=0.5280  win_f1_macro=0.5264
fold2 ep 012  tr=0.8633  val_AccPaper=0.5322  val_BalAccMaj=0.5400  win_BalAcc=0.5264  win_f1_macro=0.5235
fold2 ep 013  tr=0.8600  val_AccPaper=0.5270  val_BalAccMaj=0.5330  win_BalAcc=0.5213  win_f1_macro=0.5187
fold2 ep 014  tr=0.8603  val_AccPaper=0.5285  val_BalAccMaj=0.5337  win_BalAcc=0.5267  win_f1_macro=0.5260
fold2 ep 015  tr=0.8564  val_AccPaper=0.5289  val_BalAccMaj=0.5363  win_BalAcc=0.5247  win_f1_macro=0.5233
fold2 ep 016  tr=0.8546  val_AccPaper=0.5263  val_BalAccMaj=0.5311  win_BalAcc=0.5213  win_f1_macro=0.5200
fold2 ep 017  tr=0.8497  val_AccPaper=0.5259  val_BalAccMaj=0.5326  win_BalAcc=0.5251  win_f1_macro=0.5227
fold2 ep 018  tr=0.8486  val_AccPaper=0.5237  val_BalAccMaj=0.5307  win_BalAcc=0.5199  win_f1_macro=0.5172
fold2 ep 019  tr=0.8460  val_AccPaper=0.5256  val_BalAccMaj=0.5307  win_BalAcc=0.5227  win_f1_macro=0.5216
fold2 ep 020  tr=0.8409  val_AccPaper=0.5267  val_BalAccMaj=0.5319  win_BalAcc=0.5237  win_f1_macro=0.5217
fold2 ep 021  tr=0.8415  val_AccPaper=0.5400  val_BalAccMaj=0.5456  win_BalAcc=0.5300  win_f1_macro=0.5279
fold2 ep 022  tr=0.8392  val_AccPaper=0.5237  val_BalAccMaj=0.5270  win_BalAcc=0.5168  win_f1_macro=0.5125
fold2 ep 023  tr=0.8400  val_AccPaper=0.5274  val_BalAccMaj=0.5322  win_BalAcc=0.5243  win_f1_macro=0.5215
fold2 ep 024  tr=0.8368  val_AccPaper=0.5248  val_BalAccMaj=0.5307  win_BalAcc=0.5244  win_f1_macro=0.5215
fold2 ep 025  tr=0.8354  val_AccPaper=0.5256  val_BalAccMaj=0.5330  win_BalAcc=0.5254  win_f1_macro=0.5214
fold2 ep 026  tr=0.8303  val_AccPaper=0.5311  val_BalAccMaj=0.5378  win_BalAcc=0.5227  win_f1_macro=0.5210
fold2 ep 027  tr=0.8287  val_AccPaper=0.5196  val_BalAccMaj=0.5248  win_BalAcc=0.5178  win_f1_macro=0.5136
fold2 ep 028  tr=0.8276  val_AccPaper=0.5252  val_BalAccMaj=0.5300  win_BalAcc=0.5206  win_f1_macro=0.5173
fold2 ep 029  tr=0.8258  val_AccPaper=0.5170  val_BalAccMaj=0.5241  win_BalAcc=0.5145  win_f1_macro=0.5102
fold2 ep 030  tr=0.8239  val_AccPaper=0.5167  val_BalAccMaj=0.5226  win_BalAcc=0.5150  win_f1_macro=0.5121
fold2 ep 031  tr=0.8209  val_AccPaper=0.5174  val_BalAccMaj=0.5237  win_BalAcc=0.5197  win_f1_macro=0.5181
fold2 ep 032  tr=0.8194  val_AccPaper=0.5196  val_BalAccMaj=0.5244  win_BalAcc=0.5204  win_f1_macro=0.5180
fold2 ep 033  tr=0.8176  val_AccPaper=0.5181  val_BalAccMaj=0.5233  win_BalAcc=0.5186  win_f1_macro=0.5164
fold2 ep 034  tr=0.8157  val_AccPaper=0.5107  val_BalAccMaj=0.5178  win_BalAcc=0.5112  win_f1_macro=0.5055
fold2 ep 035  tr=0.8119  val_AccPaper=0.5170  val_BalAccMaj=0.5219  win_BalAcc=0.5143  win_f1_macro=0.5102
fold2 ep 036  tr=0.8118  val_AccPaper=0.5185  val_BalAccMaj=0.5248  win_BalAcc=0.5129  win_f1_macro=0.5085
fold2 ep 037  tr=0.8080  val_AccPaper=0.5200  val_BalAccMaj=0.5248  win_BalAcc=0.5163  win_f1_macro=0.5110
fold2 ep 038  tr=0.8058  val_AccPaper=0.5170  val_BalAccMaj=0.5252  win_BalAcc=0.5174  win_f1_macro=0.5145
fold2 ep 039  tr=0.8074  val_AccPaper=0.5130  val_BalAccMaj=0.5178  win_BalAcc=0.5120  win_f1_macro=0.5080
fold2 ep 040  tr=0.8046  val_AccPaper=0.5137  val_BalAccMaj=0.5181  win_BalAcc=0.5118  win_f1_macro=0.5064
fold2 ep 041  tr=0.8026  val_AccPaper=0.5163  val_BalAccMaj=0.5230  win_BalAcc=0.5202  win_f1_macro=0.5188
fold2 early stop @ ep 41
fold3 ep 001  tr=1.1477  val_AccPaper=0.5607  val_BalAccMaj=0.5648  win_BalAcc=0.5575  win_f1_macro=0.5536
fold3 ep 002  tr=1.0272  val_AccPaper=0.5833  val_BalAccMaj=0.5874  win_BalAcc=0.5794  win_f1_macro=0.5793
fold3 ep 003  tr=0.9853  val_AccPaper=0.5915  val_BalAccMaj=0.5989  win_BalAcc=0.5859  win_f1_macro=0.5856
fold3 ep 004  tr=0.9596  val_AccPaper=0.5896  val_BalAccMaj=0.5937  win_BalAcc=0.5829  win_f1_macro=0.5824
fold3 ep 005  tr=0.9445  val_AccPaper=0.5889  val_BalAccMaj=0.5956  win_BalAcc=0.5927  win_f1_macro=0.5927
fold3 ep 006  tr=0.9375  val_AccPaper=0.5856  val_BalAccMaj=0.5900  win_BalAcc=0.5869  win_f1_macro=0.5866
fold3 ep 007  tr=0.9287  val_AccPaper=0.5881  val_BalAccMaj=0.5948  win_BalAcc=0.5845  win_f1_macro=0.5849
fold3 ep 008  tr=0.9173  val_AccPaper=0.5852  val_BalAccMaj=0.5911  win_BalAcc=0.5830  win_f1_macro=0.5826
fold3 ep 009  tr=0.9167  val_AccPaper=0.6000  val_BalAccMaj=0.6052  win_BalAcc=0.5930  win_f1_macro=0.5930
fold3 ep 010  tr=0.9148  val_AccPaper=0.5959  val_BalAccMaj=0.6000  win_BalAcc=0.5889  win_f1_macro=0.5883
fold3 ep 011  tr=0.9068  val_AccPaper=0.5948  val_BalAccMaj=0.5985  win_BalAcc=0.5887  win_f1_macro=0.5883
fold3 ep 012  tr=0.9046  val_AccPaper=0.5948  val_BalAccMaj=0.6015  win_BalAcc=0.5882  win_f1_macro=0.5882
fold3 ep 013  tr=0.8995  val_AccPaper=0.6007  val_BalAccMaj=0.6070  win_BalAcc=0.5926  win_f1_macro=0.5925
fold3 ep 014  tr=0.8965  val_AccPaper=0.5993  val_BalAccMaj=0.6056  win_BalAcc=0.5933  win_f1_macro=0.5930
fold3 ep 015  tr=0.8945  val_AccPaper=0.6019  val_BalAccMaj=0.6067  win_BalAcc=0.5908  win_f1_macro=0.5907
fold3 ep 016  tr=0.8931  val_AccPaper=0.5996  val_BalAccMaj=0.6052  win_BalAcc=0.5927  win_f1_macro=0.5916
fold3 ep 017  tr=0.8908  val_AccPaper=0.5937  val_BalAccMaj=0.5985  win_BalAcc=0.5881  win_f1_macro=0.5885
fold3 ep 018  tr=0.8879  val_AccPaper=0.6052  val_BalAccMaj=0.6089  win_BalAcc=0.5923  win_f1_macro=0.5919
fold3 ep 019  tr=0.8855  val_AccPaper=0.6019  val_BalAccMaj=0.6059  win_BalAcc=0.5902  win_f1_macro=0.5892
fold3 ep 020  tr=0.8809  val_AccPaper=0.6011  val_BalAccMaj=0.6078  win_BalAcc=0.5947  win_f1_macro=0.5946
fold3 ep 021  tr=0.8788  val_AccPaper=0.5978  val_BalAccMaj=0.6019  win_BalAcc=0.5895  win_f1_macro=0.5892
fold3 ep 022  tr=0.8756  val_AccPaper=0.5989  val_BalAccMaj=0.6015  win_BalAcc=0.5890  win_f1_macro=0.5889
fold3 ep 023  tr=0.8770  val_AccPaper=0.5956  val_BalAccMaj=0.6026  win_BalAcc=0.5877  win_f1_macro=0.5868
fold3 ep 024  tr=0.8742  val_AccPaper=0.6011  val_BalAccMaj=0.6067  win_BalAcc=0.5958  win_f1_macro=0.5951
fold3 ep 025  tr=0.8677  val_AccPaper=0.5963  val_BalAccMaj=0.6007  win_BalAcc=0.5907  win_f1_macro=0.5899
fold3 ep 026  tr=0.8687  val_AccPaper=0.6056  val_BalAccMaj=0.6119  win_BalAcc=0.5971  win_f1_macro=0.5969
fold3 ep 027  tr=0.8661  val_AccPaper=0.6026  val_BalAccMaj=0.6067  win_BalAcc=0.5935  win_f1_macro=0.5928
fold3 ep 028  tr=0.8644  val_AccPaper=0.6048  val_BalAccMaj=0.6104  win_BalAcc=0.5914  win_f1_macro=0.5910
fold3 ep 029  tr=0.8595  val_AccPaper=0.6019  val_BalAccMaj=0.6085  win_BalAcc=0.5932  win_f1_macro=0.5926
fold3 ep 030  tr=0.8590  val_AccPaper=0.6037  val_BalAccMaj=0.6096  win_BalAcc=0.5988  win_f1_macro=0.5984
fold3 ep 031  tr=0.8570  val_AccPaper=0.6033  val_BalAccMaj=0.6078  win_BalAcc=0.5929  win_f1_macro=0.5921
fold3 ep 032  tr=0.8535  val_AccPaper=0.5937  val_BalAccMaj=0.6011  win_BalAcc=0.5841  win_f1_macro=0.5812
fold3 ep 033  tr=0.8557  val_AccPaper=0.6007  val_BalAccMaj=0.6052  win_BalAcc=0.5878  win_f1_macro=0.5853
fold3 ep 034  tr=0.8522  val_AccPaper=0.6019  val_BalAccMaj=0.6089  win_BalAcc=0.5967  win_f1_macro=0.5963
fold3 ep 035  tr=0.8503  val_AccPaper=0.6041  val_BalAccMaj=0.6085  win_BalAcc=0.5938  win_f1_macro=0.5929
fold3 ep 036  tr=0.8488  val_AccPaper=0.6063  val_BalAccMaj=0.6126  win_BalAcc=0.6001  win_f1_macro=0.6000
fold3 ep 037  tr=0.8450  val_AccPaper=0.5919  val_BalAccMaj=0.5978  win_BalAcc=0.5873  win_f1_macro=0.5868
fold3 ep 038  tr=0.8450  val_AccPaper=0.5959  val_BalAccMaj=0.6011  win_BalAcc=0.5900  win_f1_macro=0.5880
fold3 ep 039  tr=0.8435  val_AccPaper=0.5963  val_BalAccMaj=0.6007  win_BalAcc=0.5876  win_f1_macro=0.5859
fold3 ep 040  tr=0.8419  val_AccPaper=0.5926  val_BalAccMaj=0.5996  win_BalAcc=0.5855  win_f1_macro=0.5829
fold3 ep 041  tr=0.8417  val_AccPaper=0.5948  val_BalAccMaj=0.6007  win_BalAcc=0.5869  win_f1_macro=0.5854
fold3 ep 042  tr=0.8406  val_AccPaper=0.5952  val_BalAccMaj=0.6004  win_BalAcc=0.5863  win_f1_macro=0.5830
fold3 ep 043  tr=0.8400  val_AccPaper=0.6007  val_BalAccMaj=0.6070  win_BalAcc=0.5931  win_f1_macro=0.5918
fold3 ep 044  tr=0.8368  val_AccPaper=0.6070  val_BalAccMaj=0.6119  win_BalAcc=0.5957  win_f1_macro=0.5945
fold3 ep 045  tr=0.8330  val_AccPaper=0.6015  val_BalAccMaj=0.6078  win_BalAcc=0.5927  win_f1_macro=0.5913
fold3 ep 046  tr=0.8330  val_AccPaper=0.6019  val_BalAccMaj=0.6093  win_BalAcc=0.5897  win_f1_macro=0.5899
fold3 ep 047  tr=0.8312  val_AccPaper=0.6041  val_BalAccMaj=0.6081  win_BalAcc=0.5957  win_f1_macro=0.5946
fold3 ep 048  tr=0.8278  val_AccPaper=0.5922  val_BalAccMaj=0.5978  win_BalAcc=0.5847  win_f1_macro=0.5841
fold3 ep 049  tr=0.8292  val_AccPaper=0.6037  val_BalAccMaj=0.6096  win_BalAcc=0.5939  win_f1_macro=0.5933
fold3 ep 050  tr=0.8270  val_AccPaper=0.5930  val_BalAccMaj=0.5978  win_BalAcc=0.5853  win_f1_macro=0.5848
fold3 ep 051  tr=0.8268  val_AccPaper=0.6030  val_BalAccMaj=0.6089  win_BalAcc=0.5920  win_f1_macro=0.5916
fold3 ep 052  tr=0.8242  val_AccPaper=0.6000  val_BalAccMaj=0.6052  win_BalAcc=0.5936  win_f1_macro=0.5929
fold3 ep 053  tr=0.8246  val_AccPaper=0.5985  val_BalAccMaj=0.6037  win_BalAcc=0.5907  win_f1_macro=0.5908
fold3 ep 054  tr=0.8224  val_AccPaper=0.6070  val_BalAccMaj=0.6126  win_BalAcc=0.5925  win_f1_macro=0.5923
fold3 ep 055  tr=0.8211  val_AccPaper=0.5996  val_BalAccMaj=0.6070  win_BalAcc=0.5874  win_f1_macro=0.5870
fold3 ep 056  tr=0.8203  val_AccPaper=0.6004  val_BalAccMaj=0.6052  win_BalAcc=0.5942  win_f1_macro=0.5939
fold3 ep 057  tr=0.8167  val_AccPaper=0.5911  val_BalAccMaj=0.5985  win_BalAcc=0.5828  win_f1_macro=0.5822
fold3 ep 058  tr=0.8193  val_AccPaper=0.6085  val_BalAccMaj=0.6159  win_BalAcc=0.5938  win_f1_macro=0.5933
fold3 ep 059  tr=0.8166  val_AccPaper=0.5970  val_BalAccMaj=0.6019  win_BalAcc=0.5850  win_f1_macro=0.5838
fold3 ep 060  tr=0.8175  val_AccPaper=0.6030  val_BalAccMaj=0.6100  win_BalAcc=0.5896  win_f1_macro=0.5896
fold3 ep 061  tr=0.8123  val_AccPaper=0.5967  val_BalAccMaj=0.6037  win_BalAcc=0.5903  win_f1_macro=0.5899
fold3 ep 062  tr=0.8134  val_AccPaper=0.6015  val_BalAccMaj=0.6085  win_BalAcc=0.5893  win_f1_macro=0.5893
fold3 ep 063  tr=0.8148  val_AccPaper=0.6019  val_BalAccMaj=0.6096  win_BalAcc=0.5922  win_f1_macro=0.5922
fold3 ep 064  tr=0.8106  val_AccPaper=0.5981  val_BalAccMaj=0.6048  win_BalAcc=0.5912  win_f1_macro=0.5912
fold3 ep 065  tr=0.8109  val_AccPaper=0.6022  val_BalAccMaj=0.6081  win_BalAcc=0.5915  win_f1_macro=0.5910
fold3 ep 066  tr=0.8078  val_AccPaper=0.6030  val_BalAccMaj=0.6096  win_BalAcc=0.5915  win_f1_macro=0.5913
fold3 ep 067  tr=0.8112  val_AccPaper=0.5978  val_BalAccMaj=0.6059  win_BalAcc=0.5920  win_f1_macro=0.5912
fold3 ep 068  tr=0.8063  val_AccPaper=0.6015  val_BalAccMaj=0.6078  win_BalAcc=0.5872  win_f1_macro=0.5859
fold3 ep 069  tr=0.8063  val_AccPaper=0.5978  val_BalAccMaj=0.6044  win_BalAcc=0.5878  win_f1_macro=0.5875
fold3 ep 070  tr=0.8021  val_AccPaper=0.6063  val_BalAccMaj=0.6126  win_BalAcc=0.5945  win_f1_macro=0.5939
fold3 ep 071  tr=0.8070  val_AccPaper=0.5985  val_BalAccMaj=0.6052  win_BalAcc=0.5880  win_f1_macro=0.5877
fold3 ep 072  tr=0.8032  val_AccPaper=0.5963  val_BalAccMaj=0.6007  win_BalAcc=0.5845  win_f1_macro=0.5837
fold3 ep 073  tr=0.8023  val_AccPaper=0.6078  val_BalAccMaj=0.6122  win_BalAcc=0.5922  win_f1_macro=0.5916
fold3 ep 074  tr=0.8010  val_AccPaper=0.5996  val_BalAccMaj=0.6056  win_BalAcc=0.5884  win_f1_macro=0.5871
fold3 ep 075  tr=0.8004  val_AccPaper=0.5996  val_BalAccMaj=0.6044  win_BalAcc=0.5900  win_f1_macro=0.5891
fold3 ep 076  tr=0.7992  val_AccPaper=0.5959  val_BalAccMaj=0.6019  win_BalAcc=0.5876  win_f1_macro=0.5873
fold3 ep 077  tr=0.7989  val_AccPaper=0.6011  val_BalAccMaj=0.6093  win_BalAcc=0.5879  win_f1_macro=0.5867
fold3 ep 078  tr=0.7960  val_AccPaper=0.5974  val_BalAccMaj=0.6033  win_BalAcc=0.5887  win_f1_macro=0.5874
fold3 early stop @ ep 78
fold4 ep 001  tr=1.1052  val_AccPaper=0.4896  val_BalAccMaj=0.4944  win_BalAcc=0.4967  win_f1_macro=0.4929
fold4 ep 002  tr=0.9607  val_AccPaper=0.4878  val_BalAccMaj=0.4933  win_BalAcc=0.4896  win_f1_macro=0.4873
fold4 ep 003  tr=0.9229  val_AccPaper=0.4878  val_BalAccMaj=0.4933  win_BalAcc=0.4882  win_f1_macro=0.4838
fold4 ep 004  tr=0.9028  val_AccPaper=0.4922  val_BalAccMaj=0.4967  win_BalAcc=0.4920  win_f1_macro=0.4914
fold4 ep 005  tr=0.8912  val_AccPaper=0.4959  val_BalAccMaj=0.5011  win_BalAcc=0.4972  win_f1_macro=0.4977
fold4 ep 006  tr=0.8831  val_AccPaper=0.5026  val_BalAccMaj=0.5085  win_BalAcc=0.5018  win_f1_macro=0.5006
fold4 ep 007  tr=0.8795  val_AccPaper=0.4970  val_BalAccMaj=0.5033  win_BalAcc=0.4958  win_f1_macro=0.4942
fold4 ep 008  tr=0.8738  val_AccPaper=0.5059  val_BalAccMaj=0.5119  win_BalAcc=0.4983  win_f1_macro=0.4968
fold4 ep 009  tr=0.8704  val_AccPaper=0.5019  val_BalAccMaj=0.5081  win_BalAcc=0.4984  win_f1_macro=0.4978
fold4 ep 010  tr=0.8663  val_AccPaper=0.5107  val_BalAccMaj=0.5152  win_BalAcc=0.5039  win_f1_macro=0.5021
fold4 ep 011  tr=0.8611  val_AccPaper=0.5074  val_BalAccMaj=0.5122  win_BalAcc=0.5056  win_f1_macro=0.5056
fold4 ep 012  tr=0.8617  val_AccPaper=0.4985  val_BalAccMaj=0.5067  win_BalAcc=0.4964  win_f1_macro=0.4957
fold4 ep 013  tr=0.8587  val_AccPaper=0.4996  val_BalAccMaj=0.5074  win_BalAcc=0.4951  win_f1_macro=0.4931
fold4 ep 014  tr=0.8558  val_AccPaper=0.4996  val_BalAccMaj=0.5056  win_BalAcc=0.5007  win_f1_macro=0.5010
fold4 ep 015  tr=0.8516  val_AccPaper=0.5007  val_BalAccMaj=0.5078  win_BalAcc=0.5018  win_f1_macro=0.5012
fold4 ep 016  tr=0.8476  val_AccPaper=0.4959  val_BalAccMaj=0.5056  win_BalAcc=0.4955  win_f1_macro=0.4937
fold4 ep 017  tr=0.8477  val_AccPaper=0.4911  val_BalAccMaj=0.4985  win_BalAcc=0.4950  win_f1_macro=0.4946
fold4 ep 018  tr=0.8441  val_AccPaper=0.4900  val_BalAccMaj=0.4952  win_BalAcc=0.4931  win_f1_macro=0.4931
fold4 ep 019  tr=0.8436  val_AccPaper=0.4981  val_BalAccMaj=0.5048  win_BalAcc=0.4967  win_f1_macro=0.4944
fold4 ep 020  tr=0.8383  val_AccPaper=0.4933  val_BalAccMaj=0.4978  win_BalAcc=0.4898  win_f1_macro=0.4888
fold4 ep 021  tr=0.8366  val_AccPaper=0.4985  val_BalAccMaj=0.5056  win_BalAcc=0.4961  win_f1_macro=0.4958
fold4 ep 022  tr=0.8339  val_AccPaper=0.5019  val_BalAccMaj=0.5059  win_BalAcc=0.5005  win_f1_macro=0.4995
fold4 ep 023  tr=0.8339  val_AccPaper=0.4819  val_BalAccMaj=0.4867  win_BalAcc=0.4842  win_f1_macro=0.4811
fold4 ep 024  tr=0.8321  val_AccPaper=0.5078  val_BalAccMaj=0.5111  win_BalAcc=0.4992  win_f1_macro=0.4961
fold4 ep 025  tr=0.8303  val_AccPaper=0.4985  val_BalAccMaj=0.5030  win_BalAcc=0.4971  win_f1_macro=0.4931
fold4 ep 026  tr=0.8296  val_AccPaper=0.4867  val_BalAccMaj=0.4941  win_BalAcc=0.4894  win_f1_macro=0.4846
fold4 ep 027  tr=0.8258  val_AccPaper=0.4959  val_BalAccMaj=0.5011  win_BalAcc=0.4960  win_f1_macro=0.4949
fold4 ep 028  tr=0.8251  val_AccPaper=0.5000  val_BalAccMaj=0.5041  win_BalAcc=0.4954  win_f1_macro=0.4932
fold4 ep 029  tr=0.8214  val_AccPaper=0.5022  val_BalAccMaj=0.5089  win_BalAcc=0.4978  win_f1_macro=0.4959
fold4 ep 030  tr=0.8226  val_AccPaper=0.4944  val_BalAccMaj=0.4996  win_BalAcc=0.4932  win_f1_macro=0.4913
fold4 early stop @ ep 30
[B7] done val_AccPaper=0.5624 test_AccPaper=0.5635 test_BalAcc=0.5698 test_win_F1=0.5593
